ets Jun  8 2016 00:22:57

rst:0x1 (POWERON_RESET),boot:0x13 (SPI_FAST_FLASH_BOOT)
configsip: 0, SPIWP:0xee
clk_drv:0x00,q_drv:0x00,d_drv:0x00,cs0_drv:0x00,hd_drv:0x00,wp_drv:0x00
mode:DIO, clock div:2
load:0x3fff0030,len:7284
load:0x40078000,len:15884
load:0x40080400,len:4
load:0x40080404,len:3876
entry 0x4008064c
[0;32mI (29) boot: ESP-IDF v5.1-dirty 2nd stage bootloader[0m
[0;32mI (29) boot: compile time Aug 24 2023 13:15:58[0m
[0;32mI (29) boot: Multicore bootloader[0m
[0;32mI (34) boot: chip revision: v1.0[0m
[0;32mI (37) boot.esp32: SPI Speed      : 40MHz[0m
[0;32mI (42) boot.esp32: SPI Mode       : DIO[0m
[0;32mI (46) boot.esp32: SPI Flash Size : 4MB[0m
[0;32mI (51) boot: Enabling RNG early entropy source...[0m
[0;32mI (56) boot: Partition Table:[0m
[0;32mI (60) boot: ## Label            Usage          Type ST Offset   Length[0m
[0;32mI (67) boot:  0 nvs              WiFi data        01 02 00009000 00004000[0m
[0;32mI (75) boot:  1 otadata          OTA data         01 00 0000d000 00002000[0m
[0;32mI (82) boot:  2 phy_init         RF data          01 01 0000f000 00001000[0m
[0;32mI (90) boot:  3 factory          factory app      00 00 00010000 00100000[0m
[0;32mI (97) boot:  4 ota_0            OTA app          00 10 00110000 00100000[0m
[0;32mI (105) boot:  5 ota_1            OTA app          00 11 00210000 00100000[0m
[0;32mI (112) boot: End of partition table[0m
[0;32mI (117) boot: Defaulting to factory image[0m
[0;32mI (121) esp_image: segment 0: paddr=00010020 vaddr=3f400020 size=2b298h (176792) map[0m
[0;32mI (194) esp_image: segment 1: paddr=0003b2c0 vaddr=3ff80063 size=00008h (     8) load[0m
[0;32mI (194) esp_image: segment 2: paddr=0003b2d0 vaddr=3ffb0000 size=03860h ( 14432) load[0m
[0;32mI (205) esp_image: segment 3: paddr=0003eb38 vaddr=40080000 size=014e0h (  5344) load[0m
[0;32mI (210) esp_image: segment 4: paddr=00040020 vaddr=400d0020 size=aa528h (697640) map[0m
[0;32mI (468) esp_image: segment 5: paddr=000ea550 vaddr=400814e0 size=16660h ( 91744) load[0m
[0;32mI (506) esp_image: segment 6: paddr=00100bb8 vaddr=400c0000 size=00064h (   100) load[0m
[0;32mI (507) esp_image: segment 7: paddr=00100c24 vaddr=50000200 size=0001ch (    28) load[0m
[0;32mI (524) boot: Loaded app from partition at offset 0x10000[0m
[0;32mI (524) boot: Disabling RNG early entropy source...[0m
[0;32mI (537) cpu_start: Multicore app[0m
[0;32mI (538) cpu_start: Pro cpu up.[0m
[0;32mI (538) cpu_start: Starting app cpu, entry point is 0x400815f8[0m
[0;32mI (0) cpu_start: App cpu up.[0m
[0;32mI (556) cpu_start: Pro cpu start user code[0m
[0;32mI (556) cpu_start: cpu freq: 80000000 Hz[0m
[0;32mI (556) cpu_start: Application information:[0m
[0;32mI (560) cpu_start: Project name:     SHT3x_Powersave[0m
[0;32mI (566) cpu_start: App version:      332ee94-dirty[0m
[0;32mI (571) cpu_start: Compile time:     Aug 24 2023 13:15:36[0m
[0;32mI (577) cpu_start: ELF file SHA256:  c2339e24b1d07f36...[0m
[0;32mI (583) cpu_start: ESP-IDF:          v5.1-dirty[0m
[0;32mI (589) cpu_start: Min chip rev:     v0.0[0m
[0;32mI (593) cpu_start: Max chip rev:     v3.99 [0m
[0;32mI (598) cpu_start: Chip rev:         v1.0[0m
[0;32mI (603) heap_init: Initializing. RAM available for dynamic allocation:[0m
[0;32mI (610) heap_init: At 3FFAE6E0 len 00001920 (6 KiB): DRAM[0m
[0;32mI (616) heap_init: At 3FFB7FD8 len 00028028 (160 KiB): DRAM[0m
[0;32mI (622) heap_init: At 3FFE0440 len 00003AE0 (14 KiB): D/IRAM[0m
[0;32mI (629) heap_init: At 3FFE4350 len 0001BCB0 (111 KiB): D/IRAM[0m
[0;32mI (635) heap_init: At 40097B40 len 000084C0 (33 KiB): IRAM[0m
[0;32mI (643) spi_flash: detected chip: generic[0m
[0;32mI (646) spi_flash: flash io: dio[0m
[0;32mI (651) app_start: Starting scheduler on CPU0[0m
[0;32mI (655) app_start: Starting scheduler on CPU1[0m
[0;32mI (655) main_task: Started on CPU0[0m
[0;32mI (665) main_task: Calling app_main()[0m
[0;32mI (665) POWER MODE: Entering normal mode
[0m
[0;32mI (665) POWER MODE: Not a deep sleep reset
[0m
[0;32mI (675) POWER MODE: Entering deep sleep again
[0m
ets Jun  8 2016 00:22:57

rst:0x5 (DEEPSLEEP_RESET),boot:0x13 (SPI_FAST_FLASH_BOOT)
configsip: 0, SPIWP:0xee
clk_drv:0x00,q_drv:0x00,d_drv:0x00,cs0_drv:0x00,hd_drv:0x00,wp_drv:0x00
mode:DIO, clock div:2
load:0x3fff0030,len:7284
load:0x40078000,len:15884
load:0x40080400,len:4
load:0x40080404,len:3876
entry 0x4008064c
[0;32mI (29) boot: ESP-IDF v5.1-dirty 2nd stage bootloader[0m
[0;32mI (29) boot: compile time Aug 24 2023 13:15:58[0m
[0;32mI (29) boot: Multicore bootloader[0m
[0;32mI (34) boot: chip revision: v1.0[0m
[0;32mI (38) boot.esp32: SPI Speed      : 40MHz[0m
[0;32mI (42) boot.esp32: SPI Mode       : DIO[0m
[0;32mI (47) boot.esp32: SPI Flash Size : 4MB[0m
[0;32mI (52) boot: Enabling RNG early entropy source...[0m
[0;32mI (57) esp_image: segment 0: paddr=00010020 vaddr=3f400020 size=2b298h (176792) map[0m
[0;32mI (65) esp_image: segment 1: paddr=0003b2c0 vaddr=3ff80063 size=00008h (     8) [0m
[0;32mI (73) esp_image: segment 2: paddr=0003b2d0 vaddr=3ffb0000 size=03860h ( 14432) load[0m
[0;32mI (84) esp_image: segment 3: paddr=0003eb38 vaddr=40080000 size=014e0h (  5344) load[0m
[0;32mI (91) esp_image: segment 4: paddr=00040020 vaddr=400d0020 size=aa528h (697640) map[0m
[0;32mI (98) esp_image: segment 5: paddr=000ea550 vaddr=400814e0 size=16660h ( 91744) load[0m
[0;32mI (121) esp_image: segment 6: paddr=00100bb8 vaddr=400c0000 size=00064h (   100) [0m
[0;32mI (121) esp_image: segment 7: paddr=00100c24 vaddr=50000200 size=0001ch (    28) [0m
[0;32mI (126) boot: Fast booting app from partition at offset 0x10000[0m
[0;32mI (133) boot: Disabling RNG early entropy source...[0m
[0;32mI (150) cpu_start: Multicore app[0m
[0;32mI (150) cpu_start: Pro cpu up.[0m
[0;32mI (150) cpu_start: Starting app cpu, entry point is 0x400815f8[0m
[0;32mI (0) cpu_start: App cpu up.[0m
[0;32mI (168) cpu_start: Pro cpu start user code[0m
[0;32mI (168) cpu_start: cpu freq: 80000000 Hz[0m
[0;32mI (168) cpu_start: Application information:[0m
[0;32mI (173) cpu_start: Project name:     SHT3x_Powersave[0m
[0;32mI (178) cpu_start: App version:      332ee94-dirty[0m
[0;32mI (184) cpu_start: Compile time:     Aug 24 2023 13:15:36[0m
[0;32mI (190) cpu_start: ELF file SHA256:  c2339e24b1d07f36...[0m
[0;32mI (196) cpu_start: ESP-IDF:          v5.1-dirty[0m
[0;32mI (201) cpu_start: Min chip rev:     v0.0[0m
[0;32mI (206) cpu_start: Max chip rev:     v3.99 [0m
[0;32mI (211) cpu_start: Chip rev:         v1.0[0m
[0;32mI (216) heap_init: Initializing. RAM available for dynamic allocation:[0m
[0;32mI (223) heap_init: At 3FFAE6E0 len 00001920 (6 KiB): DRAM[0m
[0;32mI (229) heap_init: At 3FFB7FD8 len 00028028 (160 KiB): DRAM[0m
[0;32mI (235) heap_init: At 3FFE0440 len 00003AE0 (14 KiB): D/IRAM[0m
[0;32mI (241) heap_init: At 3FFE4350 len 0001BCB0 (111 KiB): D/IRAM[0m
[0;32mI (248) heap_init: At 40097B40 len 000084C0 (33 KiB): IRAM[0m
[0;32mI (256) spi_flash: detected chip: generic[0m
[0;32mI (258) spi_flash: flash io: dio[0m
[0;32mI (264) app_start: Starting scheduler on CPU0[0m
[0;32mI (268) app_start: Starting scheduler on CPU1[0m
[0;32mI (268) main_task: Started on CPU0[0m
[0;32mI (278) main_task: Calling app_main()[0m
[0;32mI (278) POWER MODE: Entering normal mode
[0m
[0;32mI (278) POWER MODE: Wake up from GPIO 4
[0m
[0;32mI (288) main_task: Returned from app_main()[0m

abort() was called at PC 0x400833bf on core 0


Backtrace: 0x40081c4e:0x3ffb1780 0x4008b029:0x3ffb17a0 0x400921a2:0x3ffb17c0 0x400833bf:0x3ffb1830 0x400834fd:0x3ffb1860 0x40083576:0x3ffb1880 0x40165a62:0x3ffb18b0 0x40168bd1:0x3ffb1bd0 0x40179025:0x3ffb1c00 0x40090b65:0x3ffb1c30 0x40083b7e:0x3ffb1c80 0x40083c66:0x3ffb1cb0 0x40083cf6:0x3ffb1ce0 0x400831b1:0x3ffb1d10 0x40088887:0x3ffba8a0 0x400d3bb7:0x3ffba8c0 0x4008c1fd:0x3ffba8e0 0x4008da9d:0x3ffba900




ELF file SHA256: c2339e24b1d07f36

Rebooting...
ets Jun  8 2016 00:22:57

rst:0xc (SW_CPU_RESET),boot:0x13 (SPI_FAST_FLASH_BOOT)
configsip: 0, SPIWP:0xee
clk_drv:0x00,q_drv:0x00,d_drv:0x00,cs0_drv:0x00,hd_drv:0x00,wp_drv:0x00
mode:DIO, clock div:2
load:0x3fff0030,len:7284
load:0x40078000,len:15884
load:0x40080400,len:4
load:0x40080404,len:3876
entry 0x4008064c
[0;32mI (29) boot: ESP-IDF v5.1-dirty 2nd stage bootloader[0m
[0;32mI (29) boot: compile time Aug 24 2023 13:15:58[0m
[0;32mI (29) boot: Multicore bootloader[0m
[0;32mI (34) boot: chip revision: v1.0[0m
[0;32mI (38) boot.esp32: SPI Speed      : 40MHz[0m
[0;32mI (42) boot.esp32: SPI Mode       : DIO[0m
[0;32mI (47) boot.esp32: SPI Flash Size : 4MB[0m
[0;32mI (51) boot: Enabling RNG early entropy source...[0m
[0;32mI (57) boot: Partition Table:[0m
[0;32mI (60) boot: ## Label            Usage          Type ST Offset   Length[0m
[0;32mI (68) boot:  0 nvs              WiFi data        01 02 00009000 00004000[0m
[0;32mI (75) boot:  1 otadata          OTA data         01 00 0000d000 00002000[0m
[0;32mI (82) boot:  2 phy_init         RF data          01 01 0000f000 00001000[0m
[0;32mI (90) boot:  3 factory          factory app      00 00 00010000 00100000[0m
[0;32mI (97) boot:  4 ota_0            OTA app          00 10 00110000 00100000[0m
[0;32mI (105) boot:  5 ota_1            OTA app          00 11 00210000 00100000[0m
[0;32mI (112) boot: End of partition table[0m
[0;32mI (117) boot: Defaulting to factory image[0m
[0;32mI (121) esp_image: segment 0: paddr=00010020 vaddr=3f400020 size=2b298h (176792) map[0m
[0;32mI (194) esp_image: segment 1: paddr=0003b2c0 vaddr=3ff80063 size=00008h (     8) load[0m
[0;32mI (194) esp_image: segment 2: paddr=0003b2d0 vaddr=3ffb0000 size=03860h ( 14432) load[0m
[0;32mI (205) esp_image: segment 3: paddr=0003eb38 vaddr=40080000 size=014e0h (  5344) load[0m
[0;32mI (210) esp_image: segment 4: paddr=00040020 vaddr=400d0020 size=aa528h (697640) map[0m
[0;32mI (468) esp_image: segment 5: paddr=000ea550 vaddr=400814e0 size=16660h ( 91744) load[0m
[0;32mI (507) esp_image: segment 6: paddr=00100bb8 vaddr=400c0000 size=00064h (   100) load[0m
[0;32mI (507) esp_image: segment 7: paddr=00100c24 vaddr=50000200 size=0001ch (    28) load[0m
[0;32mI (524) boot: Loaded app from partition at offset 0x10000[0m
[0;32mI (525) boot: Disabling RNG early entropy source...[0m
[0;32mI (537) cpu_start: Multicore app[0m
[0;32mI (538) cpu_start: Pro cpu up.[0m
[0;32mI (538) cpu_start: Starting app cpu, entry point is 0x400815f8[0m
[0;32mI (526) cpu_start: App cpu up.[0m
[0;32mI (556) cpu_start: Pro cpu start user code[0m
[0;32mI (556) cpu_start: cpu freq: 80000000 Hz[0m
[0;32mI (556) cpu_start: Application information:[0m
[0;32mI (561) cpu_start: Project name:     SHT3x_Powersave[0m
[0;32mI (566) cpu_start: App version:      332ee94-dirty[0m
[0;32mI (572) cpu_start: Compile time:     Aug 24 2023 13:15:36[0m
[0;32mI (578) cpu_start: ELF file SHA256:  c2339e24b1d07f36...[0m
[0;32mI (584) cpu_start: ESP-IDF:          v5.1-dirty[0m
[0;32mI (589) cpu_start: Min chip rev:     v0.0[0m
[0;32mI (594) cpu_start: Max chip rev:     v3.99 [0m
[0;32mI (599) cpu_start: Chip rev:         v1.0[0m
[0;32mI (604) heap_init: Initializing. RAM available for dynamic allocation:[0m
[0;32mI (611) heap_init: At 3FFAE6E0 len 00001920 (6 KiB): DRAM[0m
[0;32mI (617) heap_init: At 3FFB7FD8 len 00028028 (160 KiB): DRAM[0m
[0;32mI (623) heap_init: At 3FFE0440 len 00003AE0 (14 KiB): D/IRAM[0m
[0;32mI (629) heap_init: At 3FFE4350 len 0001BCB0 (111 KiB): D/IRAM[0m
[0;32mI (636) heap_init: At 40097B40 len 000084C0 (33 KiB): IRAM[0m
[0;32mI (644) spi_flash: detected chip: generic[0m
[0;32mI (646) spi_flash: flash io: dio[0m
[0;32mI (652) app_start: Starting scheduler on CPU0[0m
[0;32mI (656) app_start: Starting scheduler on CPU1[0m
[0;32mI (656) main_task: Started on CPU0[0m
[0;32mI (666) main_task: Calling app_main()[0m
[0;32mI (666) POWER MODE: Entering normal mode
[0m
[0;32mI (666) POWER MODE: Not a deep sleep reset
[0m
[0;32mI (676) POWER MODE: Entering deep sleep again
[0m
ets Jun  8 2016 00:22:57

rst:0x5 (DEEPSLEEP_RESET),boot:0x13 (SPI_FAST_FLASH_BOOT)
configsip: 0, SPIWP:0xee
clk_drv:0x00,q_drv:0x00,d_drv:0x00,cs0_drv:0x00,hd_drv:0x00,wp_drv:0x00
mode:DIO, clock div:2
load:0x3fff0030,len:7284
load:0x40078000,len:15884
load:0x40080400,len:4
load:0x40080404,len:3876
entry 0x4008064c
[0;32mI (29) boot: ESP-IDF v5.1-dirty 2nd stage bootloader[0m
[0;32mI (29) boot: compile time Aug 24 2023 13:15:58[0m
[0;32mI (29) boot: Multicore bootloader[0m
[0;32mI (34) boot: chip revision: v1.0[0m
[0;32mI (38) boot.esp32: SPI Speed      : 40MHz[0m
[0;32mI (42) boot.esp32: SPI Mode       : DIO[0m
[0;32mI (47) boot.esp32: SPI Flash Size : 4MB[0m
[0;32mI (52) boot: Enabling RNG early entropy source...[0m
[0;32mI (57) esp_image: segment 0: paddr=00010020 vaddr=3f400020 size=2b298h (176792) map[0m
[0;32mI (65) esp_image: segment 1: paddr=0003b2c0 vaddr=3ff80063 size=00008h (     8) [0m
[0;32mI (73) esp_image: segment 2: paddr=0003b2d0 vaddr=3ffb0000 size=03860h ( 14432) load[0m
[0;32mI (84) esp_image: segment 3: paddr=0003eb38 vaddr=40080000 size=014e0h (  5344) load[0m
[0;32mI (91) esp_image: segment 4: paddr=00040020 vaddr=400d0020 size=aa528h (697640) map[0m
[0;32mI (98) esp_image: segment 5: paddr=000ea550 vaddr=400814e0 size=16660h ( 91744) load[0m
[0;32mI (121) esp_image: segment 6: paddr=00100bb8 vaddr=400c0000 size=00064h (   100) [0m
[0;32mI (121) esp_image: segment 7: paddr=00100c24 vaddr=50000200 size=0001ch (    28) [0m
[0;32mI (126) boot: Fast booting app from partition at offset 0x10000[0m
[0;32mI (133) boot: Disabling RNG early entropy source...[0m
[0;32mI (150) cpu_start: Multicore app[0m
[0;32mI (150) cpu_start: Pro cpu up.[0m
[0;32mI (150) cpu_start: Starting app cpu, entry point is 0x400815f8[0m
[0;32mI (0) cpu_start: App cpu up.[0m
[0;32mI (168) cpu_start: Pro cpu start user code[0m
[0;32mI (168) cpu_start: cpu freq: 80000000 Hz[0m
[0;32mI (168) cpu_start: Application information:[0m
[0;32mI (173) cpu_start: Project name:     SHT3x_Powersave[0m
[0;32mI (178) cpu_start: App version:      332ee94-dirty[0m
[0;32mI (184) cpu_start: Compile time:     Aug 24 2023 13:15:36[0m
[0;32mI (190) cpu_start: ELF file SHA256:  c2339e24b1d07f36...[0m
[0;32mI (196) cpu_start: ESP-IDF:          v5.1-dirty[0m
[0;32mI (201) cpu_start: Min chip rev:     v0.0[0m
[0;32mI (206) cpu_start: Max chip rev:     v3.99 [0m
[0;32mI (211) cpu_start: Chip rev:         v1.0[0m
[0;32mI (216) heap_init: Initializing. RAM available for dynamic allocation:[0m
[0;32mI (223) heap_init: At 3FFAE6E0 len 00001920 (6 KiB): DRAM[0m
[0;32mI (229) heap_init: At 3FFB7FD8 len 00028028 (160 KiB): DRAM[0m
[0;32mI (235) heap_init: At 3FFE0440 len 00003AE0 (14 KiB): D/IRAM[0m
[0;32mI (241) heap_init: At 3FFE4350 len 0001BCB0 (111 KiB): D/IRAM[0m
[0;32mI (248) heap_init: At 40097B40 len 000084C0 (33 KiB): IRAM[0m
[0;32mI (256) spi_flash: detected chip: generic[0m
[0;32mI (258) spi_flash: flash io: dio[0m
[0;32mI (264) app_start: Starting scheduler on CPU0[0m
[0;32mI (268) app_start: Starting scheduler on CPU1[0m
[0;32mI (268) main_task: Started on CPU0[0m
[0;32mI (278) main_task: Calling app_main()[0m
[0;32mI (278) POWER MODE: Entering normal mode
[0m
[0;32mI (278) POWER MODE: Wake up from GPIO 4
[0m
[0;32mI (288) main_task: Returned from app_main()[0m

abort() was called at PC 0x400833bf on core 0


Backtrace: 0x40081c4e:0x3ffb1780 0x4008b029:0x3ffb17a0 0x400921a2:0x3ffb17c0 0x400833bf:0x3ffb1830 0x400834fd:0x3ffb1860 0x40083576:0x3ffb1880 0x40165a62:0x3ffb18b0 0x40168bd1:0x3ffb1bd0 0x40179025:0x3ffb1c00 0x40090b65:0x3ffb1c30 0x40083b7e:0x3ffb1c80 0x40083c66:0x3ffb1cb0 0x40083cf6:0x3ffb1ce0 0x400831b1:0x3ffb1d10 0x40088887:0x3ffba8a0 0x400d3bb7:0x3ffba8c0 0x4008c1fd:0x3ffba8e0 0x4008da9d:0x3ffba900




ELF file SHA256: c2339e24b1d07f36

Rebooting...
ets Jun  8 2016 00:22:57

rst:0xc (SW_CPU_RESET),boot:0x13 (SPI_FAST_FLASH_BOOT)
configsip: 0, SPIWP:0xee
clk_drv:0x00,q_drv:0x00,d_drv:0x00,cs0_drv:0x00,hd_drv:0x00,wp_drv:0x00
mode:DIO, clock div:2
load:0x3fff0030,len:7284
load:0x40078000,len:15884
load:0x40080400,len:4
load:0x40080404,len:3876
entry 0x4008064c
[0;32mI (29) boot: ESP-IDF v5.1-dirty 2nd stage bootloader[0m
[0;32mI (29) boot: compile time Aug 24 2023 13:15:58[0m
[0;32mI (29) boot: Multicore bootloader[0m
[0;32mI (34) boot: chip revision: v1.0[0m
[0;32mI (38) boot.esp32: SPI Speed      : 40MHz[0m
[0;32mI (42) boot.esp32: SPI Mode       : DIO[0m
[0;32mI (47) boot.esp32: SPI Flash Size : 4MB[0m
[0;32mI (51) boot: Enabling RNG early entropy source...[0m
[0;32mI (57) boot: Partition Table:[0m
[0;32mI (60) boot: ## Label            Usage          Type ST Offset   Length[0m
[0;32mI (68) boot:  0 nvs              WiFi data        01 02 00009000 00004000[0m
[0;32mI (75) boot:  1 otadata          OTA data         01 00 0000d000 00002000[0m
[0;32mI (82) boot:  2 phy_init         RF data          01 01 0000f000 00001000[0m
[0;32mI (90) boot:  3 factory          factory app      00 00 00010000 00100000[0m
[0;32mI (97) boot:  4 ota_0            OTA app          00 10 00110000 00100000[0m
[0;32mI (105) boot:  5 ota_1            OTA app          00 11 00210000 00100000[0m
[0;32mI (112) boot: End of partition table[0m
[0;32mI (117) boot: Defaulting to factory image[0m
[0;32mI (121) esp_image: segment 0: paddr=00010020 vaddr=3f400020 size=2b298h (176792) map[0m
[0;32mI (194) esp_image: segment 1: paddr=0003b2c0 vaddr=3ff80063 size=00008h (     8) load[0m
[0;32mI (194) esp_image: segment 2: paddr=0003b2d0 vaddr=3ffb0000 size=03860h ( 14432) load[0m
[0;32mI (205) esp_image: segment 3: paddr=0003eb38 vaddr=40080000 size=014e0h (  5344) load[0m
[0;32mI (210) esp_image: segment 4: paddr=00040020 vaddr=400d0020 size=aa528h (697640) map[0m
[0;32mI (468) esp_image: segment 5: paddr=000ea550 vaddr=400814e0 size=16660h ( 91744) load[0m
[0;32mI (507) esp_image: segment 6: paddr=00100bb8 vaddr=400c0000 size=00064h (   100) load[0m
[0;32mI (507) esp_image: segment 7: paddr=00100c24 vaddr=50000200 size=0001ch (    28) load[0m
[0;32mI (524) boot: Loaded app from partition at offset 0x10000[0m
[0;32mI (525) boot: Disabling RNG early entropy source...[0m
[0;32mI (537) cpu_start: Multicore app[0m
[0;32mI (538) cpu_start: Pro cpu up.[0m
[0;32mI (538) cpu_start: Starting app cpu, entry point is 0x400815f8[0m
[0;32mI (526) cpu_start: App cpu up.[0m
[0;32mI (556) cpu_start: Pro cpu start user code[0m
[0;32mI (556) cpu_start: cpu freq: 80000000 Hz[0m
[0;32mI (556) cpu_start: Application information:[0m
[0;32mI (561) cpu_start: Project name:     SHT3x_Powersave[0m
[0;32mI (566) cpu_start: App version:      332ee94-dirty[0m
[0;32mI (572) cpu_start: Compile time:     Aug 24 2023 13:15:36[0m
[0;32mI (578) cpu_start: ELF file SHA256:  c2339e24b1d07f36...[0m
[0;32mI (584) cpu_start: ESP-IDF:          v5.1-dirty[0m
[0;32mI (589) cpu_start: Min chip rev:     v0.0[0m
[0;32mI (594) cpu_start: Max chip rev:     v3.99 [0m
[0;32mI (599) cpu_start: Chip rev:         v1.0[0m
[0;32mI (604) heap_init: Initializing. RAM available for dynamic allocation:[0m
[0;32mI (611) heap_init: At 3FFAE6E0 len 00001920 (6 KiB): DRAM[0m
[0;32mI (617) heap_init: At 3FFB7FD8 len 00028028 (160 KiB): DRAM[0m
[0;32mI (623) heap_init: At 3FFE0440 len 00003AE0 (14 KiB): D/IRAM[0m
[0;32mI (629) heap_init: At 3FFE4350 len 0001BCB0 (111 KiB): D/IRAM[0m
[0;32mI (636) heap_init: At 40097B40 len 000084C0 (33 KiB): IRAM[0m
[0;32mI (644) spi_flash: detected chip: generic[0m
[0;32mI (646) spi_flash: flash io: dio[0m
[0;32mI (652) app_start: Starting scheduler on CPU0[0m
[0;32mI (656) app_start: Starting scheduler on CPU1[0m
[0;32mI (656) main_task: Started on CPU0[0m
[0;32mI (666) main_task: Calling app_main()[0m
[0;32mI (666) POWER MODE: Entering normal mode
[0m
[0;32mI (666) POWER MODE: Not a deep sleep reset
[0m
[0;32mI (676) POWER MODE: Entering deep sleep again
[0m
ets Jun  8 2016 00:22:57

rst:0x5 (DEEPSLEEP_RESET),boot:0x13 (SPI_FAST_FLASH_BOOT)
configsip: 0, SPIWP:0xee
clk_drv:0x00,q_drv:0x00,d_drv:0x00,cs0_drv:0x00,hd_drv:0x00,wp_drv:0x00
mode:DIO, clock div:2
load:0x3fff0030,len:7284
load:0x40078000,len:15884
load:0x40080400,len:4
load:0x40080404,len:3876
entry 0x4008064c
[0;32mI (29) boot: ESP-IDF v5.1-dirty 2nd stage bootloader[0m
[0;32mI (29) boot: compile time Aug 24 2023 13:15:58[0m
[0;32mI (29) boot: Multicore bootloader[0m
[0;32mI (34) boot: chip revision: v1.0[0m
[0;32mI (38) boot.esp32: SPI Speed      : 40MHz[0m
[0;32mI (42) boot.esp32: SPI Mode       : DIO[0m
[0;32mI (47) boot.esp32: SPI Flash Size : 4MB[0m
[0;32mI (52) boot: Enabling RNG early entropy source...[0m
[0;32mI (57) esp_image: segment 0: paddr=00010020 vaddr=3f400020 size=2b298h (176792) map[0m
[0;32mI (65) esp_image: segment 1: paddr=0003b2c0 vaddr=3ff80063 size=00008h (     8) [0m
[0;32mI (73) esp_image: segment 2: paddr=0003b2d0 vaddr=3ffb0000 size=03860h ( 14432) load[0m
[0;32mI (84) esp_image: segment 3: paddr=0003eb38 vaddr=40080000 size=014e0h (  5344) load[0m
[0;32mI (91) esp_image: segment 4: paddr=00040020 vaddr=400d0020 size=aa528h (697640) map[0m
[0;32mI (98) esp_image: segment 5: paddr=000ea550 vaddr=400814e0 size=16660h ( 91744) load[0m
[0;32mI (121) esp_image: segment 6: paddr=00100bb8 vaddr=400c0000 size=00064h (   100) [0m
[0;32mI (121) esp_image: segment 7: paddr=00100c24 vaddr=50000200 size=0001ch (    28) [0m
[0;32mI (126) boot: Fast booting app from partition at offset 0x10000[0m
[0;32mI (133) boot: Disabling RNG early entropy source...[0m
[0;32mI (150) cpu_start: Multicore app[0m
[0;32mI (150) cpu_start: Pro cpu up.[0m
[0;32mI (150) cpu_start: Starting app cpu, entry point is 0x400815f8[0m
[0;32mI (0) cpu_start: App cpu up.[0m
[0;32mI (168) cpu_start: Pro cpu start user code[0m
[0;32mI (168) cpu_start: cpu freq: 80000000 Hz[0m
[0;32mI (168) cpu_start: Application information:[0m
[0;32mI (173) cpu_start: Project name:     SHT3x_Powersave[0m
[0;32mI (178) cpu_start: App version:      332ee94-dirty[0m
[0;32mI (184) cpu_start: Compile time:     Aug 24 2023 13:15:36[0m
[0;32mI (190) cpu_start: ELF file SHA256:  c2339e24b1d07f36...[0m
[0;32mI (196) cpu_start: ESP-IDF:          v5.1-dirty[0m
[0;32mI (201) cpu_start: Min chip rev:     v0.0[0m
[0;32mI (206) cpu_start: Max chip rev:     v3.99 [0m
[0;32mI (211) cpu_start: Chip rev:         v1.0[0m
[0;32mI (216) heap_init: Initializing. RAM available for dynamic allocation:[0m
[0;32mI (223) heap_init: At 3FFAE6E0 len 00001920 (6 KiB): DRAM[0m
[0;32mI (229) heap_init: At 3FFB7FD8 len 00028028 (160 KiB): DRAM[0m
[0;32mI (235) heap_init: At 3FFE0440 len 00003AE0 (14 KiB): D/IRAM[0m
[0;32mI (241) heap_init: At 3FFE4350 len 0001BCB0 (111 KiB): D/IRAM[0m
[0;32mI (248) heap_init: At 40097B40 len 000084C0 (33 KiB): IRAM[0m
[0;32mI (256) spi_flash: detected chip: generic[0m
[0;32mI (258) spi_flash: flash io: dio[0m
[0;32mI (264) app_start: Starting scheduler on CPU0[0m
[0;32mI (268) app_start: Starting scheduler on CPU1[0m
[0;32mI (268) main_task: Started on CPU0[0m
[0;32mI (278) main_task: Calling app_main()[0m
[0;32mI (278) POWER MODE: Entering normal mode
[0m
[0;32mI (278) POWER MODE: Wake up from GPIO 4
[0m
[0;32mI (288) main_task: Returned from app_main()[0m

abort() was called at PC 0x400833bf on core 0


Backtrace: 0x40081c4e:0x3ffb1780 0x4008b029:0x3ffb17a0 0x400921a2:0x3ffb17c0 0x400833bf:0x3ffb1830 0x400834fd:0x3ffb1860 0x40083576:0x3ffb1880 0x40165a62:0x3ffb18b0 0x40168bd1:0x3ffb1bd0 0x40179025:0x3ffb1c00 0x40090b65:0x3ffb1c30 0x40083b7e:0x3ffb1c80 0x40083c66:0x3ffb1cb0 0x40083cf6:0x3ffb1ce0 0x400831b1:0x3ffb1d10 0x40088887:0x3ffba8a0 0x400d3bb7:0x3ffba8c0 0x4008c1fd:0x3ffba8e0 0x4008da9d:0x3ffba900




ELF file SHA256: c2339e24b1d07f36

Rebooting...
ets Jun  8 2016 00:22:57

rst:0xc (SW_CPU_RESET),boot:0x13 (SPI_FAST_FLASH_BOOT)
configsip: 0, SPIWP:0xee
clk_drv:0x00,q_drv:0x00,d_drv:0x00,cs0_drv:0x00,hd_drv:0x00,wp_drv:0x00
mode:DIO, clock div:2
load:0x3fff0030,len:7284
load:0x40078000,len:15884
load:0x40080400,len:4
load:0x40080404,len:3876
entry 0x4008064c
[0;32mI (29) boot: ESP-IDF v5.1-dirty 2nd stage bootloader[0m
[0;32mI (29) boot: compile time Aug 24 2023 13:15:58[0m
[0;32mI (29) boot: Multicore bootloader[0m
[0;32mI (34) boot: chip revision: v1.0[0m
[0;32mI (38) boot.esp32: SPI Speed      : 40MHz[0m
[0;32mI (42) boot.esp32: SPI Mode       : DIO[0m
[0;32mI (47) boot.esp32: SPI Flash Size : 4MB[0m
[0;32mI (51) boot: Enabling RNG early entropy source...[0m
[0;32mI (57) boot: Partition Table:[0m
[0;32mI (60) boot: ## Label            Usage          Type ST Offset   Length[0m
[0;32mI (68) boot:  0 nvs              WiFi data        01 02 00009000 00004000[0m
[0;32mI (75) boot:  1 otadata          OTA data         01 00 0000d000 00002000[0m
[0;32mI (82) boot:  2 phy_init         RF data          01 01 0000f000 00001000[0m
[0;32mI (90) boot:  3 factory          factory app      00 00 00010000 00100000[0m
[0;32mI (97) boot:  4 ota_0            OTA app          00 10 00110000 00100000[0m
[0;32mI (105) boot:  5 ota_1            OTA app          00 11 00210000 00100000[0m
[0;32mI (112) boot: End of partition table[0m
[0;32mI (117) boot: Defaulting to factory image[0m
[0;32mI (121) esp_image: segment 0: paddr=00010020 vaddr=3f400020 size=2b298h (176792) map[0m
[0;32mI (194) esp_image: segment 1: paddr=0003b2c0 vaddr=3ff80063 size=00008h (     8) load[0m
[0;32mI (194) esp_image: segment 2: paddr=0003b2d0 vaddr=3ffb0000 size=03860h ( 14432) load[0m
[0;32mI (205) esp_image: segment 3: paddr=0003eb38 vaddr=40080000 size=014e0h (  5344) load[0m
[0;32mI (210) esp_image: segment 4: paddr=00040020 vaddr=400d0020 size=aa528h (697640) map[0m
[0;32mI (468) esp_image: segment 5: paddr=000ea550 vaddr=400814e0 size=16660h ( 91744) load[0m
[0;32mI (507) esp_image: segment 6: paddr=00100bb8 vaddr=400c0000 size=00064h (   100) load[0m
[0;32mI (507) esp_image: segment 7: paddr=00100c24 vaddr=50000200 size=0001ch (    28) load[0m
[0;32mI (524) boot: Loaded app from partition at offset 0x10000[0m
[0;32mI (525) boot: Disabling RNG early entropy source...[0m
[0;32mI (537) cpu_start: Multicore app[0m
[0;32mI (538) cpu_start: Pro cpu up.[0m
[0;32mI (538) cpu_start: Starting app cpu, entry point is 0x400815f8[0m
[0;32mI (526) cpu_start: App cpu up.[0m
[0;32mI (556) cpu_start: Pro cpu start user code[0m
[0;32mI (556) cpu_start: cpu freq: 80000000 Hz[0m
[0;32mI (556) cpu_start: Application information:[0m
[0;32mI (561) cpu_start: Project name:     SHT3x_Powersave[0m
[0;32mI (566) cpu_start: App version:      332ee94-dirty[0m
[0;32mI (572) cpu_start: Compile time:     Aug 24 2023 13:15:36[0m
[0;32mI (578) cpu_start: ELF file SHA256:  c2339e24b1d07f36...[0m
[0;32mI (584) cpu_start: ESP-IDF:          v5.1-dirty[0m
[0;32mI (589) cpu_start: Min chip rev:     v0.0[0m
[0;32mI (594) cpu_start: Max chip rev:     v3.99 [0m
[0;32mI (599) cpu_start: Chip rev:         v1.0[0m
[0;32mI (604) heap_init: Initializing. RAM available for dynamic allocation:[0m
[0;32mI (611) heap_init: At 3FFAE6E0 len 00001920 (6 KiB): DRAM[0m
[0;32mI (617) heap_init: At 3FFB7FD8 len 00028028 (160 KiB): DRAM[0m
[0;32mI (623) heap_init: At 3FFE0440 len 00003AE0 (14 KiB): D/IRAM[0m
[0;32mI (629) heap_init: At 3FFE4350 len 0001BCB0 (111 KiB): D/IRAM[0m
[0;32mI (636) heap_init: At 40097B40 len 000084C0 (33 KiB): IRAM[0m
[0;32mI (644) spi_flash: detected chip: generic[0m
[0;32mI (646) spi_flash: flash io: dio[0m
[0;32mI (652) app_start: Starting scheduler on CPU0[0m
[0;32mI (656) app_start: Starting scheduler on CPU1[0m
[0;32mI (656) main_task: Started on CPU0[0m
[0;32mI (666) main_task: Calling app_main()[0m
[0;32mI (666) POWER MODE: Entering normal mode
[0m
[0;32mI (666) POWER MODE: Not a deep sleep reset
[0m
[0;32mI (676) POWER MODE: Entering deep sleep again
[0m
ets Jun  8 2016 00:22:57

rst:0x5 (DEEPSLEEP_RESET),boot:0x13 (SPI_FAST_FLASH_BOOT)
configsip: 0, SPIWP:0xee
clk_drv:0x00,q_drv:0x00,d_drv:0x00,cs0_drv:0x00,hd_drv:0x00,wp_drv:0x00
mode:DIO, clock div:2
load:0x3fff0030,len:7284
load:0x40078000,len:15884
load:0x40080400,len:4
load:0x40080404,len:3876
entry 0x4008064c
[0;32mI (29) boot: ESP-IDF v5.1-dirty 2nd stage bootloader[0m
[0;32mI (29) boot: compile time Aug 24 2023 13:15:58[0m
[0;32mI (29) boot: Multicore bootloader[0m
[0;32mI (34) boot: chip revision: v1.0[0m
[0;32mI (38) boot.esp32: SPI Speed      : 40MHz[0m
[0;32mI (42) boot.esp32: SPI Mode       : DIO[0m
[0;32mI (47) boot.esp32: SPI Flash Size : 4MB[0m
[0;32mI (52) boot: Enabling RNG early entropy source...[0m
[0;32mI (57) esp_image: segment 0: paddr=00010020 vaddr=3f400020 size=2b298h (176792) map[0m
[0;32mI (65) esp_image: segment 1: paddr=0003b2c0 vaddr=3ff80063 size=00008h (     8) [0m
[0;32mI (73) esp_image: segment 2: paddr=0003b2d0 vaddr=3ffb0000 size=03860h ( 14432) load[0m
[0;32mI (84) esp_image: segment 3: paddr=0003eb38 vaddr=40080000 size=014e0h (  5344) load[0m
[0;32mI (91) esp_image: segment 4: paddr=00040020 vaddr=400d0020 size=aa528h (697640) map[0m
[0;32mI (98) esp_image: segment 5: paddr=000ea550 vaddr=400814e0 size=16660h ( 91744) load[0m
[0;32mI (121) esp_image: segment 6: paddr=00100bb8 vaddr=400c0000 size=00064h (   100) [0m
[0;32mI (121) esp_image: segment 7: paddr=00100c24 vaddr=50000200 size=0001ch (    28) [0m
[0;32mI (126) boot: Fast booting app from partition at offset 0x10000[0m
[0;32mI (133) boot: Disabling RNG early entropy source...[0m
[0;32mI (150) cpu_start: Multicore app[0m
[0;32mI (150) cpu_start: Pro cpu up.[0m
[0;32mI (150) cpu_start: Starting app cpu, entry point is 0x400815f8[0m
[0;32mI (0) cpu_start: App cpu up.[0m
[0;32mI (168) cpu_start: Pro cpu start user code[0m
[0;32mI (168) cpu_start: cpu freq: 80000000 Hz[0m
[0;32mI (168) cpu_start: Application information:[0m
[0;32mI (173) cpu_start: Project name:     SHT3x_Powersave[0m
[0;32mI (178) cpu_start: App version:      332ee94-dirty[0m
[0;32mI (184) cpu_start: Compile time:     Aug 24 2023 13:15:36[0m
[0;32mI (190) cpu_start: ELF file SHA256:  c2339e24b1d07f36...[0m
[0;32mI (196) cpu_start: ESP-IDF:          v5.1-dirty[0m
[0;32mI (201) cpu_start: Min chip rev:     v0.0[0m
[0;32mI (206) cpu_start: Max chip rev:     v3.99 [0m
[0;32mI (211) cpu_start: Chip rev:         v1.0[0m
[0;32mI (216) heap_init: Initializing. RAM available for dynamic allocation:[0m
[0;32mI (223) heap_init: At 3FFAE6E0 len 00001920 (6 KiB): DRAM[0m
[0;32mI (229) heap_init: At 3FFB7FD8 len 00028028 (160 KiB): DRAM[0m
[0;32mI (235) heap_init: At 3FFE0440 len 00003AE0 (14 KiB): D/IRAM[0m
[0;32mI (241) heap_init: At 3FFE4350 len 0001BCB0 (111 KiB): D/IRAM[0m
[0;32mI (248) heap_init: At 40097B40 len 000084C0 (33 KiB): IRAM[0m
[0;32mI (256) spi_flash: detected chip: generic[0m
[0;32mI (258) spi_flash: flash io: dio[0m
[0;32mI (264) app_start: Starting scheduler on CPU0[0m
[0;32mI (268) app_start: Starting scheduler on CPU1[0m
[0;32mI (268) main_task: Started on CPU0[0m
[0;32mI (278) main_task: Calling app_main()[0m
[0;32mI (278) POWER MODE: Entering normal mode
[0m
[0;32mI (278) POWER MODE: Wake up from GPIO 4
[0m
[0;32mI (288) main_task: Returned from app_main()[0m

abort() was called at PC 0x400833bf on core 0


Backtrace: 0x40081c4e:0x3ffb1780 0x4008b029:0x3ffb17a0 0x400921a2:0x3ffb17c0 0x400833bf:0x3ffb1830 0x400834fd:0x3ffb1860 0x40083576:0x3ffb1880 0x40165a62:0x3ffb18b0 0x40168bd1:0x3ffb1bd0 0x40179025:0x3ffb1c00 0x40090b65:0x3ffb1c30 0x40083b7e:0x3ffb1c80 0x40083c66:0x3ffb1cb0 0x40083cf6:0x3ffb1ce0 0x400831b1:0x3ffb1d10 0x40088887:0x3ffba8a0 0x400d3bb7:0x3ffba8c0 0x4008c1fd:0x3ffba8e0 0x4008da9d:0x3ffba900




ELF file SHA256: c2339e24b1d07f36

Rebooting...
ets Jun  8 2016 00:22:57

rst:0xc (SW_CPU_RESET),boot:0x13 (SPI_FAST_FLASH_BOOT)
configsip: 0, SPIWP:0xee
clk_drv:0x00,q_drv:0x00,d_drv:0x00,cs0_drv:0x00,hd_drv:0x00,wp_drv:0x00
mode:DIO, clock div:2
load:0x3fff0030,len:7284
load:0x40078000,len:15884
load:0x40080400,len:4
load:0x40080404,len:3876
entry 0x4008064c
[0;32mI (29) boot: ESP-IDF v5.1-dirty 2nd stage bootloader[0m
[0;32mI (29) boot: compile time Aug 24 2023 13:15:58[0m
[0;32mI (29) boot: Multicore bootloader[0m
[0;32mI (34) boot: chip revision: v1.0[0m
[0;32mI (38) boot.esp32: SPI Speed      : 40MHz[0m
[0;32mI (42) boot.esp32: SPI Mode       : DIO[0m
[0;32mI (47) boot.esp32: SPI Flash Size : 4MB[0m
[0;32mI (51) boot: Enabling RNG early entropy source...[0m
[0;32mI (57) boot: Partition Table:[0m
[0;32mI (60) boot: ## Label            Usage          Type ST Offset   Length[0m
[0;32mI (68) boot:  0 nvs              WiFi data        01 02 00009000 00004000[0m
[0;32mI (75) boot:  1 otadata          OTA data         01 00 0000d000 00002000[0m
[0;32mI (82) boot:  2 phy_init         RF data          01 01 0000f000 00001000[0m
[0;32mI (90) boot:  3 factory          factory app      00 00 00010000 00100000[0m
[0;32mI (97) boot:  4 ota_0            OTA app          00 10 00110000 00100000[0m
[0;32mI (105) boot:  5 ota_1            OTA app          00 11 00210000 00100000[0m
[0;32mI (112) boot: End of partition table[0m
[0;32mI (117) boot: Defaulting to factory image[0m
[0;32mI (121) esp_image: segment 0: paddr=00010020 vaddr=3f400020 size=2b298h (176792) map[0m
[0;32mI (194) esp_image: segment 1: paddr=0003b2c0 vaddr=3ff80063 size=00008h (     8) load[0m
[0;32mI (194) esp_image: segment 2: paddr=0003b2d0 vaddr=3ffb0000 size=03860h ( 14432) load[0m
[0;32mI (205) esp_image: segment 3: paddr=0003eb38 vaddr=40080000 size=014e0h (  5344) load[0m
[0;32mI (210) esp_image: segment 4: paddr=00040020 vaddr=400d0020 size=aa528h (697640) map[0m
[0;32mI (468) esp_image: segment 5: paddr=000ea550 vaddr=400814e0 size=16660h ( 91744) load[0m
[0;32mI (507) esp_image: segment 6: paddr=00100bb8 vaddr=400c0000 size=00064h (   100) load[0m
[0;32mI (507) esp_image: segment 7: paddr=00100c24 vaddr=50000200 size=0001ch (    28) load[0m
[0;32mI (524) boot: Loaded app from partition at offset 0x10000[0m
[0;32mI (525) boot: Disabling RNG early entropy source...[0m
[0;32mI (537) cpu_start: Multicore app[0m
[0;32mI (538) cpu_start: Pro cpu up.[0m
[0;32mI (538) cpu_start: Starting app cpu, entry point is 0x400815f8[0m
[0;32mI (526) cpu_start: App cpu up.[0m
[0;32mI (556) cpu_start: Pro cpu start user code[0m
[0;32mI (556) cpu_start: cpu freq: 80000000 Hz[0m
[0;32mI (556) cpu_start: Application information:[0m
[0;32mI (561) cpu_start: Project name:     SHT3x_Powersave[0m
[0;32mI (566) cpu_start: App version:      332ee94-dirty[0m
[0;32mI (572) cpu_start: Compile time:     Aug 24 2023 13:15:36[0m
[0;32mI (578) cpu_start: ELF file SHA256:  c2339e24b1d07f36...[0m
[0;32mI (584) cpu_start: ESP-IDF:          v5.1-dirty[0m
[0;32mI (589) cpu_start: Min chip rev:     v0.0[0m
[0;32mI (594) cpu_start: Max chip rev:     v3.99 [0m
[0;32mI (599) cpu_start: Chip rev:         v1.0[0m
[0;32mI (604) heap_init: Initializing. RAM available for dynamic allocation:[0m
[0;32mI (611) heap_init: At 3FFAE6E0 len 00001920 (6 KiB): DRAM[0m
[0;32mI (617) heap_init: At 3FFB7FD8 len 00028028 (160 KiB): DRAM[0m
[0;32mI (623) heap_init: At 3FFE0440 len 00003AE0 (14 KiB): D/IRAM[0m
[0;32mI (629) heap_init: At 3FFE4350 len 0001BCB0 (111 KiB): D/IRAM[0m
[0;32mI (636) heap_init: At 40097B40 len 000084C0 (33 KiB): IRAM[0m
[0;32mI (644) spi_flash: detected chip: generic[0m
[0;32mI (646) spi_flash: flash io: dio[0m
[0;32mI (652) app_start: Starting scheduler on CPU0[0m
[0;32mI (656) app_start: Starting scheduler on CPU1[0m
[0;32mI (656) main_task: Started on CPU0[0m
[0;32mI (666) main_task: Calling app_main()[0m
[0;32mI (666) POWER MODE: Entering normal mode
[0m
[0;32mI (666) POWER MODE: Not a deep sleep reset
[0m
[0;32mI (676) POWER MODE: Entering deep sleep again
[0m
ets Jun  8 2016 00:22:57

rst:0x5 (DEEPSLEEP_RESET),boot:0x13 (SPI_FAST_FLASH_BOOT)
configsip: 0, SPIWP:0xee
clk_drv:0x00,q_drv:0x00,d_drv:0x00,cs0_drv:0x00,hd_drv:0x00,wp_drv:0x00
mode:DIO, clock div:2
load:0x3fff0030,len:7284
load:0x40078000,len:15884
load:0x40080400,len:4
load:0x40080404,len:3876
entry 0x4008064c
[0;32mI (29) boot: ESP-IDF v5.1-dirty 2nd stage bootloader[0m
[0;32mI (29) boot: compile time Aug 24 2023 13:15:58[0m
[0;32mI (29) boot: Multicore bootloader[0m
[0;32mI (34) boot: chip revision: v1.0[0m
[0;32mI (38) boot.esp32: SPI Speed      : 40MHz[0m
[0;32mI (42) boot.esp32: SPI Mode       : DIO[0m
[0;32mI (47) boot.esp32: SPI Flash Size : 4MB[0m
[0;32mI (52) boot: Enabling RNG early entropy source...[0m
[0;32mI (57) esp_image: segment 0: paddr=00010020 vaddr=3f400020 size=2b298h (176792) map[0m
[0;32mI (65) esp_image: segment 1: paddr=0003b2c0 vaddr=3ff80063 size=00008h (     8) [0m
[0;32mI (73) esp_image: segment 2: paddr=0003b2d0 vaddr=3ffb0000 size=03860h ( 14432) load[0m
[0;32mI (84) esp_image: segment 3: paddr=0003eb38 vaddr=40080000 size=014e0h (  5344) load[0m
[0;32mI (91) esp_image: segment 4: paddr=00040020 vaddr=400d0020 size=aa528h (697640) map[0m
[0;32mI (98) esp_image: segment 5: paddr=000ea550 vaddr=400814e0 size=16660h ( 91744) load[0m
[0;32mI (121) esp_image: segment 6: paddr=00100bb8 vaddr=400c0000 size=00064h (   100) [0m
[0;32mI (121) esp_image: segment 7: paddr=00100c24 vaddr=50000200 size=0001ch (    28) [0m
[0;32mI (126) boot: Fast booting app from partition at offset 0x10000[0m
[0;32mI (133) boot: Disabling RNG early entropy source...[0m
[0;32mI (150) cpu_start: Multicore app[0m
[0;32mI (150) cpu_start: Pro cpu up.[0m
[0;32mI (150) cpu_start: Starting app cpu, entry point is 0x400815f8[0m
[0;32mI (0) cpu_start: App cpu up.[0m
[0;32mI (168) cpu_start: Pro cpu start user code[0m
[0;32mI (168) cpu_start: cpu freq: 80000000 Hz[0m
[0;32mI (168) cpu_start: Application information:[0m
[0;32mI (173) cpu_start: Project name:     SHT3x_Powersave[0m
[0;32mI (178) cpu_start: App version:      332ee94-dirty[0m
[0;32mI (184) cpu_start: Compile time:     Aug 24 2023 13:15:36[0m
[0;32mI (190) cpu_start: ELF file SHA256:  c2339e24b1d07f36...[0m
[0;32mI (196) cpu_start: ESP-IDF:          v5.1-dirty[0m
[0;32mI (201) cpu_start: Min chip rev:     v0.0[0m
[0;32mI (206) cpu_start: Max chip rev:     v3.99 [0m
[0;32mI (211) cpu_start: Chip rev:         v1.0[0m
[0;32mI (216) heap_init: Initializing. RAM available for dynamic allocation:[0m
[0;32mI (223) heap_init: At 3FFAE6E0 len 00001920 (6 KiB): DRAM[0m
[0;32mI (229) heap_init: At 3FFB7FD8 len 00028028 (160 KiB): DRAM[0m
[0;32mI (235) heap_init: At 3FFE0440 len 00003AE0 (14 KiB): D/IRAM[0m
[0;32mI (241) heap_init: At 3FFE4350 len 0001BCB0 (111 KiB): D/IRAM[0m
[0;32mI (248) heap_init: At 40097B40 len 000084C0 (33 KiB): IRAM[0m
[0;32mI (256) spi_flash: detected chip: generic[0m
[0;32mI (258) spi_flash: flash io: dio[0m
[0;32mI (264) app_start: Starting scheduler on CPU0[0m
[0;32mI (268) app_start: Starting scheduler on CPU1[0m
[0;32mI (268) main_task: Started on CPU0[0m
[0;32mI (278) main_task: Calling app_main()[0m
[0;32mI (278) POWER MODE: Entering normal mode
[0m
[0;32mI (278) POWER MODE: Wake up from GPIO 4
[0m
[0;32mI (288) main_task: Returned from app_main()[0m
[0;32mI (20288) POWER MODE: Entering deep sleep again
[0m
ets Jun  8 2016 00:22:57

rst:0x5 (DEEPSLEEP_RESET),boot:0x13 (SPI_FAST_FLASH_BOOT)
configsip: 0, SPIWP:0xee
clk_drv:0x00,q_drv:0x00,d_drv:0x00,cs0_drv:0x00,hd_drv:0x00,wp_drv:0x00
mode:DIO, clock div:2
load:0x3fff0030,len:7284
load:0x40078000,len:15884
load:0x40080400,len:4
load:0x40080404,len:3876
entry 0x4008064c
[0;32mI (29) boot: ESP-IDF v5.1-dirty 2nd stage bootloader[0m
[0;32mI (29) boot: compile time Aug 24 2023 13:15:58[0m
[0;32mI (29) boot: Multicore bootloader[0m
[0;32mI (34) boot: chip revision: v1.0[0m
[0;32mI (38) boot.esp32: SPI Speed      : 40MHz[0m
[0;32mI (42) boot.esp32: SPI Mode       : DIO[0m
[0;32mI (47) boot.esp32: SPI Flash Size : 4MB[0m
[0;32mI (52) boot: Enabling RNG early entropy source...[0m
[0;32mI (57) esp_image: segment 0: paddr=00010020 vaddr=3f400020 size=2b298h (176792) map[0m
[0;32mI (65) esp_image: segment 1: paddr=0003b2c0 vaddr=3ff80063 size=00008h (     8) [0m
[0;32mI (73) esp_image: segment 2: paddr=0003b2d0 vaddr=3ffb0000 size=03860h ( 14432) load[0m
[0;32mI (84) esp_image: segment 3: paddr=0003eb38 vaddr=40080000 size=014e0h (  5344) load[0m
[0;32mI (91) esp_image: segment 4: paddr=00040020 vaddr=400d0020 size=aa528h (697640) map[0m
[0;32mI (98) esp_image: segment 5: paddr=000ea550 vaddr=400814e0 size=16660h ( 91744) load[0m
[0;32mI (121) esp_image: segment 6: paddr=00100bb8 vaddr=400c0000 size=00064h (   100) [0m
[0;32mI (121) esp_image: segment 7: paddr=00100c24 vaddr=50000200 size=0001ch (    28) [0m
[0;32mI (126) boot: Fast booting app from partition at offset 0x10000[0m
[0;32mI (133) boot: Disabling RNG early entropy source...[0m
[0;32mI (150) cpu_start: Multicore app[0m
[0;32mI (150) cpu_start: Pro cpu up.[0m
[0;32mI (150) cpu_start: Starting app cpu, entry point is 0x400815f8[0m
[0;32mI (0) cpu_start: App cpu up.[0m
[0;32mI (168) cpu_start: Pro cpu start user code[0m
[0;32mI (168) cpu_start: cpu freq: 80000000 Hz[0m
[0;32mI (168) cpu_start: Application information:[0m
[0;32mI (173) cpu_start: Project name:     SHT3x_Powersave[0m
[0;32mI (178) cpu_start: App version:      332ee94-dirty[0m
[0;32mI (184) cpu_start: Compile time:     Aug 24 2023 13:15:36[0m
[0;32mI (190) cpu_start: ELF file SHA256:  c2339e24b1d07f36...[0m
[0;32mI (196) cpu_start: ESP-IDF:          v5.1-dirty[0m
[0;32mI (201) cpu_start: Min chip rev:     v0.0[0m
[0;32mI (206) cpu_start: Max chip rev:     v3.99 [0m
[0;32mI (211) cpu_start: Chip rev:         v1.0[0m
[0;32mI (216) heap_init: Initializing. RAM available for dynamic allocation:[0m
[0;32mI (223) heap_init: At 3FFAE6E0 len 00001920 (6 KiB): DRAM[0m
[0;32mI (229) heap_init: At 3FFB7FD8 len 00028028 (160 KiB): DRAM[0m
[0;32mI (235) heap_init: At 3FFE0440 len 00003AE0 (14 KiB): D/IRAM[0m
[0;32mI (241) heap_init: At 3FFE4350 len 0001BCB0 (111 KiB): D/IRAM[0m
[0;32mI (248) heap_init: At 40097B40 len 000084C0 (33 KiB): IRAM[0m
[0;32mI (256) spi_flash: detected chip: generic[0m
[0;32mI (258) spi_flash: flash io: dio[0m
[0;32mI (264) app_start: Starting scheduler on CPU0[0m
[0;32mI (268) app_start: Starting scheduler on CPU1[0m
[0;32mI (268) main_task: Started on CPU0[0m
[0;32mI (278) main_task: Calling app_main()[0m
[0;32mI (278) POWER MODE: Entering normal mode
[0m
[0;32mI (278) POWER MODE: Wake up from timer. Time spent in deep sleep: 10286ms
[0m
[0;32mI (328) main_task: Returned from app_main()[0m
I (348) wifi:wifi driver task: 3ffc1708, prio:23, stack:6656, core=0
I (368) wifi:wifi firmware version: b2f1f86
I (368) wifi:wifi certification version: v7.0
I (368) wifi:config NVS flash: enabled
I (368) wifi:config nano formating: disabled
I (378) wifi:Init data frame dynamic rx buffer num: 32
I (378) wifi:Init management frame dynamic rx buffer num: 32
I (388) wifi:Init management short buffer num: 32
I (388) wifi:Init dynamic tx buffer num: 32
I (398) wifi:Init static rx buffer size: 1600
I (398) wifi:Init static rx buffer num: 10
I (398) wifi:Init dynamic rx buffer num: 32
[0;32mI (408) wifi_init: rx ba win: 6[0m
[0;32mI (408) wifi_init: tcpip mbox: 32[0m
[0;32mI (418) wifi_init: udp mbox: 6[0m
[0;32mI (418) wifi_init: tcp mbox: 6[0m
[0;32mI (418) wifi_init: tcp tx win: 5744[0m
[0;32mI (428) wifi_init: tcp rx win: 5744[0m
[0;32mI (428) wifi_init: tcp mss: 1440[0m
[0;32mI (438) wifi_init: WiFi IRAM OP enabled[0m
[0;32mI (438) wifi_init: WiFi RX IRAM OP enabled[0m
[0;32mI (448) Wifi prov: Already provisioned, starting Wi-Fi STA[0m
[0;32mI (448) phy_init: phy_version 4670,719f9f6,Feb 18 2021,17:07:07[0m
I (488) wifi:mode : sta (c8:c9:a3:d0:65:bc)
I (488) wifi:enable tsf
I (498) wifi:new:<1,0>, old:<1,0>, ap:<255,255>, sta:<1,0>, prof:1
I (498) wifi:state: init -> auth (b0)
I (498) wifi:state: auth -> assoc (0)
I (508) wifi:state: assoc -> run (10)
I (528) wifi:connected with TUPEO, aid = 6, channel 1, BW20, bssid = b2:7d:64:d8:92:71
I (528) wifi:security: WPA2-PSK, phy: bgn, rssi: -38
I (538) wifi:pm start, type: 1

I (588) wifi:AP's beacon interval = 102400 us, DTIM period = 3
[0;32mI (1538) Wifi prov: Connected with IP Address:192.168.137.224[0m
[0;32mI (1538) esp_netif_handlers: sta ip: 192.168.137.224, mask: 255.255.255.0, gw: 192.168.137.1[0m
[0;32mI (1548) MQTT: Topic publish: VB/DMP/VBEEON/CUSTOM/SMH/C8C9A3D065BC/telemetry
[0m
[0;32mI (1548) MQTT: Other event id:7[0m
[0;32mI (2848) MQTT: MQTT_EVENT_CONNECTED[0m
[0;32mI (3158) MQTT: MQTT_EVENT_PUBLISHED, msg_id=14135[0m
[0;32mI (3858) SHT3x: Can't init SHT3x[0m
[0;32mI (3858) POWER MODE: Entering deep sleep again
[0m
ets Jun  8 2016 00:22:57

rst:0x5 (DEEPSLEEP_RESET),boot:0x13 (SPI_FAST_FLASH_BOOT)
configsip: 0, SPIWP:0xee
clk_drv:0x00,q_drv:0x00,d_drv:0x00,cs0_drv:0x00,hd_drv:0x00,wp_drv:0x00
mode:DIO, clock div:2
load:0x3fff0030,len:7284
load:0x40078000,len:15884
load:0x40080400,len:4
load:0x40080404,len:3876
entry 0x4008064c
[0;32mI (29) boot: ESP-IDF v5.1-dirty 2nd stage bootloader[0m
[0;32mI (29) boot: compile time Aug 24 2023 13:15:58[0m
[0;32mI (29) boot: Multicore bootloader[0m
[0;32mI (34) boot: chip revision: v1.0[0m
[0;32mI (38) boot.esp32: SPI Speed      : 40MHz[0m
[0;32mI (42) boot.esp32: SPI Mode       : DIO[0m
[0;32mI (47) boot.esp32: SPI Flash Size : 4MB[0m
[0;32mI (52) boot: Enabling RNG early entropy source...[0m
[0;32mI (57) esp_image: segment 0: paddr=00010020 vaddr=3f400020 size=2b298h (176792) map[0m
[0;32mI (65) esp_image: segment 1: paddr=0003b2c0 vaddr=3ff80063 size=00008h (     8) [0m
[0;32mI (73) esp_image: segment 2: paddr=0003b2d0 vaddr=3ffb0000 size=03860h ( 14432) load[0m
[0;32mI (84) esp_image: segment 3: paddr=0003eb38 vaddr=40080000 size=014e0h (  5344) load[0m
[0;32mI (91) esp_image: segment 4: paddr=00040020 vaddr=400d0020 size=aa528h (697640) map[0m
[0;32mI (98) esp_image: segment 5: paddr=000ea550 vaddr=400814e0 size=16660h ( 91744) load[0m
[0;32mI (121) esp_image: segment 6: paddr=00100bb8 vaddr=400c0000 size=00064h (   100) [0m
[0;32mI (121) esp_image: segment 7: paddr=00100c24 vaddr=50000200 size=0001ch (    28) [0m
[0;32mI (126) boot: Fast booting app from partition at offset 0x10000[0m
[0;32mI (133) boot: Disabling RNG early entropy source...[0m
[0;32mI (150) cpu_start: Multicore app[0m
[0;32mI (150) cpu_start: Pro cpu up.[0m
[0;32mI (150) cpu_start: Starting app cpu, entry point is 0x400815f8[0m
[0;32mI (0) cpu_start: App cpu up.[0m
[0;32mI (168) cpu_start: Pro cpu start user code[0m
[0;32mI (168) cpu_start: cpu freq: 80000000 Hz[0m
[0;32mI (168) cpu_start: Application information:[0m
[0;32mI (173) cpu_start: Project name:     SHT3x_Powersave[0m
[0;32mI (178) cpu_start: App version:      332ee94-dirty[0m
[0;32mI (184) cpu_start: Compile time:     Aug 24 2023 13:15:36[0m
[0;32mI (190) cpu_start: ELF file SHA256:  c2339e24b1d07f36...[0m
[0;32mI (196) cpu_start: ESP-IDF:          v5.1-dirty[0m
[0;32mI (201) cpu_start: Min chip rev:     v0.0[0m
[0;32mI (206) cpu_start: Max chip rev:     v3.99 [0m
[0;32mI (211) cpu_start: Chip rev:         v1.0[0m
[0;32mI (216) heap_init: Initializing. RAM available for dynamic allocation:[0m
[0;32mI (223) heap_init: At 3FFAE6E0 len 00001920 (6 KiB): DRAM[0m
[0;32mI (229) heap_init: At 3FFB7FD8 len 00028028 (160 KiB): DRAM[0m
[0;32mI (235) heap_init: At 3FFE0440 len 00003AE0 (14 KiB): D/IRAM[0m
[0;32mI (241) heap_init: At 3FFE4350 len 0001BCB0 (111 KiB): D/IRAM[0m
[0;32mI (248) heap_init: At 40097B40 len 000084C0 (33 KiB): IRAM[0m
[0;32mI (256) spi_flash: detected chip: generic[0m
[0;32mI (258) spi_flash: flash io: dio[0m
[0;32mI (264) app_start: Starting scheduler on CPU0[0m
[0;32mI (268) app_start: Starting scheduler on CPU1[0m
[0;32mI (268) main_task: Started on CPU0[0m
[0;32mI (278) main_task: Calling app_main()[0m
[0;32mI (278) POWER MODE: Entering normal mode
[0m
[0;32mI (278) POWER MODE: Wake up from timer. Time spent in deep sleep: 10286ms
[0m
[0;32mI (328) main_task: Returned from app_main()[0m
I (348) wifi:wifi driver task: 3ffc1708, prio:23, stack:6656, core=0
I (368) wifi:wifi firmware version: b2f1f86
I (368) wifi:wifi certification version: v7.0
I (368) wifi:config NVS flash: enabled
I (368) wifi:config nano formating: disabled
I (378) wifi:Init data frame dynamic rx buffer num: 32
I (378) wifi:Init management frame dynamic rx buffer num: 32
I (388) wifi:Init management short buffer num: 32
I (388) wifi:Init dynamic tx buffer num: 32
I (398) wifi:Init static rx buffer size: 1600
I (398) wifi:Init static rx buffer num: 10
I (398) wifi:Init dynamic rx buffer num: 32
[0;32mI (408) wifi_init: rx ba win: 6[0m
[0;32mI (408) wifi_init: tcpip mbox: 32[0m
[0;32mI (418) wifi_init: udp mbox: 6[0m
[0;32mI (418) wifi_init: tcp mbox: 6[0m
[0;32mI (418) wifi_init: tcp tx win: 5744[0m
[0;32mI (428) wifi_init: tcp rx win: 5744[0m
[0;32mI (428) wifi_init: tcp mss: 1440[0m
[0;32mI (438) wifi_init: WiFi IRAM OP enabled[0m
[0;32mI (438) wifi_init: WiFi RX IRAM OP enabled[0m
[0;32mI (448) Wifi prov: Already provisioned, starting Wi-Fi STA[0m
[0;32mI (448) phy_init: phy_version 4670,719f9f6,Feb 18 2021,17:07:07[0m
I (488) wifi:mode : sta (c8:c9:a3:d0:65:bc)
I (488) wifi:enable tsf
I (498) wifi:new:<1,0>, old:<1,0>, ap:<255,255>, sta:<1,0>, prof:1
I (498) wifi:state: init -> auth (b0)
I (508) wifi:state: auth -> assoc (0)
I (518) wifi:state: assoc -> run (10)
I (528) wifi:connected with TUPEO, aid = 8, channel 1, BW20, bssid = b2:7d:64:d8:92:71
I (528) wifi:security: WPA2-PSK, phy: bgn, rssi: -35
I (538) wifi:pm start, type: 1

I (608) wifi:AP's beacon interval = 102400 us, DTIM period = 3
[0;32mI (1538) Wifi prov: Connected with IP Address:192.168.137.224[0m
[0;32mI (1538) esp_netif_handlers: sta ip: 192.168.137.224, mask: 255.255.255.0, gw: 192.168.137.1[0m
[0;32mI (1548) MQTT: Topic publish: VB/DMP/VBEEON/CUSTOM/SMH/C8C9A3D065BC/telemetry
[0m
[0;32mI (1548) MQTT: Other event id:7[0m
I (1718) wifi:<ba-add>idx:0 (ifx:0, b2:7d:64:d8:92:71), tid:0, ssn:6, winSize:64
[0;32mI (1948) MQTT: MQTT_EVENT_CONNECTED[0m
[0;32mI (2258) MQTT: MQTT_EVENT_PUBLISHED, msg_id=13591[0m
[0;32mI (2948) SHT3x: Can't init SHT3x[0m
[0;32mI (2948) POWER MODE: Entering deep sleep again
[0m
ets Jun  8 2016 00:22:57

rst:0x5 (DEEPSLEEP_RESET),boot:0x13 (SPI_FAST_FLASH_BOOT)
configsip: 0, SPIWP:0xee
clk_drv:0x00,q_drv:0x00,d_drv:0x00,cs0_drv:0x00,hd_drv:0x00,wp_drv:0x00
mode:DIO, clock div:2
load:0x3fff0030,len:7284
load:0x40078000,len:15884
load:0x40080400,len:4
load:0x40080404,len:3876
entry 0x4008064c
[0;32mI (29) boot: ESP-IDF v5.1-dirty 2nd stage bootloader[0m
[0;32mI (29) boot: compile time Aug 24 2023 13:15:58[0m
[0;32mI (29) boot: Multicore bootloader[0m
[0;32mI (34) boot: chip revision: v1.0[0m
[0;32mI (38) boot.esp32: SPI Speed      : 40MHz[0m
[0;32mI (42) boot.esp32: SPI Mode       : DIO[0m
[0;32mI (47) boot.esp32: SPI Flash Size : 4MB[0m
[0;32mI (52) boot: Enabling RNG early entropy source...[0m
[0;32mI (57) esp_image: segment 0: paddr=00010020 vaddr=3f400020 size=2b298h (176792) map[0m
[0;32mI (65) esp_image: segment 1: paddr=0003b2c0 vaddr=3ff80063 size=00008h (     8) [0m
[0;32mI (73) esp_image: segment 2: paddr=0003b2d0 vaddr=3ffb0000 size=03860h ( 14432) load[0m
[0;32mI (84) esp_image: segment 3: paddr=0003eb38 vaddr=40080000 size=014e0h (  5344) load[0m
[0;32mI (91) esp_image: segment 4: paddr=00040020 vaddr=400d0020 size=aa528h (697640) map[0m
[0;32mI (98) esp_image: segment 5: paddr=000ea550 vaddr=400814e0 size=16660h ( 91744) load[0m
[0;32mI (121) esp_image: segment 6: paddr=00100bb8 vaddr=400c0000 size=00064h (   100) [0m
[0;32mI (121) esp_image: segment 7: paddr=00100c24 vaddr=50000200 size=0001ch (    28) [0m
[0;32mI (126) boot: Fast booting app from partition at offset 0x10000[0m
[0;32mI (133) boot: Disabling RNG early entropy source...[0m
[0;32mI (150) cpu_start: Multicore app[0m
[0;32mI (150) cpu_start: Pro cpu up.[0m
[0;32mI (150) cpu_start: Starting app cpu, entry point is 0x400815f8[0m
[0;32mI (0) cpu_start: App cpu up.[0m
[0;32mI (168) cpu_start: Pro cpu start user code[0m
[0;32mI (168) cpu_start: cpu freq: 80000000 Hz[0m
[0;32mI (168) cpu_start: Application information:[0m
[0;32mI (173) cpu_start: Project name:     SHT3x_Powersave[0m
[0;32mI (178) cpu_start: App version:      332ee94-dirty[0m
[0;32mI (184) cpu_start: Compile time:     Aug 24 2023 13:15:36[0m
[0;32mI (190) cpu_start: ELF file SHA256:  c2339e24b1d07f36...[0m
[0;32mI (196) cpu_start: ESP-IDF:          v5.1-dirty[0m
[0;32mI (201) cpu_start: Min chip rev:     v0.0[0m
[0;32mI (206) cpu_start: Max chip rev:     v3.99 [0m
[0;32mI (211) cpu_start: Chip rev:         v1.0[0m
[0;32mI (216) heap_init: Initializing. RAM available for dynamic allocation:[0m
[0;32mI (223) heap_init: At 3FFAE6E0 len 00001920 (6 KiB): DRAM[0m
[0;32mI (229) heap_init: At 3FFB7FD8 len 00028028 (160 KiB): DRAM[0m
[0;32mI (235) heap_init: At 3FFE0440 len 00003AE0 (14 KiB): D/IRAM[0m
[0;32mI (241) heap_init: At 3FFE4350 len 0001BCB0 (111 KiB): D/IRAM[0m
[0;32mI (248) heap_init: At 40097B40 len 000084C0 (33 KiB): IRAM[0m
[0;32mI (256) spi_flash: detected chip: generic[0m
[0;32mI (258) spi_flash: flash io: dio[0m
[0;32mI (264) app_start: Starting scheduler on CPU0[0m
[0;32mI (268) app_start: Starting scheduler on CPU1[0m
[0;32mI (268) main_task: Started on CPU0[0m
[0;32mI (278) main_task: Calling app_main()[0m
[0;32mI (278) POWER MODE: Entering normal mode
[0m
[0;32mI (278) POWER MODE: Wake up from timer. Time spent in deep sleep: 10286ms
[0m
[0;32mI (328) main_task: Returned from app_main()[0m
I (348) wifi:wifi driver task: 3ffc1708, prio:23, stack:6656, core=0
I (368) wifi:wifi firmware version: b2f1f86
I (368) wifi:wifi certification version: v7.0
I (368) wifi:config NVS flash: enabled
I (368) wifi:config nano formating: disabled
I (378) wifi:Init data frame dynamic rx buffer num: 32
I (378) wifi:Init management frame dynamic rx buffer num: 32
I (388) wifi:Init management short buffer num: 32
I (388) wifi:Init dynamic tx buffer num: 32
I (398) wifi:Init static rx buffer size: 1600
I (398) wifi:Init static rx buffer num: 10
I (398) wifi:Init dynamic rx buffer num: 32
[0;32mI (408) wifi_init: rx ba win: 6[0m
[0;32mI (408) wifi_init: tcpip mbox: 32[0m
[0;32mI (418) wifi_init: udp mbox: 6[0m
[0;32mI (418) wifi_init: tcp mbox: 6[0m
[0;32mI (418) wifi_init: tcp tx win: 5744[0m
[0;32mI (428) wifi_init: tcp rx win: 5744[0m
[0;32mI (428) wifi_init: tcp mss: 1440[0m
[0;32mI (438) wifi_init: WiFi IRAM OP enabled[0m
[0;32mI (438) wifi_init: WiFi RX IRAM OP enabled[0m
[0;32mI (448) Wifi prov: Already provisioned, starting Wi-Fi STA[0m
[0;32mI (448) phy_init: phy_version 4670,719f9f6,Feb 18 2021,17:07:07[0m
I (488) wifi:mode : sta (c8:c9:a3:d0:65:bc)
I (488) wifi:enable tsf
I (518) wifi:new:<1,0>, old:<1,0>, ap:<255,255>, sta:<1,0>, prof:1
I (518) wifi:state: init -> auth (b0)
I (528) wifi:state: auth -> assoc (0)
I (528) wifi:state: assoc -> run (10)
I (548) wifi:connected with TUPEO, aid = 10, channel 1, BW20, bssid = b2:7d:64:d8:92:71
I (548) wifi:security: WPA2-PSK, phy: bgn, rssi: -34
I (558) wifi:pm start, type: 1

I (618) wifi:AP's beacon interval = 102400 us, DTIM period = 3
[0;32mI (1558) Wifi prov: Connected with IP Address:192.168.137.224[0m
[0;32mI (1558) esp_netif_handlers: sta ip: 192.168.137.224, mask: 255.255.255.0, gw: 192.168.137.1[0m
[0;32mI (1568) MQTT: Topic publish: VB/DMP/VBEEON/CUSTOM/SMH/C8C9A3D065BC/telemetry
[0m
[0;32mI (1568) MQTT: Other event id:7[0m
[0;32mI (2268) MQTT: MQTT_EVENT_CONNECTED[0m
[0;32mI (2568) MQTT: MQTT_EVENT_PUBLISHED, msg_id=61732[0m
[0;32mI (3278) SHT3x: Can't init SHT3x[0m
[0;32mI (3278) POWER MODE: Entering deep sleep again
[0m
ets Jun  8 2016 00:22:57

rst:0x5 (DEEPSLEEP_RESET),boot:0x13 (SPI_FAST_FLASH_BOOT)
configsip: 0, SPIWP:0xee
clk_drv:0x00,q_drv:0x00,d_drv:0x00,cs0_drv:0x00,hd_drv:0x00,wp_drv:0x00
mode:DIO, clock div:2
load:0x3fff0030,len:7284
load:0x40078000,len:15884
load:0x40080400,len:4
load:0x40080404,len:3876
entry 0x4008064c
[0;32mI (29) boot: ESP-IDF v5.1-dirty 2nd stage bootloader[0m
[0;32mI (29) boot: compile time Aug 24 2023 13:15:58[0m
[0;32mI (29) boot: Multicore bootloader[0m
[0;32mI (34) boot: chip revision: v1.0[0m
[0;32mI (38) boot.esp32: SPI Speed      : 40MHz[0m
[0;32mI (42) boot.esp32: SPI Mode       : DIO[0m
[0;32mI (47) boot.esp32: SPI Flash Size : 4MB[0m
[0;32mI (52) boot: Enabling RNG early entropy source...[0m
[0;32mI (57) esp_image: segment 0: paddr=00010020 vaddr=3f400020 size=2b298h (176792) map[0m
[0;32mI (65) esp_image: segment 1: paddr=0003b2c0 vaddr=3ff80063 size=00008h (     8) [0m
[0;32mI (73) esp_image: segment 2: paddr=0003b2d0 vaddr=3ffb0000 size=03860h ( 14432) load[0m
[0;32mI (84) esp_image: segment 3: paddr=0003eb38 vaddr=40080000 size=014e0h (  5344) load[0m
[0;32mI (91) esp_image: segment 4: paddr=00040020 vaddr=400d0020 size=aa528h (697640) map[0m
[0;32mI (98) esp_image: segment 5: paddr=000ea550 vaddr=400814e0 size=16660h ( 91744) load[0m
[0;32mI (121) esp_image: segment 6: paddr=00100bb8 vaddr=400c0000 size=00064h (   100) [0m
[0;32mI (121) esp_image: segment 7: paddr=00100c24 vaddr=50000200 size=0001ch (    28) [0m
[0;32mI (126) boot: Fast booting app from partition at offset 0x10000[0m
[0;32mI (133) boot: Disabling RNG early entropy source...[0m
[0;32mI (150) cpu_start: Multicore app[0m
[0;32mI (150) cpu_start: Pro cpu up.[0m
[0;32mI (150) cpu_start: Starting app cpu, entry point is 0x400815f8[0m
[0;32mI (0) cpu_start: App cpu up.[0m
[0;32mI (168) cpu_start: Pro cpu start user code[0m
[0;32mI (168) cpu_start: cpu freq: 80000000 Hz[0m
[0;32mI (168) cpu_start: Application information:[0m
[0;32mI (173) cpu_start: Project name:     SHT3x_Powersave[0m
[0;32mI (178) cpu_start: App version:      332ee94-dirty[0m
[0;32mI (184) cpu_start: Compile time:     Aug 24 2023 13:15:36[0m
[0;32mI (190) cpu_start: ELF file SHA256:  c2339e24b1d07f36...[0m
[0;32mI (196) cpu_start: ESP-IDF:          v5.1-dirty[0m
[0;32mI (201) cpu_start: Min chip rev:     v0.0[0m
[0;32mI (206) cpu_start: Max chip rev:     v3.99 [0m
[0;32mI (211) cpu_start: Chip rev:         v1.0[0m
[0;32mI (216) heap_init: Initializing. RAM available for dynamic allocation:[0m
[0;32mI (223) heap_init: At 3FFAE6E0 len 00001920 (6 KiB): DRAM[0m
[0;32mI (229) heap_init: At 3FFB7FD8 len 00028028 (160 KiB): DRAM[0m
[0;32mI (235) heap_init: At 3FFE0440 len 00003AE0 (14 KiB): D/IRAM[0m
[0;32mI (241) heap_init: At 3FFE4350 len 0001BCB0 (111 KiB): D/IRAM[0m
[0;32mI (248) heap_init: At 40097B40 len 000084C0 (33 KiB): IRAM[0m
[0;32mI (256) spi_flash: detected chip: generic[0m
[0;32mI (258) spi_flash: flash io: dio[0m
[0;32mI (264) app_start: Starting scheduler on CPU0[0m
[0;32mI (268) app_start: Starting scheduler on CPU1[0m
[0;32mI (268) main_task: Started on CPU0[0m
[0;32mI (278) main_task: Calling app_main()[0m
[0;32mI (278) POWER MODE: Entering normal mode
[0m
[0;32mI (278) POWER MODE: Wake up from timer. Time spent in deep sleep: 10286ms
[0m
[0;32mI (328) main_task: Returned from app_main()[0m
I (348) wifi:wifi driver task: 3ffb9ed8, prio:23, stack:6656, core=0
I (368) wifi:wifi firmware version: b2f1f86
I (368) wifi:wifi certification version: v7.0
I (368) wifi:config NVS flash: enabled
I (368) wifi:config nano formating: disabled
I (378) wifi:Init data frame dynamic rx buffer num: 32
I (378) wifi:Init management frame dynamic rx buffer num: 32
I (388) wifi:Init management short buffer num: 32
I (388) wifi:Init dynamic tx buffer num: 32
I (398) wifi:Init static rx buffer size: 1600
I (398) wifi:Init static rx buffer num: 10
I (398) wifi:Init dynamic rx buffer num: 32
[0;32mI (408) wifi_init: rx ba win: 6[0m
[0;32mI (408) wifi_init: tcpip mbox: 32[0m
[0;32mI (418) wifi_init: udp mbox: 6[0m
[0;32mI (418) wifi_init: tcp mbox: 6[0m
[0;32mI (418) wifi_init: tcp tx win: 5744[0m
[0;32mI (428) wifi_init: tcp rx win: 5744[0m
[0;32mI (428) wifi_init: tcp mss: 1440[0m
[0;32mI (438) wifi_init: WiFi IRAM OP enabled[0m
[0;32mI (438) wifi_init: WiFi RX IRAM OP enabled[0m
[0;32mI (448) Wifi prov: Already provisioned, starting Wi-Fi STA[0m
[0;32mI (448) phy_init: phy_version 4670,719f9f6,Feb 18 2021,17:07:07[0m
I (488) wifi:mode : sta (c8:c9:a3:d0:65:bc)
I (488) wifi:enable tsf
I (528) wifi:new:<1,0>, old:<1,0>, ap:<255,255>, sta:<1,0>, prof:1
I (528) wifi:state: init -> auth (b0)
I (538) wifi:state: auth -> assoc (0)
I (538) wifi:state: assoc -> run (10)
I (558) wifi:connected with TUPEO, aid = 2, channel 1, BW20, bssid = b2:7d:64:d8:92:71
I (558) wifi:security: WPA2-PSK, phy: bgn, rssi: -35
I (568) wifi:pm start, type: 1

I (598) wifi:AP's beacon interval = 102400 us, DTIM period = 3
[0;32mI (1568) Wifi prov: Connected with IP Address:192.168.137.224[0m
[0;32mI (1568) esp_netif_handlers: sta ip: 192.168.137.224, mask: 255.255.255.0, gw: 192.168.137.1[0m
[0;32mI (1568) MQTT: Topic publish: VB/DMP/VBEEON/CUSTOM/SMH/C8C9A3D065BC/telemetry
[0m
[0;32mI (1568) MQTT: Other event id:7[0m
[0;32mI (2868) MQTT: MQTT_EVENT_CONNECTED[0m
I (2948) wifi:<ba-add>idx:0 (ifx:0, b2:7d:64:d8:92:71), tid:0, ssn:9, winSize:64
[0;32mI (2948) MQTT: MQTT_EVENT_PUBLISHED, msg_id=38883[0m
[0;32mI (3868) SHT3x: Can't init SHT3x[0m
[0;32mI (4088) MQTT: MQTT_EVENT_PUBLISHED, msg_id=23368[0m
[0;32mI (4868) POWER MODE: Entering deep sleep again
[0m
ets Jun  8 2016 00:22:57

rst:0x5 (DEEPSLEEP_RESET),boot:0x13 (SPI_FAST_FLASH_BOOT)
configsip: 0, SPIWP:0xee
clk_drv:0x00,q_drv:0x00,d_drv:0x00,cs0_drv:0x00,hd_drv:0x00,wp_drv:0x00
mode:DIO, clock div:2
load:0x3fff0030,len:7284
load:0x40078000,len:15884
load:0x40080400,len:4
load:0x40080404,len:3876
entry 0x4008064c
[0;32mI (29) boot: ESP-IDF v5.1-dirty 2nd stage bootloader[0m
[0;32mI (29) boot: compile time Aug 24 2023 13:15:58[0m
[0;32mI (29) boot: Multicore bootloader[0m
[0;32mI (34) boot: chip revision: v1.0[0m
[0;32mI (38) boot.esp32: SPI Speed      : 40MHz[0m
[0;32mI (42) boot.esp32: SPI Mode       : DIO[0m
[0;32mI (47) boot.esp32: SPI Flash Size : 4MB[0m
[0;32mI (52) boot: Enabling RNG early entropy source...[0m
[0;32mI (57) esp_image: segment 0: paddr=00010020 vaddr=3f400020 size=2b298h (176792) map[0m
[0;32mI (65) esp_image: segment 1: paddr=0003b2c0 vaddr=3ff80063 size=00008h (     8) [0m
[0;32mI (73) esp_image: segment 2: paddr=0003b2d0 vaddr=3ffb0000 size=03860h ( 14432) load[0m
[0;32mI (84) esp_image: segment 3: paddr=0003eb38 vaddr=40080000 size=014e0h (  5344) load[0m
[0;32mI (91) esp_image: segment 4: paddr=00040020 vaddr=400d0020 size=aa528h (697640) map[0m
[0;32mI (98) esp_image: segment 5: paddr=000ea550 vaddr=400814e0 size=16660h ( 91744) load[0m
[0;32mI (121) esp_image: segment 6: paddr=00100bb8 vaddr=400c0000 size=00064h (   100) [0m
[0;32mI (121) esp_image: segment 7: paddr=00100c24 vaddr=50000200 size=0001ch (    28) [0m
[0;32mI (126) boot: Fast booting app from partition at offset 0x10000[0m
[0;32mI (133) boot: Disabling RNG early entropy source...[0m
[0;32mI (150) cpu_start: Multicore app[0m
[0;32mI (150) cpu_start: Pro cpu up.[0m
[0;32mI (150) cpu_start: Starting app cpu, entry point is 0x400815f8[0m
[0;32mI (0) cpu_start: App cpu up.[0m
[0;32mI (168) cpu_start: Pro cpu start user code[0m
[0;32mI (168) cpu_start: cpu freq: 80000000 Hz[0m
[0;32mI (168) cpu_start: Application information:[0m
[0;32mI (173) cpu_start: Project name:     SHT3x_Powersave[0m
[0;32mI (178) cpu_start: App version:      332ee94-dirty[0m
[0;32mI (184) cpu_start: Compile time:     Aug 24 2023 13:15:36[0m
[0;32mI (190) cpu_start: ELF file SHA256:  c2339e24b1d07f36...[0m
[0;32mI (196) cpu_start: ESP-IDF:          v5.1-dirty[0m
[0;32mI (201) cpu_start: Min chip rev:     v0.0[0m
[0;32mI (206) cpu_start: Max chip rev:     v3.99 [0m
[0;32mI (211) cpu_start: Chip rev:         v1.0[0m
[0;32mI (216) heap_init: Initializing. RAM available for dynamic allocation:[0m
[0;32mI (223) heap_init: At 3FFAE6E0 len 00001920 (6 KiB): DRAM[0m
[0;32mI (229) heap_init: At 3FFB7FD8 len 00028028 (160 KiB): DRAM[0m
[0;32mI (235) heap_init: At 3FFE0440 len 00003AE0 (14 KiB): D/IRAM[0m
[0;32mI (241) heap_init: At 3FFE4350 len 0001BCB0 (111 KiB): D/IRAM[0m
[0;32mI (248) heap_init: At 40097B40 len 000084C0 (33 KiB): IRAM[0m
[0;32mI (256) spi_flash: detected chip: generic[0m
[0;32mI (258) spi_flash: flash io: dio[0m
[0;32mI (264) app_start: Starting scheduler on CPU0[0m
[0;32mI (268) app_start: Starting scheduler on CPU1[0m
[0;32mI (268) main_task: Started on CPU0[0m
[0;32mI (278) main_task: Calling app_main()[0m
[0;32mI (278) POWER MODE: Entering normal mode
[0m
[0;32mI (278) POWER MODE: Wake up from timer. Time spent in deep sleep: 10286ms
[0m
[0;32mI (328) main_task: Returned from app_main()[0m
I (348) wifi:wifi driver task: 3ffc1708, prio:23, stack:6656, core=0
I (368) wifi:wifi firmware version: b2f1f86
I (368) wifi:wifi certification version: v7.0
I (368) wifi:config NVS flash: enabled
I (368) wifi:config nano formating: disabled
I (378) wifi:Init data frame dynamic rx buffer num: 32
I (378) wifi:Init management frame dynamic rx buffer num: 32
I (388) wifi:Init management short buffer num: 32
I (388) wifi:Init dynamic tx buffer num: 32
I (398) wifi:Init static rx buffer size: 1600
I (398) wifi:Init static rx buffer num: 10
I (398) wifi:Init dynamic rx buffer num: 32
[0;32mI (408) wifi_init: rx ba win: 6[0m
[0;32mI (408) wifi_init: tcpip mbox: 32[0m
[0;32mI (418) wifi_init: udp mbox: 6[0m
[0;32mI (418) wifi_init: tcp mbox: 6[0m
[0;32mI (418) wifi_init: tcp tx win: 5744[0m
[0;32mI (428) wifi_init: tcp rx win: 5744[0m
[0;32mI (428) wifi_init: tcp mss: 1440[0m
[0;32mI (438) wifi_init: WiFi IRAM OP enabled[0m
[0;32mI (438) wifi_init: WiFi RX IRAM OP enabled[0m
[0;32mI (448) Wifi prov: Already provisioned, starting Wi-Fi STA[0m
[0;32mI (448) phy_init: phy_version 4670,719f9f6,Feb 18 2021,17:07:07[0m
I (488) wifi:mode : sta (c8:c9:a3:d0:65:bc)
I (488) wifi:enable tsf
I (538) wifi:new:<1,0>, old:<1,0>, ap:<255,255>, sta:<1,0>, prof:1
I (538) wifi:state: init -> auth (b0)
I (538) wifi:state: auth -> assoc (0)
I (548) wifi:state: assoc -> run (10)
I (558) wifi:connected with TUPEO, aid = 3, channel 1, BW20, bssid = b2:7d:64:d8:92:71
I (558) wifi:security: WPA2-PSK, phy: bgn, rssi: -35
I (568) wifi:pm start, type: 1

I (688) wifi:AP's beacon interval = 102400 us, DTIM period = 3
[0;32mI (1568) Wifi prov: Connected with IP Address:192.168.137.224[0m
[0;32mI (1568) esp_netif_handlers: sta ip: 192.168.137.224, mask: 255.255.255.0, gw: 192.168.137.1[0m
[0;32mI (1578) MQTT: Topic publish: VB/DMP/VBEEON/CUSTOM/SMH/C8C9A3D065BC/telemetry
[0m
[0;32mI (1578) MQTT: Other event id:7[0m
[0;32mI (2818) MQTT: MQTT_EVENT_CONNECTED[0m
[0;32mI (3118) MQTT: MQTT_EVENT_PUBLISHED, msg_id=64843[0m
[0;32mI (3818) SHT3x: Can't init SHT3x[0m
[0;32mI (3818) POWER MODE: Entering deep sleep again
[0m
ets Jun  8 2016 00:22:57

rst:0x5 (DEEPSLEEP_RESET),boot:0x13 (SPI_FAST_FLASH_BOOT)
configsip: 0, SPIWP:0xee
clk_drv:0x00,q_drv:0x00,d_drv:0x00,cs0_drv:0x00,hd_drv:0x00,wp_drv:0x00
mode:DIO, clock div:2
load:0x3fff0030,len:7284
load:0x40078000,len:15884
load:0x40080400,len:4
load:0x40080404,len:3876
entry 0x4008064c
[0;32mI (29) boot: ESP-IDF v5.1-dirty 2nd stage bootloader[0m
[0;32mI (29) boot: compile time Aug 24 2023 13:15:58[0m
[0;32mI (29) boot: Multicore bootloader[0m
[0;32mI (34) boot: chip revision: v1.0[0m
[0;32mI (38) boot.esp32: SPI Speed      : 40MHz[0m
[0;32mI (42) boot.esp32: SPI Mode       : DIO[0m
[0;32mI (47) boot.esp32: SPI Flash Size : 4MB[0m
[0;32mI (52) boot: Enabling RNG early entropy source...[0m
[0;32mI (57) esp_image: segment 0: paddr=00010020 vaddr=3f400020 size=2b298h (176792) map[0m
[0;32mI (65) esp_image: segment 1: paddr=0003b2c0 vaddr=3ff80063 size=00008h (     8) [0m
[0;32mI (73) esp_image: segment 2: paddr=0003b2d0 vaddr=3ffb0000 size=03860h ( 14432) load[0m
[0;32mI (84) esp_image: segment 3: paddr=0003eb38 vaddr=40080000 size=014e0h (  5344) load[0m
[0;32mI (91) esp_image: segment 4: paddr=00040020 vaddr=400d0020 size=aa528h (697640) map[0m
[0;32mI (98) esp_image: segment 5: paddr=000ea550 vaddr=400814e0 size=16660h ( 91744) load[0m
[0;32mI (121) esp_image: segment 6: paddr=00100bb8 vaddr=400c0000 size=00064h (   100) [0m
[0;32mI (121) esp_image: segment 7: paddr=00100c24 vaddr=50000200 size=0001ch (    28) [0m
[0;32mI (126) boot: Fast booting app from partition at offset 0x10000[0m
[0;32mI (133) boot: Disabling RNG early entropy source...[0m
[0;32mI (150) cpu_start: Multicore app[0m
[0;32mI (150) cpu_start: Pro cpu up.[0m
[0;32mI (150) cpu_start: Starting app cpu, entry point is 0x400815f8[0m
[0;32mI (0) cpu_start: App cpu up.[0m
[0;32mI (168) cpu_start: Pro cpu start user code[0m
[0;32mI (168) cpu_start: cpu freq: 80000000 Hz[0m
[0;32mI (168) cpu_start: Application information:[0m
[0;32mI (173) cpu_start: Project name:     SHT3x_Powersave[0m
[0;32mI (178) cpu_start: App version:      332ee94-dirty[0m
[0;32mI (184) cpu_start: Compile time:     Aug 24 2023 13:15:36[0m
[0;32mI (190) cpu_start: ELF file SHA256:  c2339e24b1d07f36...[0m
[0;32mI (196) cpu_start: ESP-IDF:          v5.1-dirty[0m
[0;32mI (201) cpu_start: Min chip rev:     v0.0[0m
[0;32mI (206) cpu_start: Max chip rev:     v3.99 [0m
[0;32mI (211) cpu_start: Chip rev:         v1.0[0m
[0;32mI (216) heap_init: Initializing. RAM available for dynamic allocation:[0m
[0;32mI (223) heap_init: At 3FFAE6E0 len 00001920 (6 KiB): DRAM[0m
[0;32mI (229) heap_init: At 3FFB7FD8 len 00028028 (160 KiB): DRAM[0m
[0;32mI (235) heap_init: At 3FFE0440 len 00003AE0 (14 KiB): D/IRAM[0m
[0;32mI (241) heap_init: At 3FFE4350 len 0001BCB0 (111 KiB): D/IRAM[0m
[0;32mI (248) heap_init: At 40097B40 len 000084C0 (33 KiB): IRAM[0m
[0;32mI (256) spi_flash: detected chip: generic[0m
[0;32mI (258) spi_flash: flash io: dio[0m
[0;32mI (264) app_start: Starting scheduler on CPU0[0m
[0;32mI (268) app_start: Starting scheduler on CPU1[0m
[0;32mI (268) main_task: Started on CPU0[0m
[0;32mI (278) main_task: Calling app_main()[0m
[0;32mI (278) POWER MODE: Entering normal mode
[0m
[0;32mI (278) POWER MODE: Wake up from timer. Time spent in deep sleep: 10286ms
[0m
[0;32mI (328) main_task: Returned from app_main()[0m
I (348) wifi:wifi driver task: 3ffc1708, prio:23, stack:6656, core=0
I (368) wifi:wifi firmware version: b2f1f86
I (368) wifi:wifi certification version: v7.0
I (368) wifi:config NVS flash: enabled
I (368) wifi:config nano formating: disabled
I (378) wifi:Init data frame dynamic rx buffer num: 32
I (378) wifi:Init management frame dynamic rx buffer num: 32
I (388) wifi:Init management short buffer num: 32
I (388) wifi:Init dynamic tx buffer num: 32
I (398) wifi:Init static rx buffer size: 1600
I (398) wifi:Init static rx buffer num: 10
I (398) wifi:Init dynamic rx buffer num: 32
[0;32mI (408) wifi_init: rx ba win: 6[0m
[0;32mI (408) wifi_init: tcpip mbox: 32[0m
[0;32mI (418) wifi_init: udp mbox: 6[0m
[0;32mI (418) wifi_init: tcp mbox: 6[0m
[0;32mI (418) wifi_init: tcp tx win: 5744[0m
[0;32mI (428) wifi_init: tcp rx win: 5744[0m
[0;32mI (428) wifi_init: tcp mss: 1440[0m
[0;32mI (438) wifi_init: WiFi IRAM OP enabled[0m
[0;32mI (438) wifi_init: WiFi RX IRAM OP enabled[0m
[0;32mI (448) Wifi prov: Already provisioned, starting Wi-Fi STA[0m
[0;32mI (448) phy_init: phy_version 4670,719f9f6,Feb 18 2021,17:07:07[0m
I (488) wifi:mode : sta (c8:c9:a3:d0:65:bc)
I (488) wifi:enable tsf
I (498) wifi:new:<1,0>, old:<1,0>, ap:<255,255>, sta:<1,0>, prof:1
I (498) wifi:state: init -> auth (b0)
I (518) wifi:state: auth -> assoc (0)
I (528) wifi:state: assoc -> run (10)
I (548) wifi:connected with TUPEO, aid = 4, channel 1, BW20, bssid = b2:7d:64:d8:92:71
I (548) wifi:security: WPA2-PSK, phy: bgn, rssi: -36
I (558) wifi:pm start, type: 1

I (598) wifi:AP's beacon interval = 102400 us, DTIM period = 3
[0;32mI (1558) Wifi prov: Connected with IP Address:192.168.137.224[0m
[0;32mI (1558) esp_netif_handlers: sta ip: 192.168.137.224, mask: 255.255.255.0, gw: 192.168.137.1[0m
[0;32mI (1568) MQTT: Topic publish: VB/DMP/VBEEON/CUSTOM/SMH/C8C9A3D065BC/telemetry
[0m
[0;32mI (1568) MQTT: Other event id:7[0m
[0;32mI (2628) MQTT: MQTT_EVENT_CONNECTED[0m
I (2728) wifi:<ba-add>idx:0 (ifx:0, b2:7d:64:d8:92:71), tid:0, ssn:9, winSize:64
[0;32mI (2738) MQTT: MQTT_EVENT_PUBLISHED, msg_id=32843[0m
[0;32mI (3638) SHT3x: Can't init SHT3x[0m
[0;32mI (3638) POWER MODE: Entering deep sleep again
[0m
ets Jun  8 2016 00:22:57

rst:0x5 (DEEPSLEEP_RESET),boot:0x13 (SPI_FAST_FLASH_BOOT)
configsip: 0, SPIWP:0xee
clk_drv:0x00,q_drv:0x00,d_drv:0x00,cs0_drv:0x00,hd_drv:0x00,wp_drv:0x00
mode:DIO, clock div:2
load:0x3fff0030,len:7284
load:0x40078000,len:15884
load:0x40080400,len:4
load:0x40080404,len:3876
entry 0x4008064c
[0;32mI (29) boot: ESP-IDF v5.1-dirty 2nd stage bootloader[0m
[0;32mI (29) boot: compile time Aug 24 2023 13:15:58[0m
[0;32mI (29) boot: Multicore bootloader[0m
[0;32mI (34) boot: chip revision: v1.0[0m
[0;32mI (38) boot.esp32: SPI Speed      : 40MHz[0m
[0;32mI (42) boot.esp32: SPI Mode       : DIO[0m
[0;32mI (47) boot.esp32: SPI Flash Size : 4MB[0m
[0;32mI (52) boot: Enabling RNG early entropy source...[0m
[0;32mI (57) esp_image: segment 0: paddr=00010020 vaddr=3f400020 size=2b298h (176792) map[0m
[0;32mI (65) esp_image: segment 1: paddr=0003b2c0 vaddr=3ff80063 size=00008h (     8) [0m
[0;32mI (73) esp_image: segment 2: paddr=0003b2d0 vaddr=3ffb0000 size=03860h ( 14432) load[0m
[0;32mI (84) esp_image: segment 3: paddr=0003eb38 vaddr=40080000 size=014e0h (  5344) load[0m
[0;32mI (91) esp_image: segment 4: paddr=00040020 vaddr=400d0020 size=aa528h (697640) map[0m
[0;32mI (98) esp_image: segment 5: paddr=000ea550 vaddr=400814e0 size=16660h ( 91744) load[0m
[0;32mI (121) esp_image: segment 6: paddr=00100bb8 vaddr=400c0000 size=00064h (   100) [0m
[0;32mI (121) esp_image: segment 7: paddr=00100c24 vaddr=50000200 size=0001ch (    28) [0m
[0;32mI (126) boot: Fast booting app from partition at offset 0x10000[0m
[0;32mI (133) boot: Disabling RNG early entropy source...[0m
[0;32mI (150) cpu_start: Multicore app[0m
[0;32mI (150) cpu_start: Pro cpu up.[0m
[0;32mI (150) cpu_start: Starting app cpu, entry point is 0x400815f8[0m
[0;32mI (0) cpu_start: App cpu up.[0m
[0;32mI (168) cpu_start: Pro cpu start user code[0m
[0;32mI (168) cpu_start: cpu freq: 80000000 Hz[0m
[0;32mI (168) cpu_start: Application information:[0m
[0;32mI (173) cpu_start: Project name:     SHT3x_Powersave[0m
[0;32mI (178) cpu_start: App version:      332ee94-dirty[0m
[0;32mI (184) cpu_start: Compile time:     Aug 24 2023 13:15:36[0m
[0;32mI (190) cpu_start: ELF file SHA256:  c2339e24b1d07f36...[0m
[0;32mI (196) cpu_start: ESP-IDF:          v5.1-dirty[0m
[0;32mI (201) cpu_start: Min chip rev:     v0.0[0m
[0;32mI (206) cpu_start: Max chip rev:     v3.99 [0m
[0;32mI (211) cpu_start: Chip rev:         v1.0[0m
[0;32mI (216) heap_init: Initializing. RAM available for dynamic allocation:[0m
[0;32mI (223) heap_init: At 3FFAE6E0 len 00001920 (6 KiB): DRAM[0m
[0;32mI (229) heap_init: At 3FFB7FD8 len 00028028 (160 KiB): DRAM[0m
[0;32mI (235) heap_init: At 3FFE0440 len 00003AE0 (14 KiB): D/IRAM[0m
[0;32mI (241) heap_init: At 3FFE4350 len 0001BCB0 (111 KiB): D/IRAM[0m
[0;32mI (248) heap_init: At 40097B40 len 000084C0 (33 KiB): IRAM[0m
[0;32mI (256) spi_flash: detected chip: generic[0m
[0;32mI (258) spi_flash: flash io: dio[0m
[0;32mI (264) app_start: Starting scheduler on CPU0[0m
[0;32mI (268) app_start: Starting scheduler on CPU1[0m
[0;32mI (268) main_task: Started on CPU0[0m
[0;32mI (278) main_task: Calling app_main()[0m
[0;32mI (278) POWER MODE: Entering normal mode
[0m
[0;32mI (278) POWER MODE: Wake up from timer. Time spent in deep sleep: 10287ms
[0m
[0;32mI (328) main_task: Returned from app_main()[0m
I (348) wifi:wifi driver task: 3ffb9ed8, prio:23, stack:6656, core=0
I (368) wifi:wifi firmware version: b2f1f86
I (368) wifi:wifi certification version: v7.0
I (368) wifi:config NVS flash: enabled
I (368) wifi:config nano formating: disabled
I (378) wifi:Init data frame dynamic rx buffer num: 32
I (378) wifi:Init management frame dynamic rx buffer num: 32
I (388) wifi:Init management short buffer num: 32
I (388) wifi:Init dynamic tx buffer num: 32
I (398) wifi:Init static rx buffer size: 1600
I (398) wifi:Init static rx buffer num: 10
I (398) wifi:Init dynamic rx buffer num: 32
[0;32mI (408) wifi_init: rx ba win: 6[0m
[0;32mI (408) wifi_init: tcpip mbox: 32[0m
[0;32mI (418) wifi_init: udp mbox: 6[0m
[0;32mI (418) wifi_init: tcp mbox: 6[0m
[0;32mI (418) wifi_init: tcp tx win: 5744[0m
[0;32mI (428) wifi_init: tcp rx win: 5744[0m
[0;32mI (428) wifi_init: tcp mss: 1440[0m
[0;32mI (438) wifi_init: WiFi IRAM OP enabled[0m
[0;32mI (438) wifi_init: WiFi RX IRAM OP enabled[0m
[0;32mI (448) Wifi prov: Already provisioned, starting Wi-Fi STA[0m
[0;32mI (448) phy_init: phy_version 4670,719f9f6,Feb 18 2021,17:07:07[0m
I (488) wifi:mode : sta (c8:c9:a3:d0:65:bc)
I (488) wifi:enable tsf
I (528) wifi:new:<1,0>, old:<1,0>, ap:<255,255>, sta:<1,0>, prof:1
I (528) wifi:state: init -> auth (b0)
I (538) wifi:state: auth -> assoc (0)
I (548) wifi:state: assoc -> run (10)
I (568) wifi:connected with TUPEO, aid = 9, channel 1, BW20, bssid = b2:7d:64:d8:92:71
I (568) wifi:security: WPA2-PSK, phy: bgn, rssi: -35
I (578) wifi:pm start, type: 1

I (618) wifi:AP's beacon interval = 102400 us, DTIM period = 3
[0;32mI (1578) Wifi prov: Connected with IP Address:192.168.137.224[0m
[0;32mI (1578) esp_netif_handlers: sta ip: 192.168.137.224, mask: 255.255.255.0, gw: 192.168.137.1[0m
[0;32mI (1578) MQTT: Topic publish: VB/DMP/VBEEON/CUSTOM/SMH/C8C9A3D065BC/telemetry
[0m
[0;32mI (1578) MQTT: Other event id:7[0m
[0;32mI (2778) MQTT: MQTT_EVENT_CONNECTED[0m
[0;32mI (3088) MQTT: MQTT_EVENT_PUBLISHED, msg_id=62786[0m
[0;32mI (3788) SHT3x: Can't init SHT3x[0m
[0;32mI (3888) MQTT: MQTT_EVENT_PUBLISHED, msg_id=34303[0m
[0;32mI (4008) MQTT: MQTT_EVENT_PUBLISHED, msg_id=32648[0m
[0;32mI (4798) POWER MODE: Entering deep sleep again
[0m
ets Jun  8 2016 00:22:57

rst:0x5 (DEEPSLEEP_RESET),boot:0x13 (SPI_FAST_FLASH_BOOT)
configsip: 0, SPIWP:0xee
clk_drv:0x00,q_drv:0x00,d_drv:0x00,cs0_drv:0x00,hd_drv:0x00,wp_drv:0x00
mode:DIO, clock div:2
load:0x3fff0030,len:7284
load:0x40078000,len:15884
load:0x40080400,len:4
load:0x40080404,len:3876
entry 0x4008064c
[0;32mI (29) boot: ESP-IDF v5.1-dirty 2nd stage bootloader[0m
[0;32mI (29) boot: compile time Aug 24 2023 13:15:58[0m
[0;32mI (29) boot: Multicore bootloader[0m
[0;32mI (34) boot: chip revision: v1.0[0m
[0;32mI (38) boot.esp32: SPI Speed      : 40MHz[0m
[0;32mI (42) boot.esp32: SPI Mode       : DIO[0m
[0;32mI (47) boot.esp32: SPI Flash Size : 4MB[0m
[0;32mI (52) boot: Enabling RNG early entropy source...[0m
[0;32mI (57) esp_image: segment 0: paddr=00010020 vaddr=3f400020 size=2b298h (176792) map[0m
[0;32mI (65) esp_image: segment 1: paddr=0003b2c0 vaddr=3ff80063 size=00008h (     8) [0m
[0;32mI (73) esp_image: segment 2: paddr=0003b2d0 vaddr=3ffb0000 size=03860h ( 14432) load[0m
[0;32mI (84) esp_image: segment 3: paddr=0003eb38 vaddr=40080000 size=014e0h (  5344) load[0m
[0;32mI (91) esp_image: segment 4: paddr=00040020 vaddr=400d0020 size=aa528h (697640) map[0m
[0;32mI (98) esp_image: segment 5: paddr=000ea550 vaddr=400814e0 size=16660h ( 91744) load[0m
[0;32mI (121) esp_image: segment 6: paddr=00100bb8 vaddr=400c0000 size=00064h (   100) [0m
[0;32mI (121) esp_image: segment 7: paddr=00100c24 vaddr=50000200 size=0001ch (    28) [0m
[0;32mI (126) boot: Fast booting app from partition at offset 0x10000[0m
[0;32mI (133) boot: Disabling RNG early entropy source...[0m
[0;32mI (150) cpu_start: Multicore app[0m
[0;32mI (150) cpu_start: Pro cpu up.[0m
[0;32mI (150) cpu_start: Starting app cpu, entry point is 0x400815f8[0m
[0;32mI (0) cpu_start: App cpu up.[0m
[0;32mI (168) cpu_start: Pro cpu start user code[0m
[0;32mI (168) cpu_start: cpu freq: 80000000 Hz[0m
[0;32mI (168) cpu_start: Application information:[0m
[0;32mI (173) cpu_start: Project name:     SHT3x_Powersave[0m
[0;32mI (178) cpu_start: App version:      332ee94-dirty[0m
[0;32mI (184) cpu_start: Compile time:     Aug 24 2023 13:15:36[0m
[0;32mI (190) cpu_start: ELF file SHA256:  c2339e24b1d07f36...[0m
[0;32mI (196) cpu_start: ESP-IDF:          v5.1-dirty[0m
[0;32mI (201) cpu_start: Min chip rev:     v0.0[0m
[0;32mI (206) cpu_start: Max chip rev:     v3.99 [0m
[0;32mI (211) cpu_start: Chip rev:         v1.0[0m
[0;32mI (216) heap_init: Initializing. RAM available for dynamic allocation:[0m
[0;32mI (223) heap_init: At 3FFAE6E0 len 00001920 (6 KiB): DRAM[0m
[0;32mI (229) heap_init: At 3FFB7FD8 len 00028028 (160 KiB): DRAM[0m
[0;32mI (235) heap_init: At 3FFE0440 len 00003AE0 (14 KiB): D/IRAM[0m
[0;32mI (241) heap_init: At 3FFE4350 len 0001BCB0 (111 KiB): D/IRAM[0m
[0;32mI (248) heap_init: At 40097B40 len 000084C0 (33 KiB): IRAM[0m
[0;32mI (256) spi_flash: detected chip: generic[0m
[0;32mI (258) spi_flash: flash io: dio[0m
[0;32mI (264) app_start: Starting scheduler on CPU0[0m
[0;32mI (268) app_start: Starting scheduler on CPU1[0m
[0;32mI (268) main_task: Started on CPU0[0m
[0;32mI (278) main_task: Calling app_main()[0m
[0;32mI (278) POWER MODE: Entering normal mode
[0m
[0;32mI (278) POWER MODE: Wake up from timer. Time spent in deep sleep: 10286ms
[0m
[0;32mI (328) main_task: Returned from app_main()[0m
I (348) wifi:wifi driver task: 3ffc1708, prio:23, stack:6656, core=0
I (368) wifi:wifi firmware version: b2f1f86
I (368) wifi:wifi certification version: v7.0
I (368) wifi:config NVS flash: enabled
I (368) wifi:config nano formating: disabled
I (378) wifi:Init data frame dynamic rx buffer num: 32
I (378) wifi:Init management frame dynamic rx buffer num: 32
I (388) wifi:Init management short buffer num: 32
I (388) wifi:Init dynamic tx buffer num: 32
I (398) wifi:Init static rx buffer size: 1600
I (398) wifi:Init static rx buffer num: 10
I (398) wifi:Init dynamic rx buffer num: 32
[0;32mI (408) wifi_init: rx ba win: 6[0m
[0;32mI (408) wifi_init: tcpip mbox: 32[0m
[0;32mI (418) wifi_init: udp mbox: 6[0m
[0;32mI (418) wifi_init: tcp mbox: 6[0m
[0;32mI (418) wifi_init: tcp tx win: 5744[0m
[0;32mI (428) wifi_init: tcp rx win: 5744[0m
[0;32mI (428) wifi_init: tcp mss: 1440[0m
[0;32mI (438) wifi_init: WiFi IRAM OP enabled[0m
[0;32mI (438) wifi_init: WiFi RX IRAM OP enabled[0m
[0;32mI (448) Wifi prov: Already provisioned, starting Wi-Fi STA[0m
[0;32mI (448) phy_init: phy_version 4670,719f9f6,Feb 18 2021,17:07:07[0m
I (488) wifi:mode : sta (c8:c9:a3:d0:65:bc)
I (488) wifi:enable tsf
I (518) wifi:new:<1,0>, old:<1,0>, ap:<255,255>, sta:<1,0>, prof:1
I (518) wifi:state: init -> auth (b0)
I (518) wifi:state: auth -> assoc (0)
I (528) wifi:state: assoc -> run (10)
I (538) wifi:connected with TUPEO, aid = 5, channel 1, BW20, bssid = b2:7d:64:d8:92:71
I (548) wifi:security: WPA2-PSK, phy: bgn, rssi: -35
I (558) wifi:pm start, type: 1

I (628) wifi:AP's beacon interval = 102400 us, DTIM period = 3
[0;32mI (1558) Wifi prov: Connected with IP Address:192.168.137.224[0m
[0;32mI (1558) esp_netif_handlers: sta ip: 192.168.137.224, mask: 255.255.255.0, gw: 192.168.137.1[0m
[0;32mI (1558) MQTT: Topic publish: VB/DMP/VBEEON/CUSTOM/SMH/C8C9A3D065BC/telemetry
[0m
[0;32mI (1558) MQTT: Other event id:7[0m
[0;32mI (1848) MQTT: MQTT_EVENT_CONNECTED[0m
[0;32mI (2158) MQTT: MQTT_EVENT_PUBLISHED, msg_id=15279[0m
I (2768) wifi:<ba-add>idx:0 (ifx:0, b2:7d:64:d8:92:71), tid:0, ssn:11, winSize:64
[0;32mI (2858) SHT3x: Can't init SHT3x[0m
[0;32mI (2858) POWER MODE: Entering deep sleep again
[0m
ets Jun  8 2016 00:22:57

rst:0x5 (DEEPSLEEP_RESET),boot:0x13 (SPI_FAST_FLASH_BOOT)
configsip: 0, SPIWP:0xee
clk_drv:0x00,q_drv:0x00,d_drv:0x00,cs0_drv:0x00,hd_drv:0x00,wp_drv:0x00
mode:DIO, clock div:2
load:0x3fff0030,len:7284
load:0x40078000,len:15884
load:0x40080400,len:4
load:0x40080404,len:3876
entry 0x4008064c
[0;32mI (29) boot: ESP-IDF v5.1-dirty 2nd stage bootloader[0m
[0;32mI (29) boot: compile time Aug 24 2023 13:15:58[0m
[0;32mI (29) boot: Multicore bootloader[0m
[0;32mI (34) boot: chip revision: v1.0[0m
[0;32mI (38) boot.esp32: SPI Speed      : 40MHz[0m
[0;32mI (42) boot.esp32: SPI Mode       : DIO[0m
[0;32mI (47) boot.esp32: SPI Flash Size : 4MB[0m
[0;32mI (52) boot: Enabling RNG early entropy source...[0m
[0;32mI (57) esp_image: segment 0: paddr=00010020 vaddr=3f400020 size=2b298h (176792) map[0m
[0;32mI (65) esp_image: segment 1: paddr=0003b2c0 vaddr=3ff80063 size=00008h (     8) [0m
[0;32mI (73) esp_image: segment 2: paddr=0003b2d0 vaddr=3ffb0000 size=03860h ( 14432) load[0m
[0;32mI (84) esp_image: segment 3: paddr=0003eb38 vaddr=40080000 size=014e0h (  5344) load[0m
[0;32mI (91) esp_image: segment 4: paddr=00040020 vaddr=400d0020 size=aa528h (697640) map[0m
[0;32mI (98) esp_image: segment 5: paddr=000ea550 vaddr=400814e0 size=16660h ( 91744) load[0m
[0;32mI (121) esp_image: segment 6: paddr=00100bb8 vaddr=400c0000 size=00064h (   100) [0m
[0;32mI (121) esp_image: segment 7: paddr=00100c24 vaddr=50000200 size=0001ch (    28) [0m
[0;32mI (126) boot: Fast booting app from partition at offset 0x10000[0m
[0;32mI (133) boot: Disabling RNG early entropy source...[0m
[0;32mI (150) cpu_start: Multicore app[0m
[0;32mI (150) cpu_start: Pro cpu up.[0m
[0;32mI (150) cpu_start: Starting app cpu, entry point is 0x400815f8[0m
[0;32mI (0) cpu_start: App cpu up.[0m
[0;32mI (168) cpu_start: Pro cpu start user code[0m
[0;32mI (168) cpu_start: cpu freq: 80000000 Hz[0m
[0;32mI (168) cpu_start: Application information:[0m
[0;32mI (173) cpu_start: Project name:     SHT3x_Powersave[0m
[0;32mI (178) cpu_start: App version:      332ee94-dirty[0m
[0;32mI (184) cpu_start: Compile time:     Aug 24 2023 13:15:36[0m
[0;32mI (190) cpu_start: ELF file SHA256:  c2339e24b1d07f36...[0m
[0;32mI (196) cpu_start: ESP-IDF:          v5.1-dirty[0m
[0;32mI (201) cpu_start: Min chip rev:     v0.0[0m
[0;32mI (206) cpu_start: Max chip rev:     v3.99 [0m
[0;32mI (211) cpu_start: Chip rev:         v1.0[0m
[0;32mI (216) heap_init: Initializing. RAM available for dynamic allocation:[0m
[0;32mI (223) heap_init: At 3FFAE6E0 len 00001920 (6 KiB): DRAM[0m
[0;32mI (229) heap_init: At 3FFB7FD8 len 00028028 (160 KiB): DRAM[0m
[0;32mI (235) heap_init: At 3FFE0440 len 00003AE0 (14 KiB): D/IRAM[0m
[0;32mI (241) heap_init: At 3FFE4350 len 0001BCB0 (111 KiB): D/IRAM[0m
[0;32mI (248) heap_init: At 40097B40 len 000084C0 (33 KiB): IRAM[0m
[0;32mI (256) spi_flash: detected chip: generic[0m
[0;32mI (258) spi_flash: flash io: dio[0m
[0;32mI (264) app_start: Starting scheduler on CPU0[0m
[0;32mI (268) app_start: Starting scheduler on CPU1[0m
[0;32mI (268) main_task: Started on CPU0[0m
[0;32mI (278) main_task: Calling app_main()[0m
[0;32mI (278) POWER MODE: Entering normal mode
[0m
[0;32mI (278) POWER MODE: Wake up from timer. Time spent in deep sleep: 10286ms
[0m
[0;32mI (328) main_task: Returned from app_main()[0m
I (348) wifi:wifi driver task: 3ffc1708, prio:23, stack:6656, core=0
I (368) wifi:wifi firmware version: b2f1f86
I (368) wifi:wifi certification version: v7.0
I (368) wifi:config NVS flash: enabled
I (368) wifi:config nano formating: disabled
I (378) wifi:Init data frame dynamic rx buffer num: 32
I (378) wifi:Init management frame dynamic rx buffer num: 32
I (388) wifi:Init management short buffer num: 32
I (388) wifi:Init dynamic tx buffer num: 32
I (398) wifi:Init static rx buffer size: 1600
I (398) wifi:Init static rx buffer num: 10
I (398) wifi:Init dynamic rx buffer num: 32
[0;32mI (408) wifi_init: rx ba win: 6[0m
[0;32mI (408) wifi_init: tcpip mbox: 32[0m
[0;32mI (418) wifi_init: udp mbox: 6[0m
[0;32mI (418) wifi_init: tcp mbox: 6[0m
[0;32mI (418) wifi_init: tcp tx win: 5744[0m
[0;32mI (428) wifi_init: tcp rx win: 5744[0m
[0;32mI (428) wifi_init: tcp mss: 1440[0m
[0;32mI (438) wifi_init: WiFi IRAM OP enabled[0m
[0;32mI (438) wifi_init: WiFi RX IRAM OP enabled[0m
[0;32mI (448) Wifi prov: Already provisioned, starting Wi-Fi STA[0m
[0;32mI (448) phy_init: phy_version 4670,719f9f6,Feb 18 2021,17:07:07[0m
I (488) wifi:mode : sta (c8:c9:a3:d0:65:bc)
I (488) wifi:enable tsf
I (508) wifi:new:<1,0>, old:<1,0>, ap:<255,255>, sta:<1,0>, prof:1
I (518) wifi:state: init -> auth (b0)
I (518) wifi:state: auth -> assoc (0)
I (528) wifi:state: assoc -> run (10)
I (538) wifi:connected with TUPEO, aid = 7, channel 1, BW20, bssid = b2:7d:64:d8:92:71
I (538) wifi:security: WPA2-PSK, phy: bgn, rssi: -36
I (548) wifi:pm start, type: 1

I (608) wifi:AP's beacon interval = 102400 us, DTIM period = 3
[0;32mI (1548) Wifi prov: Connected with IP Address:192.168.137.224[0m
[0;32mI (1548) esp_netif_handlers: sta ip: 192.168.137.224, mask: 255.255.255.0, gw: 192.168.137.1[0m
[0;32mI (1558) MQTT: Topic publish: VB/DMP/VBEEON/CUSTOM/SMH/C8C9A3D065BC/telemetry
[0m
[0;32mI (1558) MQTT: Other event id:7[0m
[0;32mI (1958) MQTT: MQTT_EVENT_CONNECTED[0m
[0;32mI (2278) MQTT: MQTT_EVENT_PUBLISHED, msg_id=55733[0m
[0;32mI (2958) SHT3x: Can't init SHT3x[0m
[0;32mI (2958) POWER MODE: Entering deep sleep again
[0m
ets Jun  8 2016 00:22:57

rst:0x5 (DEEPSLEEP_RESET),boot:0x13 (SPI_FAST_FLASH_BOOT)
configsip: 0, SPIWP:0xee
clk_drv:0x00,q_drv:0x00,d_drv:0x00,cs0_drv:0x00,hd_drv:0x00,wp_drv:0x00
mode:DIO, clock div:2
load:0x3fff0030,len:7284
load:0x40078000,len:15884
load:0x40080400,len:4
load:0x40080404,len:3876
entry 0x4008064c
[0;32mI (29) boot: ESP-IDF v5.1-dirty 2nd stage bootloader[0m
[0;32mI (29) boot: compile time Aug 24 2023 13:15:58[0m
[0;32mI (29) boot: Multicore bootloader[0m
[0;32mI (34) boot: chip revision: v1.0[0m
[0;32mI (38) boot.esp32: SPI Speed      : 40MHz[0m
[0;32mI (42) boot.esp32: SPI Mode       : DIO[0m
[0;32mI (47) boot.esp32: SPI Flash Size : 4MB[0m
[0;32mI (52) boot: Enabling RNG early entropy source...[0m
[0;32mI (57) esp_image: segment 0: paddr=00010020 vaddr=3f400020 size=2b298h (176792) map[0m
[0;32mI (65) esp_image: segment 1: paddr=0003b2c0 vaddr=3ff80063 size=00008h (     8) [0m
[0;32mI (73) esp_image: segment 2: paddr=0003b2d0 vaddr=3ffb0000 size=03860h ( 14432) load[0m
[0;32mI (84) esp_image: segment 3: paddr=0003eb38 vaddr=40080000 size=014e0h (  5344) load[0m
[0;32mI (91) esp_image: segment 4: paddr=00040020 vaddr=400d0020 size=aa528h (697640) map[0m
[0;32mI (98) esp_image: segment 5: paddr=000ea550 vaddr=400814e0 size=16660h ( 91744) load[0m
[0;32mI (121) esp_image: segment 6: paddr=00100bb8 vaddr=400c0000 size=00064h (   100) [0m
[0;32mI (121) esp_image: segment 7: paddr=00100c24 vaddr=50000200 size=0001ch (    28) [0m
[0;32mI (126) boot: Fast booting app from partition at offset 0x10000[0m
[0;32mI (133) boot: Disabling RNG early entropy source...[0m
[0;32mI (150) cpu_start: Multicore app[0m
[0;32mI (150) cpu_start: Pro cpu up.[0m
[0;32mI (150) cpu_start: Starting app cpu, entry point is 0x400815f8[0m
[0;32mI (0) cpu_start: App cpu up.[0m
[0;32mI (168) cpu_start: Pro cpu start user code[0m
[0;32mI (168) cpu_start: cpu freq: 80000000 Hz[0m
[0;32mI (168) cpu_start: Application information:[0m
[0;32mI (173) cpu_start: Project name:     SHT3x_Powersave[0m
[0;32mI (178) cpu_start: App version:      332ee94-dirty[0m
[0;32mI (184) cpu_start: Compile time:     Aug 24 2023 13:15:36[0m
[0;32mI (190) cpu_start: ELF file SHA256:  c2339e24b1d07f36...[0m
[0;32mI (196) cpu_start: ESP-IDF:          v5.1-dirty[0m
[0;32mI (201) cpu_start: Min chip rev:     v0.0[0m
[0;32mI (206) cpu_start: Max chip rev:     v3.99 [0m
[0;32mI (211) cpu_start: Chip rev:         v1.0[0m
[0;32mI (216) heap_init: Initializing. RAM available for dynamic allocation:[0m
[0;32mI (223) heap_init: At 3FFAE6E0 len 00001920 (6 KiB): DRAM[0m
[0;32mI (229) heap_init: At 3FFB7FD8 len 00028028 (160 KiB): DRAM[0m
[0;32mI (235) heap_init: At 3FFE0440 len 00003AE0 (14 KiB): D/IRAM[0m
[0;32mI (241) heap_init: At 3FFE4350 len 0001BCB0 (111 KiB): D/IRAM[0m
[0;32mI (248) heap_init: At 40097B40 len 000084C0 (33 KiB): IRAM[0m
[0;32mI (256) spi_flash: detected chip: generic[0m
[0;32mI (258) spi_flash: flash io: dio[0m
[0;32mI (264) app_start: Starting scheduler on CPU0[0m
[0;32mI (268) app_start: Starting scheduler on CPU1[0m
[0;32mI (268) main_task: Started on CPU0[0m
[0;32mI (278) main_task: Calling app_main()[0m
[0;32mI (278) POWER MODE: Entering normal mode
[0m
[0;32mI (278) POWER MODE: Wake up from timer. Time spent in deep sleep: 10286ms
[0m
[0;32mI (328) main_task: Returned from app_main()[0m
I (348) wifi:wifi driver task: 3ffc1708, prio:23, stack:6656, core=0
I (368) wifi:wifi firmware version: b2f1f86
I (368) wifi:wifi certification version: v7.0
I (368) wifi:config NVS flash: enabled
I (368) wifi:config nano formating: disabled
I (378) wifi:Init data frame dynamic rx buffer num: 32
I (378) wifi:Init management frame dynamic rx buffer num: 32
I (388) wifi:Init management short buffer num: 32
I (388) wifi:Init dynamic tx buffer num: 32
I (398) wifi:Init static rx buffer size: 1600
I (398) wifi:Init static rx buffer num: 10
I (398) wifi:Init dynamic rx buffer num: 32
[0;32mI (408) wifi_init: rx ba win: 6[0m
[0;32mI (408) wifi_init: tcpip mbox: 32[0m
[0;32mI (418) wifi_init: udp mbox: 6[0m
[0;32mI (418) wifi_init: tcp mbox: 6[0m
[0;32mI (418) wifi_init: tcp tx win: 5744[0m
[0;32mI (428) wifi_init: tcp rx win: 5744[0m
[0;32mI (428) wifi_init: tcp mss: 1440[0m
[0;32mI (438) wifi_init: WiFi IRAM OP enabled[0m
[0;32mI (438) wifi_init: WiFi RX IRAM OP enabled[0m
[0;32mI (448) Wifi prov: Already provisioned, starting Wi-Fi STA[0m
[0;32mI (448) phy_init: phy_version 4670,719f9f6,Feb 18 2021,17:07:07[0m
I (488) wifi:mode : sta (c8:c9:a3:d0:65:bc)
I (488) wifi:enable tsf
I (498) wifi:new:<1,0>, old:<1,0>, ap:<255,255>, sta:<1,0>, prof:1
I (498) wifi:state: init -> auth (b0)
I (508) wifi:state: auth -> assoc (0)
I (508) wifi:state: assoc -> run (10)
I (518) wifi:connected with TUPEO, aid = 6, channel 1, BW20, bssid = b2:7d:64:d8:92:71
I (528) wifi:security: WPA2-PSK, phy: bgn, rssi: -36
I (538) wifi:pm start, type: 1

I (608) wifi:AP's beacon interval = 102400 us, DTIM period = 3
[0;32mI (1538) Wifi prov: Connected with IP Address:192.168.137.224[0m
[0;32mI (1538) esp_netif_handlers: sta ip: 192.168.137.224, mask: 255.255.255.0, gw: 192.168.137.1[0m
[0;32mI (1548) MQTT: Topic publish: VB/DMP/VBEEON/CUSTOM/SMH/C8C9A3D065BC/telemetry
[0m
[0;32mI (1548) MQTT: Other event id:7[0m
[0;32mI (2258) MQTT: MQTT_EVENT_CONNECTED[0m
[0;32mI (2338) MQTT: MQTT_EVENT_PUBLISHED, msg_id=61469[0m
[0;32mI (3258) SHT3x: Can't init SHT3x[0m
[0;32mI (3258) POWER MODE: Entering deep sleep again
[0m
ets Jun  8 2016 00:22:57

rst:0x5 (DEEPSLEEP_RESET),boot:0x13 (SPI_FAST_FLASH_BOOT)
configsip: 0, SPIWP:0xee
clk_drv:0x00,q_drv:0x00,d_drv:0x00,cs0_drv:0x00,hd_drv:0x00,wp_drv:0x00
mode:DIO, clock div:2
load:0x3fff0030,len:7284
load:0x40078000,len:15884
load:0x40080400,len:4
load:0x40080404,len:3876
entry 0x4008064c
[0;32mI (29) boot: ESP-IDF v5.1-dirty 2nd stage bootloader[0m
[0;32mI (29) boot: compile time Aug 24 2023 13:15:58[0m
[0;32mI (29) boot: Multicore bootloader[0m
