ets Jun  8 2016 00:22:57

rst:0x5 (DEEPSLEEP_RESET),boot:0x13 (SPI_FAST_FLASH_BOOT)
configsip: 0, SPIWP:0xee
clk_drv:0x00,q_drv:0x00,d_drv:0x00,cs0_drv:0x00,hd_drv:0x00,wp_drv:0x00
mode:DIO, clock div:2
load:0x3fff0030,len:7284
load:0x40078000,len:15884
load:0x40080400,len:4
load:0x40080404,len:3876
entry 0x4008064c
[0;32mI (29) boot: ESP-IDF v5.1-dirty 2nd stage bootloader[0m
[0;32mI (29) boot: compile time Aug 25 2023 16:46:15[0m
[0;32mI (29) boot: Multicore bootloader[0m
[0;32mI (34) boot: chip revision: v1.0[0m
[0;32mI (38) boot.esp32: SPI Speed      : 40MHz[0m
[0;32mI (42) boot.esp32: SPI Mode       : DIO[0m
[0;32mI (47) boot.esp32: SPI Flash Size : 4MB[0m
[0;32mI (52) boot: Enabling RNG early entropy source...[0m
[0;32mI (57) esp_image: segment 0: paddr=00010020 vaddr=3f400020 size=316fch (202492) map[0m
[0;32mI (65) esp_image: segment 1: paddr=00041724 vaddr=3ff80063 size=00008h (     8) [0m
[0;32mI (73) esp_image: segment 2: paddr=00041734 vaddr=3ffb0000 size=038a0h ( 14496) load[0m
[0;32mI (84) esp_image: segment 3: paddr=00044fdc vaddr=40080000 size=0b03ch ( 45116) load[0m
[0;32mI (97) esp_image: segment 4: paddr=00050020 vaddr=400d0020 size=b44f8h (738552) map[0m
[0;32mI (98) esp_image: segment 5: paddr=00104520 vaddr=4008b03c size=0cabch ( 51900) load[0m
[0;32mI (115) esp_image: segment 6: paddr=00110fe4 vaddr=400c0000 size=00064h (   100) [0m
[0;32mI (115) esp_image: segment 7: paddr=00111050 vaddr=50000200 size=00020h (    32) [0m
[0;32mI (123) boot: Fast booting app from partition at offset 0x10000[0m
[0;32mI (130) boot: Disabling RNG early entropy source...[0m
[0;32mI (146) cpu_start: Multicore app[0m
[0;32mI (147) cpu_start: Pro cpu up.[0m
[0;32mI (147) cpu_start: Starting app cpu, entry point is 0x400815f4[0m
[0;32mI (0) cpu_start: App cpu up.[0m
[0;32mI (165) cpu_start: Pro cpu start user code[0m
[0;32mI (165) cpu_start: cpu freq: 80000000 Hz[0m
[0;32mI (165) cpu_start: Application information:[0m
[0;32mI (169) cpu_start: Project name:     SHT3x_Powersave[0m
[0;32mI (175) cpu_start: App version:      c01741d-dirty[0m
[0;32mI (181) cpu_start: Compile time:     Aug 25 2023 23:00:05[0m
[0;32mI (187) cpu_start: ELF file SHA256:  23993ed27e8d4985...[0m
[0;32mI (193) cpu_start: ESP-IDF:          v5.1-dirty[0m
[0;32mI (198) cpu_start: Min chip rev:     v0.0[0m
[0;32mI (203) cpu_start: Max chip rev:     v3.99 [0m
[0;32mI (207) cpu_start: Chip rev:         v1.0[0m
[0;32mI (212) heap_init: Initializing. RAM available for dynamic allocation:[0m
[0;32mI (220) heap_init: At 3FFAE6E0 len 00001920 (6 KiB): DRAM[0m
[0;32mI (225) heap_init: At 3FFB8020 len 00027FE0 (159 KiB): DRAM[0m
[0;32mI (232) heap_init: At 3FFE0440 len 00003AE0 (14 KiB): D/IRAM[0m
[0;32mI (238) heap_init: At 3FFE4350 len 0001BCB0 (111 KiB): D/IRAM[0m
[0;32mI (244) heap_init: At 40097AF8 len 00008508 (33 KiB): IRAM[0m
[0;32mI (253) spi_flash: detected chip: generic[0m
[0;32mI (255) spi_flash: flash io: dio[0m
[0;32mI (260) app_start: Starting scheduler on CPU0[0m
[0;32mI (264) app_start: Starting scheduler on CPU1[0m
[0;32mI (264) main_task: Started on CPU0[0m
[0;32mI (274) main_task: Calling app_main()[0m
Firmware ver 2.8
[0;32mI (274) gpio: GPIO[0]| InputEn: 1| OutputEn: 0| OpenDrain: 0| Pullup: 1| Pulldown: 0| Intr:3 [0m
[0;32mI (284) POWER MODE: Entering normal mode
[0m
[0;32mI (284) POWER MODE: Wake up from timer. Time spent in deep sleep: 10294ms
[0m
[0;32mI (294) main_task: Returned from app_main()[0m
[0;32mI (454) SHT3x: Temperature: 29.84 Â°C, Humidity: 70.70 %[0m
[0;32mI (454) POWER MODE: Entering deep sleep again
[0m
ets Jun  8 2016 00:22:57

rst:0x5 (DEEPSLEEP_RESET),boot:0x13 (SPI_FAST_FLASH_BOOT)
configsip: 0, SPIWP:0xee
clk_drv:0x00,q_drv:0x00,d_drv:0x00,cs0_drv:0x00,hd_drv:0x00,wp_drv:0x00
mode:DIO, clock div:2
load:0x3fff0030,len:7284
load:0x40078000,len:15884
load:0x40080400,len:4
load:0x40080404,len:3876
entry 0x4008064c
[0;32mI (29) boot: ESP-IDF v5.1-dirty 2nd stage bootloader[0m
[0;32mI (29) boot: compile time Aug 25 2023 16:46:15[0m
[0;32mI (29) boot: Multicore bootloader[0m
[0;32mI (34) boot: chip revision: v1.0[0m
[0;32mI (38) boot.esp32: SPI Speed      : 40MHz[0m
[0;32mI (42) boot.esp32: SPI Mode       : DIO[0m
[0;32mI (47) boot.esp32: SPI Flash Size : 4MB[0m
[0;32mI (52) boot: Enabling RNG early entropy source...[0m
[0;32mI (57) esp_image: segment 0: paddr=00010020 vaddr=3f400020 size=316fch (202492) map[0m
[0;32mI (65) esp_image: segment 1: paddr=00041724 vaddr=3ff80063 size=00008h (     8) [0m
[0;32mI (73) esp_image: segment 2: paddr=00041734 vaddr=3ffb0000 size=038a0h ( 14496) load[0m
[0;32mI (84) esp_image: segment 3: paddr=00044fdc vaddr=40080000 size=0b03ch ( 45116) load[0m
[0;32mI (97) esp_image: segment 4: paddr=00050020 vaddr=400d0020 size=b44f8h (738552) map[0m
[0;32mI (98) esp_image: segment 5: paddr=00104520 vaddr=4008b03c size=0cabch ( 51900) load[0m
[0;32mI (115) esp_image: segment 6: paddr=00110fe4 vaddr=400c0000 size=00064h (   100) [0m
[0;32mI (115) esp_image: segment 7: paddr=00111050 vaddr=50000200 size=00020h (    32) [0m
[0;32mI (123) boot: Fast booting app from partition at offset 0x10000[0m
[0;32mI (130) boot: Disabling RNG early entropy source...[0m
[0;32mI (146) cpu_start: Multicore app[0m
[0;32mI (147) cpu_start: Pro cpu up.[0m
[0;32mI (147) cpu_start: Starting app cpu, entry point is 0x400815f4[0m
[0;32mI (0) cpu_start: App cpu up.[0m
[0;32mI (165) cpu_start: Pro cpu start user code[0m
[0;32mI (165) cpu_start: cpu freq: 80000000 Hz[0m
[0;32mI (165) cpu_start: Application information:[0m
[0;32mI (169) cpu_start: Project name:     SHT3x_Powersave[0m
[0;32mI (175) cpu_start: App version:      c01741d-dirty[0m
[0;32mI (181) cpu_start: Compile time:     Aug 25 2023 23:00:05[0m
[0;32mI (187) cpu_start: ELF file SHA256:  23993ed27e8d4985...[0m
[0;32mI (193) cpu_start: ESP-IDF:          v5.1-dirty[0m
[0;32mI (198) cpu_start: Min chip rev:     v0.0[0m
[0;32mI (203) cpu_start: Max chip rev:     v3.99 [0m
[0;32mI (207) cpu_start: Chip rev:         v1.0[0m
[0;32mI (212) heap_init: Initializing. RAM available for dynamic allocation:[0m
[0;32mI (220) heap_init: At 3FFAE6E0 len 00001920 (6 KiB): DRAM[0m
[0;32mI (225) heap_init: At 3FFB8020 len 00027FE0 (159 KiB): DRAM[0m
[0;32mI (232) heap_init: At 3FFE0440 len 00003AE0 (14 KiB): D/IRAM[0m
[0;32mI (238) heap_init: At 3FFE4350 len 0001BCB0 (111 KiB): D/IRAM[0m
[0;32mI (244) heap_init: At 40097AF8 len 00008508 (33 KiB): IRAM[0m
[0;32mI (253) spi_flash: detected chip: generic[0m
[0;32mI (255) spi_flash: flash io: dio[0m
[0;32mI (260) app_start: Starting scheduler on CPU0[0m
[0;32mI (264) app_start: Starting scheduler on CPU1[0m
[0;32mI (264) main_task: Started on CPU0[0m
[0;32mI (274) main_task: Calling app_main()[0m
Firmware ver 2.8
[0;32mI (274) gpio: GPIO[0]| InputEn: 1| OutputEn: 0| OpenDrain: 0| Pullup: 1| Pulldown: 0| Intr:3 [0m
[0;32mI (284) POWER MODE: Entering normal mode
[0m
[0;32mI (284) POWER MODE: Wakeup from GPIO 0
[0m
[0;32mI (294) main_task: Returned from app_main()[0m
[0;32mI (904) BUTTON: Button pressed for 0 ms
[0m
[0;32mI (1404) BUTTON: Button pressed for 500 ms
[0m
[0;32mI (1904) BUTTON: Button pressed for 1000 ms
[0m
[0;32mI (2404) BUTTON: Button pressed for 1500 ms
[0m
[0;32mI (2904) BUTTON: Button pressed for 2000 ms
[0m
[0;32mI (3404) BUTTON: Button pressed for 2500 ms
[0m
[0;32mI (3904) BUTTON: Button pressed for 3000 ms
[0m
[0;32mI (4404) BUTTON: Button pressed for 3500 ms
[0m
[0;32mI (4904) BUTTON: Enter Prov WiFi Mode
[0m
I (4964) wifi:wifi driver task: 3ffc1734, prio:23, stack:6656, core=0
I (4984) wifi:wifi firmware version: b2f1f86
I (4984) wifi:wifi certification version: v7.0
I (4984) wifi:config NVS flash: enabled
I (4984) wifi:config nano formating: disabled
I (4994) wifi:Init data frame dynamic rx buffer num: 32
I (4994) wifi:Init management frame dynamic rx buffer num: 32
I (5004) wifi:Init management short buffer num: 32
I (5004) wifi:Init dynamic tx buffer num: 32
I (5014) wifi:Init static rx buffer size: 1600
I (5014) wifi:Init static rx buffer num: 10
I (5024) wifi:Init dynamic rx buffer num: 32
[0;32mI (5024) wifi_init: rx ba win: 6[0m
[0;32mI (5024) wifi_init: tcpip mbox: 32[0m
[0;32mI (5034) wifi_init: udp mbox: 6[0m
[0;32mI (5034) wifi_init: tcp mbox: 6[0m
[0;32mI (5034) wifi_init: tcp tx win: 5744[0m
[0;32mI (5044) wifi_init: tcp rx win: 5744[0m
[0;32mI (5044) wifi_init: tcp mss: 1440[0m
[0;32mI (5054) wifi_init: WiFi IRAM OP enabled[0m
[0;32mI (5054) wifi_init: WiFi RX IRAM OP enabled[0m
[0;32mI (5064) Wifi prov: Already provisioned, starting Wi-Fi STA[0m
[0;32mI (5074) phy_init: phy_version 4670,719f9f6,Feb 18 2021,17:07:07[0m
I (5104) wifi:mode : sta (08:3a:f2:7d:53:34)
I (510S	