ets Jun  8 2016 00:22:57

rst:0x1 (POWERON_RESET),boot:0x13 (SPI_FAST_FLASH_BOOT)
configsip: 0, SPIWP:0xee
clk_drv:0x00,q_drv:0x00,d_drv:0x00,cs0_drv:0x00,hd_drv:0x00,wp_drv:0x00
mode:DIO, clock div:2
load:0x3fff0030,len:7284
load:0x40078000,len:15884
load:0x40080400,len:4
load:0x40080404,len:3876
entry 0x4008064c
[0;32mI (29) boot: ESP-IDF v5.1-dirty 2nd stage bootloader[0m
[0;32mI (29) boot: compile time Aug 16 2023 11:36:24[0m
[0;32mI (29) boot: Multicore bootloader[0m
[0;32mI (34) boot: chip revision: v1.0[0m
[0;32mI (37) boot.esp32: SPI Speed      : 40MHz[0m
[0;32mI (42) boot.esp32: SPI Mode       : DIO[0m
[0;32mI (47) boot.esp32: SPI Flash Size : 2MB[0m
[0;32mI (51) boot: Enabling RNG early entropy source...[0m
[0;32mI (57) boot: Partition Table:[0m
[0;32mI (60) boot: ## Label            Usage          Type ST Offset   Length[0m
[0;32mI (67) boot:  0 nvs              WiFi data        01 02 00009000 00006000[0m
[0;32mI (75) boot:  1 phy_init         RF data          01 01 0000f000 00001000[0m
[0;32mI (82) boot:  2 factory          factory app      00 00 00010000 00177000[0m
[0;32mI (90) boot: End of partition table[0m
[0;32mI (94) esp_image: segment 0: paddr=00010020 vaddr=3f400020 size=31f28h (204584) map[0m
[0;32mI (176) esp_image: segment 1: paddr=00041f50 vaddr=3ff80063 size=00008h (     8) load[0m
[0;32mI (177) esp_image: segment 2: paddr=00041f60 vaddr=3ffbdb60 size=05564h ( 21860) load[0m
[0;32mI (191) esp_image: segment 3: paddr=000474cc vaddr=40080000 size=08b4ch ( 35660) load[0m
[0;32mI (206) esp_image: segment 4: paddr=00050020 vaddr=400d0020 size=ce4e4h (845028) map[0m
[0;32mI (511) esp_image: segment 5: paddr=0011e50c vaddr=40088b4c size=136e4h ( 79588) load[0m
[0;32mI (544) esp_image: segment 6: paddr=00131bf8 vaddr=400c0000 size=00064h (   100) load[0m
[0;32mI (545) esp_image: segment 7: paddr=00131c64 vaddr=50000200 size=00018h (    24) load[0m
[0;32mI (565) boot: Loaded app from partition at offset 0x10000[0m
[0;32mI (565) boot: Disabling RNG early entropy source...[0m
[0;32mI (576) cpu_start: Multicore app[0m
[0;32mI (577) cpu_start: Pro cpu up.[0m
[0;32mI (577) cpu_start: Starting app cpu, entry point is 0x40081760[0m
[0;32mI (0) cpu_start: App cpu up.[0m
[0;32mI (595) cpu_start: Pro cpu start user code[0m
[0;32mI (595) cpu_start: cpu freq: 80000000 Hz[0m
[0;32mI (595) cpu_start: Application information:[0m
[0;32mI (599) cpu_start: Project name:     SHT3x_Powersave[0m
[0;32mI (605) cpu_start: App version:      177945f-dirty[0m
[0;32mI (610) cpu_start: Compile time:     Aug 16 2023 11:43:48[0m
[0;32mI (616) cpu_start: ELF file SHA256:  1c08fa2cde7d7a3a...[0m
[0;32mI (622) cpu_start: ESP-IDF:          v5.1-dirty[0m
[0;32mI (628) cpu_start: Min chip rev:     v0.0[0m
[0;32mI (632) cpu_start: Max chip rev:     v3.99 [0m
[0;32mI (637) cpu_start: Chip rev:         v1.0[0m
[0;32mI (642) heap_init: Initializing. RAM available for dynamic allocation:[0m
[0;32mI (649) heap_init: At 3FFAFF10 len 000000F0 (0 KiB): DRAM[0m
[0;32mI (655) heap_init: At 3FFB6388 len 00001C78 (7 KiB): DRAM[0m
[0;32mI (661) heap_init: At 3FFB9A20 len 00004108 (16 KiB): DRAM[0m
[0;32mI (667) heap_init: At 3FFC9D00 len 00016300 (88 KiB): DRAM[0m
[0;32mI (674) heap_init: At 3FFE0440 len 00003AE0 (14 KiB): D/IRAM[0m
[0;32mI (680) heap_init: At 3FFE4350 len 0001BCB0 (111 KiB): D/IRAM[0m
[0;32mI (686) heap_init: At 4009C230 len 00003DD0 (15 KiB): IRAM[0m
[0;32mI (695) spi_flash: detected chip: generic[0m
[0;32mI (697) spi_flash: flash io: dio[0m
[0;33mW (701) spi_flash: Detected size(4096k) larger than the size in the binary image header(2048k). Using the size in the binary image header.[0m
[0;32mI (715) coexist: coex firmware version: ebddf30[0m
[0;32mI (720) app_start: Starting scheduler on CPU0[0m
[0;32mI[0;32mI (725) app_start: Starting scheduler on CPU1[0m
 (725) main_task: Started on CPU0[0m
[0;32mI (735) main_task: Calling app_main()[0m
I (805) wifi:wifi driver task: 3ffcf384, prio:23, stack:6656, core=0
I (835) wifi:wifi firmware version: b2f1f86
I (835) wifi:wifi certification version: v7.0
I (835) wifi:config NVS flash: enabled
I (835) wifi:config nano formating: disabled
I (835) wifi:Init data frame dynamic rx buffer num: 32
I (845) wifi:Init management frame dynamic rx buffer num: 32
I (845) wifi:Init management short buffer num: 32
I (855) wifi:Init dynamic tx buffer num: 32
I (855) wifi:Init static rx buffer size: 1600
I (855) wifi:Init static rx buffer num: 10
I (865) wifi:Init dynamic rx buffer num: 32
[0;32mI (865) wifi_init: rx ba win: 6[0m
[0;32mI (865) wifi_init: tcpip mbox: 32[0m
[0;32mI (875) wifi_init: udp mbox: 6[0m
[0;32mI (875) wifi_init: tcp mbox: 6[0m
[0;32mI (885) wifi_init: tcp tx win: 5744[0m
[0;32mI (885) wifi_init: tcp rx win: 5744[0m
[0;32mI (885) wifi_init: tcp mss: 1440[0m
[0;32mI (895) wifi_prov_scheme_ble: BT memory released[0m
[0;32mI (895) Wifi prov: Already provisioned, starting Wi-Fi STA[0m
[0;32mI (905) phy_init: phy_version 4670,719f9f6,Feb 18 2021,17:07:07[0m
I (1045) wifi:mode : sta (c8:c9:a3:d0:65:bc)
I (1045) wifi:enable tsf
I (1055) wifi:new:<6,0>, old:<1,0>, ap:<255,255>, sta:<6,0>, prof:1
I (1065) wifi:state: init -> auth (b0)
I (1065) wifi:state: auth -> assoc (0)
I (1075) wifi:state: assoc -> run (10)
I (1095) wifi:connected with TUPEO, aid = 6, channel 6, BW20, bssid = b2:7d:64:d8:92:71
I (1095) wifi:security: WPA2-PSK, phy: bgn, rssi: -47
I (1105) wifi:pm start, type: 1

I (1125) wifi:AP's beacon interval = 102400 us, DTIM period = 3
[0;32mI (2105) Wifi prov: Connected with IP Address:192.168.137.232[0m
[0;32mI (2105) esp_netif_handlers: sta ip: 192.168.137.232, mask: 255.255.255.0, gw: 192.168.137.1[0m
[0;32mI (2115) MQTT: Other event id:7[0m
[0;32mI (2115) MQTT: Topic publish: VB/DMP/VBEEON/CUSTOM/SMH/C8C9A3D065BC/telemetry
[0m
Enabling timer wakeup, 30s
Not a deep sleep reset
Entering normal mode
[0;32mI (2125) main_task: Returned from app_main()[0m
[0;32mI (2285) SHT3x: 1: Temperature: 27.95 Â°C, Humidity: 72.82 %[0m
[0;32mI (2575) MQTT: MQTT_EVENT_CONNECTED[0m
[0;32mI (2745) SHT3x: 2: Temperature: 29.10 Â°C, Humidity: 70.72 %[0m
u8cnt_sleep: 1
I (2785) wifi:<ba-add>idx:0 (ifx:0, b2:7d:64:d8:92:71), tid:0, ssn:9, winSize:64
[0;32mI (2795) MQTT: MQTT_EVENT_PUBLISHED, msg_id=65522[0m
[0;32mI (2885) MQTT: MQTT_EVENT_PUBLISHED, msg_id=5305[0m
Entering deep sleep again
ets Jun  8 2016 00:22:57

rst:0x5 (DEEPSLEEP_RESET),boot:0x13 (SPI_FAST_FLASH_BOOT)
configsip: 0, SPIWP:0xee
clk_drv:0x00,q_drv:0x00,d_drv:0x00,cs0_drv:0x00,hd_drv:0x00,wp_drv:0x00
mode:DIO, clock div:2
load:0x3fff0030,len:7284
load:0x40078000,len:15884
load:0x40080400,len:4
load:0x40080404,len:3876
entry 0x4008064c
[0;32mI (29) boot: ESP-IDF v5.1-dirty 2nd stage bootloader[0m
[0;32mI (29) boot: compile time Aug 16 2023 11:36:24[0m
[0;32mI (29) boot: Multicore bootloader[0m
[0;32mI (34) boot: chip revision: v1.0[0m
[0;32mI (38) boot.esp32: SPI Speed      : 40MHz[0m
[0;32mI (42) boot.esp32: SPI Mode       : DIO[0m
[0;32mI (47) boot.esp32: SPI Flash Size : 2MB[0m
[0;32mI (52) boot: Enabling RNG early entropy source...[0m
[0;32mI (57) esp_image: segment 0: paddr=00010020 vaddr=3f400020 size=31f28h (204584) map[0m
[0;32mI (65) esp_image: segment 1: paddr=00041f50 vaddr=3ff80063 size=00008h (     8) [0m
[0;32mI (73) esp_image: segment 2: paddr=00041f60 vaddr=3ffbdb60 size=05564h ( 21860) load[0m
[0;32mI (85) esp_image: segment 3: paddr=000474cc vaddr=40080000 size=08b4ch ( 35660) load[0m
[0;32mI (96) esp_image: segment 4: paddr=00050020 vaddr=400d0020 size=ce4e4h (845028) map[0m
[0;32mI (98) esp_image: segment 5: paddr=0011e50c vaddr=40088b4c size=136e4h ( 79588) load[0m
[0;32mI (119) esp_image: segment 6: paddr=00131bf8 vaddr=400c0000 size=00064h (   100) [0m
[0;32mI (120) esp_image: segment 7: paddr=00131c64 vaddr=50000200 size=00018h (    24) [0m
[0;32mI (125) boot: Fast booting app from partition at offset 0x10000[0m
[0;32mI (132) boot: Disabling RNG early entropy source...[0m
[0;32mI (149) cpu_start: Multicore app[0m
[0;32mI (149) cpu_start: Pro cpu up.[0m
[0;32mI (149) cpu_start: Starting app cpu, entry point is 0x40081760[0m
[0;32mI (0) cpu_start: App cpu up.[0m
[0;32mI (167) cpu_start: Pro cpu start user code[0m
[0;32mI (167) cpu_start: cpu freq: 80000000 Hz[0m
[0;32mI (167) cpu_start: Application information:[0m
[0;32mI (172) cpu_start: Project name:     SHT3x_Powersave[0m
[0;32mI (177) cpu_start: App version:      177945f-dirty[0m
[0;32mI (183) cpu_start: Compile time:     Aug 16 2023 11:43:48[0m
[0;32mI (189) cpu_start: ELF file SHA256:  1c08fa2cde7d7a3a...[0m
[0;32mI (195) cpu_start: ESP-IDF:          v5.1-dirty[0m
[0;32mI (200) cpu_start: Min chip rev:     v0.0[0m
[0;32mI (205) cpu_start: Max chip rev:     v3.99 [0m
[0;32mI (210) cpu_start: Chip rev:         v1.0[0m
[0;32mI (215) heap_init: Initializing. RAM available for dynamic allocation:[0m
[0;32mI (222) heap_init: At 3FFAFF10 len 000000F0 (0 KiB): DRAM[0m
[0;32mI (228) heap_init: At 3FFB6388 len 00001C78 (7 KiB): DRAM[0m
[0;32mI (234) heap_init: At 3FFB9A20 len 00004108 (16 KiB): DRAM[0m
[0;32mI (240) heap_init: At 3FFC9D00 len 00016300 (88 KiB): DRAM[0m
[0;32mI (246) heap_init: At 3FFE0440 len 00003AE0 (14 KiB): D/IRAM[0m
[0;32mI (252) heap_init: At 3FFE4350 len 0001BCB0 (111 KiB): D/IRAM[0m
[0;32mI (259) heap_init: At 4009C230 len 00003DD0 (15 KiB): IRAM[0m
[0;32mI (267) spi_flash: detected chip: generic[0m
[0;32mI (270) spi_flash: flash io: dio[0m
[0;33mW (274) spi_flash: Detected size(4096k) larger than the size in the binary image header(2048k). Using the size in the binary image header.[0m
[0;32mI (288) coexist: coex firmware version: ebddf30[0m
[0;32mI (293) app_start: Starting scheduler on CPU0[0m
[0;32mI[0;32mI (297) app_start: Starting scheduler on CPU1[0m
 (297) main_task: Started on CPU0[0m
[0;32mI (307) main_task: Calling app_main()[0m
I (377) wifi:wifi driver task: 3ffcf384, prio:23, stack:6656, core=0
I (407) wifi:wifi firmware version: b2f1f86
I (407) wifi:wifi certification version: v7.0
I (407) wifi:config NVS flash: enabled
I (407) wifi:config nano formating: disabled
I (407) wifi:Init data frame dynamic rx buffer num: 32
I (417) wifi:Init management frame dynamic rx buffer num: 32
I (417) wifi:Init management short buffer num: 32
I (427) wifi:Init dynamic tx buffer num: 32
I (427) wifi:Init static rx buffer size: 1600
I (427) wifi:Init static rx buffer num: 10
I (437) wifi:Init dynamic rx buffer num: 32
[0;32mI (437) wifi_init: rx ba win: 6[0m
[0;32mI (437) wifi_init: tcpip mbox: 32[0m
[0;32mI (447) wifi_init: udp mbox: 6[0m
[0;32mI (447) wifi_init: tcp mbox: 6[0m
[0;32mI (457) wifi_init: tcp tx win: 5744[0m
[0;32mI (457) wifi_init: tcp rx win: 5744[0m
[0;32mI (457) wifi_init: tcp mss: 1440[0m
[0;32mI (467) wifi_prov_scheme_ble: BT memory released[0m
[0;32mI (467) Wifi prov: Already provisioned, starting Wi-Fi STA[0m
[0;32mI (477) phy_init: phy_version 4670,719f9f6,Feb 18 2021,17:07:07[0m
I (507) wifi:mode : sta (c8:c9:a3:d0:65:bc)
I (517) wifi:enable tsf
I (567) wifi:new:<6,0>, old:<1,0>, ap:<255,255>, sta:<6,0>, prof:1
I (567) wifi:state: init -> auth (b0)
I (577) wifi:state: auth -> assoc (0)
I (577) wifi:state: assoc -> run (10)
I (597) wifi:connected with TUPEO, aid = 7, channel 6, BW20, bssid = b2:7d:64:d8:92:71
I (597) wifi:security: WPA2-PSK, phy: bgn, rssi: -43
I (607) wifi:pm start, type: 1

I (657) wifi:AP's beacon interval = 102400 us, DTIM period = 3
[0;32mI (1607) Wifi prov: Connected with IP Address:192.168.137.232[0m
[0;32mI (1607) esp_netif_handlers: sta ip: 192.168.137.232, mask: 255.255.255.0, gw: 192.168.137.1[0m
[0;32mI (1617) MQTT: Other event id:7[0m
[0;32mI (1617) MQTT: Topic publish: VB/DMP/VBEEON/CUSTOM/SMH/C8C9A3D065BC/telemetry
[0m
Enabling timer wakeup, 30s
Wake up from timer. Time spent in deep sleep: 31634ms
Entering normal mode
[0;32mI (1637) main_task: Returned from app_main()[0m
[0;32mI (1797) SHT3x: 1: Temperature: 28.08 Â°C, Humidity: 73.68 %[0m
[0;32mI (2207) MQTT: MQTT_EVENT_CONNECTED[0m
[0;32mI (2297) MQTT: MQTT_EVENT_PUBLISHED, msg_id=56802[0m
[0;32mI (2377) SHT3x: 2: Temperature: 29.27 Â°C, Humidity: 71.57 %[0m
u8cnt_sleep: 2
[0;32mI (2397) MQTT: MQTT_EVENT_PUBLISHED, msg_id=25140[0m
[0;32mI (2517) MQTT: MQTT_EVENT_PUBLISHED, msg_id=31757[0m
I (2697) wifi:<ba-add>idx:0 (ifx:0, b2:7d:64:d8:92:71), tid:0, ssn:12, winSize:64
Entering deep sleep again
ets Jun  8 2016 00:22:57

rst:0x5 (DEEPSLEEP_RESET),boot:0x13 (SPI_FAST_FLASH_BOOT)
configsip: 0, SPIWP:0xee
clk_drv:0x00,q_drv:0x00,d_drv:0x00,cs0_drv:0x00,hd_drv:0x00,wp_drv:0x00
mode:DIO, clock div:2
load:0x3fff0030,len:7284
load:0x40078000,len:15884
load:0x40080400,len:4
load:0x40080404,len:3876
entry 0x4008064c
[0;32mI (29) boot: ESP-IDF v5.1-dirty 2nd stage bootloader[0m
[0;32mI (29) boot: compile time Aug 16 2023 11:36:24[0m
[0;32mI (29) boot: Multicore bootloader[0m
[0;32mI (34) boot: chip revision: v1.0[0m
[0;32mI (38) boot.esp32: SPI Speed      : 40MHz[0m
[0;32mI (42) boot.esp32: SPI Mode       : DIO[0m
[0;32mI (47) boot.esp32: SPI Flash Size : 2MB[0m
[0;32mI (52) boot: Enabling RNG early entropy source...[0m
[0;32mI (57) esp_image: segment 0: paddr=00010020 vaddr=3f400020 size=31f28h (204584) map[0m
[0;32mI (65) esp_image: segment 1: paddr=00041f50 vaddr=3ff80063 size=00008h (     8) [0m
[0;32mI (73) esp_image: segment 2: paddr=00041f60 vaddr=3ffbdb60 size=05564h ( 21860) load[0m
[0;32mI (85) esp_image: segment 3: paddr=000474cc vaddr=40080000 size=08b4ch ( 35660) load[0m
[0;32mI (96) esp_image: segment 4: paddr=00050020 vaddr=400d0020 size=ce4e4h (845028) map[0m
[0;32mI (98) esp_image: segment 5: paddr=0011e50c vaddr=40088b4c size=136e4h ( 79588) load[0m
[0;32mI (119) esp_image: segment 6: paddr=00131bf8 vaddr=400c0000 size=00064h (   100) [0m
[0;32mI (120) esp_image: segment 7: paddr=00131c64 vaddr=50000200 size=00018h (    24) [0m
[0;32mI (125) boot: Fast booting app from partition at offset 0x10000[0m
[0;32mI (132) boot: Disabling RNG early entropy source...[0m
[0;32mI (149) cpu_start: Multicore app[0m
[0;32mI (149) cpu_start: Pro cpu up.[0m
[0;32mI (149) cpu_start: Starting app cpu, entry point is 0x40081760[0m
[0;32mI (0) cpu_start: App cpu up.[0m
[0;32mI (167) cpu_start: Pro cpu start user code[0m
[0;32mI (167) cpu_start: cpu freq: 80000000 Hz[0m
[0;32mI (167) cpu_start: Application information:[0m
[0;32mI (172) cpu_start: Project name:     SHT3x_Powersave[0m
[0;32mI (177) cpu_start: App version:      177945f-dirty[0m
[0;32mI (183) cpu_start: Compile time:     Aug 16 2023 11:43:48[0m
[0;32mI (189) cpu_start: ELF file SHA256:  1c08fa2cde7d7a3a...[0m
[0;32mI (195) cpu_start: ESP-IDF:          v5.1-dirty[0m
[0;32mI (200) cpu_start: Min chip rev:     v0.0[0m
[0;32mI (205) cpu_start: Max chip rev:     v3.99 [0m
[0;32mI (210) cpu_start: Chip rev:         v1.0[0m
[0;32mI (215) heap_init: Initializing. RAM available for dynamic allocation:[0m
[0;32mI (222) heap_init: At 3FFAFF10 len 000000F0 (0 KiB): DRAM[0m
[0;32mI (228) heap_init: At 3FFB6388 len 00001C78 (7 KiB): DRAM[0m
[0;32mI (234) heap_init: At 3FFB9A20 len 00004108 (16 KiB): DRAM[0m
[0;32mI (240) heap_init: At 3FFC9D00 len 00016300 (88 KiB): DRAM[0m
[0;32mI (246) heap_init: At 3FFE0440 len 00003AE0 (14 KiB): D/IRAM[0m
[0;32mI (252) heap_init: At 3FFE4350 len 0001BCB0 (111 KiB): D/IRAM[0m
[0;32mI (259) heap_init: At 4009C230 len 00003DD0 (15 KiB): IRAM[0m
[0;32mI (267) spi_flash: detected chip: generic[0m
[0;32mI (270) spi_flash: flash io: dio[0m
[0;33mW (274) spi_flash: Detected size(4096k) larger than the size in the binary image header(2048k). Using the size in the binary image header.[0m
[0;32mI (288) coexist: coex firmware version: ebddf30[0m
[0;32mI (293) app_start: Starting scheduler on CPU0[0m
[0;32mI[0;32mI (297) app_start: Starting scheduler on CPU1[0m
 (297) main_task: Started on CPU0[0m
[0;32mI (307) main_task: Calling app_main()[0m
I (377) wifi:wifi driver task: 3ffcf384, prio:23, stack:6656, core=0
I (407) wifi:wifi firmware version: b2f1f86
I (407) wifi:wifi certification version: v7.0
I (407) wifi:config NVS flash: enabled
I (407) wifi:config nano formating: disabled
I (407) wifi:Init data frame dynamic rx buffer num: 32
I (417) wifi:Init management frame dynamic rx buffer num: 32
I (417) wifi:Init management short buffer num: 32
I (427) wifi:Init dynamic tx buffer num: 32
I (427) wifi:Init static rx buffer size: 1600
I (427) wifi:Init static rx buffer num: 10
I (437) wifi:Init dynamic rx buffer num: 32
[0;32mI (437) wifi_init: rx ba win: 6[0m
[0;32mI (437) wifi_init: tcpip mbox: 32[0m
[0;32mI (447) wifi_init: udp mbox: 6[0m
[0;32mI (447) wifi_init: tcp mbox: 6[0m
[0;32mI (457) wifi_init: tcp tx win: 5744[0m
[0;32mI (457) wifi_init: tcp rx win: 5744[0m
[0;32mI (457) wifi_init: tcp mss: 1440[0m
[0;32mI (467) wifi_prov_scheme_ble: BT memory released[0m
[0;32mI (467) Wifi prov: Already provisioned, starting Wi-Fi STA[0m
[0;32mI (477) phy_init: phy_version 4670,719f9f6,Feb 18 2021,17:07:07[0m
I (507) wifi:mode : sta (c8:c9:a3:d0:65:bc)
I (517) wifi:enable tsf
I (527) wifi:new:<6,0>, old:<1,0>, ap:<255,255>, sta:<6,0>, prof:1
I (527) wifi:state: init -> auth (b0)
I (537) wifi:state: auth -> assoc (0)
I (547) wifi:state: assoc -> run (10)
I (557) wifi:connected with TUPEO, aid = 8, channel 6, BW20, bssid = b2:7d:64:d8:92:71
I (557) wifi:security: WPA2-PSK, phy: bgn, rssi: -46
I (567) wifi:pm start, type: 1

I (597) wifi:AP's beacon interval = 102400 us, DTIM period = 3
[0;32mI (1577) Wifi prov: Connected with IP Address:192.168.137.232[0m
[0;32mI (1577) esp_netif_handlers: sta ip: 192.168.137.232, mask: 255.255.255.0, gw: 192.168.137.1[0m
[0;32mI (1587) MQTT: Other event id:7[0m
[0;32mI (1587) MQTT: Topic publish: VB/DMP/VBEEON/CUSTOM/SMH/C8C9A3D065BC/telemetry
[0m
Enabling timer wakeup, 30s
Wake up from timer. Time spent in deep sleep: 31605ms
Entering normal mode
[0;32mI (1607) main_task: Returned from app_main()[0m
[0;32mI (1767) SHT3x: 1: Temperature: 28.15 Â°C, Humidity: 74.39 %[0m
[0;32mI (2147) MQTT: MQTT_EVENT_CONNECTED[0m
I (2227) wifi:<ba-add>idx:0 (ifx:0, b2:7d:64:d8:92:71), tid:0, ssn:9, winSize:64
[0;32mI (2237) MQTT: MQTT_EVENT_PUBLISHED, msg_id=27994[0m
[0;32mI (2327) SHT3x: 2: Temperature: 29.00 Â°C, Humidity: 72.75 %[0m
u8cnt_sleep: 1
[0;32mI (2367) MQTT: MQTT_EVENT_PUBLISHED, msg_id=6891[0m
Entering deep sleep again
ets Jun  8 2016 00:22:57

rst:0x5 (DEEPSLEEP_RESET),boot:0x13 (SPI_FAST_FLASH_BOOT)
configsip: 0, SPIWP:0xee
clk_drv:0x00,q_drv:0x00,d_drv:0x00,cs0_drv:0x00,hd_drv:0x00,wp_drv:0x00
mode:DIO, clock div:2
load:0x3fff0030,len:7284
load:0x40078000,len:15884
load:0x40080400,len:4
load:0x40080404,len:3876
entry 0x4008064c
[0;32mI (29) boot: ESP-IDF v5.1-dirty 2nd stage bootloader[0m
[0;32mI (29) boot: compile time Aug 16 2023 11:36:24[0m
[0;32mI (29) boot: Multicore bootloader[0m
[0;32mI (34) boot: chip revision: v1.0[0m
[0;32mI (38) boot.esp32: SPI Speed      : 40MHz[0m
[0;32mI (42) boot.esp32: SPI Mode       : DIO[0m
[0;32mI (47) boot.esp32: SPI Flash Size : 2MB[0m
[0;32mI (52) boot: Enabling RNG early entropy source...[0m
[0;32mI (57) esp_image: segment 0: paddr=00010020 vaddr=3f400020 size=31f28h (204584) map[0m
[0;32mI (65) esp_image: segment 1: paddr=00041f50 vaddr=3ff80063 size=00008h (     8) [0m
[0;32mI (73) esp_image: segment 2: paddr=00041f60 vaddr=3ffbdb60 size=05564h ( 21860) load[0m
[0;32mI (85) esp_image: segment 3: paddr=000474cc vaddr=40080000 size=08b4ch ( 35660) load[0m
[0;32mI (96) esp_image: segment 4: paddr=00050020 vaddr=400d0020 size=ce4e4h (845028) map[0m
[0;32mI (98) esp_image: segment 5: paddr=0011e50c vaddr=40088b4c size=136e4h ( 79588) load[0m
[0;32mI (119) esp_image: segment 6: paddr=00131bf8 vaddr=400c0000 size=00064h (   100) [0m
[0;32mI (120) esp_image: segment 7: paddr=00131c64 vaddr=50000200 size=00018h (    24) [0m
[0;32mI (125) boot: Fast booting app from partition at offset 0x10000[0m
[0;32mI (132) boot: Disabling RNG early entropy source...[0m
[0;32mI (149) cpu_start: Multicore app[0m
[0;32mI (149) cpu_start: Pro cpu up.[0m
[0;32mI (149) cpu_start: Starting app cpu, entry point is 0x40081760[0m
[0;32mI (0) cpu_start: App cpu up.[0m
[0;32mI (167) cpu_start: Pro cpu start user code[0m
[0;32mI (167) cpu_start: cpu freq: 80000000 Hz[0m
[0;32mI (167) cpu_start: Application information:[0m
[0;32mI (172) cpu_start: Project name:     SHT3x_Powersave[0m
[0;32mI (177) cpu_start: App version:      177945f-dirty[0m
[0;32mI (183) cpu_start: Compile time:     Aug 16 2023 11:43:48[0m
[0;32mI (189) cpu_start: ELF file SHA256:  1c08fa2cde7d7a3a...[0m
[0;32mI (195) cpu_start: ESP-IDF:          v5.1-dirty[0m
[0;32mI (200) cpu_start: Min chip rev:     v0.0[0m
[0;32mI (205) cpu_start: Max chip rev:     v3.99 [0m
[0;32mI (210) cpu_start: Chip rev:         v1.0[0m
[0;32mI (215) heap_init: Initializing. RAM available for dynamic allocation:[0m
[0;32mI (222) heap_init: At 3FFAFF10 len 000000F0 (0 KiB): DRAM[0m
[0;32mI (228) heap_init: At 3FFB6388 len 00001C78 (7 KiB): DRAM[0m
[0;32mI (234) heap_init: At 3FFB9A20 len 00004108 (16 KiB): DRAM[0m
[0;32mI (240) heap_init: At 3FFC9D00 len 00016300 (88 KiB): DRAM[0m
[0;32mI (246) heap_init: At 3FFE0440 len 00003AE0 (14 KiB): D/IRAM[0m
[0;32mI (252) heap_init: At 3FFE4350 len 0001BCB0 (111 KiB): D/IRAM[0m
[0;32mI (259) heap_init: At 4009C230 len 00003DD0 (15 KiB): IRAM[0m
[0;32mI (267) spi_flash: detected chip: generic[0m
[0;32mI (270) spi_flash: flash io: dio[0m
[0;33mW (274) spi_flash: Detected size(4096k) larger than the size in the binary image header(2048k). Using the size in the binary image header.[0m
[0;32mI (288) coexist: coex firmware version: ebddf30[0m
[0;32mI (293) app_start: Starting scheduler on CPU0[0m
[0;32mI[0;32mI (297) app_start: Starting scheduler on CPU1[0m
 (297) main_task: Started on CPU0[0m
[0;32mI (307) main_task: Calling app_main()[0m
I (377) wifi:wifi driver task: 3ffcf384, prio:23, stack:6656, core=0
I (407) wifi:wifi firmware version: b2f1f86
I (407) wifi:wifi certification version: v7.0
I (407) wifi:config NVS flash: enabled
I (407) wifi:config nano formating: disabled
I (407) wifi:Init data frame dynamic rx buffer num: 32
I (417) wifi:Init management frame dynamic rx buffer num: 32
I (417) wifi:Init management short buffer num: 32
I (427) wifi:Init dynamic tx buffer num: 32
I (427) wifi:Init static rx buffer size: 1600
I (427) wifi:Init static rx buffer num: 10
I (437) wifi:Init dynamic rx buffer num: 32
[0;32mI (437) wifi_init: rx ba win: 6[0m
[0;32mI (437) wifi_init: tcpip mbox: 32[0m
[0;32mI (447) wifi_init: udp mbox: 6[0m
[0;32mI (447) wifi_init: tcp mbox: 6[0m
[0;32mI (457) wifi_init: tcp tx win: 5744[0m
[0;32mI (457) wifi_init: tcp rx win: 5744[0m
[0;32mI (457) wifi_init: tcp mss: 1440[0m
[0;32mI (467) wifi_prov_scheme_ble: BT memory released[0m
[0;32mI (467) Wifi prov: Already provisioned, starting Wi-Fi STA[0m
[0;32mI (477) phy_init: phy_version 4670,719f9f6,Feb 18 2021,17:07:07[0m
I (507) wifi:mode : sta (c8:c9:a3:d0:65:bc)
I (517) wifi:enable tsf
I (527) wifi:new:<6,0>, old:<1,0>, ap:<255,255>, sta:<6,0>, prof:1
I (527) wifi:state: init -> auth (b0)
I (537) wifi:state: auth -> assoc (0)
I (537) wifi:state: assoc -> run (10)
I (567) wifi:connected with TUPEO, aid = 9, channel 6, BW20, bssid = b2:7d:64:d8:92:71
I (567) wifi:security: WPA2-PSK, phy: bgn, rssi: -40
I (577) wifi:pm start, type: 1

I (607) wifi:AP's beacon interval = 102400 us, DTIM period = 3
[0;32mI (1577) Wifi prov: Connected with IP Address:192.168.137.232[0m
[0;32mI (1577) esp_netif_handlers: sta ip: 192.168.137.232, mask: 255.255.255.0, gw: 192.168.137.1[0m
[0;32mI (1587) MQTT: Other event id:7[0m
[0;32mI (1597) MQTT: Topic publish: VB/DMP/VBEEON/CUSTOM/SMH/C8C9A3D065BC/telemetry
[0m
Enabling timer wakeup, 30s
Wake up from timer. Time spent in deep sleep: 31602ms
Entering normal mode
[0;32mI (1607) main_task: Returned from app_main()[0m
[0;32mI (1937) MQTT: MQTT_EVENT_CONNECTED[0m
[0;32mI (2927) SHT3x: 2: Temperature: 29.07 Â°C, Humidity: 75.07 %[0m
u8cnt_sleep: 2
[0;32mI (3077) MQTT: MQTT_EVENT_PUBLISHED, msg_id=10003[0m
Entering deep sleep again
