ets Jun  8 2016 00:22:57

rst:0x1 (POWERON_RESET),boot:0x13 (SPI_FAST_FLASH_BOOT)
configsip: 0, SPIWP:0xee
clk_drv:0x00,q_drv:0x00,d_drv:0x00,cs0_drv:0x00,hd_drv:0x00,wp_drv:0x00
mode:DIO, clock div:2
load:0x3fff0030,len:7284
load:0x40078000,len:15884
load:0x40080400,len:4
load:0x40080404,len:3876
entry 0x4008064c
[0;32mI (29) boot: ESP-IDF v5.1-dirty 2nd stage bootloader[0m
[0;32mI (29) boot: compile time Aug 16 2023 11:36:24[0m
[0;32mI (29) boot: Multicore bootloader[0m
[0;32mI (34) boot: chip revision: v1.0[0m
[0;32mI (37) boot.esp32: SPI Speed      : 40MHz[0m
[0;32mI (42) boot.esp32: SPI Mode       : DIO[0m
[0;32mI (47) boot.esp32: SPI Flash Size : 2MB[0m
[0;32mI (51) boot: Enabling RNG early entropy source...[0m
[0;32mI (57) boot: Partition Table:[0m
[0;32mI (60) boot: ## Label            Usage          Type ST Offset   Length[0m
[0;32mI (67) boot:  0 nvs              WiFi data        01 02 00009000 00006000[0m
[0;32mI (75) boot:  1 phy_init         RF data          01 01 0000f000 00001000[0m
[0;32mI (82) boot:  2 factory          factory app      00 00 00010000 00177000[0m
[0;32mI (90) boot: End of partition table[0m
[0;32mI (94) esp_image: segment 0: paddr=00010020 vaddr=3f400020 size=31f28h (204584) map[0m
[0;32mI (176) esp_image: segment 1: paddr=00041f50 vaddr=3ff80063 size=00008h (     8) load[0m
[0;32mI (177) esp_image: segment 2: paddr=00041f60 vaddr=3ffbdb60 size=05564h ( 21860) load[0m
[0;32mI (191) esp_image: segment 3: paddr=000474cc vaddr=40080000 size=08b4ch ( 35660) load[0m
[0;32mI (206) esp_image: segment 4: paddr=00050020 vaddr=400d0020 size=ce4e4h (845028) map[0m
[0;32mI (511) esp_image: segment 5: paddr=0011e50c vaddr=40088b4c size=136e4h ( 79588) load[0m
[0;32mI (544) esp_image: segment 6: paddr=00131bf8 vaddr=400c0000 size=00064h (   100) load[0m
[0;32mI (545) esp_image: segment 7: paddr=00131c64 vaddr=50000200 size=00018h (    24) load[0m
[0;32mI (565) boot: Loaded app from partition at offset 0x10000[0m
[0;32mI (565) boot: Disabling RNG early entropy source...[0m
[0;32mI (576) cpu_start: Multicore app[0m
[0;32mI (577) cpu_start: Pro cpu up.[0m
[0;32mI (577) cpu_start: Starting app cpu, entry point is 0x40081760[0m
[0;32mI (0) cpu_start: App cpu up.[0m
[0;32mI (595) cpu_start: Pro cpu start user code[0m
[0;32mI (595) cpu_start: cpu freq: 80000000 Hz[0m
[0;32mI (595) cpu_start: Application information:[0m
[0;32mI (599) cpu_start: Project name:     SHT3x_Powersave[0m
[0;32mI (605) cpu_start: App version:      177945f-dirty[0m
[0;32mI (610) cpu_start: Compile time:     Aug 16 2023 11:43:48[0m
[0;32mI (616) cpu_start: ELF file SHA256:  a2fe44e99d64c6d6...[0m
[0;32mI (622) cpu_start: ESP-IDF:          v5.1-dirty[0m
[0;32mI (628) cpu_start: Min chip rev:     v0.0[0m
[0;32mI (632) cpu_start: Max chip rev:     v3.99 [0m
[0;32mI (637) cpu_start: Chip rev:         v1.0[0m
[0;32mI (642) heap_init: Initializing. RAM available for dynamic allocation:[0m
[0;32mI (649) heap_init: At 3FFAFF10 len 000000F0 (0 KiB): DRAM[0m
[0;32mI (655) heap_init: At 3FFB6388 len 00001C78 (7 KiB): DRAM[0m
[0;32mI (661) heap_init: At 3FFB9A20 len 00004108 (16 KiB): DRAM[0m
[0;32mI (667) heap_init: At 3FFC9D00 len 00016300 (88 KiB): DRAM[0m
[0;32mI (674) heap_init: At 3FFE0440 len 00003AE0 (14 KiB): D/IRAM[0m
[0;32mI (680) heap_init: At 3FFE4350 len 0001BCB0 (111 KiB): D/IRAM[0m
[0;32mI (686) heap_init: At 4009C230 len 00003DD0 (15 KiB): IRAM[0m
[0;32mI (695) spi_flash: detected chip: generic[0m
[0;32mI (697) spi_flash: flash io: dio[0m
[0;33mW (701) spi_flash: Detected size(4096k) larger than the size in the binary image header(2048k). Using the size in the binary image header.[0m
[0;32mI (715) coexist: coex firmware version: ebddf30[0m
[0;32mI (720) app_start: Starting scheduler on CPU0[0m
[0;32mI[0;32mI (725) app_start: Starting scheduler on CPU1[0m
 (725) main_task: Started on CPU0[0m
[0;32mI (735) main_task: Calling app_main()[0m
[0;31mE (735) i2c: i2c driver install error[0m
ESP_ERROR_CHECK failed: esp_err_t 0xffffffff (ESP_FAIL) at 0x400d796d
file: "./components/bee_i2c/bee_i2c.c" line 34
func: i2c_init
expression: i2c_driver_install(bus, I2C_MODE_MASTER, 0, 0, 0)

abort() was called at PC 0x400947cf on core 0


Backtrace: 0x40081dfa:0x3ffbbb20 0x400947d9:0x3ffbbb40 0x4009a4ce:0x3ffbbb60 0x400947cf:0x3ffbbbd0 0x400d796d:0x3ffbbc00 0x400d771a:0x3ffbbc20 0x4019c6ab:0x3ffbbc50 0x40097291:0x3ffbbc80




ELF file SHA256: a2fe44e99d64c6d6

Rebooting...
ets Jun  8 2016 00:22:57

rst:0xc (SW_CPU_RESET),boot:0x13 (SPI_FAST_FLASH_BOOT)
configsip: 0, SPIWP:0xee
clk_drv:0x00,q_drv:0x00,d_drv:0x00,cs0_drv:0x00,hd_drv:0x00,wp_drv:0x00
mode:DIO, clock div:2
load:0x3fff0030,len:7284
load:0x40078000,len:15884
load:0x40080400,len:4
load:0x40080404,len:3876
entry 0x4008064c
[0;32mI (29) boot: ESP-IDF v5.1-dirty 2nd stage bootloader[0m
[0;32mI (29) boot: compile time Aug 16 2023 11:36:24[0m
[0;32mI (29) boot: Multicore bootloader[0m
[0;32mI (34) boot: chip revision: v1.0[0m
[0;32mI (38) boot.esp32: SPI Speed      : 40MHz[0m
[0;32mI (42) boot.esp32: SPI Mode       : DIO[0m
[0;32mI (47) boot.esp32: SPI Flash Size : 2MB[0m
[0;32mI (51) boot: Enabling RNG early entropy source...[0m
[0;32mI (57) boot: Partition Table:[0m
[0;32mI (60) boot: ## Label            Usage          Type ST Offset   Length[0m
[0;32mI (68) boot:  0 nvs              WiFi data        01 02 00009000 00006000[0m
[0;32mI (75) boot:  1 phy_init         RF data          01 01 0000f000 00001000[0m
[0;32mI (82) boot:  2 factory          factory app      00 00 00010000 00177000[0m
[0;32mI (90) boot: End of partition table[0m
[0;32mI (94) esp_image: segment 0: paddr=00010020 vaddr=3f400020 size=31f28h (204584) map[0m
[0;32mI (176) esp_image: segment 1: paddr=00041f50 vaddr=3ff80063 size=00008h (     8) load[0m
[0;32mI (177) esp_image: segment 2: paddr=00041f60 vaddr=3ffbdb60 size=05564h ( 21860) load[0m
[0;32mI (191) esp_image: segment 3: paddr=000474cc vaddr=40080000 size=08b4ch ( 35660) load[0m
[0;32mI (206) esp_image: segment 4: paddr=00050020 vaddr=400d0020 size=ce4e4h (845028) map[0m
[0;32mI (511) esp_image: segment 5: paddr=0011e50c vaddr=40088b4c size=136e4h ( 79588) load[0m
[0;32mI (545) esp_image: segment 6: paddr=00131bf8 vaddr=400c0000 size=00064h (   100) load[0m
[0;32mI (545) esp_image: segment 7: paddr=00131c64 vaddr=50000200 size=00018h (    24) load[0m
[0;32mI (565) boot: Loaded app from partition at offset 0x10000[0m
[0;32mI (565) boot: Disabling RNG early entropy source...[0m
[0;32mI (576) cpu_start: Multicore app[0m
[0;32mI (577) cpu_start: Pro cpu up.[0m
[0;32mI (577) cpu_start: Starting app cpu, entry point is 0x40081760[0m
[0;32mI (565) cpu_start: App cpu up.[0m
[0;32mI (595) cpu_start: Pro cpu start user code[0m
[0;32mI (595) cpu_start: cpu freq: 80000000 Hz[0m
[0;32mI (595) cpu_start: Application information:[0m
[0;32mI (600) cpu_start: Project name:     SHT3x_Powersave[0m
[0;32mI (605) cpu_start: App version:      177945f-dirty[0m
[0;32mI (611) cpu_start: Compile time:     Aug 16 2023 11:43:48[0m
[0;32mI (617) cpu_start: ELF file SHA256:  a2fe44e99d64c6d6...[0m
[0;32mI (623) cpu_start: ESP-IDF:          v5.1-dirty[0m
[0;32mI (628) cpu_start: Min chip rev:     v0.0[0m
[0;32mI (633) cpu_start: Max chip rev:     v3.99 [0m
[0;32mI (637) cpu_start: Chip rev:         v1.0[0m
[0;32mI (642) heap_init: Initializing. RAM available for dynamic allocation:[0m
[0;32mI (650) heap_init: At 3FFAFF10 len 000000F0 (0 KiB): DRAM[0m
[0;32mI (655) heap_init: At 3FFB6388 len 00001C78 (7 KiB): DRAM[0m
[0;32mI (662) heap_init: At 3FFB9A20 len 00004108 (16 KiB): DRAM[0m
[0;32mI (668) heap_init: At 3FFC9D00 len 00016300 (88 KiB): DRAM[0m
[0;32mI (674) heap_init: At 3FFE0440 len 00003AE0 (14 KiB): D/IRAM[0m
[0;32mI (680) heap_init: At 3FFE4350 len 0001BCB0 (111 KiB): D/IRAM[0m
[0;32mI (687) heap_init: At 4009C230 len 00003DD0 (15 KiB): IRAM[0m
[0;32mI (695) spi_flash: detected chip: generic[0m
[0;32mI (697) spi_flash: flash io: dio[0m
[0;33mW (701) spi_flash: Detected size(4096k) larger than the size in the binary image header(2048k). Using the size in the binary image header.[0m
[0;32mI (716) coexist: coex firmware version: ebddf30[0m
[0;32mI (721) app_start: Starting scheduler on CPU0[0m
[0;32mI[0;32mI (725) app_start: Starting scheduler on CPU1[0m
 (725) main_task: Started on CPU0[0m
[0;32mI (735) main_task: Calling app_main()[0m
[0;31mE (735) i2c: i2c driver install error[0m
ESP_ERROR_CHECK failed: esp_err_t 0xffffffff (ESP_FAIL) at 0x400d796d
file: "./components/bee_i2c/bee_i2c.c" line 34
func: i2c_init
expression: i2c_driver_install(bus, I2C_MODE_MASTER, 0, 0, 0)

abort() was called at PC 0x400947cf on core 0


Backtrace: 0x40081dfa:0x3ffbbb20 0x400947d9:0x3ffbbb40 0x4009a4ce:0x3ffbbb60 0x400947cf:0x3ffbbbd0 0x400d796d:0x3ffbbc00 0x400d771a:0x3ffbbc20 0x4019c6ab:0x3ffbbc50 0x40097291:0x3ffbbc80




ELF file SHA256: a2fe44e99d64c6d6

Rebooting...
ets Jun  8 2016 00:22:57

rst:0xc (SW_CPU_RESET),boot:0x13 (SPI_FAST_FLASH_BOOT)
configsip: 0, SPIWP:0xee
clk_drv:0x00,q_drv:0x00,d_drv:0x00,cs0_drv:0x00,hd_drv:0x00,wp_drv:0x00
mode:DIO, clock div:2
load:0x3fff0030,len:7284
load:0x40078000,len:15884
load:0x40080400,len:4
load:0x40080404,len:3876
entry 0x4008064c
[0;32mI (29) boot: ESP-IDF v5.1-dirty 2nd stage bootloader[0m
[0;32mI (29) boot: compile time Aug 16 2023 11:36:24[0m
[0;32mI (29) boot: Multicore bootloader[0m
[0;32mI (34) boot: chip revision: v1.0[0m
[0;32mI (38) boot.esp32: SPI Speed      : 40MHz[0m
[0;32mI (42) boot.esp32: SPI Mode       : DIO[0m
[0;32mI (47) boot.esp32: SPI Flash Size : 2MB[0m
[0;32mI (51) boot: Enabling RNG early entropy source...[0m
[0;32mI (57) boot: Partition Table:[0m
[0;32mI (60) boot: ## Label            Usage          Type ST Offset   Length[0m
[0;32mI (68) boot:  0 nvs              WiFi data        01 02 00009000 00006000[0m
[0;32mI (75) boot:  1 phy_init         RF data          01 01 0000f000 00001000[0m
[0;32mI (82) boot:  2 factory          factory app      00 00 00010000 00177000[0m
[0;32mI (90) boot: End of partition table[0m
[0;32mI (94) esp_image: segment 0: paddr=00010020 vaddr=3f400020 size=31f28h (204584) map[0m
[0;32mI (176) esp_image: segment 1: paddr=00041f50 vaddr=3ff80063 size=00008h (     8) load[0m
[0;32mI (177) esp_image: segment 2: paddr=00041f60 vaddr=3ffbdb60 size=05564h ( 21860) load[0m
[0;32mI (191) esp_image: segment 3: paddr=000474cc vaddr=40080000 size=08b4ch ( 35660) load[0m
[0;32mI (206) esp_image: segment 4: paddr=00050020 vaddr=400d0020 size=ce4e4h (845028) map[0m
[0;32mI (511) esp_image: segment 5: paddr=0011e50c vaddr=40088b4c size=136e4h ( 79588) load[0m
[0;32mI (545) esp_image: segment 6: paddr=00131bf8 vaddr=400c0000 size=00064h (   100) load[0m
[0;32mI (545) esp_image: segment 7: paddr=00131c64 vaddr=50000200 size=00018h (    24) load[0m
[0;32mI (565) boot: Loaded app from partition at offset 0x10000[0m
[0;32mI (565) boot: Disabling RNG early entropy source...[0m
[0;32mI (576) cpu_start: Multicore app[0m
[0;32mI (577) cpu_start: Pro cpu up.[0m
[0;32mI (577) cpu_start: Starting app cpu, entry point is 0x40081760[0m
[0;32mI (565) cpu_start: App cpu up.[0m
[0;32mI (595) cpu_start: Pro cpu start user code[0m
[0;32mI (595) cpu_start: cpu freq: 80000000 Hz[0m
[0;32mI (595) cpu_start: Application information:[0m
[0;32mI (600) cpu_start: Project name:     SHT3x_Powersave[0m
[0;32mI (605) cpu_start: App version:      177945f-dirty[0m
[0;32mI (611) cpu_start: Compile time:     Aug 16 2023 11:43:48[0m
[0;32mI (617) cpu_start: ELF file SHA256:  a2fe44e99d64c6d6...[0m
[0;32mI (623) cpu_start: ESP-IDF:          v5.1-dirty[0m
[0;32mI (628) cpu_start: Min chip rev:     v0.0[0m
[0;32mI (633) cpu_start: Max chip rev:     v3.99 [0m
[0;32mI (637) cpu_start: Chip rev:         v1.0[0m
[0;32mI (642) heap_init: Initializing. RAM available for dynamic allocation:[0m
[0;32mI (650) heap_init: At 3FFAFF10 len 000000F0 (0 KiB): DRAM[0m
[0;32mI (655) heap_init: At 3FFB6388 len 00001C78 (7 KiB): DRAM[0m
[0;32mI (662) heap_init: At 3FFB9A20 len 00004108 (16 KiB): DRAM[0m
[0;32mI (668) heap_init: At 3FFC9D00 len 00016300 (88 KiB): DRAM[0m
[0;32mI (674) heap_init: At 3FFE0440 len 00003AE0 (14 KiB): D/IRAM[0m
[0;32mI (680) heap_init: At 3FFE4350 len 0001BCB0 (111 KiB): D/IRAM[0m
[0;32mI (687) heap_init: At 4009C230 len 00003DD0 (15 KiB): IRAM[0m
[0;32mI (695) spi_flash: detected chip: generic[0m
[0;32mI (697) spi_flash: flash io: dio[0m
[0;33mW (701) spi_flash: Detected size(4096k) larger than the size in the binary image header(2048k). Using the size in the binary image header.[0m
[0;32mI (716) coexist: coex firmware version: ebddf30[0m
[0;32mI (721) app_start: Starting scheduler on CPU0[0m
[0;32mI[0;32mI (725) app_start: Starting scheduler on CPU1[0m
 (725) main_task: Started on CPU0[0m
[0;32mI (735) main_task: Calling app_main()[0m
[0;31mE (735) i2c: i2c driver install error[0m
ESP_ERROR_CHECK failed: esp_err_t 0xffffffff (ESP_FAIL) at 0x400d796d
file: "./components/bee_i2c/bee_i2c.c" line 34
func: i2c_init
expression: i2c_driver_install(bus, I2C_MODE_MASTER, 0, 0, 0)

abort() was called at PC 0x400947cf on core 0


Backtrace: 0x40081dfa:0x3ffbbb20 0x400947d9:0x3ffbbb40 0x4009a4ce:0x3ffbbb60 0x400947cf:0x3ffbbbd0 0x400d796d:0x3ffbbc00 0x400d771a:0x3ffbbc20 0x4019c6ab:0x3ffbbc50 0x40097291:0x3ffbbc80




ELF file SHA256: a2fe44e99d64c6d6

Rebooting...
ets Jun  8 2016 00:22:57

rst:0xc (SW_CPU_RESET),boot:0x13 (SPI_FAST_FLASH_BOOT)
configsip: 0, SPIWP:0xee
clk_drv:0x00,q_drv:0x00,d_drv:0x00,cs0_drv:0x00,hd_drv:0x00,wp_drv:0x00
mode:DIO, clock div:2
load:0x3fff0030,len:7284
load:0x40078000,len:15884
load:0x40080400,len:4
load:0x40080404,len:3876
entry 0x4008064c
[0;32mI (29) boot: ESP-IDF v5.1-dirty 2nd stage bootloader[0m
[0;32mI (29) boot: compile time Aug 16 2023 11:36:24[0m
[0;32mI (29) boot: Multicore bootloader[0m
[0;32mI (34) boot: chip revision: v1.0[0m
[0;32mI (38) boot.esp32: SPI Speed      : 40MHz[0m
[0;32mI (42) boot.esp32: SPI Mode       : DIO[0m
[0;32mI (47) boot.esp32: SPI Flash Size : 2MB[0m
[0;32mI (51) boot: Enabling RNG early entropy source...[0m
[0;32mI (57) boot: Partition Table:[0m
[0;32mI (60) boot: ## Label            Usage          Type ST Offset   Length[0m
[0;32mI (68) boot:  0 nvs              WiFi data        01 02 00009000 00006000[0m
[0;32mI (75) boot:  1 phy_init         RF data          01 01 0000f000 00001000[0m
[0;32mI (82) boot:  2 factory          factory app      00 00 00010000 00177000[0m
[0;32mI (90) boot: End of partition table[0m
[0;32mI (94) esp_image: segment 0: paddr=00010020 vaddr=3f400020 size=31f28h (204584) map[0m
[0;32mI (176) esp_image: segment 1: paddr=00041f50 vaddr=3ff80063 size=00008h (     8) load[0m
[0;32mI (177) esp_image: segment 2: paddr=00041f60 vaddr=3ffbdb60 size=05564h ( 21860) load[0m
[0;32mI (191) esp_image: segment 3: paddr=000474cc vaddr=40080000 size=08b4ch ( 35660) load[0m
[0;32mI (206) esp_image: segment 4: paddr=00050020 vaddr=400d0020 size=ce4e4h (845028) map[0m
[0;32mI (511) esp_image: segment 5: paddr=0011e50c vaddr=40088b4c size=136e4h ( 79588) load[0m
[0;32mI (545) esp_image: segment 6: paddr=00131bf8 vaddr=400c0000 size=00064h (   100) load[0m
[0;32mI (545) esp_image: segment 7: paddr=00131c64 vaddr=50000200 size=00018h (    24) load[0m
[0;32mI (565) boot: Loaded app from partition at offset 0x10000[0m
[0;32mI (565) boot: Disabling RNG early entropy source...[0m
[0;32mI (576) cpu_start: Multicore app[0m
[0;32mI (577) cpu_start: Pro cpu up.[0m
[0;32mI (577) cpu_start: Starting app cpu, entry point is 0x40081760[0m
[0;32mI (565) cpu_start: App cpu up.[0m
[0;32mI (595) cpu_start: Pro cpu start user code[0m
[0;32mI (595) cpu_start: cpu freq: 80000000 Hz[0m
[0;32mI (595) cpu_start: Application information:[0m
[0;32mI (600) cpu_start: Project name:     SHT3x_Powersave[0m
[0;32mI (605) cpu_start: App version:      177945f-dirty[0m
[0;32mI (611) cpu_start: Compile time:     Aug 16 2023 11:43:48[0m
[0;32mI (617) cpu_start: ELF file SHA256:  a2fe44e99d64c6d6...[0m
[0;32mI (623) cpu_start: ESP-IDF:          v5.1-dirty[0m
[0;32mI (628) cpu_start: Min chip rev:     v0.0[0m
[0;32mI (633) cpu_start: Max chip rev:     v3.99 [0m
[0;32mI (637) cpu_start: Chip rev:         v1.0[0m
[0;32mI (642) heap_init: Initializing. RAM available for dynamic allocation:[0m
[0;32mI (650) heap_init: At 3FFAFF10 len 000000F0 (0 KiB): DRAM[0m
[0;32mI (655) heap_init: At 3FFB6388 len 00001C78 (7 KiB): DRAM[0m
[0;32mI (662) heap_init: At 3FFB9A20 len 00004108 (16 KiB): DRAM[0m
[0;32mI (668) heap_init: At 3FFC9D00 len 00016300 (88 KiB): DRAM[0m
[0;32mI (674) heap_init: At 3FFE0440 len 00003AE0 (14 KiB): D/IRAM[0m
[0;32mI (680) heap_init: At 3FFE4350 len 0001BCB0 (111 KiB): D/IRAM[0m
[0;32mI (687) heap_init: At 4009C230 len 00003DD0 (15 KiB): IRAM[0m
[0;32mI (695) spi_flash: detected chip: generic[0m
[0;32mI (697) spi_flash: flash io: dio[0m
[0;33mW (701) spi_flash: Detected size(4096k) larger than the size in the binary image header(2048k). Using the size in the binary image header.[0m
[0;32mI (716) coexist: coex firmware version: ebddf30[0m
[0;32mI (721) app_start: Starting scheduler on CPU0[0m
[0;32mI[0;32mI (725) app_start: Starting scheduler on CPU1[0m
 (725) main_task: Started on CPU0[0m
[0;32mI (735) main_task: Calling app_main()[0m
[0;31mE (735) i2c: i2c driver install error[0m
ESP_ERROR_CHECK failed: esp_err_t 0xffffffff (ESP_FAIL) at 0x400d796d
file: "./components/bee_i2c/bee_i2c.c" line 34
func: i2c_init
expression: i2c_driver_install(bus, I2C_MODE_MASTER, 0, 0, 0)

abort() was called at PC 0x400947cf on core 0


Backtrace: 0x40081dfa:0x3ffbbb20 0x400947d9:0x3ffbbb40 0x4009a4ce:0x3ffbbb60 0x400947cf:0x3ffbbbd0 0x400d796d:0x3ffbbc00 0x400d771a:0x3ffbbc20 0x4019c6ab:0x3ffbbc50 0x40097291:0x3ffbbc80




ELF file SHA256: a2fe44e99d64c6d6

Rebooting...
ets Jun  8 2016 00:22:57

rst:0xc (SW_CPU_RESET),boot:0x13 (SPI_FAST_FLASH_BOOT)
configsip: 0, SPIWP:0xee
clk_drv:0x00,q_drv:0x00,d_drv:0x00,cs0_drv:0x00,hd_drv:0x00,wp_drv:0x00
mode:DIO, clock div:2
load:0x3fff0030,len:7284
load:0x40078000,len:15884
load:0x40080400,len:4
load:0x40080404,len:3876
entry 0x4008064c
[0;32mI (29) boot: ESP-IDF v5.1-dirty 2nd stage bootloader[0m
[0;32mI (29) boot: compile time Aug 16 2023 11:36:24[0m
[0;32mI (29) boot: Multicore bootloader[0m
[0;32mI (34) boot: chip revision: v1.0[0m
[0;32mI (38) boot.esp32: SPI Speed      : 40MHz[0m
[0;32mI (42) boot.esp32: SPI Mode       : DIO[0m
[0;32mI (47) boot.esp32: SPI Flash Size : 2MB[0m
[0;32mI (51) boot: Enabling RNG early entropy source...[0m
[0;32mI (57) boot: Partition Table:[0m
[0;32mI (60) boot: ## Label            Usage          Type ST Offset   Length[0m
[0;32mI (68) boot:  0 nvs              WiFi data        01 02 00009000 00006000[0m
[0;32mI (75) boot:  1 phy_init         RF data          01 01 0000f000 00001000[0m
[0;32mI (82) boot:  2 factory          factory app      00 00 00010000 00177000[0m
[0;32mI (90) boot: End of partition table[0m
[0;32mI (94) esp_image: segment 0: paddr=00010020 vaddr=3f400020 size=31f28h (204584) map[0m
[0;32mI (176) esp_image: segment 1: paddr=00041f50 vaddr=3ff80063 size=00008h (     8) load[0m
[0;32mI (177) esp_image: segment 2: paddr=00041f60 vaddr=3ffbdb60 size=05564h ( 21860) load[0m
[0;32mI (191) esp_image: segment 3: paddr=000474cc vaddr=40080000 size=08b4ch ( 35660) load[0m
[0;32mI (206) esp_image: segment 4: paddr=00050020 vaddr=400d0020 size=ce4e4h (845028) map[0m
[0;32mI (511) esp_image: segment 5: paddr=0011e50c vaddr=40088b4c size=136e4h ( 79588) load[0m
[0;32mI (545) esp_image: segment 6: paddr=00131bf8 vaddr=400c0000 size=00064h (   100) load[0m
[0;32mI (545) esp_image: segment 7: paddr=00131c64 vaddr=50000200 size=00018h (    24) load[0m
[0;32mI (565) boot: Loaded app from partition at offset 0x10000[0m
[0;32mI (565) boot: Disabling RNG early entropy source...[0m
[0;32mI (576) cpu_start: Multicore app[0m
[0;32mI (577) cpu_start: Pro cpu up.[0m
[0;32mI (577) cpu_start: Starting app cpu, entry point is 0x40081760[0m
[0;32mI (565) cpu_start: App cpu up.[0m
[0;32mI (595) cpu_start: Pro cpu start user code[0m
[0;32mI (595) cpu_start: cpu freq: 80000000 Hz[0m
[0;32mI (595) cpu_start: Application information:[0m
[0;32mI (600) cpu_start: Project name:     SHT3x_Powersave[0m
[0;32mI (605) cpu_start: App version:      177945f-dirty[0m
[0;32mI (611) cpu_start: Compile time:     Aug 16 2023 11:43:48[0m
[0;32mI (617) cpu_start: ELF file SHA256:  a2fe44e99d64c6d6...[0m
[0;32mI (623) cpu_start: ESP-IDF:          v5.1-dirty[0m
[0;32mI (628) cpu_start: Min chip rev:     v0.0[0m
[0;32mI (633) cpu_start: Max chip rev:     v3.99 [0m
[0;32mI (637) cpu_start: Chip rev:         v1.0[0m
[0;32mI (642) heap_init: Initializing. RAM available for dynamic allocation:[0m
[0;32mI (650) heap_init: At 3FFAFF10 len 000000F0 (0 KiB): DRAM[0m
[0;32mI (655) heap_init: At 3FFB6388 len 00001C78 (7 KiB): DRAM[0m
[0;32mI (662) heap_init: At 3FFB9A20 len 00004108 (16 KiB): DRAM[0m
[0;32mI (668) heap_init: At 3FFC9D00 len 00016300 (88 KiB): DRAM[0m
[0;32mI (674) heap_init: At 3FFE0440 len 00003AE0 (14 KiB): D/IRAM[0m
[0;32mI (680) heap_init: At 3FFE4350 len 0001BCB0 (111 KiB): D/IRAM[0m
[0;32mI (687) heap_init: At 4009C230 len 00003DD0 (15 KiB): IRAM[0m
[0;32mI (695) spi_flash: detected chip: generic[0m
[0;32mI (697) spi_flash: flash io: dio[0m
[0;33mW (701) spi_flash: Detected size(4096k) larger than the size in the binary image header(2048k). Using the size in the binary image header.[0m
[0;32mI (716) coexist: coex firmware version: ebddf30[0m
[0;32mI (721) app_start: Starting scheduler on CPU0[0m
[0;32mI[0;32mI (725) app_start: Starting scheduler on CPU1[0m
 (725) main_task: Started on CPU0[0m
[0;32mI (735) main_task: Calling app_main()[0m
[0;31mE (735) i2c: i2c driver install error[0m
ESP_ERROR_CHECK failed: esp_err_t 0xffffffff (ESP_FAIL) at 0x400d796d
file: "./components/bee_i2c/bee_i2c.c" line 34
func: i2c_init
expression: i2c_driver_install(bus, I2C_MODE_MASTER, 0, 0, 0)

abort() was called at PC 0x400947cf on core 0


Backtrace: 0x40081dfa:0x3ffbbb20 0x400947d9:0x3ffbbb40 0x4009a4ce:0x3ffbbb60 0x400947cf:0x3ffbbbd0 0x400d796d:0x3ffbbc00 0x400d771a:0x3ffbbc20 0x4019c6ab:0x3ffbbc50 0x40097291:0x3ffbbc80




ELF file SHA256: a2fe44e99d64c6d6

Rebooting...
ets Jun  8 2016 00:22:57

rst:0xc (SW_CPU_RESET),boot:0x13 (SPI_FAST_FLASH_BOOT)
configsip: 0, SPIWP:0xee
clk_drv:0x00,q_drv:0x00,d_drv:0x00,cs0_drv:0x00,hd_drv:0x00,wp_drv:0x00
mode:DIO, clock div:2
load:0x3fff0030,len:7284
load:0x40078000,len:15884
load:0x40080400,len:4
load:0x40080404,len:3876
entry 0x4008064c
[0;32mI (29) boot: ESP-IDF v5.1-dirty 2nd stage bootloader[0m
[0;32mI (29) boot: compile time Aug 16 2023 11:36:24[0m
[0;32mI (29) boot: Multicore bootloader[0m
[0;32mI (34) boot: chip revision: v1.0[0m
[0;32mI (38) boot.esp32: SPI Speed      : 40MHz[0m
[0;32mI (42) boot.esp32: SPI Mode       : DIO[0m
[0;32mI (47) boot.esp32: SPI Flash Size : 2MB[0m
[0;32mI (51) boot: Enabling RNG early entropy source...[0m
[0;32mI (57) boot: Partition Table:[0m
[0;32mI (60) boot: ## Label            Usage          Type ST Offset   Length[0m
[0;32mI (68) boot:  0 nvs              WiFi data        01 02 00009000 00006000[0m
[0;32mI (75) boot:  1 phy_init         RF data          01 01 0000f000 00001000[0m
[0;32mI (82) boot:  2 factory          factory app      00 00 00010000 00177000[0m
[0;32mI (90) boot: End of partition table[0m
[0;32mI (94) esp_image: segment 0: paddr=00010020 vaddr=3f400020 size=31f28h (204584) map[0m
[0;32mI (176) esp_image: segment 1: paddr=00041f50 vaddr=3ff80063 size=00008h (     8) load[0m
[0;32mI (177) esp_image: segment 2: paddr=00041f60 vaddr=3ffbdb60 size=05564h ( 21860) load[0m
[0;32mI (191) esp_image: segment 3: paddr=000474cc vaddr=40080000 size=08b4ch ( 35660) load[0m
[0;32mI (206) esp_image: segment 4: paddr=00050020 vaddr=400d0020 size=ce4e4h (845028) map[0m
[0;32mI (511) esp_image: segment 5: paddr=0011e50c vaddr=40088b4c size=136e4h ( 79588) load[0m
[0;32mI (545) esp_image: segment 6: paddr=00131bf8 vaddr=400c0000 size=00064h (   100) load[0m
[0;32mI (545) esp_image: segment 7: paddr=00131c64 vaddr=50000200 size=00018h (    24) load[0m
[0;32mI (565) boot: Loaded app from partition at offset 0x10000[0m
[0;32mI (565) boot: Disabling RNG early entropy source...[0m
[0;32mI (576) cpu_start: Multicore app[0m
[0;32mI (577) cpu_start: Pro cpu up.[0m
[0;32mI (577) cpu_start: Starting app cpu, entry point is 0x40081760[0m
[0;32mI (565) cpu_start: App cpu up.[0m
[0;32mI (595) cpu_start: Pro cpu start user code[0m
[0;32mI (595) cpu_start: cpu freq: 80000000 Hz[0m
[0;32mI (595) cpu_start: Application information:[0m
[0;32mI (600) cpu_start: Project name:     SHT3x_Powersave[0m
[0;32mI (605) cpu_start: App version:      177945f-dirty[0m
[0;32mI (611) cpu_start: Compile time:     Aug 16 2023 11:43:48[0m
[0;32mI (617) cpu_start: ELF file SHA256:  a2fe44e99d64c6d6...[0m
[0;32mI (623) cpu_start: ESP-IDF:          v5.1-dirty[0m
[0;32mI (628) cpu_start: Min chip rev:     v0.0[0m
[0;32mI (633) cpu_start: Max chip rev:     v3.99 [0m
[0;32mI (637) cpu_start: Chip rev:         v1.0[0m
[0;32mI (642) heap_init: Initializing. RAM available for dynamic allocation:[0m
[0;32mI (650) heap_init: At 3FFAFF10 len 000000F0 (0 KiB): DRAM[0m
[0;32mI (655) heap_init: At 3FFB6388 len 00001C78 (7 KiB): DRAM[0m
[0;32mI (662) heap_init: At 3FFB9A20 len 00004108 (16 KiB): DRAM[0m
[0;32mI (668) heap_init: At 3FFC9D00 len 00016300 (88 KiB): DRAM[0m
[0;32mI (674) heap_init: At 3FFE0440 len 00003AE0 (14 KiB): D/IRAM[0m
[0;32mI (680) heap_init: At 3FFE4350 len 0001BCB0 (111 KiB): D/IRAM[0m
[0;32mI (687) heap_init: At 4009C230 len 00003DD0 (15 KiB): IRAM[0m
[0;32mI (695) spi_flash: detected chip: generic[0m
[0;32mI (697) spi_flash: flash io: dio[0m
[0;33mW (701) spi_flash: Detected size(4096k) larger than the size in the binary image header(2048k). Using the size in the binary image header.[0m
[0;32mI (716) coexist: coex firmware version: ebddf30[0m
[0;32mI (721) app_start: Starting scheduler on CPU0[0m
[0;32mI[0;32mI (725) app_start: Starting scheduler on CPU1[0m
 (725) main_task: Started on CPU0[0m
[0;32mI (735) main_task: Calling app_main()[0m
[0;31mE (735) i2c: i2c driver install error[0m
ESP_ERROR_CHECK failed: esp_err_t 0xffffffff (ESP_FAIL) at 0x400d796d
file: "./components/bee_i2c/bee_i2c.c" line 34
func: i2c_init
expression: i2c_driver_install(bus, I2C_MODE_MASTER, 0, 0, 0)

abort() was called at PC 0x400947cf on core 0


Backtrace: 0x40081dfa:0x3ffbbb20 0x400947d9:0x3ffbbb40 0x4009a4ce:0x3ffbbb60 0x400947cf:0x3ffbbbd0 0x400d796d:0x3ffbbc00 0x400d771a:0x3ffbbc20 0x4019c6ab:0x3ffbbc50 0x40097291:0x3ffbbc80




ELF file SHA256: a2fe44e99d64c6d6

Rebooting...
ets Jun  8 2016 00:22:57

rst:0xc (SW_CPU_RESET),boot:0x13 (SPI_FAST_FLASH_BOOT)
configsip: 0, SPIWP:0xee
clk_drv:0x00,q_drv:0x00,d_drv:0x00,cs0_drv:0x00,hd_drv:0x00,wp_drv:0x00
mode:DIO, clock div:2
load:0x3fff0030,len:7284
load:0x40078000,len:15884
load:0x40080400,len:4
load:0x40080404,len:3876
entry 0x4008064c
[0;32mI (29) boot: ESP-IDF v5.1-dirty 2nd stage bootloader[0m
[0;32mI (29) boot: compile time Aug 16 2023 11:36:24[0m
[0;32mI (29) boot: Multicore bootloader[0m
[0;32mI (34) boot: chip revision: v1.0[0m
[0;32mI (38) boot.esp32: SPI Speed      : 40MHz[0m
[0;32mI (42) boot.esp32: SPI Mode       : DIO[0m
[0;32mI (47) boot.esp32: SPI Flash Size : 2MB[0m
[0;32mI (51) boot: Enabling RNG early entropy source...[0m
[0;32mI (57) boot: Partition Table:[0m
[0;32mI (60) boot: ## Label            Usage          Type ST Offset   Length[0m
[0;32mI (68) boot:  0 nvs              WiFi data        01 02 00009000 00006000[0m
[0;32mI (75) boot:  1 phy_init         RF data          01 01 0000f000 00001000[0m
[0;32mI (82) boot:  2 factory          factory app      00 00 00010000 00177000[0m
[0;32mI (90) boot: End of partition table[0m
[0;32mI (94) esp_image: segment 0: paddr=00010020 vaddr=3f400020 size=31f28h (204584) map[0m
[0;32mI (176) esp_image: segment 1: paddr=00041f50 vaddr=3ff80063 size=00008h (     8) load[0m
[0;32mI (177) esp_image: segment 2: paddr=00041f60 vaddr=3ffbdb60 size=05564h ( 21860) load[0m
[0;32mI (191) esp_image: segment 3: paddr=000474cc vaddr=40080000 size=08b4ch ( 35660) load[0m
[0;32mI (206) esp_image: segment 4: paddr=00050020 vaddr=400d0020 size=ce4e4h (845028) map[0m
[0;32mI (511) esp_image: segment 5: paddr=0011e50c vaddr=40088b4c size=136e4h ( 79588) load[0m
[0;32mI (545) esp_image: segment 6: paddr=00131bf8 vaddr=400c0000 size=00064h (   100) load[0m
[0;32mI (545) esp_image: segment 7: paddr=00131c64 vaddr=50000200 size=00018h (    24) load[0m
[0;32mI (565) boot: Loaded app from partition at offset 0x10000[0m
[0;32mI (565) boot: Disabling RNG early entropy source...[0m
[0;32mI (576) cpu_start: Multicore app[0m
[0;32mI (577) cpu_start: Pro cpu up.[0m
[0;32mI (577) cpu_start: Starting app cpu, entry point is 0x40081760[0m
[0;32mI (565) cpu_start: App cpu up.[0m
[0;32mI (595) cpu_start: Pro cpu start user code[0m
[0;32mI (595) cpu_start: cpu freq: 80000000 Hz[0m
[0;32mI (595) cpu_start: Application information:[0m
[0;32mI (600) cpu_start: Project name:     SHT3x_Powersave[0m
[0;32mI (605) cpu_start: App version:      177945f-dirty[0m
[0;32mI (611) cpu_start: Compile time:     Aug 16 2023 11:43:48[0m
[0;32mI (617) cpu_start: ELF file SHA256:  a2fe44e99d64c6d6...[0m
[0;32mI (623) cpu_start: ESP-IDF:          v5.1-dirty[0m
[0;32mI (628) cpu_start: Min chip rev:     v0.0[0m
[0;32mI (633) cpu_start: Max chip rev:     v3.99 [0m
[0;32mI (637) cpu_start: Chip rev:         v1.0[0m
[0;32mI (642) heap_init: Initializing. RAM available for dynamic allocation:[0m
[0;32mI (650) heap_init: At 3FFAFF10 len 000000F0 (0 KiB): DRAM[0m
[0;32mI (655) heap_init: At 3FFB6388 len 00001C78 (7 KiB): DRAM[0m
[0;32mI (662) heap_init: At 3FFB9A20 len 00004108 (16 KiB): DRAM[0m
[0;32mI (668) heap_init: At 3FFC9D00 len 00016300 (88 KiB): DRAM[0m
[0;32mI (674) heap_init: At 3FFE0440 len 00003AE0 (14 KiB): D/IRAM[0m
[0;32mI (680) heap_init: At 3FFE4350 len 0001BCB0 (111 KiB): D/IRAM[0m
[0;32mI (687) heap_init: At 4009C230 len 00003DD0 (15 KiB): IRAM[0m
[0;32mI (695) spi_flash: detected chip: generic[0m
[0;32mI (697) spi_flash: flash io: dio[0m
[0;33mW (701) spi_flash: Detected size(4096k) larger than the size in the binary image header(2048k). Using the size in the binary image header.[0m
[0;32mI (716) coexist: coex firmware version: ebddf30[0m
[0;32mI (721) app_start: Starting scheduler on CPU0[0m
[0;32mI[0;32mI (725) app_start: Starting scheduler on CPU1[0m
 (725) main_task: Started on CPU0[0m
[0;32mI (735) main_task: Calling app_main()[0m
[0;31mE (735) i2c: i2c driver install error[0m
ESP_ERROR_CHECK failed: esp_err_t 0xffffffff (ESP_FAIL) at 0x400d796d
file: "./components/bee_i2c/bee_i2c.c" line 34
func: i2c_init
expression: i2c_driver_install(bus, I2C_MODE_MASTER, 0, 0, 0)

abort() was called at PC 0x400947cf on core 0


Backtrace: 0x40081dfa:0x3ffbbb20 0x400947d9:0x3ffbbb40 0x4009a4ce:0x3ffbbb60 0x400947cf:0x3ffbbbd0 0x400d796d:0x3ffbbc00 0x400d771a:0x3ffbbc20 0x4019c6ab:0x3ffbbc50 0x40097291:0x3ffbbc80




ELF file SHA256: a2fe44e99d64c6d6

Rebooting...
ets Jun  8 2016 00:22:57

rst:0xc (SW_CPU_RESET),boot:0x13 (SPI_FAST_FLASH_BOOT)
configsip: 0, SPIWP:0xee
clk_drv:0x00,q_drv:0x00,d_drv:0x00,cs0_drv:0x00,hd_drv:0x00,wp_drv:0x00
mode:DIO, clock div:2
load:0x3fff0030,len:7284
load:0x40078000,len:15884
load:0x40080400,len:4
load:0x40080404,len:3876
entry 0x4008064c
[0;32mI (29) boot: ESP-IDF v5.1-dirty 2nd stage bootloader[0m
[0;32mI (29) boot: compile time Aug 16 2023 11:36:24[0m
[0;32mI (29) boot: Multicore bootloader[0m
[0;32mI (34) boot: chip revision: v1.0[0m
[0;32mI (38) boot.esp32: SPI Speed      : 40MHz[0m
[0;32mI (42) boot.esp32: SPI Mode       : DIO[0m
[0;32mI (47) boot.esp32: SPI Flash Size : 2MB[0m
[0;32mI (51) boot: Enabling RNG early entropy source...[0m
[0;32mI (57) boot: Partition Table:[0m
[0;32mI (60) boot: ## Label            Usage          Type ST Offset   Length[0m
[0;32mI (68) boot:  0 nvs              WiFi data        01 02 00009000 00006000[0m
[0;32mI (75) boot:  1 phy_init         RF data          01 01 0000f000 00001000[0m
[0;32mI (82) boot:  2 factory          factory app      00 00 00010000 00177000[0m
[0;32mI (90) boot: End of partition table[0m
[0;32mI (94) esp_image: segment 0: paddr=00010020 vaddr=3f400020 size=31f28h (204584) map[0m
[0;32mI (176) esp_image: segment 1: paddr=00041f50 vaddr=3ff80063 size=00008h (     8) load[0m
[0;32mI (177) esp_image: segment 2: paddr=00041f60 vaddr=3ffbdb60 size=05564h ( 21860) load[0m
[0;32mI (191) esp_image: segment 3: paddr=000474cc vaddr=40080000 size=08b4ch ( 35660) load[0m
[0;32mI (206) esp_image: segment 4: paddr=00050020 vaddr=400d0020 size=ce4e4h (845028) map[0m
[0;32mI (511) esp_image: segment 5: paddr=0011e50c vaddr=40088b4c size=136e4h ( 79588) load[0m
[0;32mI (545) esp_image: segment 6: paddr=00131bf8 vaddr=400c0000 size=00064h (   100) load[0m
[0;32mI (545) esp_image: segment 7: paddr=00131c64 vaddr=50000200 size=00018h (    24) load[0m
[0;32mI (565) boot: Loaded app from partition at offset 0x10000[0m
[0;32mI (565) boot: Disabling RNG early entropy source...[0m
[0;32mI (576) cpu_start: Multicore app[0m
[0;32mI (577) cpu_start: Pro cpu up.[0m
[0;32mI (577) cpu_start: Starting app cpu, entry point is 0x40081760[0m
[0;32mI (565) cpu_start: App cpu up.[0m
[0;32mI (595) cpu_start: Pro cpu start user code[0m
[0;32mI (595) cpu_start: cpu freq: 80000000 Hz[0m
[0;32mI (595) cpu_start: Application information:[0m
[0;32mI (600) cpu_start: Project name:     SHT3x_Powersave[0m
[0;32mI (605) cpu_start: App version:      177945f-dirty[0m
[0;32mI (611) cpu_start: Compile time:     Aug 16 2023 11:43:48[0m
[0;32mI (617) cpu_start: ELF file SHA256:  a2fe44e99d64c6d6...[0m
[0;32mI (623) cpu_start: ESP-IDF:          v5.1-dirty[0m
[0;32mI (628) cpu_start: Min chip rev:     v0.0[0m
[0;32mI (633) cpu_start: Max chip rev:     v3.99 [0m
[0;32mI (637) cpu_start: Chip rev:         v1.0[0m
[0;32mI (642) heap_init: Initializing. RAM available for dynamic allocation:[0m
[0;32mI (650) heap_init: At 3FFAFF10 len 000000F0 (0 KiB): DRAM[0m
[0;32mI (655) heap_init: At 3FFB6388 len 00001C78 (7 KiB): DRAM[0m
[0;32mI (662) heap_init: At 3FFB9A20 len 00004108 (16 KiB): DRAM[0m
[0;32mI (668) heap_init: At 3FFC9D00 len 00016300 (88 KiB): DRAM[0m
[0;32mI (674) heap_init: At 3FFE0440 len 00003AE0 (14 KiB): D/IRAM[0m
[0;32mI (680) heap_init: At 3FFE4350 len 0001BCB0 (111 KiB): D/IRAM[0m
[0;32mI (687) heap_init: At 4009C230 len 00003DD0 (15 KiB): IRAM[0m
[0;32mI (695) spi_flash: detected chip: generic[0m
[0;32mI (697) spi_flash: flash io: dio[0m
[0;33mW (701) spi_flash: Detected size(4096k) larger than the size in the binary image header(2048k). Using the size in the binary image header.[0m
[0;32mI (716) coexist: coex firmware version: ebddf30[0m
[0;32mI (721) app_start: Starting scheduler on CPU0[0m
[0;32mI[0;32mI (725) app_start: Starting scheduler on CPU1[0m
 (725) main_task: Started on CPU0[0m
[0;32mI (735) main_task: Calling app_main()[0m
[0;31mE (735) i2c: i2c driver install error[0m
ESP_ERROR_CHECK failed: esp_err_t 0xffffffff (ESP_FAIL) at 0x400d796d
file: "./components/bee_i2c/bee_i2c.c" line 34
func: i2c_init
expression: i2c_driver_install(bus, I2C_MODE_MASTER, 0, 0, 0)

abort() was called at PC 0x400947cf on core 0


Backtrace: 0x40081dfa:0x3ffbbb20 0x400947d9:0x3ffbbb40 0x4009a4ce:0x3ffbbb60 0x400947cf:0x3ffbbbd0 0x400d796d:0x3ffbbc00 0x400d771a:0x3ffbbc20 0x4019c6ab:0x3ffbbc50 0x40097291:0x3ffbbc80




ELF file SHA256: a2fe44e99d64c6d6

Rebooting...
ets Jun  8 2016 00:22:57

rst:0xc (SW_CPU_RESET),boot:0x13 (SPI_FAST_FLASH_BOOT)
configsip: 0, SPIWP:0xee
clk_drv:0x00,q_drv:0x00,d_drv:0x00,cs0_drv:0x00,hd_drv:0x00,wp_drv:0x00
mode:DIO, clock div:2
load:0x3fff0030,len:7284
load:0x40078000,len:15884
load:0x40080400,len:4
load:0x40080404,len:3876
entry 0x4008064c
[0;32mI (29) boot: ESP-IDF v5.1-dirty 2nd stage bootloader[0m
[0;32mI (29) boot: compile time Aug 16 2023 11:36:24[0m
[0;32mI (29) boot: Multicore bootloader[0m
[0;32mI (34) boot: chip revision: v1.0[0m
[0;32mI (38) boot.esp32: SPI Speed      : 40MHz[0m
[0;32mI (42) boot.esp32: SPI Mode       : DIO[0m
[0;32mI (47) boot.esp32: SPI Flash Size : 2MB[0m
[0;32mI (51) boot: Enabling RNG early entropy source...[0m
[0;32mI (57) boot: Partition Table:[0m
[0;32mI (60) boot: ## Label            Usage          Type ST Offset   Length[0m
[0;32mI (68) boot:  0 nvs              WiFi data        01 02 00009000 00006000[0m
[0;32mI (75) boot:  1 phy_init         RF data          01 01 0000f000 00001000[0m
[0;32mI (82) boot:  2 factory          factory app      00 00 00010000 00177000[0m
[0;32mI (90) boot: End of partition table[0m
[0;32mI (94) esp_image: segment 0: paddr=00010020 vaddr=3f400020 size=31f28h (204584) map[0m
[0;32mI (176) esp_image: segment 1: paddr=00041f50 vaddr=3ff80063 size=00008h (     8) load[0m
[0;32mI (177) esp_image: segment 2: paddr=00041f60 vaddr=3ffbdb60 size=05564h ( 21860) load[0m
[0;32mI (191) esp_image: segment 3: paddr=000474cc vaddr=40080000 size=08b4ch ( 35660) load[0m
[0;32mI (206) esp_image: segment 4: paddr=00050020 vaddr=400d0020 size=ce4e4h (845028) map[0m
[0;32mI (511) esp_image: segment 5: paddr=0011e50c vaddr=40088b4c size=136e4h ( 79588) load[0m
[0;32mI (545) esp_image: segment 6: paddr=00131bf8 vaddr=400c0000 size=00064h (   100) load[0m
[0;32mI (545) esp_image: segment 7: paddr=00131c64 vaddr=50000200 size=00018h (    24) load[0m
[0;32mI (565) boot: Loaded app from partition at offset 0x10000[0m
[0;32mI (565) boot: Disabling RNG early entropy source...[0m
[0;32mI (576) cpu_start: Multicore app[0m
[0;32mI (577) cpu_start: Pro cpu up.[0m
[0;32mI (577) cpu_start: Starting app cpu, entry point is 0x40081760[0m
[0;32mI (565) cpu_start: App cpu up.[0m
[0;32mI (595) cpu_start: Pro cpu start user code[0m
[0;32mI (595) cpu_start: cpu freq: 80000000 Hz[0m
[0;32mI (595) cpu_start: Application information:[0m
[0;32mI (600) cpu_start: Project name:     SHT3x_Powersave[0m
[0;32mI (605) cpu_start: App version:      177945f-dirty[0m
[0;32mI (611) cpu_start: Compile time:     Aug 16 2023 11:43:48[0m
[0;32mI (617) cpu_start: ELF file SHA256:  a2fe44e99d64c6d6...[0m
[0;32mI (623) cpu_start: ESP-IDF:          v5.1-dirty[0m
[0;32mI (628) cpu_start: Min chip rev:     v0.0[0m
[0;32mI (633) cpu_start: Max chip rev:     v3.99 [0m
[0;32mI (637) cpu_start: Chip rev:         v1.0[0m
[0;32mI (642) heap_init: Initializing. RAM available for dynamic allocation:[0m
[0;32mI (650) heap_init: At 3FFAFF10 len 000000F0 (0 KiB): DRAM[0m
[0;32mI (655) heap_init: At 3FFB6388 len 00001C78 (7 KiB): DRAM[0m
[0;32mI (662) heap_init: At 3FFB9A20 len 00004108 (16 KiB): DRAM[0m
[0;32mI (668) heap_init: At 3FFC9D00 len 00016300 (88 KiB): DRAM[0m
[0;32mI (674) heap_init: At 3FFE0440 len 00003AE0 (14 KiB): D/IRAM[0m
[0;32mI (680) heap_init: At 3FFE4350 len 0001BCB0 (111 KiB): D/IRAM[0m
[0;32mI (687) heap_init: At 4009C230 len 00003DD0 (15 KiB): IRAM[0m
[0;32mI (695) spi_flash: detected chip: generic[0m
[0;32mI (697) spi_flash: flash io: dio[0m
[0;33mW (701) spi_flash: Detected size(4096k) larger than the size in the binary image header(2048k). Using the size in the binary image header.[0m
[0;32mI (716) coexist: coex firmware version: ebddf30[0m
[0;32mI (721) app_start: Starting scheduler on CPU0[0m
[0;32mI[0;32mI (725) app_start: Starting scheduler on CPU1[0m
 (725) main_task: Started on CPU0[0m
[0;32mI (735) main_task: Calling app_main()[0m
[0;31mE (735) i2c: i2c driver install error[0m
ESP_ERROR_CHECK failed: esp_err_t 0xffffffff (ESP_FAIL) at 0x400d796d
file: "./components/bee_i2c/bee_i2c.c" line 34
func: i2c_init
expression: i2c_driver_install(bus, I2C_MODE_MASTER, 0, 0, 0)

abort() was called at PC 0x400947cf on core 0


Backtrace: 0x40081dfa:0x3ffbbb20 0x400947d9:0x3ffbbb40 0x4009a4ce:0x3ffbbb60 0x400947cf:0x3ffbbbd0 0x400d796d:0x3ffbbc00 0x400d771a:0x3ffbbc20 0x4019c6ab:0x3ffbbc50 0x40097291:0x3ffbbc80




ELF file SHA256: a2fe44e99d64c6d6

Rebooting...
ets Jun  8 2016 00:22:57

rst:0xc (SW_CPU_RESET),boot:0x13 (SPI_FAST_FLASH_BOOT)
configsip: 0, SPIWP:0xee
clk_drv:0x00,q_drv:0x00,d_drv:0x00,cs0_drv:0x00,hd_drv:0x00,wp_drv:0x00
mode:DIO, clock div:2
load:0x3fff0030,len:7284
load:0x40078000,len:15884
load:0x40080400,len:4
load:0x40080404,len:3876
entry 0x4008064c
[0;32mI (29) boot: ESP-IDF v5.1-dirty 2nd stage bootloader[0m
[0;32mI (29) boot: compile time Aug 16 2023 11:36:24[0m
[0;32mI (29) boot: Multicore bootloader[0m
[0;32mI (34) boot: chip revision: v1.0[0m
[0;32mI (38) boot.esp32: SPI Speed      : 40MHz[0m
[0;32mI (42) boot.esp32: SPI Mode       : DIO[0m
[0;32mI (47) boot.esp32: SPI Flash Size : 2MB[0m
[0;32mI (51) boot: Enabling RNG early entropy source...[0m
[0;32mI (57) boot: Partition Table:[0m
[0;32mI (60) boot: ## Label            Usage          Type ST Offset   Length[0m
[0;32mI (68) boot:  0 nvs              WiFi data        01 02 00009000 00006000[0m
[0;32mI (75) boot:  1 phy_init         RF data          01 01 0000f000 00001000[0m
[0;32mI (82) boot:  2 factory          factory app      00 00 00010000 00177000[0m
[0;32mI (90) boot: End of partition table[0m
[0;32mI (94) esp_image: segment 0: paddr=00010020 vaddr=3f400020 size=31f28h (204584) map[0m
[0;32mI (176) esp_image: segment 1: paddr=00041f50 vaddr=3ff80063 size=00008h (     8) load[0m
[0;32mI (177) esp_image: segment 2: paddr=00041f60 vaddr=3ffbdb60 size=05564h ( 21860) load[0m
[0;32mI (191) esp_image: segment 3: paddr=000474cc vaddr=40080000 size=08b4ch ( 35660) load[0m
[0;32mI (206) esp_image: segment 4: paddr=00050020 vaddr=400d0020 size=ce4e4h (845028) map[0m
[0;32mI (511) esp_image: segment 5: paddr=0011e50c vaddr=40088b4c size=136e4h ( 79588) load[0m
[0;32mI (545) esp_image: segment 6: paddr=00131bf8 vaddr=400c0000 size=00064h (   100) load[0m
[0;32mI (545) esp_image: segment 7: paddr=00131c64 vaddr=50000200 size=00018h (    24) load[0m
[0;32mI (565) boot: Loaded app from partition at offset 0x10000[0m
[0;32mI (565) boot: Disabling RNG early entropy source...[0m
[0;32mI (576) cpu_start: Multicore app[0m
[0;32mI (577) cpu_start: Pro cpu up.[0m
[0;32mI (577) cpu_start: Starting app cpu, entry point is 0x40081760[0m
[0;32mI (565) cpu_start: App cpu up.[0m
[0;32mI (595) cpu_start: Pro cpu start user code[0m
[0;32mI (595) cpu_start: cpu freq: 80000000 Hz[0m
[0;32mI (595) cpu_start: Application information:[0m
[0;32mI (600) cpu_start: Project name:     SHT3x_Powersave[0m
[0;32mI (605) cpu_start: App version:      177945f-dirty[0m
[0;32mI (611) cpu_start: Compile time:     Aug 16 2023 11:43:48[0m
[0;32mI (617) cpu_start: ELF file SHA256:  a2fe44e99d64c6d6...[0m
[0;32mI (623) cpu_start: ESP-IDF:          v5.1-dirty[0m
[0;32mI (628) cpu_start: Min chip rev:     v0.0[0m
[0;32mI (633) cpu_start: Max chip rev:     v3.99 [0m
[0;32mI (637) cpu_start: Chip rev:         v1.0[0m
[0;32mI (642) heap_init: Initializing. RAM available for dynamic allocation:[0m
[0;32mI (650) heap_init: At 3FFAFF10 len 000000F0 (0 KiB): DRAM[0m
[0;32mI (655) heap_init: At 3FFB6388 len 00001C78 (7 KiB): DRAM[0m
[0;32mI (662) heap_init: At 3FFB9A20 len 00004108 (16 KiB): DRAM[0m
[0;32mI (668) heap_init: At 3FFC9D00 len 00016300 (88 KiB): DRAM[0m
[0;32mI (674) heap_init: At 3FFE0440 len 00003AE0 (14 KiB): D/IRAM[0m
[0;32mI (680) heap_init: At 3FFE4350 len 0001BCB0 (111 KiB): D/IRAM[0m
[0;32mI (687) heap_init: At 4009C230 len 00003DD0 (15 KiB): IRAM[0m
[0;32mI (695) spi_flash: detected chip: generic[0m
[0;32mI (697) spi_flash: flash io: dio[0m
[0;33mW (701) spi_flash: Detected size(4096k) larger than the size in the binary image header(2048k). Using the size in the binary image header.[0m
[0;32mI (716) coexist: coex firmware version: ebddf30[0m
[0;32mI (721) app_start: Starting scheduler on CPU0[0m
[0;32mI[0;32mI (725) app_start: Starting scheduler on CPU1[0m
 (725) main_task: Started on CPU0[0m
[0;32mI (735) main_task: Calling app_main()[0m
[0;31mE (735) i2c: i2c driver install error[0m
ESP_ERROR_CHECK failed: esp_err_t 0xffffffff (ESP_FAIL) at 0x400d796d
file: "./components/bee_i2c/bee_i2c.c" line 34
func: i2c_init
expression: i2c_driver_install(bus, I2C_MODE_MASTER, 0, 0, 0)

abort() was called at PC 0x400947cf on core 0


Backtrace: 0x40081dfa:0x3ffbbb20 0x400947d9:0x3ffbbb40 0x4009a4ce:0x3ffbbb60 0x400947cf:0x3ffbbbd0 0x400d796d:0x3ffbbc00 0x400d771a:0x3ffbbc20 0x4019c6ab:0x3ffbbc50 0x40097291:0x3ffbbc80




ELF file SHA256: a2fe44e99d64c6d6

Rebooting...
ets Jun  8 2016 00:22:57

rst:0xc (SW_CPU_RESET),boot:0x13 (SPI_FAST_FLASH_BOOT)
configsip: 0, SPIWP:0xee
clk_drv:0x00,q_drv:0x00,d_drv:0x00,cs0_drv:0x00,hd_drv:0x00,wp_drv:0x00
mode:DIO, clock div:2
load:0x3fff0030,len:7284
load:0x40078000,len:15884
load:0x40080400,len:4
load:0x40080404,len:3876
entry 0x4008064c
[0;32mI (29) boot: ESP-IDF v5.1-dirty 2nd stage bootloader[0m
[0;32mI (29) boot: compile time Aug 16 2023 11:36:24[0m
[0;32mI (29) boot: Multicore bootloader[0m
[0;32mI (34) boot: chip revision: v1.0[0m
[0;32mI (38) boot.esp32: SPI Speed      : 40MHz[0m
[0;32mI (42) boot.esp32: SPI Mode       : DIO[0m
[0;32mI (47) boot.esp32: SPI Flash Size : 2MB[0m
[0;32mI (51) boot: Enabling RNG early entropy source...[0m
[0;32mI (57) boot: Partition Table:[0m
[0;32mI (60) boot: ## Label            Usage          Type ST Offset   Length[0m
[0;32mI (68) boot:  0 nvs              WiFi data        01 02 00009000 00006000[0m
[0;32mI (75) boot:  1 phy_init         RF data          01 01 0000f000 00001000[0m
[0;32mI (82) boot:  2 factory          factory app      00 00 00010000 00177000[0m
[0;32mI (90) boot: End of partition table[0m
[0;32mI (94) esp_image: segment 0: paddr=00010020 vaddr=3f400020 size=31f28h (204584) map[0m
[0;32mI (176) esp_image: segment 1: paddr=00041f50 vaddr=3ff80063 size=00008h (     8) load[0m
[0;32mI (177) esp_image: segment 2: paddr=00041f60 vaddr=3ffbdb60 size=05564h ( 21860) load[0m
[0;32mI (191) esp_image: segment 3: paddr=000474cc vaddr=40080000 size=08b4ch ( 35660) load[0m
[0;32mI (206) esp_image: segment 4: paddr=00050020 vaddr=400d0020 size=ce4e4h (845028) map[0m
[0;32mI (511) esp_image: segment 5: paddr=0011e50c vaddr=40088b4c size=136e4h ( 79588) load[0m
[0;32mI (545) esp_image: segment 6: paddr=00131bf8 vaddr=400c0000 size=00064h (   100) load[0m
[0;32mI (545) esp_image: segment 7: paddr=00131c64 vaddr=50000200 size=00018h (    24) load[0m
[0;32mI (565) boot: Loaded app from partition at offset 0x10000[0m
[0;32mI (565) boot: Disabling RNG early entropy source...[0m
[0;32mI (576) cpu_start: Multicore app[0m
[0;32mI (577) cpu_start: Pro cpu up.[0m
[0;32mI (577) cpu_start: Starting app cpu, entry point is 0x40081760[0m
[0;32mI (565) cpu_start: App cpu up.[0m
[0;32mI (595) cpu_start: Pro cpu start user code[0m
[0;32mI (595) cpu_start: cpu freq: 80000000 Hz[0m
[0;32mI (595) cpu_start: Application information:[0m
[0;32mI (600) cpu_start: Project name:     SHT3x_Powersave[0m
[0;32mI (605) cpu_start: App version:      177945f-dirty[0m
[0;32mI (611) cpu_start: Compile time:     Aug 16 2023 11:43:48[0m
[0;32mI (617) cpu_start: ELF file SHA256:  a2fe44e99d64c6d6...[0m
[0;32mI (623) cpu_start: ESP-IDF:          v5.1-dirty[0m
[0;32mI (628) cpu_start: Min chip rev:     v0.0[0m
[0;32mI (633) cpu_start: Max chip rev:     v3.99 [0m
[0;32mI (637) cpu_start: Chip rev:         v1.0[0m
[0;32mI (642) heap_init: Initializing. RAM available for dynamic allocation:[0m
[0;32mI (650) heap_init: At 3FFAFF10 len 000000F0 (0 KiB): DRAM[0m
[0;32mI (655) heap_init: At 3FFB6388 len 00001C78 (7 KiB): DRAM[0m
[0;32mI (662) heap_init: At 3FFB9A20 len 00004108 (16 KiB): DRAM[0m
[0;32mI (668) heap_init: At 3FFC9D00 len 00016300 (88 KiB): DRAM[0m
[0;32mI (674) heap_init: At 3FFE0440 len 00003AE0 (14 KiB): D/IRAM[0m
[0;32mI (680) heap_init: At 3FFE4350 len 0001BCB0 (111 KiB): D/IRAM[0m
[0;32mI (687) heap_init: At 4009C230 len 00003DD0 (15 KiB): IRAM[0m
[0;32mI (695) spi_flash: detected chip: generic[0m
[0;32mI (697) spi_flash: flash io: dio[0m
[0;33mW (701) spi_flash: Detected size(4096k) larger than the size in the binary image header(2048k). Using the size in the binary image header.[0m
[0;32mI (716) coexist: coex firmware version: ebddf30[0m
[0;32mI (721) app_start: Starting scheduler on CPU0[0m
[0;32mI[0;32mI (725) app_start: Starting scheduler on CPU1[0m
 (725) main_task: Started on CPU0[0m
[0;32mI (735) main_task: Calling app_main()[0m
[0;31mE (735) i2c: i2c driver install error[0m
ESP_ERROR_CHECK failed: esp_err_t 0xffffffff (ESP_FAIL) at 0x400d796d
file: "./components/bee_i2c/bee_i2c.c" line 34
func: i2c_init
expression: i2c_driver_install(bus, I2C_MODE_MASTER, 0, 0, 0)

abort() was called at PC 0x400947cf on core 0


Backtrace: 0x40081dfa:0x3ffbbb20 0x400947d9:0x3ffbbb40 0x4009a4ce:0x3ffbbb60 0x400947cf:0x3ffbbbd0 0x400d796d:0x3ffbbc00 0x400d771a:0x3ffbbc20 0x4019c6ab:0x3ffbbc50 0x40097291:0x3ffbbc80




ELF file SHA256: a2fe44e99d64c6d6

Rebooting...
ets Jun  8 2016 00:22:57

rst:0xc (SW_CPU_RESET),boot:0x13 (SPI_FAST_FLASH_BOOT)
configsip: 0, SPIWP:0xee
clk_drv:0x00,q_drv:0x00,d_drv:0x00,cs0_drv:0x00,hd_drv:0x00,wp_drv:0x00
mode:DIO, clock div:2
load:0x3fff0030,len:7284
load:0x40078000,len:15884
load:0x40080400,len:4
load:0x40080404,len:3876
entry 0x4008064c
[0;32mI (29) boot: ESP-IDF v5.1-dirty 2nd stage bootloader[0m
[0;32mI (29) boot: compile time Aug 16 2023 11:36:24[0m
[0;32mI (29) boot: Multicore bootloader[0m
[0;32mI (34) boot: chip revision: v1.0[0m
[0;32mI (38) boot.esp32: SPI Speed      : 40MHz[0m
[0;32mI (42) boot.esp32: SPI Mode       : DIO[0m
[0;32mI (47) boot.esp32: SPI Flash Size : 2MB[0m
[0;32mI (51) boot: Enabling RNG early entropy source...[0m
[0;32mI (57) boot: Partition Table:[0m
[0;32mI (60) boot: ## Label            Usage          Type ST Offset   Length[0m
[0;32mI (68) boot:  0 nvs              WiFi data        01 02 00009000 00006000[0m
[0;32mI (75) boot:  1 phy_init         RF data          01 01 0000f000 00001000[0m
[0;32mI (82) boot:  2 factory          factory app      00 00 00010000 00177000[0m
[0;32mI (90) boot: End of partition table[0m
[0;32mI (94) esp_image: segment 0: paddr=00010020 vaddr=3f400020 size=31f28h (204584) map[0m
[0;32mI (176) esp_image: segment 1: paddr=00041f50 vaddr=3ff80063 size=00008h (     8) load[0m
[0;32mI (177) esp_image: segment 2: paddr=00041f60 vaddr=3ffbdb60 size=05564h ( 21860) load[0m
[0;32mI (191) esp_image: segment 3: paddr=000474cc vaddr=40080000 size=08b4ch ( 35660) load[0m
[0;32mI (206) esp_image: segment 4: paddr=00050020 vaddr=400d0020 size=ce4e4h (845028) map[0m
[0;32mI (511) esp_image: segment 5: paddr=0011e50c vaddr=40088b4c size=136e4h ( 79588) load[0m
[0;32mI (545) esp_image: segment 6: paddr=00131bf8 vaddr=400c0000 size=00064h (   100) load[0m
[0;32mI (545) esp_image: segment 7: paddr=00131c64 vaddr=50000200 size=00018h (    24) load[0m
[0;32mI (565) boot: Loaded app from partition at offset 0x10000[0m
[0;32mI (565) boot: Disabling RNG early entropy source...[0m
[0;32mI (576) cpu_start: Multicore app[0m
[0;32mI (577) cpu_start: Pro cpu up.[0m
[0;32mI (577) cpu_start: Starting app cpu, entry point is 0x40081760[0m
[0;32mI (565) cpu_start: App cpu up.[0m
[0;32mI (595) cpu_start: Pro cpu start user code[0m
[0;32mI (595) cpu_start: cpu freq: 80000000 Hz[0m
[0;32mI (595) cpu_start: Application information:[0m
[0;32mI (600) cpu_start: Project name:     SHT3x_Powersave[0m
[0;32mI (605) cpu_start: App version:      177945f-dirty[0m
[0;32mI (611) cpu_start: Compile time:     Aug 16 2023 11:43:48[0m
[0;32mI (617) cpu_start: ELF file SHA256:  a2fe44e99d64c6d6...[0m
[0;32mI (623) cpu_start: ESP-IDF:          v5.1-dirty[0m
[0;32mI (628) cpu_start: Min chip rev:     v0.0[0m
[0;32mI (633) cpu_start: Max chip rev:     v3.99 [0m
[0;32mI (637) cpu_start: Chip rev:         v1.0[0m
[0;32mI (642) heap_init: Initializing. RAM available for dynamic allocation:[0m
[0;32mI (650) heap_init: At 3FFAFF10 len 000000F0 (0 KiB): DRAM[0m
[0;32mI (655) heap_init: At 3FFB6388 len 00001C78 (7 KiB): DRAM[0m
[0;32mI (662) heap_init: At 3FFB9A20 len 00004108 (16 KiB): DRAM[0m
[0;32mI (668) heap_init: At 3FFC9D00 len 00016300 (88 KiB): DRAM[0m
[0;32mI (674) heap_init: At 3FFE0440 len 00003AE0 (14 KiB): D/IRAM[0m
[0;32mI (680) heap_init: At 3FFE4350 len 0001BCB0 (111 KiB): D/IRAM[0m
[0;32mI (687) heap_init: At 4009C230 len 00003DD0 (15 KiB): IRAM[0m
[0;32mI (695) spi_flash: detected chip: generic[0m
[0;32mI (697) spi_flash: flash io: dio[0m
[0;33mW (701) spi_flash: Detected size(4096k) larger than the size in the binary image header(2048k). Using the size in the binary image header.[0m
[0;32mI (716) coexist: coex firmware version: ebddf30[0m
[0;32mI (721) app_start: Starting scheduler on CPU0[0m
[0;32mI[0;32mI (725) app_start: Starting scheduler on CPU1[0m
 (725) main_task: Started on CPU0[0m
[0;32mI (735) main_task: Calling app_main()[0m
[0;31mE (735) i2c: i2c driver install error[0m
ESP_ERROR_CHECK failed: esp_err_t 0xffffffff (ESP_FAIL) at 0x400d796d
file: "./components/bee_i2c/bee_i2c.c" line 34
func: i2c_init
expression: i2c_driver_install(bus, I2C_MODE_MASTER, 0, 0, 0)

abort() was called at PC 0x400947cf on core 0


Backtrace: 0x40081dfa:0x3ffbbb20 0x400947d9:0x3ffbbb40 0x4009a4ce:0x3ffbbb60 0x400947cf:0x3ffbbbd0 0x400d796d:0x3ffbbc00 0x400d771a:0x3ffbbc20 0x4019c6ab:0x3ffbbc50 0x40097291:0x3ffbbc80




ELF file SHA256: a2fe44e99d64c6d6

Rebooting...
ets Jun  8 2016 00:22:57

rst:0xc (SW_CPU_RESET),boot:0x13 (SPI_FAST_FLASH_BOOT)
configsip: 0, SPIWP:0xee
clk_drv:0x00,q_drv:0x00,d_drv:0x00,cs0_drv:0x00,hd_drv:0x00,wp_drv:0x00
mode:DIO, clock div:2
load:0x3fff0030,len:7284
load:0x40078000,len:15884
load:0x40080400,len:4
load:0x40080404,len:3876
entry 0x4008064c
[0;32mI (29) boot: ESP-IDF v5.1-dirty 2nd stage bootloader[0m
[0;32mI (29) boot: compile time Aug 16 2023 11:36:24[0m
[0;32mI (29) boot: Multicore bootloader[0m
[0;32mI (34) boot: chip revision: v1.0[0m
[0;32mI (38) boot.esp32: SPI Speed      : 40MHz[0m
[0;32mI (42) boot.esp32: SPI Mode       : DIO[0m
[0;32mI (47) boot.esp32: SPI Flash Size : 2MB[0m
[0;32mI (51) boot: Enabling RNG early entropy source...[0m
[0;32mI (57) boot: Partition Table:[0m
[0;32mI (60) boot: ## Label            Usage          Type ST Offset   Length[0m
[0;32mI (68) boot:  0 nvs              WiFi data        01 02 00009000 00006000[0m
[0;32mI (75) boot:  1 phy_init         RF data          01 01 0000f000 00001000[0m
[0;32mI (82) boot:  2 factory          factory app      00 00 00010000 00177000[0m
[0;32mI (90) boot: End of partition table[0m
[0;32mI (94) esp_image: segment 0: paddr=00010020 vaddr=3f400020 size=31f28h (204584) map[0m
[0;32mI (176) esp_image: segment 1: paddr=00041f50 vaddr=3ff80063 size=00008h (     8) load[0m
[0;32mI (177) esp_image: segment 2: paddr=00041f60 vaddr=3ffbdb60 size=05564h ( 21860) load[0m
[0;32mI (191) esp_image: segment 3: paddr=000474cc vaddr=40080000 size=08b4ch ( 35660) load[0m
[0;32mI (206) esp_image: segment 4: paddr=00050020 vaddr=400d0020 size=ce4e4h (845028) map[0m
[0;32mI (511) esp_image: segment 5: paddr=0011e50c vaddr=40088b4c size=136e4h ( 79588) load[0m
[0;32mI (545) esp_image: segment 6: paddr=00131bf8 vaddr=400c0000 size=00064h (   100) load[0m
[0;32mI (545) esp_image: segment 7: paddr=00131c64 vaddr=50000200 size=00018h (    24) load[0m
[0;32mI (565) boot: Loaded app from partition at offset 0x10000[0m
[0;32mI (565) boot: Disabling RNG early entropy source...[0m
[0;32mI (576) cpu_start: Multicore app[0m
[0;32mI (577) cpu_start: Pro cpu up.[0m
[0;32mI (577) cpu_start: Starting app cpu, entry point is 0x40081760[0m
[0;32mI (565) cpu_start: App cpu up.[0m
[0;32mI (595) cpu_start: Pro cpu start user code[0m
[0;32mI (595) cpu_start: cpu freq: 80000000 Hz[0m
[0;32mI (595) cpu_start: Application information:[0m
[0;32mI (600) cpu_start: Project name:     SHT3x_Powersave[0m
[0;32mI (605) cpu_start: App version:      177945f-dirty[0m
[0;32mI (611) cpu_start: Compile time:     Aug 16 2023 11:43:48[0m
[0;32mI (617) cpu_start: ELF file SHA256:  a2fe44e99d64c6d6...[0m
[0;32mI (623) cpu_start: ESP-IDF:          v5.1-dirty[0m
[0;32mI (628) cpu_start: Min chip rev:     v0.0[0m
[0;32mI (633) cpu_start: Max chip rev:     v3.99 [0m
[0;32mI (637) cpu_start: Chip rev:         v1.0[0m
[0;32mI (642) heap_init: Initializing. RAM available for dynamic allocation:[0m
[0;32mI (650) heap_init: At 3FFAFF10 len 000000F0 (0 KiB): DRAM[0m
[0;32mI (655) heap_init: At 3FFB6388 len 00001C78 (7 KiB): DRAM[0m
[0;32mI (662) heap_init: At 3FFB9A20 len 00004108 (16 KiB): DRAM[0m
[0;32mI (668) heap_init: At 3FFC9D00 len 00016300 (88 KiB): DRAM[0m
[0;32mI (674) heap_init: At 3FFE0440 len 00003AE0 (14 KiB): D/IRAM[0m
[0;32mI (680) heap_init: At 3FFE4350 len 0001BCB0 (111 KiB): D/IRAM[0m
[0;32mI (687) heap_init: At 4009C230 len 00003DD0 (15 KiB): IRAM[0m
[0;32mI (695) spi_flash: detected chip: generic[0m
[0;32mI (697) spi_flash: flash io: dio[0m
[0;33mW (701) spi_flash: Detected size(4096k) larger than the size in the binary image header(2048k). Using the size in the binary image header.[0m
[0;32mI (716) coexist: coex firmware version: ebddf30[0m
[0;32mI (721) app_start: Starting scheduler on CPU0[0m
[0;32mI[0;32mI (725) app_start: Starting scheduler on CPU1[0m
 (725) main_task: Started on CPU0[0m
[0;32mI (735) main_task: Calling app_main()[0m
[0;31mE (735) i2c: i2c driver install error[0m
ESP_ERROR_CHECK failed: esp_err_t 0xffffffff (ESP_FAIL) at 0x400d796d
file: "./components/bee_i2c/bee_i2c.c" line 34
func: i2c_init
expression: i2c_driver_install(bus, I2C_MODE_MASTER, 0, 0, 0)

abort() was called at PC 0x400947cf on core 0


Backtrace: 0x40081dfa:0x3ffbbb20 0x400947d9:0x3ffbbb40 0x4009a4ce:0x3ffbbb60 0x400947cf:0x3ffbbbd0 0x400d796d:0x3ffbbc00 0x400d771a:0x3ffbbc20 0x4019c6ab:0x3ffbbc50 0x40097291:0x3ffbbc80




ELF file SHA256: a2fe44e99d64c6d6

Rebooting...
ets Jun  8 2016 00:22:57

rst:0xc (SW_CPU_RESET),boot:0x13 (SPI_FAST_FLASH_BOOT)
configsip: 0, SPIWP:0xee
clk_drv:0x00,q_drv:0x00,d_drv:0x00,cs0_drv:0x00,hd_drv:0x00,wp_drv:0x00
mode:DIO, clock div:2
load:0x3fff0030,len:7284
load:0x40078000,len:15884
load:0x40080400,len:4
load:0x40080404,len:3876
entry 0x4008064c
[0;32mI (29) boot: ESP-IDF v5.1-dirty 2nd stage bootloader[0m
[0;32mI (29) boot: compile time Aug 16 2023 11:36:24[0m
[0;32mI (29) boot: Multicore bootloader[0m
[0;32mI (34) boot: chip revision: v1.0[0m
[0;32mI (38) boot.esp32: SPI Speed      : 40MHz[0m
[0;32mI (42) boot.esp32: SPI Mode       : DIO[0m
[0;32mI (47) boot.esp32: SPI Flash Size : 2MB[0m
[0;32mI (51) boot: Enabling RNG early entropy source...[0m
[0;32mI (57) boot: Partition Table:[0m
[0;32mI (60) boot: ## Label            Usage          Type ST Offset   Length[0m
[0;32mI (68) boot:  0 nvs              WiFi data        01 02 00009000 00006000[0m
[0;32mI (75) boot:  1 phy_init         RF data          01 01 0000f000 00001000[0m
[0;32mI (82) boot:  2 factory          factory app      00 00 00010000 00177000[0m
[0;32mI (90) boot: End of partition table[0m
[0;32mI (94) esp_image: segment 0: paddr=00010020 vaddr=3f400020 size=31f28h (204584) map[0m
[0;32mI (176) esp_image: segment 1: paddr=00041f50 vaddr=3ff80063 size=00008h (     8) load[0m
[0;32mI (177) esp_image: segment 2: paddr=00041f60 vaddr=3ffbdb60 size=05564h ( 21860) load[0m
[0;32mI (191) esp_image: segment 3: paddr=000474cc vaddr=40080000 size=08b4ch ( 35660) load[0m
[0;32mI (206) esp_image: segment 4: paddr=00050020 vaddr=400d0020 size=ce4e4h (845028) map[0m
[0;32mI (511) esp_image: segment 5: paddr=0011e50c vaddr=40088b4c size=136e4h ( 79588) load[0m
[0;32mI (545) esp_image: segment 6: paddr=00131bf8 vaddr=400c0000 size=00064h (   100) load[0m
[0;32mI (545) esp_image: segment 7: paddr=00131c64 vaddr=50000200 size=00018h (    24) load[0m
[0;32mI (565) boot: Loaded app from partition at offset 0x10000[0m
[0;32mI (565) boot: Disabling RNG early entropy source...[0m
[0;32mI (576) cpu_start: Multicore app[0m
[0;32mI (577) cpu_start: Pro cpu up.[0m
[0;32mI (577) cpu_start: Starting app cpu, entry point is 0x40081760[0m
[0;32mI (565) cpu_start: App cpu up.[0m
[0;32mI (595) cpu_start: Pro cpu start user code[0m
[0;32mI (595) cpu_start: cpu freq: 80000000 Hz[0m
[0;32mI (595) cpu_start: Application information:[0m
[0;32mI (600) cpu_start: Project name:     SHT3x_Powersave[0m
[0;32mI (605) cpu_start: App version:      177945f-dirty[0m
[0;32mI (611) cpu_start: Compile time:     Aug 16 2023 11:43:48[0m
[0;32mI (617) cpu_start: ELF file SHA256:  a2fe44e99d64c6d6...[0m
[0;32mI (623) cpu_start: ESP-IDF:          v5.1-dirty[0m
[0;32mI (628) cpu_start: Min chip rev:     v0.0[0m
[0;32mI (633) cpu_start: Max chip rev:     v3.99 [0m
[0;32mI (637) cpu_start: Chip rev:         v1.0[0m
[0;32mI (642) heap_init: Initializing. RAM available for dynamic allocation:[0m
[0;32mI (650) heap_init: At 3FFAFF10 len 000000F0 (0 KiB): DRAM[0m
[0;32mI (655) heap_init: At 3FFB6388 len 00001C78 (7 KiB): DRAM[0m
[0;32mI (662) heap_init: At 3FFB9A20 len 00004108 (16 KiB): DRAM[0m
[0;32mI (668) heap_init: At 3FFC9D00 len 00016300 (88 KiB): DRAM[0m
[0;32mI (674) heap_init: At 3FFE0440 len 00003AE0 (14 KiB): D/IRAM[0m
[0;32mI (680) heap_init: At 3FFE4350 len 0001BCB0 (111 KiB): D/IRAM[0m
[0;32mI (687) heap_init: At 4009C230 len 00003DD0 (15 KiB): IRAM[0m
[0;32mI (695) spi_flash: detected chip: generic[0m
[0;32mI (697) spi_flash: flash io: dio[0m
[0;33mW (701) spi_flash: Detected size(4096k) larger than the size in the binary image header(2048k). Using the size in the binary image header.[0m
[0;32mI (716) coexist: coex firmware version: ebddf30[0m
[0;32mI (721) app_start: Starting scheduler on CPU0[0m
[0;32mI[0;32mI (725) app_start: Starting scheduler on CPU1[0m
 (725) main_task: Started on CPU0[0m
[0;32mI (735) main_task: Calling app_main()[0m
[0;31mE (735) i2c: i2c driver install error[0m
ESP_ERROR_CHECK failed: esp_err_t 0xffffffff (ESP_FAIL) at 0x400d796d
file: "./components/bee_i2c/bee_i2c.c" line 34
func: i2c_init
expression: i2c_driver_install(bus, I2C_MODE_MASTER, 0, 0, 0)

abort() was called at PC 0x400947cf on core 0


Backtrace: 0x40081dfa:0x3ffbbb20 0x400947d9:0x3ffbbb40 0x4009a4ce:0x3ffbbb60 0x400947cf:0x3ffbbbd0 0x400d796d:0x3ffbbc00 0x400d771a:0x3ffbbc20 0x4019c6ab:0x3ffbbc50 0x40097291:0x3ffbbc80




ELF file SHA256: a2fe44e99d64c6d6

Rebooting...
ets Jun  8 2016 00:22:57

rst:0xc (SW_CPU_RESET),boot:0x13 (SPI_FAST_FLASH_BOOT)
configsip: 0, SPIWP:0xee
clk_drv:0x00,q_drv:0x00,d_drv:0x00,cs0_drv:0x00,hd_drv:0x00,wp_drv:0x00
mode:DIO, clock div:2
load:0x3fff0030,len:7284
load:0x40078000,len:15884
load:0x40080400,len:4
load:0x40080404,len:3876
entry 0x4008064c
[0;32mI (29) boot: ESP-IDF v5.1-dirty 2nd stage bootloader[0m
[0;32mI (29) boot: compile time Aug 16 2023 11:36:24[0m
[0;32mI (29) boot: Multicore bootloader[0m
[0;32mI (34) boot: chip revision: v1.0[0m
[0;32mI (38) boot.esp32: SPI Speed      : 40MHz[0m
[0;32mI (42) boot.esp32: SPI Mode       : DIO[0m
[0;32mI (47) boot.esp32: SPI Flash Size : 2MB[0m
[0;32mI (51) boot: Enabling RNG early entropy source...[0m
[0;32mI (57) boot: Partition Table:[0m
[0;32mI (60) boot: ## Label            Usage          Type ST Offset   Length[0m
[0;32mI (68) boot:  0 nvs              WiFi data        01 02 00009000 00006000[0m
[0;32mI (75) boot:  1 phy_init         RF data          01 01 0000f000 00001000[0m
[0;32mI (82) boot:  2 factory          factory app      00 00 00010000 00177000[0m
[0;32mI (90) boot: End of partition table[0m
[0;32mI (94) esp_image: segment 0: paddr=00010020 vaddr=3f400020 size=31f28h (204584) map[0m
[0;32mI (176) esp_image: segment 1: paddr=00041f50 vaddr=3ff80063 size=00008h (     8) load[0m
[0;32mI (177) esp_image: segment 2: paddr=00041f60 vaddr=3ffbdb60 size=05564h ( 21860) load[0m
[0;32mI (191) esp_image: segment 3: paddr=000474cc vaddr=40080000 size=08b4ch ( 35660) load[0m
[0;32mI (206) esp_image: segment 4: paddr=00050020 vaddr=400d0020 size=ce4e4h (845028) map[0m
[0;32mI (511) esp_image: segment 5: paddr=0011e50c vaddr=40088b4c size=136e4h ( 79588) load[0m
[0;32mI (545) esp_image: segment 6: paddr=00131bf8 vaddr=400c0000 size=00064h (   100) load[0m
[0;32mI (545) esp_image: segment 7: paddr=00131c64 vaddr=50000200 size=00018h (    24) load[0m
[0;32mI (565) boot: Loaded app from partition at offset 0x10000[0m
[0;32mI (565) boot: Disabling RNG early entropy source...[0m
[0;32mI (576) cpu_start: Multicore app[0m
[0;32mI (577) cpu_start: Pro cpu up.[0m
[0;32mI (577) cpu_start: Starting app cpu, entry point is 0x40081760[0m
[0;32mI (565) cpu_start: App cpu up.[0m
[0;32mI (595) cpu_start: Pro cpu start user code[0m
[0;32mI (595) cpu_start: cpu freq: 80000000 Hz[0m
[0;32mI (595) cpu_start: Application information:[0m
[0;32mI (600) cpu_start: Project name:     SHT3x_Powersave[0m
[0;32mI (605) cpu_start: App version:      177945f-dirty[0m
[0;32mI (611) cpu_start: Compile time:     Aug 16 2023 11:43:48[0m
[0;32mI (617) cpu_start: ELF file SHA256:  a2fe44e99d64c6d6...[0m
[0;32mI (623) cpu_start: ESP-IDF:          v5.1-dirty[0m
[0;32mI (628) cpu_start: Min chip rev:     v0.0[0m
[0;32mI (633) cpu_start: Max chip rev:     v3.99 [0m
[0;32mI (637) cpu_start: Chip rev:         v1.0[0m
[0;32mI (642) heap_init: Initializing. RAM available for dynamic allocation:[0m
[0;32mI (650) heap_init: At 3FFAFF10 len 000000F0 (0 KiB): DRAM[0m
[0;32mI (655) heap_init: At 3FFB6388 len 00001C78 (7 KiB): DRAM[0m
[0;32mI (662) heap_init: At 3FFB9A20 len 00004108 (16 KiB): DRAM[0m
[0;32mI (668) heap_init: At 3FFC9D00 len 00016300 (88 KiB): DRAM[0m
[0;32mI (674) heap_init: At 3FFE0440 len 00003AE0 (14 KiB): D/IRAM[0m
[0;32mI (680) heap_init: At 3FFE4350 len 0001BCB0 (111 KiB): D/IRAM[0m
[0;32mI (687) heap_init: At 4009C230 len 00003DD0 (15 KiB): IRAM[0m
[0;32mI (695) spi_flash: detected chip: generic[0m
[0;32mI (697) spi_flash: flash io: dio[0m
[0;33mW (701) spi_flash: Detected size(4096k) larger than the size in the binary image header(2048k). Using the size in the binary image header.[0m
[0;32mI (716) coexist: coex firmware version: ebddf30[0m
[0;32mI (721) app_start: Starting scheduler on CPU0[0m
[0;32mI[0;32mI (725) app_start: Starting scheduler on CPU1[0m
 (725) main_task: Started on CPU0[0m
[0;32mI (735) main_task: Calling app_main()[0m
[0;31mE (735) i2c: i2c driver install error[0m
ESP_ERROR_CHECK failed: esp_err_t 0xffffffff (ESP_FAIL) at 0x400d796d
file: "./components/bee_i2c/bee_i2c.c" line 34
func: i2c_init
expression: i2c_driver_install(bus, I2C_MODE_MASTER, 0, 0, 0)

abort() was called at PC 0x400947cf on core 0


Backtrace: 0x40081dfa:0x3ffbbb20 0x400947d9:0x3ffbbb40 0x4009a4ce:0x3ffbbb60 0x400947cf:0x3ffbbbd0 0x400d796d:0x3ffbbc00 0x400d771a:0x3ffbbc20 0x4019c6ab:0x3ffbbc50 0x40097291:0x3ffbbc80




ELF file SHA256: a2fe44e99d64c6d6

Rebooting...
ets Jun  8 2016 00:22:57

rst:0xc (SW_CPU_RESET),boot:0x13 (SPI_FAST_FLASH_BOOT)
configsip: 0, SPIWP:0xee
clk_drv:0x00,q_drv:0x00,d_drv:0x00,cs0_drv:0x00,hd_drv:0x00,wp_drv:0x00
mode:DIO, clock div:2
load:0x3fff0030,len:7284
load:0x40078000,len:15884
load:0x40080400,len:4
load:0x40080404,len:3876
entry 0x4008064c
[0;32mI (29) boot: ESP-IDF v5.1-dirty 2nd stage bootloader[0m
[0;32mI (29) boot: compile time Aug 16 2023 11:36:24[0m
[0;32mI (29) boot: Multicore bootloader[0m
[0;32mI (34) boot: chip revision: v1.0[0m
[0;32mI (38) boot.esp32: SPI Speed      : 40MHz[0m
[0;32mI (42) boot.esp32: SPI Mode       : DIO[0m
[0;32mI (47) boot.esp32: SPI Flash Size : 2MB[0m
[0;32mI (51) boot: Enabling RNG early entropy source...[0m
[0;32mI (57) boot: Partition Table:[0m
[0;32mI (60) boot: ## Label            Usage          Type ST Offset   Length[0m
[0;32mI (68) boot:  0 nvs              WiFi data        01 02 00009000 00006000[0m
[0;32mI (75) boot:  1 phy_init         RF data          01 01 0000f000 00001000[0m
[0;32mI (82) boot:  2 factory          factory app      00 00 00010000 00177000[0m
[0;32mI (90) boot: End of partition table[0m
[0;32mI (94) esp_image: segment 0: paddr=00010020 vaddr=3f400020 size=31f28h (204584) map[0m
[0;32mI (176) esp_image: segment 1: paddr=00041f50 vaddr=3ff80063 size=00008h (     8) load[0m
[0;32mI (177) esp_image: segment 2: paddr=00041f60 vaddr=3ffbdb60 size=05564h ( 21860) load[0m
[0;32mI (191) esp_image: segment 3: paddr=000474cc vaddr=40080000 size=08b4ch ( 35660) load[0m
[0;32mI (206) esp_image: segment 4: paddr=00050020 vaddr=400d0020 size=ce4e4h (845028) map[0m
[0;32mI (511) esp_image: segment 5: paddr=0011e50c vaddr=40088b4c size=136e4h ( 79588) load[0m
[0;32mI (545) esp_image: segment 6: paddr=00131bf8 vaddr=400c0000 size=00064h (   100) load[0m
[0;32mI (545) esp_image: segment 7: paddr=00131c64 vaddr=50000200 size=00018h (    24) load[0m
[0;32mI (565) boot: Loaded app from partition at offset 0x10000[0m
[0;32mI (565) boot: Disabling RNG early entropy source...[0m
[0;32mI (576) cpu_start: Multicore app[0m
[0;32mI (577) cpu_start: Pro cpu up.[0m
[0;32mI (577) cpu_start: Starting app cpu, entry point is 0x40081760[0m
[0;32mI (565) cpu_start: App cpu up.[0m
[0;32mI (595) cpu_start: Pro cpu start user code[0m
[0;32mI (595) cpu_start: cpu freq: 80000000 Hz[0m
[0;32mI (595) cpu_start: Application information:[0m
[0;32mI (600) cpu_start: Project name:     SHT3x_Powersave[0m
[0;32mI (605) cpu_start: App version:      177945f-dirty[0m
[0;32mI (611) cpu_start: Compile time:     Aug 16 2023 11:43:48[0m
[0;32mI (617) cpu_start: ELF file SHA256:  a2fe44e99d64c6d6...[0m
[0;32mI (623) cpu_start: ESP-IDF:          v5.1-dirty[0m
[0;32mI (628) cpu_start: Min chip rev:     v0.0[0m
[0;32mI (633) cpu_start: Max chip rev:     v3.99 [0m
[0;32mI (637) cpu_start: Chip rev:         v1.0[0m
[0;32mI (642) heap_init: Initializing. RAM available for dynamic allocation:[0m
[0;32mI (650) heap_init: At 3FFAFF10 len 000000F0 (0 KiB): DRAM[0m
[0;32mI (655) heap_init: At 3FFB6388 len 00001C78 (7 KiB): DRAM[0m
[0;32mI (662) heap_init: At 3FFB9A20 len 00004108 (16 KiB): DRAM[0m
[0;32mI (668) heap_init: At 3FFC9D00 len 00016300 (88 KiB): DRAM[0m
[0;32mI (674) heap_init: At 3FFE0440 len 00003AE0 (14 KiB): D/IRAM[0m
[0;32mI (680) heap_init: At 3FFE4350 len 0001BCB0 (111 KiB): D/IRAM[0m
[0;32mI (687) heap_init: At 4009C230 len 00003DD0 (15 KiB): IRAM[0m
[0;32mI (695) spi_flash: detected chip: generic[0m
[0;32mI (697) spi_flash: flash io: dio[0m
[0;33mW (701) spi_flash: Detected size(4096k) larger than the size in the binary image header(2048k). Using the size in the binary image header.[0m
[0;32mI (716) coexist: coex firmware version: ebddf30[0m
[0;32mI (721) app_start: Starting scheduler on CPU0[0m
[0;32mI[0;32mI (725) app_start: Starting scheduler on CPU1[0m
 (725) main_task: Started on CPU0[0m
[0;32mI (735) main_task: Calling app_main()[0m
[0;31mE (735) i2c: i2c driver install error[0m
ESP_ERROR_CHECK failed: esp_err_t 0xffffffff (ESP_FAIL) at 0x400d796d
file: "./components/bee_i2c/bee_i2c.c" line 34
func: i2c_init
expression: i2c_driver_install(bus, I2C_MODE_MASTER, 0, 0, 0)

abort() was called at PC 0x400947cf on core 0


Backtrace: 0x40081dfa:0x3ffbbb20 0x400947d9:0x3ffbbb40 0x4009a4ce:0x3ffbbb60 0x400947cf:0x3ffbbbd0 0x400d796d:0x3ffbbc00 0x400d771a:0x3ffbbc20 0x4019c6ab:0x3ffbbc50 0x40097291:0x3ffbbc80




ELF file SHA256: a2fe44e99d64c6d6

Rebooting...
ets Jun  8 2016 00:22:57

rst:0xc (SW_CPU_RESET),boot:0x13 (SPI_FAST_FLASH_BOOT)
configsip: 0, SPIWP:0xee
clk_drv:0x00,q_drv:0x00,d_drv:0x00,cs0_drv:0x00,hd_drv:0x00,wp_drv:0x00
mode:DIO, clock div:2
load:0x3fff0030,len:7284
load:0x40078000,len:15884
load:0x40080400,len:4
load:0x40080404,len:3876
entry 0x4008064c
[0;32mI (29) boot: ESP-IDF v5.1-dirty 2nd stage bootloader[0m
[0;32mI (29) boot: compile time Aug 16 2023 11:36:24[0m
[0;32mI (29) boot: Multicore bootloader[0m
[0;32mI (34) boot: chip revision: v1.0[0m
[0;32mI (38) boot.esp32: SPI Speed      : 40MHz[0m
[0;32mI (42) boot.esp32: SPI Mode       : DIO[0m
[0;32mI (47) boot.esp32: SPI Flash Size : 2MB[0m
[0;32mI (51) boot: Enabling RNG early entropy source...[0m
[0;32mI (57) boot: Partition Table:[0m
[0;32mI (60) boot: ## Label            Usage          Type ST Offset   Length[0m
[0;32mI (68) boot:  0 nvs              WiFi data        01 02 00009000 00006000[0m
[0;32mI (75) boot:  1 phy_init         RF data          01 01 0000f000 00001000[0m
[0;32mI (82) boot:  2 factory          factory app      00 00 00010000 00177000[0m
[0;32mI (90) boot: End of partition table[0m
[0;32mI (94) esp_image: segment 0: paddr=00010020 vaddr=3f400020 size=31f28h (204584) map[0m
[0;32mI (176) esp_image: segment 1: paddr=00041f50 vaddr=3ff80063 size=00008h (     8) load[0m
[0;32mI (177) esp_image: segment 2: paddr=00041f60 vaddr=3ffbdb60 size=05564h ( 21860) load[0m
[0;32mI (191) esp_image: segment 3: paddr=000474cc vaddr=40080000 size=08b4ch ( 35660) load[0m
[0;32mI (206) esp_image: segment 4: paddr=00050020 vaddr=400d0020 size=ce4e4h (845028) map[0m
[0;32mI (511) esp_image: segment 5: paddr=0011e50c vaddr=40088b4c size=136e4h ( 79588) load[0m
[0;32mI (545) esp_image: segment 6: paddr=00131bf8 vaddr=400c0000 size=00064h (   100) load[0m
[0;32mI (545) esp_image: segment 7: paddr=00131c64 vaddr=50000200 size=00018h (    24) load[0m
[0;32mI (565) boot: Loaded app from partition at offset 0x10000[0m
[0;32mI (565) boot: Disabling RNG early entropy source...[0m
[0;32mI (576) cpu_start: Multicore app[0m
[0;32mI (577) cpu_start: Pro cpu up.[0m
[0;32mI (577) cpu_start: Starting app cpu, entry point is 0x40081760[0m
[0;32mI (565) cpu_start: App cpu up.[0m
[0;32mI (595) cpu_start: Pro cpu start user code[0m
[0;32mI (595) cpu_start: cpu freq: 80000000 Hz[0m
[0;32mI (595) cpu_start: Application information:[0m
[0;32mI (600) cpu_start: Project name:     SHT3x_Powersave[0m
[0;32mI (605) cpu_start: App version:      177945f-dirty[0m
[0;32mI (611) cpu_start: Compile time:     Aug 16 2023 11:43:48[0m
[0;32mI (617) cpu_start: ELF file SHA256:  a2fe44e99d64c6d6...[0m
[0;32mI (623) cpu_start: ESP-IDF:          v5.1-dirty[0m
[0;32mI (628) cpu_start: Min chip rev:     v0.0[0m
[0;32mI (633) cpu_start: Max chip rev:     v3.99 [0m
[0;32mI (637) cpu_start: Chip rev:         v1.0[0m
[0;32mI (642) heap_init: Initializing. RAM available for dynamic allocation:[0m
[0;32mI (650) heap_init: At 3FFAFF10 len 000000F0 (0 KiB): DRAM[0m
[0;32mI (655) heap_init: At 3FFB6388 len 00001C78 (7 KiB): DRAM[0m
[0;32mI (662) heap_init: At 3FFB9A20 len 00004108 (16 KiB): DRAM[0m
[0;32mI (668) heap_init: At 3FFC9D00 len 00016300 (88 KiB): DRAM[0m
[0;32mI (674) heap_init: At 3FFE0440 len 00003AE0 (14 KiB): D/IRAM[0m
[0;32mI (680) heap_init: At 3FFE4350 len 0001BCB0 (111 KiB): D/IRAM[0m
[0;32mI (687) heap_init: At 4009C230 len 00003DD0 (15 KiB): IRAM[0m
[0;32mI (695) spi_flash: detected chip: generic[0m
[0;32mI (697) spi_flash: flash io: dio[0m
[0;33mW (701) spi_flash: Detected size(4096k) larger than the size in the binary image header(2048k). Using the size in the binary image header.[0m
[0;32mI (716) coexist: coex firmware version: ebddf30[0m
[0;32mI (721) app_start: Starting scheduler on CPU0[0m
[0;32mI[0;32mI (725) app_start: Starting scheduler on CPU1[0m
 (725) main_task: Started on CPU0[0m
[0;32mI (735) main_task: Calling app_main()[0m
[0;31mE (735) i2c: i2c driver install error[0m
ESP_ERROR_CHECK failed: esp_err_t 0xffffffff (ESP_FAIL) at 0x400d796d
file: "./components/bee_i2c/bee_i2c.c" line 34
func: i2c_init
expression: i2c_driver_install(bus, I2C_MODE_MASTER, 0, 0, 0)

abort() was called at PC 0x400947cf on core 0


Backtrace: 0x40081dfa:0x3ffbbb20 0x400947d9:0x3ffbbb40 0x4009a4ce:0x3ffbbb60 0x400947cf:0x3ffbbbd0 0x400d796d:0x3ffbbc00 0x400d771a:0x3ffbbc20 0x4019c6ab:0x3ffbbc50 0x40097291:0x3ffbbc80




ELF file SHA256: a2fe44e99d64c6d6

Rebooting...
ets Jun  8 2016 00:22:57

rst:0xc (SW_CPU_RESET),boot:0x13 (SPI_FAST_FLASH_BOOT)
configsip: 0, SPIWP:0xee
clk_drv:0x00,q_drv:0x00,d_drv:0x00,cs0_drv:0x00,hd_drv:0x00,wp_drv:0x00
mode:DIO, clock div:2
load:0x3fff0030,len:7284
load:0x40078000,len:15884
load:0x40080400,len:4
load:0x40080404,len:3876
entry 0x4008064c
[0;32mI (29) boot: ESP-IDF v5.1-dirty 2nd stage bootloader[0m
[0;32mI (29) boot: compile time Aug 16 2023 11:36:24[0m
[0;32mI (29) boot: Multicore bootloader[0m
[0;32mI (34) boot: chip revision: v1.0[0m
[0;32mI (38) boot.esp32: SPI Speed      : 40MHz[0m
[0;32mI (42) boot.esp32: SPI Mode       : DIO[0m
[0;32mI (47) boot.esp32: SPI Flash Size : 2MB[0m
[0;32mI (51) boot: Enabling RNG early entropy source...[0m
[0;32mI (57) boot: Partition Table:[0m
[0;32mI (60) boot: ## Label            Usage          Type ST Offset   Length[0m
[0;32mI (68) boot:  0 nvs              WiFi data        01 02 00009000 00006000[0m
[0;32mI (75) boot:  1 phy_init         RF data          01 01 0000f000 00001000[0m
[0;32mI (82) boot:  2 factory          factory app      00 00 00010000 00177000[0m
[0;32mI (90) boot: End of partition table[0m
[0;32mI (94) esp_image: segment 0: paddr=00010020 vaddr=3f400020 size=31f28h (204584) map[0m
[0;32mI (176) esp_image: segment 1: paddr=00041f50 vaddr=3ff80063 size=00008h (     8) load[0m
[0;32mI (177) esp_image: segment 2: paddr=00041f60 vaddr=3ffbdb60 size=05564h ( 21860) load[0m
[0;32mI (191) esp_image: segment 3: paddr=000474cc vaddr=40080000 size=08b4ch ( 35660) load[0m
[0;32mI (206) esp_image: segment 4: paddr=00050020 vaddr=400d0020 size=ce4e4h (845028) map[0m
[0;32mI (511) esp_image: segment 5: paddr=0011e50c vaddr=40088b4c size=136e4h ( 79588) load[0m
[0;32mI (545) esp_image: segment 6: paddr=00131bf8 vaddr=400c0000 size=00064h (   100) load[0m
[0;32mI (545) esp_image: segment 7: paddr=00131c64 vaddr=50000200 size=00018h (    24) load[0m
[0;32mI (565) boot: Loaded app from partition at offset 0x10000[0m
[0;32mI (565) boot: Disabling RNG early entropy source...[0m
[0;32mI (576) cpu_start: Multicore app[0m
[0;32mI (577) cpu_start: Pro cpu up.[0m
[0;32mI (577) cpu_start: Starting app cpu, entry point is 0x40081760[0m
[0;32mI (565) cpu_start: App cpu up.[0m
[0;32mI (595) cpu_start: Pro cpu start user code[0m
[0;32mI (595) cpu_start: cpu freq: 80000000 Hz[0m
[0;32mI (595) cpu_start: Application information:[0m
[0;32mI (600) cpu_start: Project name:     SHT3x_Powersave[0m
[0;32mI (605) cpu_start: App version:      177945f-dirty[0m
[0;32mI (611) cpu_start: Compile time:     Aug 16 2023 11:43:48[0m
[0;32mI (617) cpu_start: ELF file SHA256:  a2fe44e99d64c6d6...[0m
[0;32mI (623) cpu_start: ESP-IDF:          v5.1-dirty[0m
[0;32mI (628) cpu_start: Min chip rev:     v0.0[0m
[0;32mI (633) cpu_start: Max chip rev:     v3.99 [0m
[0;32mI (637) cpu_start: Chip rev:         v1.0[0m
[0;32mI (642) heap_init: Initializing. RAM available for dynamic allocation:[0m
[0;32mI (650) heap_init: At 3FFAFF10 len 000000F0 (0 KiB): DRAM[0m
[0;32mI (655) heap_init: At 3FFB6388 len 00001C78 (7 KiB): DRAM[0m
[0;32mI (662) heap_init: At 3FFB9A20 len 00004108 (16 KiB): DRAM[0m
[0;32mI (668) heap_init: At 3FFC9D00 len 00016300 (88 KiB): DRAM[0m
[0;32mI (674) heap_init: At 3FFE0440 len 00003AE0 (14 KiB): D/IRAM[0m
[0;32mI (680) heap_init: At 3FFE4350 len 0001BCB0 (111 KiB): D/IRAM[0m
[0;32mI (687) heap_init: At 4009C230 len 00003DD0 (15 KiB): IRAM[0m
[0;32mI (695) spi_flash: detected chip: generic[0m
[0;32mI (697) spi_flash: flash io: dio[0m
[0;33mW (701) spi_flash: Detected size(4096k) larger than the size in the binary image header(2048k). Using the size in the binary image header.[0m
[0;32mI (716) coexist: coex firmware version: ebddf30[0m
[0;32mI (721) app_start: Starting scheduler on CPU0[0m
[0;32mI[0;32mI (725) app_start: Starting scheduler on CPU1[0m
 (725) main_task: Started on CPU0[0m
[0;32mI (735) main_task: Calling app_main()[0m
[0;31mE (735) i2c: i2c driver install error[0m
ESP_ERROR_CHECK failed: esp_err_t 0xffffffff (ESP_FAIL) at 0x400d796d
file: "./components/bee_i2c/bee_i2c.c" line 34
func: i2c_init
expression: i2c_driver_install(bus, I2C_MODE_MASTER, 0, 0, 0)

abort() was called at PC 0x400947cf on core 0


Backtrace: 0x40081dfa:0x3ffbbb20 0x400947d9:0x3ffbbb40 0x4009a4ce:0x3ffbbb60 0x400947cf:0x3ffbbbd0 0x400d796d:0x3ffbbc00 0x400d771a:0x3ffbbc20 0x4019c6ab:0x3ffbbc50 0x40097291:0x3ffbbc80




ELF file SHA256: a2fe44e99d64c6d6

Rebooting...
ets Jun  8 2016 00:22:57

rst:0xc (SW_CPU_RESET),boot:0x13 (SPI_FAST_FLASH_BOOT)
configsip: 0, SPIWP:0xee
clk_drv:0x00,q_drv:0x00,d_drv:0x00,cs0_drv:0x00,hd_drv:0x00,wp_drv:0x00
mode:DIO, clock div:2
load:0x3fff0030,len:7284
load:0x40078000,len:15884
load:0x40080400,len:4
load:0x40080404,len:3876
entry 0x4008064c
[0;32mI (29) boot: ESP-IDF v5.1-dirty 2nd stage bootloader[0m
[0;32mI (29) boot: compile time Aug 16 2023 11:36:24[0m
[0;32mI (29) boot: Multicore bootloader[0m
[0;32mI (34) boot: chip revision: v1.0[0m
[0;32mI (38) boot.esp32: SPI Speed      : 40MHz[0m
[0;32mI (42) boot.esp32: SPI Mode       : DIO[0m
[0;32mI (47) boot.esp32: SPI Flash Size : 2MB[0m
[0;32mI (51) boot: Enabling RNG early entropy source...[0m
[0;32mI (57) boot: Partition Table:[0m
[0;32mI (60) boot: ## Label            Usage          Type ST Offset   Length[0m
[0;32mI (68) boot:  0 nvs              WiFi data        01 02 00009000 00006000[0m
[0;32mI (75) boot:  1 phy_init         RF data          01 01 0000f000 00001000[0m
[0;32mI (82) boot:  2 factory          factory app      00 00 00010000 00177000[0m
[0;32mI (90) boot: End of partition table[0m
[0;32mI (94) esp_image: segment 0: paddr=00010020 vaddr=3f400020 size=31f28h (204584) map[0m
[0;32mI (176) esp_image: segment 1: paddr=00041f50 vaddr=3ff80063 size=00008h (     8) load[0m
[0;32mI (177) esp_image: segment 2: paddr=00041f60 vaddr=3ffbdb60 size=05564h ( 21860) load[0m
[0;32mI (191) esp_image: segment 3: paddr=000474cc vaddr=40080000 size=08b4ch ( 35660) load[0m
[0;32mI (206) esp_image: segment 4: paddr=00050020 vaddr=400d0020 size=ce4e4h (845028) map[0m
[0;32mI (511) esp_image: segment 5: paddr=0011e50c vaddr=40088b4c size=136e4h ( 79588) load[0m
[0;32mI (545) esp_image: segment 6: paddr=00131bf8 vaddr=400c0000 size=00064h (   100) load[0m
[0;32mI (545) esp_image: segment 7: paddr=00131c64 vaddr=50000200 size=00018h (    24) load[0m
[0;32mI (565) boot: Loaded app from partition at offset 0x10000[0m
[0;32mI (565) boot: Disabling RNG early entropy source...[0m
[0;32mI (576) cpu_start: Multicore app[0m
[0;32mI (577) cpu_start: Pro cpu up.[0m
[0;32mI (577) cpu_start: Starting app cpu, entry point is 0x40081760[0m
[0;32mI (565) cpu_start: App cpu up.[0m
[0;32mI (595) cpu_start: Pro cpu start user code[0m
[0;32mI (595) cpu_start: cpu freq: 80000000 Hz[0m
[0;32mI (595) cpu_start: Application information:[0m
[0;32mI (600) cpu_start: Project name:     SHT3x_Powersave[0m
[0;32mI (605) cpu_start: App version:      177945f-dirty[0m
[0;32mI (611) cpu_start: Compile time:     Aug 16 2023 11:43:48[0m
[0;32mI (617) cpu_start: ELF file SHA256:  a2fe44e99d64c6d6...[0m
[0;32mI (623) cpu_start: ESP-IDF:          v5.1-dirty[0m
[0;32mI (628) cpu_start: Min chip rev:     v0.0[0m
[0;32mI (633) cpu_start: Max chip rev:     v3.99 [0m
[0;32mI (637) cpu_start: Chip rev:         v1.0[0m
[0;32mI (642) heap_init: Initializing. RAM available for dynamic allocation:[0m
[0;32mI (650) heap_init: At 3FFAFF10 len 000000F0 (0 KiB): DRAM[0m
[0;32mI (655) heap_init: At 3FFB6388 len 00001C78 (7 KiB): DRAM[0m
[0;32mI (662) heap_init: At 3FFB9A20 len 00004108 (16 KiB): DRAM[0m
[0;32mI (668) heap_init: At 3FFC9D00 len 00016300 (88 KiB): DRAM[0m
[0;32mI (674) heap_init: At 3FFE0440 len 00003AE0 (14 KiB): D/IRAM[0m
[0;32mI (680) heap_init: At 3FFE4350 len 0001BCB0 (111 KiB): D/IRAM[0m
[0;32mI (687) heap_init: At 4009C230 len 00003DD0 (15 KiB): IRAM[0m
[0;32mI (695) spi_flash: detected chip: generic[0m
[0;32mI (697) spi_flash: flash io: dio[0m
[0;33mW (701) spi_flash: Detected size(4096k) larger than the size in the binary image header(2048k). Using the size in the binary image header.[0m
[0;32mI (716) coexist: coex firmware version: ebddf30[0m
[0;32mI (721) app_start: Starting scheduler on CPU0[0m
[0;32mI[0;32mI (725) app_start: Starting scheduler on CPU1[0m
 (725) main_task: Started on CPU0[0m
[0;32mI (735) main_task: Calling app_main()[0m
[0;31mE (735) i2c: i2c driver install error[0m
ESP_ERROR_CHECK failed: esp_err_t 0xffffffff (ESP_FAIL) at 0x400d796d
file: "./components/bee_i2c/bee_i2c.c" line 34
func: i2c_init
expression: i2c_driver_install(bus, I2C_MODE_MASTER, 0, 0, 0)

abort() was called at PC 0x400947cf on core 0


Backtrace: 0x40081dfa:0x3ffbbb20 0x400947d9:0x3ffbbb40 0x4009a4ce:0x3ffbbb60 0x400947cf:0x3ffbbbd0 0x400d796d:0x3ffbbc00 0x400d771a:0x3ffbbc20 0x4019c6ab:0x3ffbbc50 0x40097291:0x3ffbbc80




ELF file SHA256: a2fe44e99d64c6d6

Rebooting...
ets Jun  8 2016 00:22:57

rst:0xc (SW_CPU_RESET),boot:0x13 (SPI_FAST_FLASH_BOOT)
configsip: 0, SPIWP:0xee
clk_drv:0x00,q_drv:0x00,d_drv:0x00,cs0_drv:0x00,hd_drv:0x00,wp_drv:0x00
mode:DIO, clock div:2
load:0x3fff0030,len:7284
load:0x40078000,len:15884
load:0x40080400,len:4
load:0x40080404,len:3876
entry 0x4008064c
[0;32mI (29) boot: ESP-IDF v5.1-dirty 2nd stage bootloader[0m
[0;32mI (29) boot: compile time Aug 16 2023 11:36:24[0m
[0;32mI (29) boot: Multicore bootloader[0m
[0;32mI (34) boot: chip revision: v1.0[0m
[0;32mI (38) boot.esp32: SPI Speed      : 40MHz[0m
[0;32mI (42) boot.esp32: SPI Mode       : DIO[0m
[0;32mI (47) boot.esp32: SPI Flash Size : 2MB[0m
[0;32mI (51) boot: Enabling RNG early entropy source...[0m
[0;32mI (57) boot: Partition Table:[0m
[0;32mI (60) boot: ## Label            Usage          Type ST Offset   Length[0m
[0;32mI (68) boot:  0 nvs              WiFi data        01 02 00009000 00006000[0m
[0;32mI (75) boot:  1 phy_init         RF data          01 01 0000f000 00001000[0m
[0;32mI (82) boot:  2 factory          factory app      00 00 00010000 00177000[0m
[0;32mI (90) boot: End of partition table[0m
[0;32mI (94) esp_image: segment 0: paddr=00010020 vaddr=3f400020 size=31f28h (204584) map[0m
[0;32mI (176) esp_image: segment 1: paddr=00041f50 vaddr=3ff80063 size=00008h (     8) load[0m
[0;32mI (177) esp_image: segment 2: paddr=00041f60 vaddr=3ffbdb60 size=05564h ( 21860) load[0m
[0;32mI (191) esp_image: segment 3: paddr=000474cc vaddr=40080000 size=08b4ch ( 35660) load[0m
[0;32mI (206) esp_image: segment 4: paddr=00050020 vaddr=400d0020 size=ce4e4h (845028) map[0m
[0;32mI (511) esp_image: segment 5: paddr=0011e50c vaddr=40088b4c size=136e4h ( 79588) load[0m
[0;32mI (545) esp_image: segment 6: paddr=00131bf8 vaddr=400c0000 size=00064h (   100) load[0m
[0;32mI (545) esp_image: segment 7: paddr=00131c64 vaddr=50000200 size=00018h (    24) load[0m
[0;32mI (565) boot: Loaded app from partition at offset 0x10000[0m
[0;32mI (565) boot: Disabling RNG early entropy source...[0m
[0;32mI (576) cpu_start: Multicore app[0m
[0;32mI (577) cpu_start: Pro cpu up.[0m
[0;32mI (577) cpu_start: Starting app cpu, entry point is 0x40081760[0m
[0;32mI (565) cpu_start: App cpu up.[0m
[0;32mI (595) cpu_start: Pro cpu start user code[0m
[0;32mI (595) cpu_start: cpu freq: 80000000 Hz[0m
[0;32mI (595) cpu_start: Application information:[0m
[0;32mI (600) cpu_start: Project name:     SHT3x_Powersave[0m
[0;32mI (605) cpu_start: App version:      177945f-dirty[0m
[0;32mI (611) cpu_start: Compile time:     Aug 16 2023 11:43:48[0m
[0;32mI (617) cpu_start: ELF file SHA256:  a2fe44e99d64c6d6...[0m
[0;32mI (623) cpu_start: ESP-IDF:          v5.1-dirty[0m
[0;32mI (628) cpu_start: Min chip rev:     v0.0[0m
[0;32mI (633) cpu_start: Max chip rev:     v3.99 [0m
[0;32mI (637) cpu_start: Chip rev:         v1.0[0m
[0;32mI (642) heap_init: Initializing. RAM available for dynamic allocation:[0m
[0;32mI (650) heap_init: At 3FFAFF10 len 000000F0 (0 KiB): DRAM[0m
[0;32mI (655) heap_init: At 3FFB6388 len 00001C78 (7 KiB): DRAM[0m
[0;32mI (662) heap_init: At 3FFB9A20 len 00004108 (16 KiB): DRAM[0m
[0;32mI (668) heap_init: At 3FFC9D00 len 00016300 (88 KiB): DRAM[0m
[0;32mI (674) heap_init: At 3FFE0440 len 00003AE0 (14 KiB): D/IRAM[0m
[0;32mI (680) heap_init: At 3FFE4350 len 0001BCB0 (111 KiB): D/IRAM[0m
[0;32mI (687) heap_init: At 4009C230 len 00003DD0 (15 KiB): IRAM[0m
[0;32mI (695) spi_flash: detected chip: generic[0m
[0;32mI (697) spi_flash: flash io: dio[0m
[0;33mW (701) spi_flash: Detected size(4096k) larger than the size in the binary image header(2048k). Using the size in the binary image header.[0m
[0;32mI (716) coexist: coex firmware version: ebddf30[0m
[0;32mI (721) app_start: Starting scheduler on CPU0[0m
[0;32mI[0;32mI (725) app_start: Starting scheduler on CPU1[0m
 (725) main_task: Started on CPU0[0m
[0;32mI (735) main_task: Calling app_main()[0m
[0;31mE (735) i2c: i2c driver install error[0m
ESP_ERROR_CHECK failed: esp_err_t 0xffffffff (ESP_FAIL) at 0x400d796d
file: "./components/bee_i2c/bee_i2c.c" line 34
func: i2c_init
expression: i2c_driver_install(bus, I2C_MODE_MASTER, 0, 0, 0)

abort() was called at PC 0x400947cf on core 0


Backtrace: 0x40081dfa:0x3ffbbb20 0x400947d9:0x3ffbbb40 0x4009a4ce:0x3ffbbb60 0x400947cf:0x3ffbbbd0 0x400d796d:0x3ffbbc00 0x400d771a:0x3ffbbc20 0x4019c6ab:0x3ffbbc50 0x40097291:0x3ffbbc80




ELF file SHA256: a2fe44e99d64c6d6

Rebooting...
ets Jun  8 2016 00:22:57

rst:0xc (SW_CPU_RESET),boot:0x13 (SPI_FAST_FLASH_BOOT)
configsip: 0, SPIWP:0xee
clk_drv:0x00,q_drv:0x00,d_drv:0x00,cs0_drv:0x00,hd_drv:0x00,wp_drv:0x00
mode:DIO, clock div:2
load:0x3fff0030,len:7284
load:0x40078000,len:15884
load:0x40080400,len:4
load:0x40080404,len:3876
entry 0x4008064c
[0;32mI (29) boot: ESP-IDF v5.1-dirty 2nd stage bootloader[0m
[0;32mI (29) boot: compile time Aug 16 2023 11:36:24[0m
[0;32mI (29) boot: Multicore bootloader[0m
[0;32mI (34) boot: chip revision: v1.0[0m
[0;32mI (38) boot.esp32: SPI Speed      : 40MHz[0m
[0;32mI (42) boot.esp32: SPI Mode       : DIO[0m
[0;32mI (47) boot.esp32: SPI Flash Size : 2MB[0m
[0;32mI (51) boot: Enabling RNG early entropy source...[0m
[0;32mI (57) boot: Partition Table:[0m
[0;32mI (60) boot: ## Label            Usage          Type ST Offset   Length[0m
[0;32mI (68) boot:  0 nvs              WiFi data        01 02 00009000 00006000[0m
[0;32mI (75) boot:  1 phy_init         RF data          01 01 0000f000 00001000[0m
[0;32mI (82) boot:  2 factory          factory app      00 00 00010000 00177000[0m
[0;32mI (90) boot: End of partition table[0m
[0;32mI (94) esp_image: segment 0: paddr=00010020 vaddr=3f400020 size=31f28h (204584) map[0m
[0;32mI (176) esp_image: segment 1: paddr=00041f50 vaddr=3ff80063 size=00008h (     8) load[0m
[0;32mI (177) esp_image: segment 2: paddr=00041f60 vaddr=3ffbdb60 size=05564h ( 21860) load[0m
[0;32mI (191) esp_image: segment 3: paddr=000474cc vaddr=40080000 size=08b4ch ( 35660) load[0m
[0;32mI (206) esp_image: segment 4: paddr=00050020 vaddr=400d0020 size=ce4e4h (845028) map[0m
[0;32mI (511) esp_image: segment 5: paddr=0011e50c vaddr=40088b4c size=136e4h ( 79588) load[0m
[0;32mI (545) esp_image: segment 6: paddr=00131bf8 vaddr=400c0000 size=00064h (   100) load[0m
[0;32mI (545) esp_image: segment 7: paddr=00131c64 vaddr=50000200 size=00018h (    24) load[0m
[0;32mI (565) boot: Loaded app from partition at offset 0x10000[0m
[0;32mI (565) boot: Disabling RNG early entropy source...[0m
[0;32mI (576) cpu_start: Multicore app[0m
[0;32mI (577) cpu_start: Pro cpu up.[0m
[0;32mI (577) cpu_start: Starting app cpu, entry point is 0x40081760[0m
[0;32mI (565) cpu_start: App cpu up.[0m
[0;32mI (595) cpu_start: Pro cpu start user code[0m
[0;32mI (595) cpu_start: cpu freq: 80000000 Hz[0m
[0;32mI (595) cpu_start: Application information:[0m
[0;32mI (600) cpu_start: Project name:     SHT3x_Powersave[0m
[0;32mI (605) cpu_start: App version:      177945f-dirty[0m
[0;32mI (611) cpu_start: Compile time:     Aug 16 2023 11:43:48[0m
[0;32mI (617) cpu_start: ELF file SHA256:  a2fe44e99d64c6d6...[0m
[0;32mI (623) cpu_start: ESP-IDF:          v5.1-dirty[0m
[0;32mI (628) cpu_start: Min chip rev:     v0.0[0m
[0;32mI (633) cpu_start: Max chip rev:     v3.99 [0m
[0;32mI (637) cpu_start: Chip rev:         v1.0[0m
[0;32mI (642) heap_init: Initializing. RAM available for dynamic allocation:[0m
[0;32mI (650) heap_init: At 3FFAFF10 len 000000F0 (0 KiB): DRAM[0m
[0;32mI (655) heap_init: At 3FFB6388 len 00001C78 (7 KiB): DRAM[0m
[0;32mI (662) heap_init: At 3FFB9A20 len 00004108 (16 KiB): DRAM[0m
[0;32mI (668) heap_init: At 3FFC9D00 len 00016300 (88 KiB): DRAM[0m
[0;32mI (674) heap_init: At 3FFE0440 len 00003AE0 (14 KiB): D/IRAM[0m
[0;32mI (680) heap_init: At 3FFE4350 len 0001BCB0 (111 KiB): D/IRAM[0m
[0;32mI (687) heap_init: At 4009C230 len 00003DD0 (15 KiB): IRAM[0m
[0;32mI (695) spi_flash: detected chip: generic[0m
[0;32mI (697) spi_flash: flash io: dio[0m
[0;33mW (701) spi_flash: Detected size(4096k) larger than the size in the binary image header(2048k). Using the size in the binary image header.[0m
[0;32mI (716) coexist: coex firmware version: ebddf30[0m
[0;32mI (721) app_start: Starting scheduler on CPU0[0m
[0;32mI[0;32mI (725) app_start: Starting scheduler on CPU1[0m
 (725) main_task: Started on CPU0[0m
[0;32mI (735) main_task: Calling app_main()[0m
[0;31mE (735) i2c: i2c driver install error[0m
ESP_ERROR_CHECK failed: esp_err_t 0xffffffff (ESP_FAIL) at 0x400d796d
file: "./components/bee_i2c/bee_i2c.c" line 34
func: i2c_init
expression: i2c_driver_install(bus, I2C_MODE_MASTER, 0, 0, 0)

abort() was called at PC 0x400947cf on core 0


Backtrace: 0x40081dfa:0x3ffbbb20 0x400947d9:0x3ffbbb40 0x4009a4ce:0x3ffbbb60 0x400947cf:0x3ffbbbd0 0x400d796d:0x3ffbbc00 0x400d771a:0x3ffbbc20 0x4019c6ab:0x3ffbbc50 0x40097291:0x3ffbbc80




ELF file SHA256: a2fe44e99d64c6d6

Rebooting...
ets Jun  8 2016 00:22:57

rst:0xc (SW_CPU_RESET),boot:0x13 (SPI_FAST_FLASH_BOOT)
configsip: 0, SPIWP:0xee
clk_drv:0x00,q_drv:0x00,d_drv:0x00,cs0_drv:0x00,hd_drv:0x00,wp_drv:0x00
mode:DIO, clock div:2
load:0x3fff0030,len:7284
load:0x40078000,len:15884
load:0x40080400,len:4
load:0x40080404,len:3876
entry 0x4008064c
[0;32mI (29) boot: ESP-IDF v5.1-dirty 2nd stage bootloader[0m
[0;32mI (29) boot: compile time Aug 16 2023 11:36:24[0m
[0;32mI (29) boot: Multicore bootloader[0m
[0;32mI (34) boot: chip revision: v1.0[0m
[0;32mI (38) boot.esp32: SPI Speed      : 40MHz[0m
[0;32mI (42) boot.esp32: SPI Mode       : DIO[0m
[0;32mI (47) boot.esp32: SPI Flash Size : 2MB[0m
[0;32mI (51) boot: Enabling RNG early entropy source...[0m
[0;32mI (57) boot: Partition Table:[0m
[0;32mI (60) boot: ## Label            Usage          Type ST Offset   Length[0m
[0;32mI (68) boot:  0 nvs              WiFi data        01 02 00009000 00006000[0m
[0;32mI (75) boot:  1 phy_init         RF data          01 01 0000f000 00001000[0m
[0;32mI (82) boot:  2 factory          factory app      00 00 00010000 00177000[0m
