ets Jun  8 2016 00:22:57

rst:0x1 (POWERON_RESET),boot:0x13 (SPI_FAST_FLASH_BOOT)
configsip: 0, SPIWP:0xee
clk_drv:0x00,q_drv:0x00,d_drv:0x00,cs0_drv:0x00,hd_drv:0x00,wp_drv:0x00
mode:DIO, clock div:2
load:0x3fff0030,len:7284
load:0x40078000,len:15884
load:0x40080400,len:4
load:0x40080404,len:3880
entry 0x4008064c
[0;32mI (29) boot: ESP-IDF v5.1-dirty 2nd stage bootloader[0m
[0;32mI (29) boot: compile time Aug 17 2023 15:00:07[0m
[0;32mI (29) boot: Multicore bootloader[0m
[0;32mI (33) boot: chip revision: v1.0[0m
[0;32mI (37) boot.esp32: SPI Speed      : 40MHz[0m
[0;32mI (42) boot.esp32: SPI Mode       : DIO[0m
[0;32mI (46) boot.esp32: SPI Flash Size : 4MB[0m
[0;32mI (51) boot: Enabling RNG early entropy source...[0m
[0;32mI (56) boot: Partition Table:[0m
[0;32mI (60) boot: ## Label            Usage          Type ST Offset   Length[0m
[0;32mI (67) boot:  0 nvs              WiFi data        01 02 00009000 00006000[0m
[0;32mI (75) boot:  1 phy_init         RF data          01 01 0000f000 00001000[0m
[0;32mI (82) boot:  2 factory          factory app      00 00 00010000 00100000[0m
[0;32mI (90) boot: End of partition table[0m
[0;32mI (94) esp_image: segment 0: paddr=00010020 vaddr=3f400020 size=3099ch (199068) map[0m
[0;32mI (174) esp_image: segment 1: paddr=000409c4 vaddr=3ff80063 size=00008h (     8) load[0m
[0;32mI (174) esp_image: segment 2: paddr=000409d4 vaddr=3ffb0000 size=03870h ( 14448) load[0m
[0;32mI (186) esp_image: segment 3: paddr=0004424c vaddr=40080000 size=0bdcch ( 48588) load[0m
[0;32mI (209) esp_image: segment 4: paddr=00050020 vaddr=400d0020 size=b1c58h (728152) map[0m
[0;32mI (472) esp_image: segment 5: paddr=00101c80 vaddr=4008bdcc size=0bcf4h ( 48372) load[0m
[0;32mI (492) esp_image: segment 6: paddr=0010d97c vaddr=400c0000 size=00064h (   100) load[0m
[0;32mI (492) esp_image: segment 7: paddr=0010d9e8 vaddr=50000200 size=00018h (    24) load[0m
[0;32mI (510) boot: Loaded app from partition at offset 0x10000[0m
[0;32mI (510) boot: Disabling RNG early entropy source...[0m
[0;32mI (523) cpu_start: Multicore app[0m
[0;32mI (523) cpu_start: Pro cpu up.[0m
[0;32mI (523) cpu_start: Starting app cpu, entry point is 0x400815e0[0m
[0;32mI (0) cpu_start: App cpu up.[0m
[0;32mI (541) cpu_start: Pro cpu start user code[0m
[0;32mI (541) cpu_start: cpu freq: 160000000 Hz[0m
[0;32mI (541) cpu_start: Application information:[0m
[0;32mI (546) cpu_start: Project name:     SHT3x_Powersave[0m
[0;32mI (552) cpu_start: App version:      177945f-dirty[0m
[0;32mI (557) cpu_start: Compile time:     Aug 17 2023 14:59:53[0m
[0;32mI (563) cpu_start: ELF file SHA256:  55beaeb3f7d05da7...[0m
[0;32mI (569) cpu_start: ESP-IDF:          v5.1-dirty[0m
[0;32mI (574) cpu_start: Min chip rev:     v0.0[0m
[0;32mI (579) cpu_start: Max chip rev:     v3.99 [0m
[0;32mI (584) cpu_start: Chip rev:         v1.0[0m
[0;32mI (589) heap_init: Initializing. RAM available for dynamic allocation:[0m
[0;32mI (596) heap_init: At 3FFAE6E0 len 00001920 (6 KiB): DRAM[0m
[0;32mI (602) heap_init: At 3FFB7FE0 len 00028020 (160 KiB): DRAM[0m
[0;32mI (608) heap_init: At 3FFE0440 len 00003AE0 (14 KiB): D/IRAM[0m
[0;32mI (614) heap_init: At 3FFE4350 len 0001BCB0 (111 KiB): D/IRAM[0m
[0;32mI (621) heap_init: At 40097AC0 len 00008540 (33 KiB): IRAM[0m
[0;32mI (629) spi_flash: detected chip: generic[0m
[0;32mI (632) spi_flash: flash io: dio[0m
[0;32mI (637) app_start: Starting scheduler on CPU0[0m
[0;32mI (641) app_start: Starting scheduler on CPU1[0m
[0;32mI (641) main_task: Started on CPU0[0m
[0;32mI (651) main_task: Calling app_main()[0m
I (701) wifi:wifi driver task: 3ffc1808, prio:23, stack:6656, core=0
I (711) wifi:wifi firmware version: b2f1f86
I (721) wifi:wifi certification version: v7.0
I (721) wifi:config NVS flash: enabled
I (721) wifi:config nano formating: disabled
I (721) wifi:Init data frame dynamic rx buffer num: 32
I (721) wifi:Init management frame dynamic rx buffer num: 32
I (731) wifi:Init management short buffer num: 32
I (731) wifi:Init dynamic tx buffer num: 32
I (741) wifi:Init static rx buffer size: 1600
I (741) wifi:Init static rx buffer num: 10
I (751) wifi:Init dynamic rx buffer num: 32
[0;32mI (751) wifi_init: rx ba win: 6[0m
[0;32mI (751) wifi_init: tcpip mbox: 32[0m
[0;32mI (761) wifi_init: udp mbox: 6[0m
[0;32mI (761) wifi_init: tcp mbox: 6[0m
[0;32mI (771) wifi_init: tcp tx win: 5744[0m
[0;32mI (771) wifi_init: tcp rx win: 5744[0m
[0;32mI (771) wifi_init: tcp mss: 1440[0m
[0;32mI (781) wifi_init: WiFi IRAM OP enabled[0m
[0;32mI (781) wifi_init: WiFi RX IRAM OP enabled[0m
[0;32mI (791) Wifi prov: Already provisioned, starting Wi-Fi STA[0m
[0;32mI (791) phy_init: phy_version 4670,719f9f6,Feb 18 2021,17:07:07[0m
I (911) wifi:mode : sta (c8:c9:a3:d0:65:bc)
I (911) wifi:enable tsf
I (921) wifi:new:<1,0>, old:<1,0>, ap:<255,255>, sta:<1,0>, prof:1
I (921) wifi:state: init -> auth (b0)
I (921) wifi:state: auth -> assoc (0)
I (931) wifi:state: assoc -> run (10)
I (941) wifi:connected with TUPEO, aid = 7, channel 1, BW20, bssid = b2:7d:64:d8:92:71
I (941) wifi:security: WPA2-PSK, phy: bgn, rssi: -44
I (951) wifi:pm start, type: 1

I (1001) wifi:AP's beacon interval = 102400 us, DTIM period = 3
[0;32mI (1951) Wifi prov: Connected with IP Address:192.168.137.138[0m
[0;32mI (1951) esp_netif_handlers: sta ip: 192.168.137.138, mask: 255.255.255.0, gw: 192.168.137.1[0m
[0;32mI (1951) MQTT: Other event id:7[0m
[0;32mI (1961) MQTT: Topic publish: VB/DMP/VBEEON/CUSTOM/SMH/C8C9A3D065BC/telemetry
[0m
[0;32mI (1961) POWER MODE: Enabling timer wakeup, 30s
[0m
[0;32mI (1971) POWER MODE: Not a deep sleep reset
[0m
[0;32mI (1981) POWER MODE: Entering normal mode
[0m
[0;32mI (1981) main_task: Returned from app_main()[0m
[0;32mI (2141) SHT3x: Temperature: 30.96 Â°C, Humidity: 70.94 %[0m
[0;32mI (2551) MQTT: MQTT_EVENT_CONNECTED[0m
I (2611) wifi:state: run -> init (0)
I (2621) wifi:pm stop, total sleep time: 897624 us / 1669355 us

I (2621) wifi:new:<1,0>, old:<1,0>, ap:<255,255>, sta:<1,0>, prof:1
[0;32mI (2621) Wifi prov: Disconnected. Connecting to the AP again...[0m
I (2621) wifi:mode : sta (c8:c9:a3:d0:65:bc) + softAP (c8:c9:a3:d0:65:bd)
I (2631) wifi:Total power save buffer number: 16
I (2641) wifi:Init max length of beacon: 752/752
I (2641) wifi:Init max length of beacon: 752/752
I (2651) wifi:Total power save buffer number: 16
[0;31mE (2651) transport_base: poll_read select error 113, errno = Software caused connection abort, fd = 54[0m
[0;32mI (2651) esp_netif_lwip: DHCP server started on interface WIFI_AP_DEF with IP: 192.168.4.1[0m
[0;31mE (2661) mqtt_client: Poll read error: 119, aborting connection[0m
[0;32mI (2671) esp_netif_lwip: DHCP server started on interface WIFI_AP_DEF with IP: 192.168.4.1[0m
[0;32mI (2681) wifi_prov_mgr: Provisioning started with service name : BEE_D065BC [0m
[0;32mI (2691) MQTT: MQTT_EVENT_DISCONNECTED[0m
[0;32mI (2701) Wifi prov: Provisioning started[0m
[0;32mI (2701) Button: Wifi prov button clicked[0m
[0;32mI (3561) POWER MODE: Entering deep sleep again
[0m
