ets Jun  8 2016 00:22:57

rst:0x1 (POWERON_RESET),boot:0x13 (SPI_FAST_FLASH_BOOT)
configsip: 0, SPIWP:0xee
clk_drv:0x00,q_drv:0x00,d_drv:0x00,cs0_drv:0x00,hd_drv:0x00,wp_drv:0x00
mode:DIO, clock div:2
load:0x3fff0030,len:7284
load:0x40078000,len:15884
load:0x40080400,len:4
load:0x40080404,len:3880
entry 0x4008064c
[0;32mI (29) boot: ESP-IDF v5.1-dirty 2nd stage bootloader[0m
[0;32mI (29) boot: compile time Aug 21 2023 10:55:46[0m
[0;32mI (29) boot: Multicore bootloader[0m
[0;32mI (34) boot: chip revision: v1.0[0m
[0;32mI (37) boot.esp32: SPI Speed      : 40MHz[0m
[0;32mI (42) boot.esp32: SPI Mode       : DIO[0m
[0;32mI (47) boot.esp32: SPI Flash Size : 4MB[0m
[0;32mI (51) boot: Enabling RNG early entropy source...[0m
[0;32mI (57) boot: Partition Table:[0m
[0;32mI (60) boot: ## Label            Usage          Type ST Offset   Length[0m
[0;32mI (67) boot:  0 nvs              WiFi data        01 02 00009000 00006000[0m
[0;32mI (75) boot:  1 phy_init         RF data          01 01 0000f000 00001000[0m
[0;32mI (82) boot:  2 factory          factory app      00 00 00010000 00100000[0m
[0;32mI (90) boot: End of partition table[0m
[0;32mI (94) esp_image: segment 0: paddr=00010020 vaddr=3f400020 size=308f4h (198900) map[0m
[0;32mI (174) esp_image: segment 1: paddr=0004091c vaddr=3ff80063 size=00008h (     8) load[0m
[0;32mI (175) esp_image: segment 2: paddr=0004092c vaddr=3ffb0000 size=03870h ( 14448) load[0m
[0;32mI (186) esp_image: segment 3: paddr=000441a4 vaddr=40080000 size=0be74h ( 48756) load[0m
[0;32mI (209) esp_image: segment 4: paddr=00050020 vaddr=400d0020 size=b1c08h (728072) map[0m
[0;32mI (472) esp_image: segment 5: paddr=00101c30 vaddr=4008be74 size=0bc4ch ( 48204) load[0m
[0;32mI (492) esp_image: segment 6: paddr=0010d884 vaddr=400c0000 size=00064h (   100) load[0m
[0;32mI (493) esp_image: segment 7: paddr=0010d8f0 vaddr=50000200 size=00018h (    24) load[0m
[0;32mI (510) boot: Loaded app from partition at offset 0x10000[0m
[0;32mI (510) boot: Disabling RNG early entropy source...[0m
[0;32mI (523) cpu_start: Multicore app[0m
[0;32mI (523) cpu_start: Pro cpu up.[0m
[0;32mI (524) cpu_start: Starting app cpu, entry point is 0x400815e0[0m
[0;32mI (0) cpu_start: App cpu up.[0m
[0;32mI (541) cpu_start: Pro cpu start user code[0m
[0;32mI (541) cpu_start: cpu freq: 160000000 Hz[0m
[0;32mI (541) cpu_start: Application information:[0m
[0;32mI (546) cpu_start: Project name:     SHT3x_Powersave[0m
[0;32mI (552) cpu_start: App version:      92ba5c7-dirty[0m
[0;32mI (557) cpu_start: Compile time:     Aug 21 2023 10:55:27[0m
[0;32mI (563) cpu_start: ELF file SHA256:  8274e9992a701d38...[0m
[0;32mI (569) cpu_start: ESP-IDF:          v5.1-dirty[0m
[0;32mI (574) cpu_start: Min chip rev:     v0.0[0m
[0;32mI (579) cpu_start: Max chip rev:     v3.99 [0m
[0;32mI (584) cpu_start: Chip rev:         v1.0[0m
[0;32mI (589) heap_init: Initializing. RAM available for dynamic allocation:[0m
[0;32mI (596) heap_init: At 3FFAE6E0 len 00001920 (6 KiB): DRAM[0m
[0;32mI (602) heap_init: At 3FFB7FE0 len 00028020 (160 KiB): DRAM[0m
[0;32mI (608) heap_init: At 3FFE0440 len 00003AE0 (14 KiB): D/IRAM[0m
[0;32mI (615) heap_init: At 3FFE4350 len 0001BCB0 (111 KiB): D/IRAM[0m
[0;32mI (621) heap_init: At 40097AC0 len 00008540 (33 KiB): IRAM[0m
[0;32mI (629) spi_flash: detected chip: generic[0m
[0;32mI (632) spi_flash: flash io: dio[0m
[0;32mI (637) app_start: Starting scheduler on CPU0[0m
[0;32mI (641) app_start: Starting scheduler on CPU1[0m
[0;32mI (641) main_task: Started on CPU0[0m
[0;32mI (651) main_task: Calling app_main()[0m
I (701) wifi:wifi driver task: 3ffc1784, prio:23, stack:6656, core=0
I (711) wifi:wifi firmware version: b2f1f86
I (721) wifi:wifi certification version: v7.0
I (721) wifi:config NVS flash: enabled
I (721) wifi:config nano formating: disabled
I (721) wifi:Init data frame dynamic rx buffer num: 32
I (721) wifi:Init management frame dynamic rx buffer num: 32
I (731) wifi:Init management short buffer num: 32
I (731) wifi:Init dynamic tx buffer num: 32
I (741) wifi:Init static rx buffer size: 1600
I (741) wifi:Init static rx buffer num: 10
I (751) wifi:Init dynamic rx buffer num: 32
[0;32mI (751) wifi_init: rx ba win: 6[0m
[0;32mI (751) wifi_init: tcpip mbox: 32[0m
[0;32mI (761) wifi_init: udp mbox: 6[0m
[0;32mI (761) wifi_init: tcp mbox: 6[0m
[0;32mI (771) wifi_init: tcp tx win: 5744[0m
[0;32mI (771) wifi_init: tcp rx win: 5744[0m
[0;32mI (771) wifi_init: tcp mss: 1440[0m
[0;32mI (781) wifi_init: WiFi IRAM OP enabled[0m
[0;32mI (781) wifi_init: WiFi RX IRAM OP enabled[0m
[0;32mI (791) Wifi prov: Already provisioned, starting Wi-Fi STA[0m
[0;32mI (791) phy_init: phy_version 4670,719f9f6,Feb 18 2021,17:07:07[0m
I (911) wifi:mode : sta (c8:c9:a3:d0:65:bc)
I (911) wifi:enable tsf
I (941) wifi:new:<1,0>, old:<1,0>, ap:<255,255>, sta:<1,0>, prof:1
I (941) wifi:state: init -> auth (b0)
I (941) wifi:state: auth -> assoc (0)
I (951) wifi:state: assoc -> run (10)
I (961) wifi:connected with TUPEO, aid = 5, channel 1, BW20, bssid = b2:7d:64:d8:92:71
I (961) wifi:security: WPA2-PSK, phy: bgn, rssi: -45
I (971) wifi:pm start, type: 1

I (1041) wifi:AP's beacon interval = 102400 us, DTIM period = 3
[0;32mI (1971) Wifi prov: Connected with IP Address:192.168.137.79[0m
[0;32mI (1971) esp_netif_handlers: sta ip: 192.168.137.79, mask: 255.255.255.0, gw: 192.168.137.1[0m
[0;32mI (1971) MQTT: Other event id:7[0m
[0;32mI (1981) MQTT: Topic publish: VB/DMP/VBEEON/CUSTOM/SMH/C8C9A3D065BC/telemetry
[0m
[0;32mI (1991) POWER MODE: Enabling timer wakeup, 30s
[0m
[0;32mI (1991) POWER MODE: Not a deep sleep reset
[0m
[0;32mI (1991) POWER MODE: Entering normal mode
[0m
[0;32mI (2001) main_task: Returned from app_main()[0m
[0;32mI (2161) SHT3x: Temperature: 28.37 Â°C, Humidity: 78.23 %[0m
I (2481) wifi:<ba-add>idx:0 (ifx:0, b2:7d:64:d8:92:71), tid:0, ssn:7, winSize:64
[0;32mI (2481) MQTT: MQTT_EVENT_CONNECTED[0m
[0;32mI (2681) MQTT: MQTT_EVENT_PUBLISHED, msg_id=40563[0m
[0;32mI (2781) MQTT: MQTT_EVENT_PUBLISHED, msg_id=3741[0m
[0;32mI (3491) POWER MODE: Entering deep sleep again
[0m
[0;32mI (3491) POWER MODE: Enabling timer wakeup, 30s
[0m
ets Jun  8 2016 00:22:57

rst:0x1 (POWERON_RESET),boot:0x13 (SPI_FAST_FLASH_BOOT)
configsip: 0, SPIWP:0xee
clk_drv:0x00,q_drv:0x00,d_drv:0x00,cs0_drv:0x00,hd_drv:0x00,wp_drv:0x00
mode:DIO, clock div:2
load:0x3fff0030,len:7284
load:0x40078000,len:15884
load:0x40080400,len:4
load:0x40080404,len:3880
entry 0x4008064c
[0;32mI (29) boot: ESP-IDF v5.1-dirty 2nd stage bootloader[0m
[0;32mI (29) boot: compile time Aug 21 2023 10:55:46[0m
[0;32mI (29) boot: Multicore bootloader[0m
[0;32mI (34) boot: chip revision: v1.0[0m
[0;32mI (37) boot.esp32: SPI Speed      : 40MHz[0m
[0;32mI (42) boot.esp32: SPI Mode       : DIO[0m
[0;32mI (47) boot.esp32: SPI Flash Size : 4MB[0m
[0;32mI (51) boot: Enabling RNG early entropy source...[0m
[0;32mI (57) boot: Partition Table:[0m
[0;32mI (60) boot: ## Label            Usage          Type ST Offset   Length[0m
[0;32mI (67) boot:  0 nvs              WiFi data        01 02 00009000 00006000[0m
[0;32mI (75) boot:  1 phy_init         RF data          01 01 0000f000 00001000[0m
[0;32mI (82) boot:  2 factory          factory app      00 00 00010000 00100000[0m
[0;32mI (90) boot: End of partition table[0m
[0;32mI (94) esp_image: segment 0: paddr=00010020 vaddr=3f400020 size=308f4h (198900) map[0m
[0;32mI (174) esp_image: segment 1: paddr=0004091c vaddr=3ff80063 size=00008h (     8) load[0m
[0;32mI (175) esp_image: segment 2: paddr=0004092c vaddr=3ffb0000 size=03870h ( 14448) load[0m
[0;32mI (186) esp_image: segment 3: paddr=000441a4 vaddr=40080000 size=0be74h ( 48756) load[0m
[0;32mI (209) esp_image: segment 4: paddr=00050020 vaddr=400d0020 size=b1c08h (728072) map[0m
[0;32mI (472) esp_image: segment 5: paddr=00101c30 vaddr=4008be74 size=0bc4ch ( 48204) load[0m
[0;32mI (492) esp_image: segment 6: paddr=0010d884 vaddr=400c0000 size=00064h (   100) load[0m
[0;32mI (493) esp_image: segment 7: paddr=0010d8f0 vaddr=50000200 size=00018h (    24) load[0m
[0;32mI (510) boot: Loaded app from partition at offset 0x10000[0m
[0;32mI (510) boot: Disabling RNG early entropy source...[0m
[0;32mI (523) cpu_start: Multicore app[0m
[0;32mI (523) cpu_start: Pro cpu up.[0m
[0;32mI (524) cpu_start: Starting app cpu, entry point is 0x400815e0[0m
[0;32mI (0) cpu_start: App cpu up.[0m
[0;32mI (541) cpu_start: Pro cpu start user code[0m
[0;32mI (541) cpu_start: cpu freq: 160000000 Hz[0m
[0;32mI (541) cpu_start: Application information:[0m
[0;32mI (546) cpu_start: Project name:     SHT3x_Powersave[0m
[0;32mI (552) cpu_start: App version:      92ba5c7-dirty[0m
[0;32mI (557) cpu_start: Compile time:     Aug 21 2023 10:55:27[0m
[0;32mI (563) cpu_start: ELF file SHA256:  8274e9992a701d38...[0m
[0;32mI (569) cpu_start: ESP-IDF:          v5.1-dirty[0m
[0;32mI (574) cpu_start: Min chip rev:     v0.0[0m
[0;32mI (579) cpu_start: Max chip rev:     v3.99 [0m
[0;32mI (584) cpu_start: Chip rev:         v1.0[0m
[0;32mI (589) heap_init: Initializing. RAM available for dynamic allocation:[0m
[0;32mI (596) heap_init: At 3FFAE6E0 len 00001920 (6 KiB): DRAM[0m
[0;32mI (602) heap_init: At 3FFB7FE0 len 00028020 (160 KiB): DRAM[0m
[0;32mI (608) heap_init: At 3FFE0440 len 00003AE0 (14 KiB): D/IRAM[0m
[0;32mI (615) heap_init: At 3FFE4350 len 0001BCB0 (111 KiB): D/IRAM[0m
[0;32mI (621) heap_init: At 40097AC0 len 00008540 (33 KiB): IRAM[0m
[0;32mI (629) spi_flash: detected chip: generic[0m
[0;32mI (632) spi_flash: flash io: dio[0m
[0;32mI (637) app_start: Starting scheduler on CPU0[0m
[0;32mI (641) app_start: Starting scheduler on CPU1[0m
[0;32mI (641) main_task: Started on CPU0[0m
[0;32mI (651) main_task: Calling app_main()[0m
I (701) wifi:wifi driver task: 3ffc1784, prio:23, stack:6656, core=0
I (711) wifi:wifi firmware version: b2f1f86
I (721) wifi:wifi certification version: v7.0
I (721) wifi:config NVS flash: enabled
I (721) wifi:config nano formating: disabled
I (721) wifi:Init data frame dynamic rx buffer num: 32
I (721) wifi:Init management frame dynamic rx buffer num: 32
I (731) wifi:Init management short buffer num: 32
I (731) wifi:Init dynamic tx buffer num: 32
I (741) wifi:Init static rx buffer size: 1600
I (741) wifi:Init static rx buffer num: 10
I (751) wifi:Init dynamic rx buffer num: 32
[0;32mI (751) wifi_init: rx ba win: 6[0m
[0;32mI (751) wifi_init: tcpip mbox: 32[0m
[0;32mI (761) wifi_init: udp mbox: 6[0m
[0;32mI (761) wifi_init: tcp mbox: 6[0m
[0;32mI (771) wifi_init: tcp tx win: 5744[0m
[0;32mI (771) wifi_init: tcp rx win: 5744[0m
[0;32mI (771) wifi_init: tcp mss: 1440[0m
[0;32mI (781) wifi_init: WiFi IRAM OP enabled[0m
[0;32mI (781) wifi_init: WiFi RX IRAM OP enabled[0m
[0;32mI (791) Wifi prov: Already provisioned, starting Wi-Fi STA[0m
[0;32mI (791) phy_init: phy_version 4670,719f9f6,Feb 18 2021,17:07:07[0m
I (911) wifi:mode : sta (c8:c9:a3:d0:65:bc)
I (911) wifi:enable tsf
[0;32mI (3321) Wifi prov: Disconnected. Connecting to the AP again...[0m
[0;32mI (5731) Wifi prov: Disconnected. Connecting to the AP again...[0m
[0;32mI (8151) Wifi prov: Disconnected. Connecting to the AP again...[0m
[0;32mI (10561) Wifi prov: Disconnected. Connecting to the AP again...[0m
[0;32mI (10911) MQTT: Other event id:7[0m
[0;31mE (10911) esp-tls: [sock=54] connect() error: Host is unreachable[0m
[0;31mE (10911) transport_base: Failed to open a new connection: 32772[0m
[0;31mE (10911) mqtt_client: Error transport connect[0m
[0;32mI (10921) MQTT: MQTT_EVENT_ERROR[0m
[0;32mI (10921) MQTT: MQTT_EVENT_DISCONNECTED[0m
[0;32mI (10931) MQTT: Topic publish: VB/DMP/VBEEON/CUSTOM/SMH/C8C9A3D065BC/telemetry
[0m
[0;32mI (10941) POWER MODE: Enabling timer wakeup, 30s
[0m
[0;32mI (10941) POWER MODE: Not a deep sleep reset
[0m
[0;32mI (10951) POWER MODE: Entering normal mode
[0m
[0;32mI (10951) main_task: Returned from app_main()[0m
[0;32mI (11111) SHT3x: Temperature: 28.40 Â°C, Humidity: 78.49 %[0m
[0;32mI (11111) mqtt_client: Publishing skipped: client is not connected[0m
[0;32mI (11111) mqtt_client: Publishing skipped: client is not connected[0m
[0;32mI (12121) POWER MODE: Entering deep sleep again
[0m
[0;32mI (12121) POWER MODE: Enabling timer wakeup, 30s
[0m
ets Jun  8 2016 00:22:57

rst:0x5 (DEEPSLEEP_RESET),boot:0x13 (SPI_FAST_FLASH_BOOT)
configsip: 0, SPIWP:0xee
clk_drv:0x00,q_drv:0x00,d_drv:0x00,cs0_drv:0x00,hd_drv:0x00,wp_drv:0x00
mode:DIO, clock div:2
load:0x3fff0030,len:7284
load:0x40078000,len:15884
load:0x40080400,len:4
load:0x40080404,len:3880
entry 0x4008064c
[0;32mI (29) boot: ESP-IDF v5.1-dirty 2nd stage bootloader[0m
[0;32mI (29) boot: compile time Aug 21 2023 10:55:46[0m
[0;32mI (29) boot: Multicore bootloader[0m
[0;32mI (34) boot: chip revision: v1.0[0m
[0;32mI (38) boot.esp32: SPI Speed      : 40MHz[0m
[0;32mI (42) boot.esp32: SPI Mode       : DIO[0m
[0;32mI (47) boot.esp32: SPI Flash Size : 4MB[0m
[0;32mI (52) boot: Enabling RNG early entropy source...[0m
[0;32mI (57) esp_image: segment 0: paddr=00010020 vaddr=3f400020 size=308f4h (198900) map[0m
[0;32mI (65) esp_image: segment 1: paddr=0004091c vaddr=3ff80063 size=00008h (     8) [0m
[0;32mI (73) esp_image: segment 2: paddr=0004092c vaddr=3ffb0000 size=03870h ( 14448) load[0m
[0;32mI (84) esp_image: segment 3: paddr=000441a4 vaddr=40080000 size=0be74h ( 48756) load[0m
[0;32mI (98) esp_image: segment 4: paddr=00050020 vaddr=400d0020 size=b1c08h (728072) map[0m
[0;32mI (98) esp_image: segment 5: paddr=00101c30 vaddr=4008be74 size=0bc4ch ( 48204) load[0m
[0;32mI (114) esp_image: segment 6: paddr=0010d884 vaddr=400c0000 size=00064h (   100) [0m
[0;32mI (115) esp_image: segment 7: paddr=0010d8f0 vaddr=50000200 size=00018h (    24) [0m
[0;32mI (123) boot: Fast booting app from partition at offset 0x10000[0m
[0;32mI (130) boot: Disabling RNG early entropy source...[0m
[0;32mI (146) cpu_start: Multicore app[0m
[0;32mI (147) cpu_start: Pro cpu up.[0m
[0;32mI (147) cpu_start: Starting app cpu, entry point is 0x400815e0[0m
[0;32mI (0) cpu_start: App cpu up.[0m
[0;32mI (165) cpu_start: Pro cpu start user code[0m
[0;32mI (165) cpu_start: cpu freq: 160000000 Hz[0m
[0;32mI (165) cpu_start: Application information:[0m
[0;32mI (170) cpu_start: Project name:     SHT3x_Powersave[0m
[0;32mI (175) cpu_start: App version:      92ba5c7-dirty[0m
[0;32mI (181) cpu_start: Compile time:     Aug 21 2023 10:55:27[0m
[0;32mI (187) cpu_start: ELF file SHA256:  8274e9992a701d38...[0m
[0;32mI (193) cpu_start: ESP-IDF:          v5.1-dirty[0m
[0;32mI (198) cpu_start: Min chip rev:     v0.0[0m
[0;32mI (203) cpu_start: Max chip rev:     v3.99 [0m
[0;32mI (207) cpu_start: Chip rev:         v1.0[0m
[0;32mI (212) heap_init: Initializing. RAM available for dynamic allocation:[0m
[0;32mI (220) heap_init: At 3FFAE6E0 len 00001920 (6 KiB): DRAM[0m
[0;32mI (225) heap_init: At 3FFB7FE0 len 00028020 (160 KiB): DRAM[0m
[0;32mI (232) heap_init: At 3FFE0440 len 00003AE0 (14 KiB): D/IRAM[0m
[0;32mI (238) heap_init: At 3FFE4350 len 0001BCB0 (111 KiB): D/IRAM[0m
[0;32mI (245) heap_init: At 40097AC0 len 00008540 (33 KiB): IRAM[0m
[0;32mI (252) spi_flash: detected chip: generic[0m
[0;32mI (255) spi_flash: flash io: dio[0m
[0;32mI (260) app_start: Starting scheduler on CPU0[0m
[0;32mI (264) app_start: Starting scheduler on CPU1[0m
[0;32mI (264) main_task: Started on CPU0[0m
[0;32mI (274) main_task: Calling app_main()[0m
I (324) wifi:wifi driver task: 3ffc1784, prio:23, stack:6656, core=0
I (334) wifi:wifi firmware version: b2f1f86
I (344) wifi:wifi certification version: v7.0
I (344) wifi:config NVS flash: enabled
I (344) wifi:config nano formating: disabled
I (344) wifi:Init data frame dynamic rx buffer num: 32
I (344) wifi:Init management frame dynamic rx buffer num: 32
I (354) wifi:Init management short buffer num: 32
I (354) wifi:Init dynamic tx buffer num: 32
I (364) wifi:Init static rx buffer size: 1600
I (364) wifi:Init static rx buffer num: 10
I (374) wifi:Init dynamic rx buffer num: 32
[0;32mI (374) wifi_init: rx ba win: 6[0m
[0;32mI (374) wifi_init: tcpip mbox: 32[0m
[0;32mI (384) wifi_init: udp mbox: 6[0m
[0;32mI (384) wifi_init: tcp mbox: 6[0m
[0;32mI (394) wifi_init: tcp tx win: 5744[0m
[0;32mI (394) wifi_init: tcp rx win: 5744[0m
[0;32mI (394) wifi_init: tcp mss: 1440[0m
[0;32mI (404) wifi_init: WiFi IRAM OP enabled[0m
[0;32mI (404) wifi_init: WiFi RX IRAM OP enabled[0m
[0;32mI (414) Wifi prov: Already provisioned, starting Wi-Fi STA[0m
[0;32mI (414) phy_init: phy_version 4670,719f9f6,Feb 18 2021,17:07:07[0m
I (444) wifi:mode : sta (c8:c9:a3:d0:65:bc)
I (444) wifi:enable tsf
[0;32mI (2854) Wifi prov: Disconnected. Connecting to the AP again...[0m
[0;32mI (5264) Wifi prov: Disconnected. Connecting to the AP again...[0m
[0;32mI (7684) Wifi prov: Disconnected. Connecting to the AP again...[0m
[0;32mI (10094) Wifi prov: Disconnected. Connecting to the AP again...[0m
[0;32mI (10444) MQTT: Other event id:7[0m
[0;31mE (10444) esp-tls: [sock=54] connect() error: Host is unreachable[0m
[0;31mE (10444) transport_base: Failed to open a new connection: 32772[0m
[0;31mE (10444) mqtt_client: Error transport connect[0m
[0;32mI (10454) MQTT: MQTT_EVENT_ERROR[0m
[0;32mI (10454) MQTT: MQTT_EVENT_DISCONNECTED[0m
[0;32mI (10464) MQTT: Topic publish: VB/DMP/VBEEON/CUSTOM/SMH/C8C9A3D065BC/telemetry
[0m
[0;32mI (10474) POWER MODE: Enabling timer wakeup, 30s
[0m
[0;32mI (10474) POWER MODE: Wake up from timer. Time spent in deep sleep: 40482ms
[0m
[0;32mI (10484) POWER MODE: Entering normal mode
[0m
[0;32mI (10484) main_task: Returned from app_main()[0m
[0;32mI (10644) SHT3x: Temperature: 28.74 Â°C, Humidity: 78.80 %[0m
[0;32mI (10644) mqtt_client: Publishing skipped: client is not connected[0m
[0;32mI (10644) mqtt_client: Publishing skipped: client is not connected[0m
[0;32mI (10654) mqtt_client: Publishing skipped: client is not connected[0m
[0;32mI (11654) POWER MODE: Entering deep sleep again
[0m
[0;32mI (11654) POWER MODE: Enabling timer wakeup, 30s
[0m
