ets Jun  8 2016 00:22:57

rst:0x1 (POWERON_RESET),boot:0x13 (SPI_FAST_FLASH_BOOT)
configsip: 0, SPIWP:0xee
clk_drv:0x00,q_drv:0x00,d_drv:0x00,cs0_drv:0x00,hd_drv:0x00,wp_drv:0x00
mode:DIO, clock div:2
load:0x3fff0030,len:7284
load:0x40078000,len:15884
load:0x40080400,len:4
load:0x40080404,len:3876
entry 0x4008064c
[0;32mI (29) boot: ESP-IDF v5.1-dirty 2nd stage bootloader[0m
[0;32mI (29) boot: compile time Aug 16 2023 11:36:24[0m
[0;32mI (29) boot: Multicore bootloader[0m
[0;32mI (34) boot: chip revision: v1.0[0m
[0;32mI (37) boot.esp32: SPI Speed      : 40MHz[0m
[0;32mI (42) boot.esp32: SPI Mode       : DIO[0m
[0;32mI (47) boot.esp32: SPI Flash Size : 2MB[0m
[0;32mI (51) boot: Enabling RNG early entropy source...[0m
[0;32mI (57) boot: Partition Table:[0m
[0;32mI (60) boot: ## Label            Usage          Type ST Offset   Length[0m
[0;32mI (67) boot:  0 nvs              WiFi data        01 02 00009000 00006000[0m
[0;32mI (75) boot:  1 phy_init         RF data          01 01 0000f000 00001000[0m
[0;32mI (82) boot:  2 factory          factory app      00 00 00010000 00177000[0m
[0;32mI (90) boot: End of partition table[0m
[0;32mI (94) esp_image: segment 0: paddr=00010020 vaddr=3f400020 size=31e38h (204344) map[0m
[0;32mI (176) esp_image: segment 1: paddr=00041e60 vaddr=3ff80063 size=00008h (     8) load[0m
[0;32mI (177) esp_image: segment 2: paddr=00041e70 vaddr=3ffbdb60 size=05564h ( 21860) load[0m
[0;32mI (191) esp_image: segment 3: paddr=000473dc vaddr=40080000 size=08c3ch ( 35900) load[0m
[0;32mI (206) esp_image: segment 4: paddr=00050020 vaddr=400d0020 size=ce264h (844388) map[0m
[0;32mI (511) esp_image: segment 5: paddr=0011e28c vaddr=40088c3c size=135f4h ( 79348) load[0m
[0;32mI (544) esp_image: segment 6: paddr=00131888 vaddr=400c0000 size=00064h (   100) load[0m
[0;32mI (544) esp_image: segment 7: paddr=001318f4 vaddr=50000200 size=00010h (    16) load[0m
[0;32mI (564) boot: Loaded app from partition at offset 0x10000[0m
[0;32mI (564) boot: Disabling RNG early entropy source...[0m
[0;32mI (576) cpu_start: Multicore app[0m
[0;32mI (576) cpu_start: Pro cpu up.[0m
[0;32mI (576) cpu_start: Starting app cpu, entry point is 0x40081760[0m
[0;32mI (0) cpu_start: App cpu up.[0m
[0;32mI (594) cpu_start: Pro cpu start user code[0m
[0;32mI (594) cpu_start: cpu freq: 80000000 Hz[0m
[0;32mI (594) cpu_start: Application information:[0m
[0;32mI (599) cpu_start: Project name:     SHT3x_Powersave[0m
[0;32mI (605) cpu_start: App version:      177945f-dirty[0m
[0;32mI (610) cpu_start: Compile time:     Aug 16 2023 11:43:48[0m
[0;32mI (616) cpu_start: ELF file SHA256:  e7ca839e40096bb7...[0m
[0;32mI (622) cpu_start: ESP-IDF:          v5.1-dirty[0m
[0;32mI (627) cpu_start: Min chip rev:     v0.0[0m
[0;32mI (632) cpu_start: Max chip rev:     v3.99 [0m
[0;32mI (637) cpu_start: Chip rev:         v1.0[0m
[0;32mI (642) heap_init: Initializing. RAM available for dynamic allocation:[0m
[0;32mI (649) heap_init: At 3FFAFF10 len 000000F0 (0 KiB): DRAM[0m
[0;32mI (655) heap_init: At 3FFB6388 len 00001C78 (7 KiB): DRAM[0m
[0;32mI (661) heap_init: At 3FFB9A20 len 00004108 (16 KiB): DRAM[0m
[0;32mI (667) heap_init: At 3FFC9CF8 len 00016308 (88 KiB): DRAM[0m
[0;32mI (673) heap_init: At 3FFE0440 len 00003AE0 (14 KiB): D/IRAM[0m
[0;32mI (680) heap_init: At 3FFE4350 len 0001BCB0 (111 KiB): D/IRAM[0m
[0;32mI (686) heap_init: At 4009C230 len 00003DD0 (15 KiB): IRAM[0m
[0;32mI (694) spi_flash: detected chip: generic[0m
[0;32mI (697) spi_flash: flash io: dio[0m
[0;33mW (701) spi_flash: Detected size(4096k) larger than the size in the binary image header(2048k). Using the size in the binary image header.[0m
[0;32mI (715) coexist: coex firmware version: ebddf30[0m
[0;32mI (720) app_start: Starting scheduler on CPU0[0m
[0;32mI[0;32mI (724) app_start: Starting scheduler on CPU1[0m
 (724) main_task: Started on CPU0[0m
[0;32mI (734) main_task: Calling app_main()[0m
I (804) wifi:wifi driver task: 3ffcf234, prio:23, stack:6656, core=0
I (834) wifi:wifi firmware version: b2f1f86
I (834) wifi:wifi certification version: v7.0
I (834) wifi:config NVS flash: enabled
I (834) wifi:config nano formating: disabled
I (834) wifi:Init data frame dynamic rx buffer num: 32
I (844) wifi:Init management frame dynamic rx buffer num: 32
I (844) wifi:Init management short buffer num: 32
I (854) wifi:Init dynamic tx buffer num: 32
I (854) wifi:Init static rx buffer size: 1600
I (854) wifi:Init static rx buffer num: 10
I (864) wifi:Init dynamic rx buffer num: 32
[0;32mI (864) wifi_init: rx ba win: 6[0m
[0;32mI (864) wifi_init: tcpip mbox: 32[0m
[0;32mI (874) wifi_init: udp mbox: 6[0m
[0;32mI (874) wifi_init: tcp mbox: 6[0m
[0;32mI (884) wifi_init: tcp tx win: 5744[0m
[0;32mI (884) wifi_init: tcp rx win: 5744[0m
[0;32mI (884) wifi_init: tcp mss: 1440[0m
[0;32mI (894) wifi_prov_scheme_ble: BT memory released[0m
[0;32mI (894) Wifi prov: Already provisioned, starting Wi-Fi STA[0m
[0;32mI (904) phy_init: phy_version 4670,719f9f6,Feb 18 2021,17:07:07[0m
I (1044) wifi:mode : sta (c8:c9:a3:d0:65:bc)
I (1044) wifi:enable tsf
I (1054) wifi:new:<6,0>, old:<1,0>, ap:<255,255>, sta:<6,0>, prof:1
I (1054) wifi:state: init -> auth (b0)
I (1064) wifi:state: auth -> assoc (0)
I (1074) wifi:state: assoc -> run (10)
I (1094) wifi:connected with TUPEO, aid = 5, channel 6, BW20, bssid = b2:7d:64:d8:92:71
I (1094) wifi:security: WPA2-PSK, phy: bgn, rssi: -42
I (1104) wifi:pm start, type: 1

I (1144) wifi:AP's beacon interval = 102400 us, DTIM period = 3
[0;32mI (2114) Wifi prov: Connected with IP Address:192.168.137.232[0m
[0;32mI (2114) esp_netif_handlers: sta ip: 192.168.137.232, mask: 255.255.255.0, gw: 192.168.137.1[0m
[0;32mI (2124) MQTT: Other event id:7[0m
[0;32mI (2134) MQTT: Topic publish: VB/DMP/VBEEON/CUSTOM/SMH/C8C9A3D065BC/telemetry
[0m
Enabling timer wakeup, 30s
Not a deep sleep reset
Entering normal mode
[0;32mI (2134) main_task: Returned from app_main()[0m
[0;32mI (2294) SHT3x: Temperature: 28.35 Â°C, Humidity: 71.62 %[0m
I (2384) wifi:<ba-add>idx:0 (ifx:0, b2:7d:64:d8:92:71), tid:0, ssn:5, winSize:64
[0;32mI (2694) MQTT: MQTT_EVENT_CONNECTED[0m
u8cnt_sleep: 180
[0;32mI (3614) MQTT: MQTT_EVENT_PUBLISHED, msg_id=1779[0m
Entering deep sleep again
