ets Jun  8 2016 00:22:57

rst:0x1 (POWERON_RESET),boot:0x13 (SPI_FAST_FLASH_BOOT)
configsip: 0, SPIWP:0xee
clk_drv:0x00,q_drv:0x00,d_drv:0x00,cs0_drv:0x00,hd_drv:0x00,wp_drv:0x00
mode:DIO, clock div:2
load:0x3fff0030,len:7284
load:0x40078000,len:15884
load:0x40080400,len:4
load:0x40080404,len:3876
entry 0x4008064c
[0;32mI (29) boot: ESP-IDF v5.1-dirty 2nd stage bootloader[0m
[0;32mI (29) boot: compile time Aug 17 2023 14:46:49[0m
[0;32mI (29) boot: Multicore bootloader[0m
[0;32mI (34) boot: chip revision: v1.0[0m
[0;32mI (37) boot.esp32: SPI Speed      : 40MHz[0m
[0;32mI (42) boot.esp32: SPI Mode       : DIO[0m
[0;32mI (47) boot.esp32: SPI Flash Size : 4MB[0m
[0;32mI (51) boot: Enabling RNG early entropy source...[0m
[0;32mI (56) boot: Partition Table:[0m
[0;32mI (60) boot: ## Label            Usage          Type ST Offset   Length[0m
[0;32mI (67) boot:  0 nvs              WiFi data        01 02 00009000 00006000[0m
[0;32mI (75) boot:  1 phy_init         RF data          01 01 0000f000 00001000[0m
[0;32mI (82) boot:  2 factory          factory app      00 00 00010000 00100000[0m
[0;32mI (90) boot: End of partition table[0m
[0;32mI (94) esp_image: segment 0: paddr=00010020 vaddr=3f400020 size=3089ch (198812) map[0m
[0;32mI (174) esp_image: segment 1: paddr=000408c4 vaddr=3ff80063 size=00008h (     8) load[0m
[0;32mI (175) esp_image: segment 2: paddr=000408d4 vaddr=3ffb0000 size=03870h ( 14448) load[0m
[0;32mI (186) esp_image: segment 3: paddr=0004414c vaddr=40080000 size=0becch ( 48844) load[0m
[0;32mI (209) esp_image: segment 4: paddr=00050020 vaddr=400d0020 size=b1a78h (727672) map[0m
[0;32mI (472) esp_image: segment 5: paddr=00101aa0 vaddr=4008becc size=0bbf4h ( 48116) load[0m
[0;32mI (492) esp_image: segment 6: paddr=0010d69c vaddr=400c0000 size=00064h (   100) load[0m
[0;32mI (492) esp_image: segment 7: paddr=0010d708 vaddr=50000200 size=00018h (    24) load[0m
[0;32mI (510) boot: Loaded app from partition at offset 0x10000[0m
[0;32mI (510) boot: Disabling RNG early entropy source...[0m
[0;32mI (523) cpu_start: Multicore app[0m
[0;32mI (523) cpu_start: Pro cpu up.[0m
[0;32mI (523) cpu_start: Starting app cpu, entry point is 0x400815e0[0m
[0;32mI (0) cpu_start: App cpu up.[0m
[0;32mI (541) cpu_start: Pro cpu start user code[0m
[0;32mI (541) cpu_start: cpu freq: 80000000 Hz[0m
[0;32mI (541) cpu_start: Application information:[0m
[0;32mI (546) cpu_start: Project name:     SHT3x_Powersave[0m
[0;32mI (551) cpu_start: App version:      177945f-dirty[0m
[0;32mI (557) cpu_start: Compile time:     Aug 17 2023 14:46:21[0m
[0;32mI (563) cpu_start: ELF file SHA256:  805c673b28276373...[0m
[0;32mI (569) cpu_start: ESP-IDF:          v5.1-dirty[0m
[0;32mI (574) cpu_start: Min chip rev:     v0.0[0m
[0;32mI (579) cpu_start: Max chip rev:     v3.99 [0m
[0;32mI (584) cpu_start: Chip rev:         v1.0[0m
[0;32mI (589) heap_init: Initializing. RAM available for dynamic allocation:[0m
[0;32mI (596) heap_init: At 3FFAE6E0 len 00001920 (6 KiB): DRAM[0m
[0;32mI (602) heap_init: At 3FFB7FE0 len 00028020 (160 KiB): DRAM[0m
[0;32mI (608) heap_init: At 3FFE0440 len 00003AE0 (14 KiB): D/IRAM[0m
[0;32mI (614) heap_init: At 3FFE4350 len 0001BCB0 (111 KiB): D/IRAM[0m
[0;32mI (621) heap_init: At 40097AC0 len 00008540 (33 KiB): IRAM[0m
[0;32mI (629) spi_flash: detected chip: generic[0m
[0;32mI (632) spi_flash: flash io: dio[0m
[0;32mI (637) app_start: Starting scheduler on CPU0[0m
[0;32mI (641) app_start: Starting scheduler on CPU1[0m
[0;32mI (641) main_task: Started on CPU0[0m
[0;32mI (651) main_task: Calling app_main()[0m
I (721) wifi:wifi driver task: 3ffc1764, prio:23, stack:6656, core=0
I (751) wifi:wifi firmware version: b2f1f86
I (751) wifi:wifi certification version: v7.0
I (751) wifi:config NVS flash: enabled
I (751) wifi:config nano formating: disabled
I (751) wifi:Init data frame dynamic rx buffer num: 32
I (761) wifi:Init management frame dynamic rx buffer num: 32
I (761) wifi:Init management short buffer num: 32
I (771) wifi:Init dynamic tx buffer num: 32
I (771) wifi:Init static rx buffer size: 1600
I (771) wifi:Init static rx buffer num: 10
I (781) wifi:Init dynamic rx buffer num: 32
[0;32mI (781) wifi_init: rx ba win: 6[0m
[0;32mI (781) wifi_init: tcpip mbox: 32[0m
[0;32mI (791) wifi_init: udp mbox: 6[0m
[0;32mI (791) wifi_init: tcp mbox: 6[0m
[0;32mI (801) wifi_init: tcp tx win: 5744[0m
[0;32mI (801) wifi_init: tcp rx win: 5744[0m
[0;32mI (801) wifi_init: tcp mss: 1440[0m
[0;32mI (811) wifi_init: WiFi IRAM OP enabled[0m
[0;32mI (811) wifi_init: WiFi RX IRAM OP enabled[0m
[0;32mI (821) Wifi prov: Already provisioned, starting Wi-Fi STA[0m
[0;32mI (831) phy_init: phy_version 4670,719f9f6,Feb 18 2021,17:07:07[0m
I (961) wifi:mode : sta (c8:c9:a3:d0:65:bc)
I (961) wifi:enable tsf
I (971) wifi:new:<1,0>, old:<1,0>, ap:<255,255>, sta:<1,0>, prof:1
I (981) wifi:state: init -> auth (b0)
I (981) wifi:state: auth -> assoc (0)
I (991) wifi:state: assoc -> run (10)
I (1491) wifi:connected with TUPEO, aid = 6, channel 1, BW20, bssid = b2:7d:64:d8:92:71
I (1491) wifi:security: WPA2-PSK, phy: bgn, rssi: -38
I (1501) wifi:pm start, type: 1

I (1581) wifi:AP's beacon interval = 102400 us, DTIM period = 3
[0;32mI (2511) Wifi prov: Connected with IP Address:192.168.137.138[0m
[0;32mI (2511) esp_netif_handlers: sta ip: 192.168.137.138, mask: 255.255.255.0, gw: 192.168.137.1[0m
[0;32mI (2521) MQTT: Other event id:7[0m
[0;32mI (2521) MQTT: Topic publish: VB/DMP/VBEEON/CUSTOM/SMH/C8C9A3D065BC/telemetry
[0m
[0;32mI (2531) POWER MODE: Enabling timer wakeup, 30s
[0m
[0;32mI (2531) POWER MODE: Not a deep sleep reset
[0m
[0;32mI (2541) POWER MODE: Entering normal mode
[0m
[0;32mI (2541) main_task: Returned from app_main()[0m
I (2691) wifi:<ba-add>idx:0 (ifx:0, b2:7d:64:d8:92:71), tid:0, ssn:7, winSize:64
[0;32mI (2701) SHT3x: Temperature: 29.11 Â°C, Humidity: 73.58 %[0m
[0;32mI (2711) MQTT: MQTT_EVENT_CONNECTED[0m
[0;32mI (2921) MQTT: MQTT_EVENT_PUBLISHED, msg_id=56024[0m
[0;32mI (3221) MQTT: MQTT_EVENT_PUBLISHED, msg_id=52232[0m
[0;32mI (3721) POWER MODE: Entering deep sleep again
[0m
ets Jun  8 2016 00:22:57

rst:0x5 (DEEPSLEEP_RESET),boot:0x13 (SPI_FAST_FLASH_BOOT)
configsip: 0, SPIWP:0xee
clk_drv:0x00,q_drv:0x00,d_drv:0x00,cs0_drv:0x00,hd_drv:0x00,wp_drv:0x00
mode:DIO, clock div:2
load:0x3fff0030,len:7284
load:0x40078000,len:15884
load:0x40080400,len:4
load:0x40080404,len:3876
entry 0x4008064c
[0;32mI (29) boot: ESP-IDF v5.1-dirty 2nd stage bootloader[0m
[0;32mI (29) boot: compile time Aug 17 2023 14:46:49[0m
[0;32mI (29) boot: Multicore bootloader[0m
[0;32mI (34) boot: chip revision: v1.0[0m
[0;32mI (38) boot.esp32: SPI Speed      : 40MHz[0m
[0;32mI (42) boot.esp32: SPI Mode       : DIO[0m
[0;32mI (47) boot.esp32: SPI Flash Size : 4MB[0m
[0;32mI (52) boot: Enabling RNG early entropy source...[0m
[0;32mI (57) esp_image: segment 0: paddr=00010020 vaddr=3f400020 size=3089ch (198812) map[0m
[0;32mI (65) esp_image: segment 1: paddr=000408c4 vaddr=3ff80063 size=00008h (     8) [0m
[0;32mI (73) esp_image: segment 2: paddr=000408d4 vaddr=3ffb0000 size=03870h ( 14448) load[0m
[0;32mI (84) esp_image: segment 3: paddr=0004414c vaddr=40080000 size=0becch ( 48844) load[0m
[0;32mI (98) esp_image: segment 4: paddr=00050020 vaddr=400d0020 size=b1a78h (727672) map[0m
[0;32mI (98) esp_image: segment 5: paddr=00101aa0 vaddr=4008becc size=0bbf4h ( 48116) load[0m
[0;32mI (114) esp_image: segment 6: paddr=0010d69c vaddr=400c0000 size=00064h (   100) [0m
[0;32mI (115) esp_image: segment 7: paddr=0010d708 vaddr=50000200 size=00018h (    24) [0m
[0;32mI (123) boot: Fast booting app from partition at offset 0x10000[0m
[0;32mI (130) boot: Disabling RNG early entropy source...[0m
[0;32mI (146) cpu_start: Multicore app[0m
[0;32mI (147) cpu_start: Pro cpu up.[0m
[0;32mI (147) cpu_start: Starting app cpu, entry point is 0x400815e0[0m
[0;32mI (0) cpu_start: App cpu up.[0m
[0;32mI (165) cpu_start: Pro cpu start user code[0m
[0;32mI (165) cpu_start: cpu freq: 80000000 Hz[0m
[0;32mI (165) cpu_start: Application information:[0m
[0;32mI (169) cpu_start: Project name:     SHT3x_Powersave[0m
[0;32mI (175) cpu_start: App version:      177945f-dirty[0m
[0;32mI (181) cpu_start: Compile time:     Aug 17 2023 14:46:21[0m
[0;32mI (187) cpu_start: ELF file SHA256:  805c673b28276373...[0m
[0;32mI (193) cpu_start: ESP-IDF:          v5.1-dirty[0m
[0;32mI (198) cpu_start: Min chip rev:     v0.0[0m
[0;32mI (203) cpu_start: Max chip rev:     v3.99 [0m
[0;32mI (207) cpu_start: Chip rev:         v1.0[0m
[0;32mI (212) heap_init: Initializing. RAM available for dynamic allocation:[0m
[0;32mI (220) heap_init: At 3FFAE6E0 len 00001920 (6 KiB): DRAM[0m
[0;32mI (225) heap_init: At 3FFB7FE0 len 00028020 (160 KiB): DRAM[0m
[0;32mI (232) heap_init: At 3FFE0440 len 00003AE0 (14 KiB): D/IRAM[0m
[0;32mI (238) heap_init: At 3FFE4350 len 0001BCB0 (111 KiB): D/IRAM[0m
[0;32mI (244) heap_init: At 40097AC0 len 00008540 (33 KiB): IRAM[0m
[0;32mI (253) spi_flash: detected chip: generic[0m
[0;32mI (255) spi_flash: flash io: dio[0m
[0;32mI (260) app_start: Starting scheduler on CPU0[0m
[0;32mI (264) app_start: Starting scheduler on CPU1[0m
[0;32mI (264) main_task: Started on CPU0[0m
[0;32mI (274) main_task: Calling app_main()[0m
I (344) wifi:wifi driver task: 3ffc1764, prio:23, stack:6656, core=0
I (374) wifi:wifi firmware version: b2f1f86
I (374) wifi:wifi certification version: v7.0
I (374) wifi:config NVS flash: enabled
I (374) wifi:config nano formating: disabled
I (374) wifi:Init data frame dynamic rx buffer num: 32
I (384) wifi:Init management frame dynamic rx buffer num: 32
I (384) wifi:Init management short buffer num: 32
I (394) wifi:Init dynamic tx buffer num: 32
I (394) wifi:Init static rx buffer size: 1600
I (394) wifi:Init static rx buffer num: 10
I (404) wifi:Init dynamic rx buffer num: 32
[0;32mI (404) wifi_init: rx ba win: 6[0m
[0;32mI (404) wifi_init: tcpip mbox: 32[0m
[0;32mI (414) wifi_init: udp mbox: 6[0m
[0;32mI (414) wifi_init: tcp mbox: 6[0m
[0;32mI (424) wifi_init: tcp tx win: 5744[0m
[0;32mI (424) wifi_init: tcp rx win: 5744[0m
[0;32mI (424) wifi_init: tcp mss: 1440[0m
[0;32mI (434) wifi_init: WiFi IRAM OP enabled[0m
[0;32mI (434) wifi_init: WiFi RX IRAM OP enabled[0m
[0;32mI (444) Wifi prov: Already provisioned, starting Wi-Fi STA[0m
[0;32mI (454) phy_init: phy_version 4670,719f9f6,Feb 18 2021,17:07:07[0m
I (484) wifi:mode : sta (c8:c9:a3:d0:65:bc)
I (484) wifi:enable tsf
I (504) wifi:new:<1,0>, old:<1,0>, ap:<255,255>, sta:<1,0>, prof:1
I (504) wifi:state: init -> auth (b0)
I (514) wifi:state: auth -> assoc (0)
I (514) wifi:state: assoc -> run (10)
I (1044) wifi:connected with TUPEO, aid = 7, channel 1, BW20, bssid = b2:7d:64:d8:92:71
I (1044) wifi:security: WPA2-PSK, phy: bgn, rssi: -33
I (1054) wifi:pm start, type: 1

I (1214) wifi:AP's beacon interval = 102400 us, DTIM period = 3
[0;32mI (2554) Wifi prov: Connected with IP Address:192.168.137.138[0m
[0;32mI (2554) esp_netif_handlers: sta ip: 192.168.137.138, mask: 255.255.255.0, gw: 192.168.137.1[0m
[0;32mI (2564) MQTT: Other event id:7[0m
[0;32mI (2574) MQTT: Topic publish: VB/DMP/VBEEON/CUSTOM/SMH/C8C9A3D065BC/telemetry
[0m
[0;32mI (2574) POWER MODE: Enabling timer wakeup, 30s
[0m
[0;32mI (2574) POWER MODE: Wake up from timer. Time spent in deep sleep: 32580ms
[0m
[0;32mI (2584) POWER MODE: Entering normal mode
[0m
[0;32mI (2584) main_task: Returned from app_main()[0m
[0;32mI (2744) SHT3x: Temperature: 29.24 Â°C, Humidity: 74.86 %[0m
[0;32mI (2864) MQTT: MQTT_EVENT_CONNECTED[0m
[0;32mI (3174) MQTT: MQTT_EVENT_PUBLISHED, msg_id=22830[0m
[0;32mI (3364) MQTT: MQTT_EVENT_PUBLISHED, msg_id=10238[0m
[0;32mI (3784) MQTT: MQTT_EVENT_PUBLISHED, msg_id=63204[0m
[0;32mI (3874) POWER MODE: Entering deep sleep again
[0m
