[0;32mI (455) esp_image: segment 5: paddr=00101c30 vaddr=4008be74 size=0bc4ch ( 48204) load[0m
[0;32mI (475) esp_image: segment 6: paddr=0010d884 vaddr=400c0000 size=00064h (   100) load[0m
[0;32mI (475) esp_image: segment 7: paddr=0010d8f0 vaddr=50000200 size=00018h (    24) load[0m
[0;32mI (493) boot: Loaded app from partition at offset 0x10000[0m
[0;32mI (493) boot: Disabling RNG early entropy source...[0m
[0;32mI (506) cpu_start: Multicore app[0m
[0;32mI (506) cpu_start: Pro cpu up.[0m
[0;32mI (506) cpu_start: Starting app cpu, entry point is 0x400815e0[0m
[0;32mI (503) cpu_start: App cpu up.[0m
[0;32mI (524) cpu_start: Pro cpu start user code[0m
[0;32mI (524) cpu_start: cpu freq: 160000000 Hz[0m
[0;32mI (524) cpu_start: Application information:[0m
[0;32mI (529) cpu_start: Project name:     SHT3x_Powersave[0m
[0;32mI (535) cpu_start: App version:      92ba5c7-dirty[0m
[0;32mI (540) cpu_start: Compile time:     Aug 21 2023 10:55:27[0m
[0;32mI (546) cpu_start: ELF file SHA256:  8964cc99c8795579...[0m
[0;32mI (552) cpu_start: ESP-IDF:          v5.1-dirty[0m
[0;32mI (557) cpu_start: Min chip rev:     v0.0[0m
[0;32mI (562) cpu_start: Max chip rev:     v3.99 [0m
[0;32mI (567) cpu_start: Chip rev:         v1.0[0m
[0;32mI (572) heap_init: Initializing. RAM available for dynamic allocation:[0m
[0;32mI (579) heap_init: At 3FFAE6E0 len 00001920 (6 KiB): DRAM[0m
[0;32mI (585) heap_init: At 3FFB7FE0 len 00028020 (160 KiB): DRAM[0m
[0;32mI (591) heap_init: At 3FFE0440 len 00003AE0 (14 KiB): D/IRAM[0m
[0;32mI (598) heap_init: At 3FFE4350 len 0001BCB0 (111 KiB): D/IRAM[0m
[0;32mI (604) heap_init: At 40097AC0 len 00008540 (33 KiB): IRAM[0m

Brownout detector was triggered

[0;32mI (13) boot: ESP-IDF v5.1-dirty 2nd stage bootloader[0m
[0;32mI (13) boot: compile time Aug 21 2023 10:55:46[0m
[0;32mI (13) boot: Multicore bootloader[0m
[0;32mI (16) boot: chip revision: v1.0[0m
[0;32mI (20) boot.esp32: SPI Speed      : 40MHz[0m
[0;32mI (25) boot.esp32: SPI Mode       : DIO[0m
[0;32mI (29) boot.esp32: SPI Flash Size : 4MB[0m
[0;32mI (34) boot: Enabling RNG early entropy source...[0m
[0;32mI (39) boot: Partition Table:[0m
[0;32mI (43) boot: ## Label            Usage          Type ST Offset   Length[0m
[0;32mI (50) boot:  0 nvs              WiFi data        01 02 00009000 00006000[0m
[0;32mI (58) boot:  1 phy_init         RF data          01 01 0000f000 00001000[0m
[0;32mI (65) boot:  2 factory          factory app      00 00 00010000 00100000[0m
[0;32mI (73) boot: End of partition table[0m
[0;32mI (77) esp_image: segment 0: paddr=00010020 vaddr=3f400020 size=308f4h (198900) map[0m
[0;32mI (157) esp_image: segment 1: paddr=0004091c vaddr=3ff80063 size=00008h (     8) load[0m
[0;32mI (157) esp_image: segment 2: paddr=0004092c vaddr=3ffb0000 size=03870h ( 14448) load[0m
[0;32mI (169) esp_image: segment 3: paddr=000441a4 vaddr=40080000 size=0be74h ( 48756) load[0m
[0;32mI (192) esp_image: segment 4: paddr=00050020 vaddr=400d0020 size=b1c08h (728072) map[0m
[0;32mI (455) esp_image: segment 5: paddr=00101c30 vaddr=4008be74 size=0bc4ch ( 48204) load[0m
[0;32mI (475) esp_image: segment 6: paddr=0010d884 vaddr=400c0000 size=00064h (   100) load[0m
[0;32mI (475) esp_image: segment 7: paddr=0010d8f0 vaddr=50000200 size=00018h (    24) load[0m
[0;32mI (493) boot: Loaded app from partition at offset 0x10000[0m
[0;32mI (493) boot: Disabling RNG early entropy source...[0m
[0;32mI (506) cpu_start: Multicore app[0m
[0;32mI (506) cpu_start: Pro cpu up.[0m
[0;32mI (506) cpu_start: Starting app cpu, entry point is 0x400815e0[0m
[0;32mI (503) cpu_start: App cpu up.[0m
[0;32mI (524) cpu_start: Pro cpu start user code[0m
[0;32mI (524) cpu_start: cpu freq: 160000000 Hz[0m
[0;32mI (524) cpu_start: Application information:[0m
[0;32mI (529) cpu_start: Project name:     SHT3x_Powersave[0m
[0;32mI (535) cpu_start: App version:      92ba5c7-dirty[0m
[0;32mI (540) cpu_start: Compile time:     Aug 21 2023 10:55:27[0m
[0;32mI (546) cpu_start: ELF file SHA256:  8964cc99c8795579...[0m
[0;32mI (552) cpu_start: ESP-IDF:          v5.1-dirty[0m
[0;32mI (557) cpu_start: Min chip rev:     v0.0[0m
[0;32mI (562) cpu_start: Max chip rev:     v3.99 [0m
[0;32mI (567) cpu_start: Chip rev:         v1.0[0m
[0;32mI (572) heap_init: Initializing. RAM available for dynamic allocation:[0m
[0;32mI (579) heap_init: At 3FFAE6E0 len 00001920 (6 KiB): DRAM[0m
[0;32mI (585) heap_init: At 3FFB7FE0 len 00028020 (160 KiB): DRAM[0m
[0;32mI (591) heap_init: At 3FFE0440 len 00003AE0 (14 KiB): D/IRAM[0m
[0;32mI (598) heap_init: At 3FFE4350 len 0001BCB0 (111 KiB): D/IRAM[0m
[0;32mI (604) heap_init: At 40097AC0 len 00008540 (33 KiB): IRAM[0m

Brownout detector was triggered

[0;32mI (13) boot: ESP-IDF v5.1-dirty 2nd stage bootloader[0m
[0;32mI (13) boot: compile time Aug 21 2023 10:55:46[0m
[0;32mI (13) boot: Multicore bootloader[0m
[0;32mI (16) boot: chip revision: v1.0[0m
[0;32mI (20) boot.esp32: SPI Speed      : 40MHz[0m
[0;32mI (25) boot.esp32: SPI Mode       : DIO[0m
[0;32mI (29) boot.esp32: SPI Flash Size : 4MB[0m
[0;32mI (34) boot: Enabling RNG early entropy source...[0m
[0;32mI (39) boot: Partition Table:[0m
[0;32mI (43) boot: ## Label            Usage          Type ST Offset   Length[0m
[0;32mI (50) boot:  0 nvs              WiFi data        01 02 00009000 00006000[0m
[0;32mI (58) boot:  1 phy_init         RF data          01 01 0000f000 00001000[0m
[0;32mI (65) boot:  2 factory          factory app      00 00 00010000 00100000[0m
[0;32mI (73) boot: End of partition table[0m
[0;32mI (77) esp_image: segment 0: paddr=00010020 vaddr=3f400020 size=308f4h (198900) map[0m
[0;32mI (157) esp_image: segment 1: paddr=0004091c vaddr=3ff80063 size=00008h (     8) load[0m
[0;32mI (157) esp_image: segment 2: paddr=0004092c vaddr=3ffb0000 size=03870h ( 14448) load[0m
[0;32mI (169) esp_image: segment 3: paddr=000441a4 vaddr=40080000 size=0be74h ( 48756) load[0m
[0;32mI (192) esp_image: segment 4: paddr=00050020 vaddr=400d0020 size=b1c08h (728072) map[0m
[0;32mI (455) esp_image: segment 5: paddr=00101c30 vaddr=4008be74 size=0bc4ch ( 48204) load[0m
[0;32mI (475) esp_image: segment 6: paddr=0010d884 vaddr=400c0000 size=00064h (   100) load[0m
[0;32mI (475) esp_image: segment 7: paddr=0010d8f0 vaddr=50000200 size=00018h (    24) load[0m
[0;32mI (493) boot: Loaded app from partition at offset 0x10000[0m
[0;32mI (493) boot: Disabling RNG early entropy source...[0m
[0;32mI (506) cpu_start: Multicore app[0m
[0;32mI (506) cpu_start: Pro cpu up.[0m
[0;32mI (506) cpu_start: Starting app cpu, entry point is 0x400815e0[0m
[0;32mI (503) cpu_start: App cpu up.[0m
[0;32mI (524) cpu_start: Pro cpu start user code[0m
[0;32mI (524) cpu_start: cpu freq: 160000000 Hz[0m
[0;32mI (524) cpu_start: Application information:[0m
[0;32mI (529) cpu_start: Project name:     SHT3x_Powersave[0m
[0;32mI (535) cpu_start: App version:      92ba5c7-dirty[0m
[0;32mI (540) cpu_start: Compile time:     Aug 21 2023 10:55:27[0m
[0;32mI (546) cpu_start: ELF file SHA256:  8964cc99c8795579...[0m
[0;32mI (552) cpu_start: ESP-IDF:          v5.1-dirty[0m
[0;32mI (557) cpu_start: Min chip rev:     v0.0[0m
[0;32mI (562) cpu_start: Max chip rev:     v3.99 [0m
[0;32mI (567) cpu_start: Chip rev:         v1.0[0m
[0;32mI (572) heap_init: Initializing. RAM available for dynamic allocation:[0m
[0;32mI (579) heap_init: At 3FFAE6E0 len 00001920 (6 KiB): DRAM[0m
[0;32mI (585) heap_init: At 3FFB7FE0 len 00028020 (160 KiB): DRAM[0m
[0;32mI (591) heap_init: At 3FFE0440 len 00003AE0 (14 KiB): D/IRAM[0m
[0;32mI (598) heap_init: At 3FFE4350 len 0001BCB0 (111 KiB): D/IRAM[0m
[0;32mI (604) heap_init: At 40097AC0 len 00008540 (33 KiB): IRAM[0m

Brownout detector was triggered

[0;32mI (13) boot: ESP-IDF v5.1-dirty 2nd stage bootloader[0m
[0;32mI (13) boot: compile time Aug 21 2023 10:55:46[0m
[0;32mI (13) boot: Multicore bootloader[0m
[0;32mI (16) boot: chip revision: v1.0[0m
[0;32mI (20) boot.esp32: SPI Speed      : 40MHz[0m
[0;32mI (25) boot.esp32: SPI Mode       : DIO[0m
[0;32mI (29) boot.esp32: SPI Flash Size : 4MB[0m
[0;32mI (34) boot: Enabling RNG early entropy source...[0m
[0;32mI (39) boot: Partition Table:[0m
[0;32mI (43) boot: ## Label            Usage          Type ST Offset   Length[0m
[0;32mI (50) boot:  0 nvs              WiFi data        01 02 00009000 00006000[0m
[0;32mI (58) boot:  1 phy_init         RF data          01 01 0000f000 00001000[0m
[0;32mI (65) boot:  2 factory          factory app      00 00 00010000 00100000[0m
[0;32mI (73) boot: End of partition table[0m
[0;32mI (77) esp_image: segment 0: paddr=00010020 vaddr=3f400020 size=308f4h (198900) map[0m
[0;32mI (157) esp_image: segment 1: paddr=0004091c vaddr=3ff80063 size=00008h (     8) load[0m
[0;32mI (157) esp_image: segment 2: paddr=0004092c vaddr=3ffb0000 size=03870h ( 14448) load[0m
[0;32mI (169) esp_image: segment 3: paddr=000441a4 vaddr=40080000 size=0be74h ( 48756) load[0m
[0;32mI (192) esp_image: segment 4: paddr=00050020 vaddr=400d0020 size=b1c08h (728072) map[0m
[0;32mI (455) esp_image: segment 5: paddr=00101c30 vaddr=4008be74 size=0bc4ch ( 48204) load[0m
[0;32mI (475) esp_image: segment 6: paddr=0010d884 vaddr=400c0000 size=00064h (   100) load[0m
[0;32mI (475) esp_image: segment 7: paddr=0010d8f0 vaddr=50000200 size=00018h (    24) load[0m
[0;32mI (493) boot: Loaded app from partition at offset 0x10000[0m
[0;32mI (493) boot: Disabling RNG early entropy source...[0m
[0;32mI (506) cpu_start: Multicore app[0m
[0;32mI (506) cpu_start: Pro cpu up.[0m
[0;32mI (506) cpu_start: Starting app cpu, entry point is 0x400815e0[0m
[0;32mI (503) cpu_start: App cpu up.[0m
[0;32mI (524) cpu_start: Pro cpu start user code[0m
[0;32mI (524) cpu_start: cpu freq: 160000000 Hz[0m
[0;32mI (524) cpu_start: Application information:[0m
[0;32mI (529) cpu_start: Project name:     SHT3x_Powersave[0m
[0;32mI (535) cpu_start: App version:      92ba5c7-dirty[0m
[0;32mI (540) cpu_start: Compile time:     Aug 21 2023 10:55:27[0m
[0;32mI (546) cpu_start: ELF file SHA256:  8964cc99c8795579...[0m
[0;32mI (552) cpu_start: ESP-IDF:          v5.1-dirty[0m
[0;32mI (557) cpu_start: Min chip rev:     v0.0[0m
[0;32mI (562) cpu_start: Max chip rev:     v3.99 [0m
[0;32mI (567) cpu_start: Chip rev:         v1.0[0m
[0;32mI (572) heap_init: Initializing. RAM available for dynamic allocation:[0m
[0;32mI (579) heap_init: At 3FFAE6E0 len 00001920 (6 KiB): DRAM[0m
[0;32mI (585) heap_init: At 3FFB7FE0 len 00028020 (160 KiB): DRAM[0m
[0;32mI (591) heap_init: At 3FFE0440 len 00003AE0 (14 KiB): D/IRAM[0m
[0;32mI (598) heap_init: At 3FFE4350 len 0001BCB0 (111 KiB): D/IRAM[0m
[0;32mI (604) heap_init: At 40097AC0 len 00008540 (33 KiB): IRAM[0m

Brownout detector was triggered

[0;32mI (13) boot: ESP-IDF v5.1-dirty 2nd stage bootloader[0m
[0;32mI (13) boot: compile time Aug 21 2023 10:55:46[0m
[0;32mI (13) boot: Multicore bootloader[0m
[0;32mI (16) boot: chip revision: v1.0[0m
[0;32mI (20) boot.esp32: SPI Speed      : 40MHz[0m
[0;32mI (25) boot.esp32: SPI Mode       : DIO[0m
[0;32mI (29) boot.esp32: SPI Flash Size : 4MB[0m
[0;32mI (34) boot: Enabling RNG early entropy source...[0m
[0;32mI (39) boot: Partition Table:[0m
[0;32mI (43) boot: ## Label            Usage          Type ST Offset   Length[0m
[0;32mI (50) boot:  0 nvs              WiFi data        01 02 00009000 00006000[0m
[0;32mI (58) boot:  1 phy_init         RF data          01 01 0000f000 00001000[0m
[0;32mI (65) boot:  2 factory          factory app      00 00 00010000 00100000[0m
[0;32mI (73) boot: End of partition table[0m
[0;32mI (77) esp_image: segment 0: paddr=00010020 vaddr=3f400020 size=308f4h (198900) map[0m
[0;32mI (157) esp_image: segment 1: paddr=0004091c vaddr=3ff80063 size=00008h (     8) load[0m
[0;32mI (157) esp_image: segment 2: paddr=0004092c vaddr=3ffb0000 size=03870h ( 14448) load[0m
[0;32mI (169) esp_image: segment 3: paddr=000441a4 vaddr=40080000 size=0be74h ( 48756) load[0m
[0;32mI (192) esp_image: segment 4: paddr=00050020 vaddr=400d0020 size=b1c08h (728072) map[0m
[0;32mI (455) esp_image: segment 5: paddr=00101c30 vaddr=4008be74 size=0bc4ch ( 48204) load[0m
[0;32mI (475) esp_image: segment 6: paddr=0010d884 vaddr=400c0000 size=00064h (   100) load[0m
[0;32mI (475) esp_image: segment 7: paddr=0010d8f0 vaddr=50000200 size=00018h (    24) load[0m
[0;32mI (493) boot: Loaded app from partition at offset 0x10000[0m
[0;32mI (493) boot: Disabling RNG early entropy source...[0m
[0;32mI (506) cpu_start: Multicore app[0m
[0;32mI (506) cpu_start: Pro cpu up.[0m
[0;32mI (506) cpu_start: Starting app cpu, entry point is 0x400815e0[0m
[0;32mI (503) cpu_start: App cpu up.[0m
[0;32mI (524) cpu_start: Pro cpu start user code[0m
[0;32mI (524) cpu_start: cpu freq: 160000000 Hz[0m
[0;32mI (524) cpu_start: Application information:[0m
[0;32mI (529) cpu_start: Project name:     SHT3x_Powersave[0m
[0;32mI (535) cpu_start: App version:      92ba5c7-dirty[0m
[0;32mI (540) cpu_start: Compile time:     Aug 21 2023 10:55:27[0m
[0;32mI (546) cpu_start: ELF file SHA256:  8964cc99c8795579...[0m
[0;32mI (552) cpu_start: ESP-IDF:          v5.1-dirty[0m
[0;32mI (557) cpu_start: Min chip rev:     v0.0[0m
[0;32mI (562) cpu_start: Max chip rev:     v3.99 [0m
[0;32mI (567) cpu_start: Chip rev:         v1.0[0m
[0;32mI (572) heap_init: Initializing. RAM available for dynamic allocation:[0m
[0;32mI (579) heap_init: At 3FFAE6E0 len 00001920 (6 KiB): DRAM[0m
[0;32mI (585) heap_init: At 3FFB7FE0 len 00028020 (160 KiB): DRAM[0m
[0;32mI (591) heap_init: At 3FFE0440 len 00003AE0 (14 KiB): D/IRAM[0m
[0;32mI (598) heap_init: At 3FFE4350 len 0001BCB0 (111 KiB): D/IRAM[0m
[0;32mI (604) heap_init: At 40097AC0 len 00008540 (33 KiB): IRAM[0m

Brownout detector was triggered

[0;32mI (13) boot: ESP-IDF v5.1-dirty 2nd stage bootloader[0m
[0;32mI (13) boot: compile time Aug 21 2023 10:55:46[0m
[0;32mI (13) boot: Multicore bootloader[0m
[0;32mI (16) boot: chip revision: v1.0[0m
[0;32mI (20) boot.esp32: SPI Speed      : 40MHz[0m
[0;32mI (25) boot.esp32: SPI Mode       : DIO[0m
[0;32mI (29) boot.esp32: SPI Flash Size : 4MB[0m
[0;32mI (34) boot: Enabling RNG early entropy source...[0m
[0;32mI (39) boot: Partition Table:[0m
[0;32mI (43) boot: ## Label            Usage          Type ST Offset   Length[0m
[0;32mI (50) boot:  0 nvs              WiFi data        01 02 00009000 00006000[0m
[0;32mI (58) boot:  1 phy_init         RF data          01 01 0000f000 00001000[0m
[0;32mI (65) boot:  2 factory          factory app      00 00 00010000 00100000[0m
[0;32mI (73) boot: End of partition table[0m
[0;32mI (77) esp_image: segment 0: paddr=00010020 vaddr=3f400020 size=308f4h (198900) map[0m
[0;32mI (157) esp_image: segment 1: paddr=0004091c vaddr=3ff80063 size=00008h (     8) load[0m
[0;32mI (157) esp_image: segment 2: paddr=0004092c vaddr=3ffb0000 size=03870h ( 14448) load[0m
[0;32mI (169) esp_image: segment 3: paddr=000441a4 vaddr=40080000 size=0be74h ( 48756) load[0m
[0;32mI (192) esp_image: segment 4: paddr=00050020 vaddr=400d0020 size=b1c08h (728072) map[0m
[0;32mI (455) esp_image: segment 5: paddr=00101c30 vaddr=4008be74 size=0bc4ch ( 48204) load[0m
[0;32mI (475) esp_image: segment 6: paddr=0010d884 vaddr=400c0000 size=00064h (   100) load[0m
[0;32mI (475) esp_image: segment 7: paddr=0010d8f0 vaddr=50000200 size=00018h (    24) load[0m
[0;32mI (493) boot: Loaded app from partition at offset 0x10000[0m
[0;32mI (493) boot: Disabling RNG early entropy source...[0m
[0;32mI (506) cpu_start: Multicore app[0m
[0;32mI (506) cpu_start: Pro cpu up.[0m
[0;32mI (506) cpu_start: Starting app cpu, entry point is 0x400815e0[0m
[0;32mI (503) cpu_start: App cpu up.[0m
[0;32mI (524) cpu_start: Pro cpu start user code[0m
[0;32mI (524) cpu_start: cpu freq: 160000000 Hz[0m
[0;32mI (524) cpu_start: Application information:[0m
[0;32mI (529) cpu_start: Project name:     SHT3x_Powersave[0m
[0;32mI (535) cpu_start: App version:      92ba5c7-dirty[0m
[0;32mI (540) cpu_start: Compile time:     Aug 21 2023 10:55:27[0m
[0;32mI (546) cpu_start: ELF file SHA256:  8964cc99c8795579...[0m
[0;32mI (552) cpu_start: ESP-IDF:          v5.1-dirty[0m
[0;32mI (557) cpu_start: Min chip rev:     v0.0[0m
[0;32mI (562) cpu_start: Max chip rev:     v3.99 [0m
[0;32mI (567) cpu_start: Chip rev:         v1.0[0m
[0;32mI (572) heap_init: Initializing. RAM available for dynamic allocation:[0m
[0;32mI (579) heap_init: At 3FFAE6E0 len 00001920 (6 KiB): DRAM[0m
[0;32mI (585) heap_init: At 3FFB7FE0 len 00028020 (160 KiB): DRAM[0m
[0;32mI (591) heap_init: At 3FFE0440 len 00003AE0 (14 KiB): D/IRAM[0m
[0;32mI (598) heap_init: At 3FFE4350 len 0001BCB0 (111 KiB): D/IRAM[0m
[0;32mI (604) heap_init: At 40097AC0 len 00008540 (33 KiB): IRAM[0m

Brownout detector was triggered

[0;32mI (13) boot: ESP-IDF v5.1-dirty 2nd stage bootloader[0m
[0;32mI (13) boot: compile time Aug 21 2023 10:55:46[0m
[0;32mI (13) boot: Multicore bootloader[0m
[0;32mI (16) boot: chip revision: v1.0[0m
[0;32mI (20) boot.esp32: SPI Speed      : 40MHz[0m
[0;32mI (25) boot.esp32: SPI Mode       : DIO[0m
[0;32mI (29) boot.esp32: SPI Flash Size : 4MB[0m
[0;32mI (34) boot: Enabling RNG early entropy source...[0m
[0;32mI (39) boot: Partition Table:[0m
[0;32mI (43) boot: ## Label            Usage          Type ST Offset   Length[0m
[0;32mI (50) boot:  0 nvs              WiFi data        01 02 00009000 00006000[0m
[0;32mI (58) boot:  1 phy_init         RF data          01 01 0000f000 00001000[0m
[0;32mI (65) boot:  2 factory          factory app      00 00 00010000 00100000[0m
[0;32mI (73) boot: End of partition table[0m
[0;32mI (77) esp_image: segment 0: paddr=00010020 vaddr=3f400020 size=308f4h (198900) map[0m
[0;32mI (157) esp_image: segment 1: paddr=0004091c vaddr=3ff80063 size=00008h (     8) load[0m
[0;32mI (157) esp_image: segment 2: paddr=0004092c vaddr=3ffb0000 size=03870h ( 14448) load[0m
[0;32mI (169) esp_image: segment 3: paddr=000441a4 vaddr=40080000 size=0be74h ( 48756) load[0m
[0;32mI (192) esp_image: segment 4: paddr=00050020 vaddr=400d0020 size=b1c08h (728072) map[0m
[0;32mI (455) esp_image: segment 5: paddr=00101c30 vaddr=4008be74 size=0bc4ch ( 48204) load[0m
[0;32mI (475) esp_image: segment 6: paddr=0010d884 vaddr=400c0000 size=00064h (   100) load[0m
[0;32mI (475) esp_image: segment 7: paddr=0010d8f0 vaddr=50000200 size=00018h (    24) load[0m
[0;32mI (493) boot: Loaded app from partition at offset 0x10000[0m
[0;32mI (493) boot: Disabling RNG early entropy source...[0m
[0;32mI (506) cpu_start: Multicore app[0m
[0;32mI (506) cpu_start: Pro cpu up.[0m
[0;32mI (506) cpu_start: Starting app cpu, entry point is 0x400815e0[0m
[0;32mI (503) cpu_start: App cpu up.[0m
[0;32mI (524) cpu_start: Pro cpu start user code[0m
[0;32mI (524) cpu_start: cpu freq: 160000000 Hz[0m
[0;32mI (524) cpu_start: Application information:[0m
[0;32mI (529) cpu_start: Project name:     SHT3x_Powersave[0m
[0;32mI (535) cpu_start: App version:      92ba5c7-dirty[0m
[0;32mI (540) cpu_start: Compile time:     Aug 21 2023 10:55:27[0m
[0;32mI (546) cpu_start: ELF file SHA256:  8964cc99c8795579...[0m
[0;32mI (552) cpu_start: ESP-IDF:          v5.1-dirty[0m
[0;32mI (557) cpu_start: Min chip rev:     v0.0[0m
[0;32mI (562) cpu_start: Max chip rev:     v3.99 [0m
[0;32mI (567) cpu_start: Chip rev:         v1.0[0m
[0;32mI (572) heap_init: Initializing. RAM available for dynamic allocation:[0m
[0;32mI (579) heap_init: At 3FFAE6E0 len 00001920 (6 KiB): DRAM[0m
[0;32mI (585) heap_init: At 3FFB7FE0 len 00028020 (160 KiB): DRAM[0m
[0;32mI (591) heap_init: At 3FFE0440 len 00003AE0 (14 KiB): D/IRAM[0m
[0;32mI (598) heap_init: At 3FFE4350 len 0001BCB0 (111 KiB): D/IRAM[0m
[0;32mI (604) heap_init: At 40097AC0 len 00008540 (33 KiB): IRAM[0m

Brownout detector was triggered

[0;32mI (13) boot: ESP-IDF v5.1-dirty 2nd stage bootloader[0m
[0;32mI (13) boot: compile time Aug 21 2023 10:55:46[0m
[0;32mI (13) boot: Multicore bootloader[0m
[0;32mI (16) boot: chip revision: v1.0[0m
[0;32mI (20) boot.esp32: SPI Speed      : 40MHz[0m
[0;32mI (25) boot.esp32: SPI Mode       : DIO[0m
[0;32mI (29) boot.esp32: SPI Flash Size : 4MB[0m
[0;32mI (34) boot: Enabling RNG early entropy source...[0m
[0;32mI (39) boot: Partition Table:[0m
[0;32mI (43) boot: ## Label            Usage          Type ST Offset   Length[0m
[0;32mI (50) boot:  0 nvs              WiFi data        01 02 00009000 00006000[0m
[0;32mI (58) boot:  1 phy_init         RF data          01 01 0000f000 00001000[0m
[0;32mI (65) boot:  2 factory          factory app      00 00 00010000 00100000[0m
[0;32mI (73) boot: End of partition table[0m
[0;32mI (77) esp_image: segment 0: paddr=00010020 vaddr=3f400020 size=308f4h (198900) map[0m
[0;32mI (157) esp_image: segment 1: paddr=0004091c vaddr=3ff80063 size=00008h (     8) load[0m
[0;32mI (157) esp_image: segment 2: paddr=0004092c vaddr=3ffb0000 size=03870h ( 14448) load[0m
[0;32mI (169) esp_image: segment 3: paddr=000441a4 vaddr=40080000 size=0be74h ( 48756) load[0m
[0;32mI (192) esp_image: segment 4: paddr=00050020 vaddr=400d0020 size=b1c08h (728072) map[0m
[0;32mI (455) esp_image: segment 5: paddr=00101c30 vaddr=4008be74 size=0bc4ch ( 48204) load[0m
[0;32mI (475) esp_image: segment 6: paddr=0010d884 vaddr=400c0000 size=00064h (   100) load[0m
[0;32mI (475) esp_image: segment 7: paddr=0010d8f0 vaddr=50000200 size=00018h (    24) load[0m
[0;32mI (493) boot: Loaded app from partition at offset 0x10000[0m
[0;32mI (493) boot: Disabling RNG early entropy source...[0m
[0;32mI (506) cpu_start: Multicore app[0m
[0;32mI (506) cpu_start: Pro cpu up.[0m
[0;32mI (506) cpu_start: Starting app cpu, entry point is 0x400815e0[0m
[0;32mI (503) cpu_start: App cpu up.[0m
[0;32mI (524) cpu_start: Pro cpu start user code[0m
[0;32mI (524) cpu_start: cpu freq: 160000000 Hz[0m
[0;32mI (524) cpu_start: Application information:[0m
[0;32mI (529) cpu_start: Project name:     SHT3x_Powersave[0m
[0;32mI (535) cpu_start: App version:      92ba5c7-dirty[0m
[0;32mI (540) cpu_start: Compile time:     Aug 21 2023 10:55:27[0m
[0;32mI (546) cpu_start: ELF file SHA256:  8964cc99c8795579...[0m
[0;32mI (552) cpu_start: ESP-IDF:          v5.1-dirty[0m
[0;32mI (557) cpu_start: Min chip rev:     v0.0[0m
[0;32mI (562) cpu_start: Max chip rev:     v3.99 [0m
[0;32mI (567) cpu_start: Chip rev:         v1.0[0m
[0;32mI (572) heap_init: Initializing. RAM available for dynamic allocation:[0m
[0;32mI (579) heap_init: At 3FFAE6E0 len 00001920 (6 KiB): DRAM[0m
[0;32mI (585) heap_init: At 3FFB7FE0 len 00028020 (160 KiB): DRAM[0m
[0;32mI (591) heap_init: At 3FFE0440 len 00003AE0 (14 KiB): D/IRAM[0m
[0;32mI (598) heap_init: At 3FFE4350 len 0001BCB0 (111 KiB): D/IRAM[0m
[0;32mI (604) heap_init: At 40097AC0 len 00008540 (33 KiB): IRAM[0m

Brownout detector was triggered

[0;32mI (13) boot: ESP-IDF v5.1-dirty 2nd stage bootloader[0m
[0;32mI (13) boot: compile time Aug 21 2023 10:55:46[0m
[0;32mI (13) boot: Multicore bootloader[0m
[0;32mI (16) boot: chip revision: v1.0[0m
[0;32mI (20) boot.esp32: SPI Speed      : 40MHz[0m
[0;32mI (25) boot.esp32: SPI Mode       : DIO[0m
[0;32mI (29) boot.esp32: SPI Flash Size : 4MB[0m
[0;32mI (34) boot: Enabling RNG early entropy source...[0m
[0;32mI (39) boot: Partition Table:[0m
[0;32mI (43) boot: ## Label            Usage          Type ST Offset   Length[0m
[0;32mI (50) boot:  0 nvs              WiFi data        01 02 00009000 00006000[0m
[0;32mI (58) boot:  1 phy_init         RF data          01 01 0000f000 00001000[0m
[0;32mI (65) boot:  2 factory          factory app      00 00 00010000 00100000[0m
[0;32mI (73) boot: End of partition table[0m
[0;32mI (77) esp_image: segment 0: paddr=00010020 vaddr=3f400020 size=308f4h (198900) map[0m
[0;32mI (157) esp_image: segment 1: paddr=0004091c vaddr=3ff80063 size=00008h (     8) load[0m
[0;32mI (157) esp_image: segment 2: paddr=0004092c vaddr=3ffb0000 size=03870h ( 14448) load[0m
[0;32mI (169) esp_image: segment 3: paddr=000441a4 vaddr=40080000 size=0be74h ( 48756) load[0m
[0;32mI (192) esp_image: segment 4: paddr=00050020 vaddr=400d0020 size=b1c08h (728072) map[0m
[0;32mI (455) esp_image: segment 5: paddr=00101c30 vaddr=4008be74 size=0bc4ch ( 48204) load[0m
[0;32mI (475) esp_image: segment 6: paddr=0010d884 vaddr=400c0000 size=00064h (   100) load[0m
[0;32mI (475) esp_image: segment 7: paddr=0010d8f0 vaddr=50000200 size=00018h (    24) load[0m
[0;32mI (493) boot: Loaded app from partition at offset 0x10000[0m
[0;32mI (493) boot: Disabling RNG early entropy source...[0m
[0;32mI (506) cpu_start: Multicore app[0m
[0;32mI (506) cpu_start: Pro cpu up.[0m
[0;32mI (506) cpu_start: Starting app cpu, entry point is 0x400815e0[0m
[0;32mI (503) cpu_start: App cpu up.[0m
[0;32mI (524) cpu_start: Pro cpu start user code[0m
[0;32mI (524) cpu_start: cpu freq: 160000000 Hz[0m
[0;32mI (524) cpu_start: Application information:[0m
[0;32mI (529) cpu_start: Project name:     SHT3x_Powersave[0m
[0;32mI (535) cpu_start: App version:      92ba5c7-dirty[0m
[0;32mI (540) cpu_start: Compile time:     Aug 21 2023 10:55:27[0m
[0;32mI (546) cpu_start: ELF file SHA256:  8964cc99c8795579...[0m
[0;32mI (552) cpu_start: ESP-IDF:          v5.1-dirty[0m
[0;32mI (557) cpu_start: Min chip rev:     v0.0[0m
[0;32mI (562) cpu_start: Max chip rev:     v3.99 [0m
[0;32mI (567) cpu_start: Chip rev:         v1.0[0m
[0;32mI (572) heap_init: Initializing. RAM available for dynamic allocation:[0m
[0;32mI (579) heap_init: At 3FFAE6E0 len 00001920 (6 KiB): DRAM[0m
[0;32mI (585) heap_init: At 3FFB7FE0 len 00028020 (160 KiB): DRAM[0m
[0;32mI (591) heap_init: At 3FFE0440 len 00003AE0 (14 KiB): D/IRAM[0m
[0;32mI (598) heap_init: At 3FFE4350 len 0001BCB0 (111 KiB): D/IRAM[0m
[0;32mI (604) heap_init: At 40097AC0 len 00008540 (33 KiB): IRAM[0m

Brownout detector was triggered

[0;32mI (13) boot: ESP-IDF v5.1-dirty 2nd stage bootloader[0m
[0;32mI (13) boot: compile time Aug 21 2023 10:55:46[0m
[0;32mI (13) boot: Multicore bootloader[0m
[0;32mI (16) boot: chip revision: v1.0[0m
[0;32mI (20) boot.esp32: SPI Speed      : 40MHz[0m
[0;32mI (25) boot.esp32: SPI Mode       : DIO[0m
[0;32mI (29) boot.esp32: SPI Flash Size : 4MB[0m
[0;32mI (34) boot: Enabling RNG early entropy source...[0m
[0;32mI (39) boot: Partition Table:[0m
[0;32mI (43) boot: ## Label            Usage          Type ST Offset   Length[0m
[0;32mI (50) boot:  0 nvs              WiFi data        01 02 00009000 00006000[0m
[0;32mI (58) boot:  1 phy_init         RF data          01 01 0000f000 00001000[0m
[0;32mI (65) boot:  2 factory          factory app      00 00 00010000 00100000[0m
[0;32mI (73) boot: End of partition table[0m
[0;32mI (77) esp_image: segment 0: paddr=00010020 vaddr=3f400020 size=308f4h (198900) map[0m
[0;32mI (157) esp_image: segment 1: paddr=0004091c vaddr=3ff80063 size=00008h (     8) load[0m
[0;32mI (157) esp_image: segment 2: paddr=0004092c vaddr=3ffb0000 size=03870h ( 14448) load[0m
[0;32mI (169) esp_image: segment 3: paddr=000441a4 vaddr=40080000 size=0be74h ( 48756) load[0m
[0;32mI (192) esp_image: segment 4: paddr=00050020 vaddr=400d0020 size=b1c08h (728072) map[0m
[0;32mI (455) esp_image: segment 5: paddr=00101c30 vaddr=4008be74 size=0bc4ch ( 48204) load[0m
[0;32mI (475) esp_image: segment 6: paddr=0010d884 vaddr=400c0000 size=00064h (   100) load[0m
[0;32mI (475) esp_image: segment 7: paddr=0010d8f0 vaddr=50000200 size=00018h (    24) load[0m
[0;32mI (493) boot: Loaded app from partition at offset 0x10000[0m
[0;32mI (493) boot: Disabling RNG early entropy source...[0m
[0;32mI (506) cpu_start: Multicore app[0m
[0;32mI (506) cpu_start: Pro cpu up.[0m
[0;32mI (506) cpu_start: Starting app cpu, entry point is 0x400815e0[0m
[0;32mI (503) cpu_start: App cpu up.[0m
[0;32mI (524) cpu_start: Pro cpu start user code[0m
[0;32mI (524) cpu_start: cpu freq: 160000000 Hz[0m
[0;32mI (524) cpu_start: Application information:[0m
[0;32mI (529) cpu_start: Project name:     SHT3x_Powersave[0m
[0;32mI (535) cpu_start: App version:      92ba5c7-dirty[0m
[0;32mI (540) cpu_start: Compile time:     Aug 21 2023 10:55:27[0m
[0;32mI (546) cpu_start: ELF file SHA256:  8964cc99c8795579...[0m
[0;32mI (552) cpu_start: ESP-IDF:          v5.1-dirty[0m
[0;32mI (557) cpu_start: Min chip rev:     v0.0[0m
[0;32mI (562) cpu_start: Max chip rev:     v3.99 [0m
[0;32mI (567) cpu_start: Chip rev:         v1.0[0m
[0;32mI (572) heap_init: Initializing. RAM available for dynamic allocation:[0m
[0;32mI (579) heap_init: At 3FFAE6E0 len 00001920 (6 KiB): DRAM[0m
[0;32mI (585) heap_init: At 3FFB7FE0 len 00028020 (160 KiB): DRAM[0m
[0;32mI (591) heap_init: At 3FFE0440 len 00003AE0 (14 KiB): D/IRAM[0m
[0;32mI (598) heap_init: At 3FFE4350 len 0001BCB0 (111 KiB): D/IRAM[0m
[0;32mI (604) heap_init: At 40097AC0 len 00008540 (33 KiB): IRAM[0m

Brownout detector was triggered

[0;32mI (13) boot: ESP-IDF v5.1-dirty 2nd stage bootloader[0m
[0;32mI (13) boot: compile time Aug 21 2023 10:55:46[0m
[0;32mI (13) boot: Multicore bootloader[0m
[0;32mI (16) boot: chip revision: v1.0[0m
[0;32mI (20) boot.esp32: SPI Speed      : 40MHz[0m
[0;32mI (25) boot.esp32: SPI Mode       : DIO[0m
[0;32mI (29) boot.esp32: SPI Flash Size : 4MB[0m
[0;32mI (34) boot: Enabling RNG early entropy source...[0m
[0;32mI (39) boot: Partition Table:[0m
[0;32mI (43) boot: ## Label            Usage          Type ST Offset   Length[0m
[0;32mI (50) boot:  0 nvs              WiFi data        01 02 00009000 00006000[0m
[0;32mI (58) boot:  1 phy_init         RF data          01 01 0000f000 00001000[0m
[0;32mI (65) boot:  2 factory          factory app      00 00 00010000 00100000[0m
[0;32mI (73) boot: End of partition table[0m
[0;32mI (77) esp_image: segment 0: paddr=00010020 vaddr=3f400020 size=308f4h (198900) map[0m
[0;32mI (157) esp_image: segment 1: paddr=0004091c vaddr=3ff80063 size=00008h (     8) load[0m
[0;32mI (157) esp_image: segment 2: paddr=0004092c vaddr=3ffb0000 size=03870h ( 14448) load[0m
[0;32mI (169) esp_image: segment 3: paddr=000441a4 vaddr=40080000 size=0be74h ( 48756) load[0m
[0;32mI (192) esp_image: segment 4: paddr=00050020 vaddr=400d0020 size=b1c08h (728072) map[0m
[0;32mI (455) esp_image: segment 5: paddr=00101c30 vaddr=4008be74 size=0bc4ch ( 48204) load[0m
[0;32mI (475) esp_image: segment 6: paddr=0010d884 vaddr=400c0000 size=00064h (   100) load[0m
[0;32mI (475) esp_image: segment 7: paddr=0010d8f0 vaddr=50000200 size=00018h (    24) load[0m
[0;32mI (493) boot: Loaded app from partition at offset 0x10000[0m
[0;32mI (493) boot: Disabling RNG early entropy source...[0m
[0;32mI (506) cpu_start: Multicore app[0m
[0;32mI (506) cpu_start: Pro cpu up.[0m
[0;32mI (506) cpu_start: Starting app cpu, entry point is 0x400815e0[0m
[0;32mI (503) cpu_start: App cpu up.[0m
[0;32mI (524) cpu_start: Pro cpu start user code[0m
[0;32mI (524) cpu_start: cpu freq: 160000000 Hz[0m
[0;32mI (524) cpu_start: Application information:[0m
[0;32mI (529) cpu_start: Project name:     SHT3x_Powersave[0m
[0;32mI (535) cpu_start: App version:      92ba5c7-dirty[0m
[0;32mI (540) cpu_start: Compile time:     Aug 21 2023 10:55:27[0m
[0;32mI (546) cpu_start: ELF file SHA256:  8964cc99c8795579...[0m
[0;32mI (552) cpu_start: ESP-IDF:          v5.1-dirty[0m
[0;32mI (557) cpu_start: Min chip rev:     v0.0[0m
[0;32mI (562) cpu_start: Max chip rev:     v3.99 [0m
[0;32mI (567) cpu_start: Chip rev:         v1.0[0m
[0;32mI (572) heap_init: Initializing. RAM available for dynamic allocation:[0m
[0;32mI (579) heap_init: At 3FFAE6E0 len 00001920 (6 KiB): DRAM[0m
[0;32mI (585) heap_init: At 3FFB7FE0 len 00028020 (160 KiB): DRAM[0m
[0;32mI (591) heap_init: At 3FFE0440 len 00003AE0 (14 KiB): D/IRAM[0m
[0;32mI (598) heap_init: At 3FFE4350 len 0001BCB0 (111 KiB): D/IRAM[0m
[0;32mI (604) heap_init: At 40097AC0 len 00008540 (33 KiB): IRAM[0m

Brownout detector was triggered

[0;32mI (13) boot: ESP-IDF v5.1-dirty 2nd stage bootloader[0m
[0;32mI (13) boot: compile time Aug 21 2023 10:55:46[0m
[0;32mI (13) boot: Multicore bootloader[0m
[0;32mI (16) boot: chip revision: v1.0[0m
[0;32mI (20) boot.esp32: SPI Speed      : 40MHz[0m
[0;32mI (25) boot.esp32: SPI Mode       : DIO[0m
[0;32mI (29) boot.esp32: SPI Flash Size : 4MB[0m
[0;32mI (34) boot: Enabling RNG early entropy source...[0m
[0;32mI (39) boot: Partition Table:[0m
[0;32mI (43) boot: ## Label            Usage          Type ST Offset   Length[0m
[0;32mI (50) boot:  0 nvs              WiFi data        01 02 00009000 00006000[0m
[0;32mI (58) boot:  1 phy_init         RF data          01 01 0000f000 00001000[0m
[0;32mI (65) boot:  2 factory          factory app      00 00 00010000 00100000[0m
[0;32mI (73) boot: End of partition table[0m
[0;32mI (77) esp_image: segment 0: paddr=00010020 vaddr=3f400020 size=308f4h (198900) map[0m
[0;32mI (157) esp_image: segment 1: paddr=0004091c vaddr=3ff80063 size=00008h (     8) load[0m
[0;32mI (157) esp_image: segment 2: paddr=0004092c vaddr=3ffb0000 size=03870h ( 14448) load[0m
[0;32mI (169) esp_image: segment 3: paddr=000441a4 vaddr=40080000 size=0be74h ( 48756) load[0m
[0;32mI (192) esp_image: segment 4: paddr=00050020 vaddr=400d0020 size=b1c08h (728072) map[0m
[0;32mI (455) esp_image: segment 5: paddr=00101c30 vaddr=4008be74 size=0bc4ch ( 48204) load[0m
[0;32mI (475) esp_image: segment 6: paddr=0010d884 vaddr=400c0000 size=00064h (   100) load[0m
[0;32mI (475) esp_image: segment 7: paddr=0010d8f0 vaddr=50000200 size=00018h (    24) load[0m
[0;32mI (493) boot: Loaded app from partition at offset 0x10000[0m
[0;32mI (493) boot: Disabling RNG early entropy source...[0m
[0;32mI (506) cpu_start: Multicore app[0m
[0;32mI (506) cpu_start: Pro cpu up.[0m
[0;32mI (506) cpu_start: Starting app cpu, entry point is 0x400815e0[0m
[0;32mI (503) cpu_start: App cpu up.[0m
[0;32mI (524) cpu_start: Pro cpu start user code[0m
[0;32mI (524) cpu_start: cpu freq: 160000000 Hz[0m
[0;32mI (524) cpu_start: Application information:[0m
[0;32mI (529) cpu_start: Project name:     SHT3x_Powersave[0m
[0;32mI (535) cpu_start: App version:      92ba5c7-dirty[0m
[0;32mI (540) cpu_start: Compile time:     Aug 21 2023 10:55:27[0m
[0;32mI (546) cpu_start: ELF file SHA256:  8964cc99c8795579...[0m
[0;32mI (552) cpu_start: ESP-IDF:          v5.1-dirty[0m
[0;32mI (557) cpu_start: Min chip rev:     v0.0[0m
[0;32mI (562) cpu_start: Max chip rev:     v3.99 [0m
[0;32mI (567) cpu_start: Chip rev:         v1.0[0m
[0;32mI (572) heap_init: Initializing. RAM available for dynamic allocation:[0m
[0;32mI (579) heap_init: At 3FFAE6E0 len 00001920 (6 KiB): DRAM[0m
[0;32mI (585) heap_init: At 3FFB7FE0 len 00028020 (160 KiB): DRAM[0m
[0;32mI (591) heap_init: At 3FFE0440 len 00003AE0 (14 KiB): D/IRAM[0m
[0;32mI (598) heap_init: At 3FFE4350 len 0001BCB0 (111 KiB): D/IRAM[0m
[0;32mI (604) heap_init: At 40097AC0 len 00008540 (33 KiB): IRAM[0m

Brownout detector was triggered

[0;32mI (13) boot: ESP-IDF v5.1-dirty 2nd stage bootloader[0m
[0;32mI (13) boot: compile time Aug 21 2023 10:55:46[0m
[0;32mI (13) boot: Multicore bootloader[0m
[0;32mI (16) boot: chip revision: v1.0[0m
[0;32mI (20) boot.esp32: SPI Speed      : 40MHz[0m
[0;32mI (25) boot.esp32: SPI Mode       : DIO[0m
[0;32mI (29) boot.esp32: SPI Flash Size : 4MB[0m
[0;32mI (34) boot: Enabling RNG early entropy source...[0m
[0;32mI (39) boot: Partition Table:[0m
[0;32mI (43) boot: ## Label            Usage          Type ST Offset   Length[0m
[0;32mI (50) boot:  0 nvs              WiFi data        01 02 00009000 00006000[0m
[0;32mI (58) boot:  1 phy_init         RF data          01 01 0000f000 00001000[0m
[0;32mI (65) boot:  2 factory          factory app      00 00 00010000 00100000[0m
[0;32mI (73) boot: End of partition table[0m
[0;32mI (77) esp_image: segment 0: paddr=00010020 vaddr=3f400020 size=308f4h (198900) map[0m
[0;32mI (157) esp_image: segment 1: paddr=0004091c vaddr=3ff80063 size=00008h (     8) load[0m
[0;32mI (157) esp_image: segment 2: paddr=0004092c vaddr=3ffb0000 size=03870h ( 14448) load[0m
[0;32mI (169) esp_image: segment 3: paddr=000441a4 vaddr=40080000 size=0be74h ( 48756) load[0m
[0;32mI (192) esp_image: segment 4: paddr=00050020 vaddr=400d0020 size=b1c08h (728072) map[0m
[0;32mI (455) esp_image: segment 5: paddr=00101c30 vaddr=4008be74 size=0bc4ch ( 48204) load[0m
[0;32mI (475) esp_image: segment 6: paddr=0010d884 vaddr=400c0000 size=00064h (   100) load[0m
[0;32mI (475) esp_image: segment 7: paddr=0010d8f0 vaddr=50000200 size=00018h (    24) load[0m
[0;32mI (493) boot: Loaded app from partition at offset 0x10000[0m
[0;32mI (493) boot: Disabling RNG early entropy source...[0m
[0;32mI (506) cpu_start: Multicore app[0m
[0;32mI (506) cpu_start: Pro cpu up.[0m
[0;32mI (506) cpu_start: Starting app cpu, entry point is 0x400815e0[0m
[0;32mI (503) cpu_start: App cpu up.[0m
[0;32mI (524) cpu_start: Pro cpu start user code[0m
[0;32mI (524) cpu_start: cpu freq: 160000000 Hz[0m
[0;32mI (524) cpu_start: Application information:[0m
[0;32mI (529) cpu_start: Project name:     SHT3x_Powersave[0m
[0;32mI (535) cpu_start: App version:      92ba5c7-dirty[0m
[0;32mI (540) cpu_start: Compile time:     Aug 21 2023 10:55:27[0m
[0;32mI (546) cpu_start: ELF file SHA256:  8964cc99c8795579...[0m
[0;32mI (552) cpu_start: ESP-IDF:          v5.1-dirty[0m
[0;32mI (557) cpu_start: Min chip rev:     v0.0[0m
[0;32mI (562) cpu_start: Max chip rev:     v3.99 [0m
[0;32mI (567) cpu_start: Chip rev:         v1.0[0m
[0;32mI (572) heap_init: Initializing. RAM available for dynamic allocation:[0m
[0;32mI (579) heap_init: At 3FFAE6E0 len 00001920 (6 KiB): DRAM[0m
[0;32mI (585) heap_init: At 3FFB7FE0 len 00028020 (160 KiB): DRAM[0m
[0;32mI (591) heap_init: At 3FFE0440 len 00003AE0 (14 KiB): D/IRAM[0m
[0;32mI (598) heap_init: At 3FFE4350 len 0001BCB0 (111 KiB): D/IRAM[0m
[0;32mI (604) heap_init: At 40097AC0 len 00008540 (33 KiB): IRAM[0m

Brownout detector was triggered

[0;32mI (13) boot: ESP-IDF v5.1-dirty 2nd stage bootloader[0m
[0;32mI (13) boot: compile time Aug 21 2023 10:55:46[0m
[0;32mI (13) boot: Multicore bootloader[0m
[0;32mI (16) boot: chip revision: v1.0[0m
[0;32mI (20) boot.esp32: SPI Speed      : 40MHz[0m
[0;32mI (25) boot.esp32: SPI Mode       : DIO[0m
[0;32mI (29) boot.esp32: SPI Flash Size : 4MB[0m
[0;32mI (34) boot: Enabling RNG early entropy source...[0m
[0;32mI (39) boot: Partition Table:[0m
[0;32mI (43) boot: ## Label            Usage          Type ST Offset   Length[0m
[0;32mI (50) boot:  0 nvs              WiFi data        01 02 00009000 00006000[0m
[0;32mI (58) boot:  1 phy_init         RF data          01 01 0000f000 00001000[0m
[0;32mI (65) boot:  2 factory          factory app      00 00 00010000 00100000[0m
[0;32mI (73) boot: End of partition table[0m
[0;32mI (77) esp_image: segment 0: paddr=00010020 vaddr=3f400020 size=308f4h (198900) map[0m
[0;32mI (157) esp_image: segment 1: paddr=0004091c vaddr=3ff80063 size=00008h (     8) load[0m
[0;32mI (157) esp_image: segment 2: paddr=0004092c vaddr=3ffb0000 size=03870h ( 14448) load[0m
[0;32mI (169) esp_image: segment 3: paddr=000441a4 vaddr=40080000 size=0be74h ( 48756) load[0m
[0;32mI (192) esp_image: segment 4: paddr=00050020 vaddr=400d0020 size=b1c08h (728072) map[0m
[0;32mI (455) esp_image: segment 5: paddr=00101c30 vaddr=4008be74 size=0bc4ch ( 48204) load[0m
[0;32mI (475) esp_image: segment 6: paddr=0010d884 vaddr=400c0000 size=00064h (   100) load[0m
[0;32mI (475) esp_image: segment 7: paddr=0010d8f0 vaddr=50000200 size=00018h (    24) load[0m
[0;32mI (493) boot: Loaded app from partition at offset 0x10000[0m
[0;32mI (493) boot: Disabling RNG early entropy source...[0m
[0;32mI (506) cpu_start: Multicore app[0m
[0;32mI (506) cpu_start: Pro cpu up.[0m
[0;32mI (506) cpu_start: Starting app cpu, entry point is 0x400815e0[0m
[0;32mI (503) cpu_start: App cpu up.[0m
[0;32mI (524) cpu_start: Pro cpu start user code[0m
[0;32mI (524) cpu_start: cpu freq: 160000000 Hz[0m
[0;32mI (524) cpu_start: Application information:[0m
[0;32mI (529) cpu_start: Project name:     SHT3x_Powersave[0m
[0;32mI (535) cpu_start: App version:      92ba5c7-dirty[0m
[0;32mI (540) cpu_start: Compile time:     Aug 21 2023 10:55:27[0m
[0;32mI (546) cpu_start: ELF file SHA256:  8964cc99c8795579...[0m
[0;32mI (552) cpu_start: ESP-IDF:          v5.1-dirty[0m
[0;32mI (557) cpu_start: Min chip rev:     v0.0[0m
[0;32mI (562) cpu_start: Max chip rev:     v3.99 [0m
[0;32mI (567) cpu_start: Chip rev:         v1.0[0m
[0;32mI (572) heap_init: Initializing. RAM available for dynamic allocation:[0m
[0;32mI (579) heap_init: At 3FFAE6E0 len 00001920 (6 KiB): DRAM[0m
[0;32mI (585) heap_init: At 3FFB7FE0 len 00028020 (160 KiB): DRAM[0m
[0;32mI (591) heap_init: At 3FFE0440 len 00003AE0 (14 KiB): D/IRAM[0m
[0;32mI (598) heap_init: At 3FFE4350 len 0001BCB0 (111 KiB): D/IRAM[0m
[0;32mI (604) heap_init: At 40097AC0 len 00008540 (33 KiB): IRAM[0m

Brownout detector was triggered

[0;32mI (13) boot: ESP-IDF v5.1-dirty 2nd stage bootloader[0m
[0;32mI (13) boot: compile time Aug 21 2023 10:55:46[0m
[0;32mI (13) boot: Multicore bootloader[0m
[0;32mI (16) boot: chip revision: v1.0[0m
[0;32mI (20) boot.esp32: SPI Speed      : 40MHz[0m
[0;32mI (25) boot.esp32: SPI Mode       : DIO[0m
[0;32mI (29) boot.esp32: SPI Flash Size : 4MB[0m
[0;32mI (34) boot: Enabling RNG early entropy source...[0m
[0;32mI (39) boot: Partition Table:[0m
[0;32mI (43) boot: ## Label            Usage          Type ST Offset   Length[0m
[0;32mI (50) boot:  0 nvs              WiFi data        01 02 00009000 00006000[0m
[0;32mI (58) boot:  1 phy_init         RF data          01 01 0000f000 00001000[0m
[0;32mI (65) boot:  2 factory          factory app      00 00 00010000 00100000[0m
[0;32mI (73) boot: End of partition table[0m
[0;32mI (77) esp_image: segment 0: paddr=00010020 vaddr=3f400020 size=308f4h (198900) map[0m
[0;32mI (157) esp_image: segment 1: paddr=0004091c vaddr=3ff80063 size=00008h (     8) load[0m
[0;32mI (157) esp_image: segment 2: paddr=0004092c vaddr=3ffb0000 size=03870h ( 14448) load[0m
[0;32mI (169) esp_image: segment 3: paddr=000441a4 vaddr=40080000 size=0be74h ( 48756) load[0m
[0;32mI (192) esp_image: segment 4: paddr=00050020 vaddr=400d0020 size=b1c08h (728072) map[0m
[0;32mI (455) esp_image: segment 5: paddr=00101c30 vaddr=4008be74 size=0bc4ch ( 48204) load[0m
[0;32mI (475) esp_image: segment 6: paddr=0010d884 vaddr=400c0000 size=00064h (   100) load[0m
[0;32mI (475) esp_image: segment 7: paddr=0010d8f0 vaddr=50000200 size=00018h (    24) load[0m
[0;32mI (493) boot: Loaded app from partition at offset 0x10000[0m
[0;32mI (493) boot: Disabling RNG early entropy source...[0m
[0;32mI (506) cpu_start: Multicore app[0m
[0;32mI (506) cpu_start: Pro cpu up.[0m
[0;32mI (506) cpu_start: Starting app cpu, entry point is 0x400815e0[0m
[0;32mI (503) cpu_start: App cpu up.[0m
[0;32mI (524) cpu_start: Pro cpu start user code[0m
[0;32mI (524) cpu_start: cpu freq: 160000000 Hz[0m
[0;32mI (524) cpu_start: Application information:[0m
[0;32mI (529) cpu_start: Project name:     SHT3x_Powersave[0m
[0;32mI (535) cpu_start: App version:      92ba5c7-dirty[0m
[0;32mI (540) cpu_start: Compile time:     Aug 21 2023 10:55:27[0m
[0;32mI (546) cpu_start: ELF file SHA256:  8964cc99c8795579...[0m
[0;32mI (552) cpu_start: ESP-IDF:          v5.1-dirty[0m
[0;32mI (557) cpu_start: Min chip rev:     v0.0[0m
[0;32mI (562) cpu_start: Max chip rev:     v3.99 [0m
[0;32mI (567) cpu_start: Chip rev:         v1.0[0m
[0;32mI (572) heap_init: Initializing. RAM available for dynamic allocation:[0m
[0;32mI (579) heap_init: At 3FFAE6E0 len 00001920 (6 KiB): DRAM[0m
[0;32mI (585) heap_init: At 3FFB7FE0 len 00028020 (160 KiB): DRAM[0m
[0;32mI (591) heap_init: At 3FFE0440 len 00003AE0 (14 KiB): D/IRAM[0m
[0;32mI (598) heap_init: At 3FFE4350 len 0001BCB0 (111 KiB): D/IRAM[0m
[0;32mI (604) heap_init: At 40097AC0 len 00008540 (33 KiB): IRAM[0m

Brownout detector was triggered

[0;32mI (13) boot: ESP-IDF v5.1-dirty 2nd stage bootloader[0m
[0;32mI (13) boot: compile time Aug 21 2023 10:55:46[0m
[0;32mI (13) boot: Multicore bootloader[0m
[0;32mI (16) boot: chip revision: v1.0[0m
[0;32mI (20) boot.esp32: SPI Speed      : 40MHz[0m
[0;32mI (25) boot.esp32: SPI Mode       : DIO[0m
[0;32mI (29) boot.esp32: SPI Flash Size : 4MB[0m
[0;32mI (34) boot: Enabling RNG early entropy source...[0m
[0;32mI (39) boot: Partition Table:[0m
[0;32mI (43) boot: ## Label            Usage          Type ST Offset   Length[0m
[0;32mI (50) boot:  0 nvs              WiFi data        01 02 00009000 00006000[0m
[0;32mI (58) boot:  1 phy_init         RF data          01 01 0000f000 00001000[0m
[0;32mI (65) boot:  2 factory          factory app      00 00 00010000 00100000[0m
[0;32mI (73) boot: End of partition table[0m
[0;32mI (77) esp_image: segment 0: paddr=00010020 vaddr=3f400020 size=308f4h (198900) map[0m
[0;32mI (157) esp_image: segment 1: paddr=0004091c vaddr=3ff80063 size=00008h (     8) load[0m
[0;32mI (157) esp_image: segment 2: paddr=0004092c vaddr=3ffb0000 size=03870h ( 14448) load[0m
[0;32mI (169) esp_image: segment 3: paddr=000441a4 vaddr=40080000 size=0be74h ( 48756) load[0m
[0;32mI (192) esp_image: segment 4: paddr=00050020 vaddr=400d0020 size=b1c08h (728072) map[0m
[0;32mI (455) esp_image: segment 5: paddr=00101c30 vaddr=4008be74 size=0bc4ch ( 48204) load[0m
[0;32mI (475) esp_image: segment 6: paddr=0010d884 vaddr=400c0000 size=00064h (   100) load[0m
[0;32mI (475) esp_image: segment 7: paddr=0010d8f0 vaddr=50000200 size=00018h (    24) load[0m
[0;32mI (493) boot: Loaded app from partition at offset 0x10000[0m
[0;32mI (493) boot: Disabling RNG early entropy source...[0m
[0;32mI (506) cpu_start: Multicore app[0m
[0;32mI (506) cpu_start: Pro cpu up.[0m
[0;32mI (506) cpu_start: Starting app cpu, entry point is 0x400815e0[0m
[0;32mI (503) cpu_start: App cpu up.[0m
[0;32mI (524) cpu_start: Pro cpu start user code[0m
[0;32mI (524) cpu_start: cpu freq: 160000000 Hz[0m
[0;32mI (524) cpu_start: Application information:[0m
[0;32mI (529) cpu_start: Project name:     SHT3x_Powersave[0m
[0;32mI (535) cpu_start: App version:      92ba5c7-dirty[0m
[0;32mI (540) cpu_start: Compile time:     Aug 21 2023 10:55:27[0m
[0;32mI (546) cpu_start: ELF file SHA256:  8964cc99c8795579...[0m
[0;32mI (552) cpu_start: ESP-IDF:          v5.1-dirty[0m
[0;32mI (557) cpu_start: Min chip rev:     v0.0[0m
[0;32mI (562) cpu_start: Max chip rev:     v3.99 [0m
[0;32mI (567) cpu_start: Chip rev:         v1.0[0m
[0;32mI (572) heap_init: Initializing. RAM available for dynamic allocation:[0m
[0;32mI (579) heap_init: At 3FFAE6E0 len 00001920 (6 KiB): DRAM[0m
[0;32mI (585) heap_init: At 3FFB7FE0 len 00028020 (160 KiB): DRAM[0m
[0;32mI (591) heap_init: At 3FFE0440 len 00003AE0 (14 KiB): D/IRAM[0m
[0;32mI (598) heap_init: At 3FFE4350 len 0001BCB0 (111 KiB): D/IRAM[0m
[0;32mI (604) heap_init: At 40097AC0 len 00008540 (33 KiB): IRAM[0m

Brownout detector was triggered

[0;32mI (13) boot: ESP-IDF v5.1-dirty 2nd stage bootloader[0m
[0;32mI (13) boot: compile time Aug 21 2023 10:55:46[0m
[0;32mI (13) boot: Multicore bootloader[0m
[0;32mI (16) boot: chip revision: v1.0[0m
[0;32mI (20) boot.esp32: SPI Speed      : 40MHz[0m
[0;32mI (25) boot.esp32: SPI Mode       : DIO[0m
[0;32mI (29) boot.esp32: SPI Flash Size : 4MB[0m
[0;32mI (34) boot: Enabling RNG early entropy source...[0m
[0;32mI (39) boot: Partition Table:[0m
[0;32mI (43) boot: ## Label            Usage          Type ST Offset   Length[0m
[0;32mI (50) boot:  0 nvs              WiFi data        01 02 00009000 00006000[0m
[0;32mI (58) boot:  1 phy_init         RF data          01 01 0000f000 00001000[0m
[0;32mI (65) boot:  2 factory          factory app      00 00 00010000 00100000[0m
[0;32mI (73) boot: End of partition table[0m
[0;32mI (77) esp_image: segment 0: paddr=00010020 vaddr=3f400020 size=308f4h (198900) map[0m
[0;32mI (157) esp_image: segment 1: paddr=0004091c vaddr=3ff80063 size=00008h (     8) load[0m
[0;32mI (157) esp_image: segment 2: paddr=0004092c vaddr=3ffb0000 size=03870h ( 14448) load[0m
[0;32mI (169) esp_image: segment 3: paddr=000441a4 vaddr=40080000 size=0be74h ( 48756) load[0m
[0;32mI (192) esp_image: segment 4: paddr=00050020 vaddr=400d0020 size=b1c08h (728072) map[0m
[0;32mI (455) esp_image: segment 5: paddr=00101c30 vaddr=4008be74 size=0bc4ch ( 48204) load[0m
[0;32mI (475) esp_image: segment 6: paddr=0010d884 vaddr=400c0000 size=00064h (   100) load[0m
[0;32mI (475) esp_image: segment 7: paddr=0010d8f0 vaddr=50000200 size=00018h (    24) load[0m
[0;32mI (493) boot: Loaded app from partition at offset 0x10000[0m
[0;32mI (493) boot: Disabling RNG early entropy source...[0m
[0;32mI (506) cpu_start: Multicore app[0m
[0;32mI (506) cpu_start: Pro cpu up.[0m
[0;32mI (506) cpu_start: Starting app cpu, entry point is 0x400815e0[0m
[0;32mI (503) cpu_start: App cpu up.[0m
[0;32mI (524) cpu_start: Pro cpu start user code[0m
[0;32mI (524) cpu_start: cpu freq: 160000000 Hz[0m
[0;32mI (524) cpu_start: Application information:[0m
[0;32mI (529) cpu_start: Project name:     SHT3x_Powersave[0m
[0;32mI (535) cpu_start: App version:      92ba5c7-dirty[0m
[0;32mI (540) cpu_start: Compile time:     Aug 21 2023 10:55:27[0m
[0;32mI (546) cpu_start: ELF file SHA256:  8964cc99c8795579...[0m
[0;32mI (552) cpu_start: ESP-IDF:          v5.1-dirty[0m
[0;32mI (557) cpu_start: Min chip rev:     v0.0[0m
[0;32mI (562) cpu_start: Max chip rev:     v3.99 [0m
[0;32mI (567) cpu_start: Chip rev:         v1.0[0m
[0;32mI (572) heap_init: Initializing. RAM available for dynamic allocation:[0m
[0;32mI (579) heap_init: At 3FFAE6E0 len 00001920 (6 KiB): DRAM[0m
[0;32mI (585) heap_init: At 3FFB7FE0 len 00028020 (160 KiB): DRAM[0m
[0;32mI (591) heap_init: At 3FFE0440 len 00003AE0 (14 KiB): D/IRAM[0m
[0;32mI (598) heap_init: At 3FFE4350 len 0001BCB0 (111 KiB): D/IRAM[0m
[0;32mI (604) heap_init: At 40097AC0 len 00008540 (33 KiB): IRAM[0m

Brownout detector was triggered

[0;32mI (13) boot: ESP-IDF v5.1-dirty 2nd stage bootloader[0m
[0;32mI (13) boot: compile time Aug 21 2023 10:55:46[0m
[0;32mI (13) boot: Multicore bootloader[0m
[0;32mI (16) boot: chip revision: v1.0[0m
[0;32mI (20) boot.esp32: SPI Speed      : 40MHz[0m
[0;32mI (25) boot.esp32: SPI Mode       : DIO[0m
[0;32mI (29) boot.esp32: SPI Flash Size : 4MB[0m
[0;32mI (34) boot: Enabling RNG early entropy source...[0m
[0;32mI (39) boot: Partition Table:[0m
[0;32mI (43) boot: ## Label            Usage          Type ST Offset   Length[0m
[0;32mI (50) boot:  0 nvs              WiFi data        01 02 00009000 00006000[0m
[0;32mI (58) boot:  1 phy_init         RF data          01 01 0000f000 00001000[0m
[0;32mI (65) boot:  2 factory          factory app      00 00 00010000 00100000[0m
[0;32mI (73) boot: End of partition table[0m
[0;32mI (77) esp_image: segment 0: paddr=00010020 vaddr=3f400020 size=308f4h (198900) map[0m
[0;32mI (157) esp_image: segment 1: paddr=0004091c vaddr=3ff80063 size=00008h (     8) load[0m
[0;32mI (157) esp_image: segment 2: paddr=0004092c vaddr=3ffb0000 size=03870h ( 14448) load[0m
[0;32mI (169) esp_image: segment 3: paddr=000441a4 vaddr=40080000 size=0be74h ( 48756) load[0m
[0;32mI (192) esp_image: segment 4: paddr=00050020 vaddr=400d0020 size=b1c08h (728072) map[0m
[0;32mI (455) esp_image: segment 5: paddr=00101c30 vaddr=4008be74 size=0bc4ch ( 48204) load[0m
[0;32mI (475) esp_image: segment 6: paddr=0010d884 vaddr=400c0000 size=00064h (   100) load[0m
[0;32mI (475) esp_image: segment 7: paddr=0010d8f0 vaddr=50000200 size=00018h (    24) load[0m
[0;32mI (493) boot: Loaded app from partition at offset 0x10000[0m
[0;32mI (493) boot: Disabling RNG early entropy source...[0m
[0;32mI (506) cpu_start: Multicore app[0m
[0;32mI (506) cpu_start: Pro cpu up.[0m
[0;32mI (506) cpu_start: Starting app cpu, entry point is 0x400815e0[0m
[0;32mI (503) cpu_start: App cpu up.[0m
[0;32mI (524) cpu_start: Pro cpu start user code[0m
[0;32mI (524) cpu_start: cpu freq: 160000000 Hz[0m
[0;32mI (524) cpu_start: Application information:[0m
[0;32mI (529) cpu_start: Project name:     SHT3x_Powersave[0m
[0;32mI (535) cpu_start: App version:      92ba5c7-dirty[0m
[0;32mI (540) cpu_start: Compile time:     Aug 21 2023 10:55:27[0m
[0;32mI (546) cpu_start: ELF file SHA256:  8964cc99c8795579...[0m
[0;32mI (552) cpu_start: ESP-IDF:          v5.1-dirty[0m
[0;32mI (557) cpu_start: Min chip rev:     v0.0[0m
[0;32mI (562) cpu_start: Max chip rev:     v3.99 [0m
[0;32mI (567) cpu_start: Chip rev:         v1.0[0m
[0;32mI (572) heap_init: Initializing. RAM available for dynamic allocation:[0m
[0;32mI (579) heap_init: At 3FFAE6E0 len 00001920 (6 KiB): DRAM[0m
[0;32mI (585) heap_init: At 3FFB7FE0 len 00028020 (160 KiB): DRAM[0m
[0;32mI (591) heap_init: At 3FFE0440 len 00003AE0 (14 KiB): D/IRAM[0m
[0;32mI (598) heap_init: At 3FFE4350 len 0001BCB0 (111 KiB): D/IRAM[0m
[0;32mI (604) heap_init: At 40097AC0 len 00008540 (33 KiB): IRAM[0m

Brownout detector was triggered

[0;32mI (13) boot: ESP-IDF v5.1-dirty 2nd stage bootloader[0m
[0;32mI (13) boot: compile time Aug 21 2023 10:55:46[0m
[0;32mI (13) boot: Multicore bootloader[0m
[0;32mI (16) boot: chip revision: v1.0[0m
[0;32mI (20) boot.esp32: SPI Speed      : 40MHz[0m
[0;32mI (25) boot.esp32: SPI Mode       : DIO[0m
[0;32mI (29) boot.esp32: SPI Flash Size : 4MB[0m
[0;32mI (34) boot: Enabling RNG early entropy source...[0m
[0;32mI (39) boot: Partition Table:[0m
[0;32mI (43) boot: ## Label            Usage          Type ST Offset   Length[0m
[0;32mI (50) boot:  0 nvs              WiFi data        01 02 00009000 00006000[0m
[0;32mI (58) boot:  1 phy_init         RF data          01 01 0000f000 00001000[0m
[0;32mI (65) boot:  2 factory          factory app      00 00 00010000 00100000[0m
[0;32mI (73) boot: End of partition table[0m
[0;32mI (77) esp_image: segment 0: paddr=00010020 vaddr=3f400020 size=308f4h (198900) map[0m
[0;32mI (157) esp_image: segment 1: paddr=0004091c vaddr=3ff80063 size=00008h (     8) load[0m
[0;32mI (157) esp_image: segment 2: paddr=0004092c vaddr=3ffb0000 size=03870h ( 14448) load[0m
[0;32mI (169) esp_image: segment 3: paddr=000441a4 vaddr=40080000 size=0be74h ( 48756) load[0m
[0;32mI (192) esp_image: segment 4: paddr=00050020 vaddr=400d0020 size=b1c08h (728072) map[0m
[0;32mI (455) esp_image: segment 5: paddr=00101c30 vaddr=4008be74 size=0bc4ch ( 48204) load[0m
[0;32mI (475) esp_image: segment 6: paddr=0010d884 vaddr=400c0000 size=00064h (   100) load[0m
[0;32mI (475) esp_image: segment 7: paddr=0010d8f0 vaddr=50000200 size=00018h (    24) load[0m
[0;32mI (493) boot: Loaded app from partition at offset 0x10000[0m
[0;32mI (493) boot: Disabling RNG early entropy source...[0m
[0;32mI (506) cpu_start: Multicore app[0m
[0;32mI (506) cpu_start: Pro cpu up.[0m
[0;32mI (506) cpu_start: Starting app cpu, entry point is 0x400815e0[0m
[0;32mI (503) cpu_start: App cpu up.[0m
[0;32mI (524) cpu_start: Pro cpu start user code[0m
[0;32mI (524) cpu_start: cpu freq: 160000000 Hz[0m
[0;32mI (524) cpu_start: Application information:[0m
[0;32mI (529) cpu_start: Project name:     SHT3x_Powersave[0m
[0;32mI (535) cpu_start: App version:      92ba5c7-dirty[0m
[0;32mI (540) cpu_start: Compile time:     Aug 21 2023 10:55:27[0m
[0;32mI (546) cpu_start: ELF file SHA256:  8964cc99c8795579...[0m
[0;32mI (552) cpu_start: ESP-IDF:          v5.1-dirty[0m
[0;32mI (557) cpu_start: Min chip rev:     v0.0[0m
[0;32mI (562) cpu_start: Max chip rev:     v3.99 [0m
[0;32mI (567) cpu_start: Chip rev:         v1.0[0m
[0;32mI (572) heap_init: Initializing. RAM available for dynamic allocation:[0m
[0;32mI (579) heap_init: At 3FFAE6E0 len 00001920 (6 KiB): DRAM[0m
[0;32mI (585) heap_init: At 3FFB7FE0 len 00028020 (160 KiB): DRAM[0m
[0;32mI (591) heap_init: At 3FFE0440 len 00003AE0 (14 KiB): D/IRAM[0m
[0;32mI (598) heap_init: At 3FFE4350 len 0001BCB0 (111 KiB): D/IRAM[0m
[0;32mI (604) heap_init: At 40097AC0 len 00008540 (33 KiB): IRAM[0m

Brownout detector was triggered

[0;32mI (13) boot: ESP-IDF v5.1-dirty 2nd stage bootloader[0m
[0;32mI (13) boot: compile time Aug 21 2023 10:55:46[0m
[0;32mI (13) boot: Multicore bootloader[0m
[0;32mI (16) boot: chip revision: v1.0[0m
[0;32mI (20) boot.esp32: SPI Speed      : 40MHz[0m
[0;32mI (25) boot.esp32: SPI Mode       : DIO[0m
[0;32mI (29) boot.esp32: SPI Flash Size : 4MB[0m
[0;32mI (34) boot: Enabling RNG early entropy source...[0m
[0;32mI (39) boot: Partition Table:[0m
[0;32mI (43) boot: ## Label            Usage          Type ST Offset   Length[0m
[0;32mI (50) boot:  0 nvs              WiFi data        01 02 00009000 00006000[0m
[0;32mI (58) boot:  1 phy_init         RF data          01 01 0000f000 00001000[0m
[0;32mI (65) boot:  2 factory          factory app      00 00 00010000 00100000[0m
[0;32mI (73) boot: End of partition table[0m
[0;32mI (77) esp_image: segment 0: paddr=00010020 vaddr=3f400020 size=308f4h (198900) map[0m
[0;32mI (157) esp_image: segment 1: paddr=0004091c vaddr=3ff80063 size=00008h (     8) load[0m
[0;32mI (157) esp_image: segment 2: paddr=0004092c vaddr=3ffb0000 size=03870h ( 14448) load[0m
[0;32mI (169) esp_image: segment 3: paddr=000441a4 vaddr=40080000 size=0be74h ( 48756) load[0m
[0;32mI (192) esp_image: segment 4: paddr=00050020 vaddr=400d0020 size=b1c08h (728072) map[0m
[0;32mI (455) esp_image: segment 5: paddr=00101c30 vaddr=4008be74 size=0bc4ch ( 48204) load[0m
[0;32mI (475) esp_image: segment 6: paddr=0010d884 vaddr=400c0000 size=00064h (   100) load[0m
[0;32mI (475) esp_image: segment 7: paddr=0010d8f0 vaddr=50000200 size=00018h (    24) load[0m
[0;32mI (493) boot: Loaded app from partition at offset 0x10000[0m
[0;32mI (493) boot: Disabling RNG early entropy source...[0m
[0;32mI (506) cpu_start: Multicore app[0m
[0;32mI (506) cpu_start: Pro cpu up.[0m
[0;32mI (506) cpu_start: Starting app cpu, entry point is 0x400815e0[0m
[0;32mI (503) cpu_start: App cpu up.[0m
[0;32mI (524) cpu_start: Pro cpu start user code[0m
[0;32mI (524) cpu_start: cpu freq: 160000000 Hz[0m
[0;32mI (524) cpu_start: Application information:[0m
[0;32mI (529) cpu_start: Project name:     SHT3x_Powersave[0m
[0;32mI (535) cpu_start: App version:      92ba5c7-dirty[0m
[0;32mI (540) cpu_start: Compile time:     Aug 21 2023 10:55:27[0m
[0;32mI (546) cpu_start: ELF file SHA256:  8964cc99c8795579...[0m
[0;32mI (552) cpu_start: ESP-IDF:          v5.1-dirty[0m
[0;32mI (557) cpu_start: Min chip rev:     v0.0[0m
[0;32mI (562) cpu_start: Max chip rev:     v3.99 [0m
[0;32mI (567) cpu_start: Chip rev:         v1.0[0m
[0;32mI (572) heap_init: Initializing. RAM available for dynamic allocation:[0m
[0;32mI (579) heap_init: At 3FFAE6E0 len 00001920 (6 KiB): DRAM[0m
[0;32mI (585) heap_init: At 3FFB7FE0 len 00028020 (160 KiB): DRAM[0m
[0;32mI (591) heap_init: At 3FFE0440 len 00003AE0 (14 KiB): D/IRAM[0m
[0;32mI (598) heap_init: At 3FFE4350 len 0001BCB0 (111 KiB): D/IRAM[0m
[0;32mI (604) heap_init: At 40097AC0 len 00008540 (33 KiB): IRAM[0m

Brownout detector was triggered

[0;32mI (13) boot: ESP-IDF v5.1-dirty 2nd stage bootloader[0m
[0;32mI (13) boot: compile time Aug 21 2023 10:55:46[0m
[0;32mI (13) boot: Multicore bootloader[0m
[0;32mI (16) boot: chip revision: v1.0[0m
[0;32mI (20) boot.esp32: SPI Speed      : 40MHz[0m
[0;32mI (25) boot.esp32: SPI Mode       : DIO[0m
[0;32mI (29) boot.esp32: SPI Flash Size : 4MB[0m
[0;32mI (34) boot: Enabling RNG early entropy source...[0m
[0;32mI (39) boot: Partition Table:[0m
[0;32mI (43) boot: ## Label            Usage          Type ST Offset   Length[0m
[0;32mI (50) boot:  0 nvs              WiFi data        01 02 00009000 00006000[0m
[0;32mI (58) boot:  1 phy_init         RF data          01 01 0000f000 00001000[0m
[0;32mI (65) boot:  2 factory          factory app      00 00 00010000 00100000[0m
[0;32mI (73) boot: End of partition table[0m
[0;32mI (77) esp_image: segment 0: paddr=00010020 vaddr=3f400020 size=308f4h (198900) map[0m
[0;32mI (157) esp_image: segment 1: paddr=0004091c vaddr=3ff80063 size=00008h (     8) load[0m
[0;32mI (157) esp_image: segment 2: paddr=0004092c vaddr=3ffb0000 size=03870h ( 14448) load[0m
[0;32mI (169) esp_image: segment 3: paddr=000441a4 vaddr=40080000 size=0be74h ( 48756) load[0m
[0;32mI (192) esp_image: segment 4: paddr=00050020 vaddr=400d0020 size=b1c08h (728072) map[0m
[0;32mI (455) esp_image: segment 5: paddr=00101c30 vaddr=4008be74 size=0bc4ch ( 48204) load[0m
[0;32mI (475) esp_image: segment 6: paddr=0010d884 vaddr=400c0000 size=00064h (   100) load[0m
[0;32mI (475) esp_image: segment 7: paddr=0010d8f0 vaddr=50000200 size=00018h (    24) load[0m
[0;32mI (493) boot: Loaded app from partition at offset 0x10000[0m
[0;32mI (493) boot: Disabling RNG early entropy source...[0m
[0;32mI (506) cpu_start: Multicore app[0m
[0;32mI (506) cpu_start: Pro cpu up.[0m
[0;32mI (506) cpu_start: Starting app cpu, entry point is 0x400815e0[0m
[0;32mI (503) cpu_start: App cpu up.[0m
[0;32mI (524) cpu_start: Pro cpu start user code[0m
[0;32mI (524) cpu_start: cpu freq: 160000000 Hz[0m
[0;32mI (524) cpu_start: Application information:[0m
[0;32mI (529) cpu_start: Project name:     SHT3x_Powersave[0m
[0;32mI (535) cpu_start: App version:      92ba5c7-dirty[0m
[0;32mI (540) cpu_start: Compile time:     Aug 21 2023 10:55:27[0m
[0;32mI (546) cpu_start: ELF file SHA256:  8964cc99c8795579...[0m
[0;32mI (552) cpu_start: ESP-IDF:          v5.1-dirty[0m
[0;32mI (557) cpu_start: Min chip rev:     v0.0[0m
[0;32mI (562) cpu_start: Max chip rev:     v3.99 [0m
[0;32mI (567) cpu_start: Chip rev:         v1.0[0m
[0;32mI (572) heap_init: Initializing. RAM available for dynamic allocation:[0m
[0;32mI (579) heap_init: At 3FFAE6E0 len 00001920 (6 KiB): DRAM[0m
[0;32mI (585) heap_init: At 3FFB7FE0 len 00028020 (160 KiB): DRAM[0m
[0;32mI (591) heap_init: At 3FFE0440 len 00003AE0 (14 KiB): D/IRAM[0m
[0;32mI (598) heap_init: At 3FFE4350 len 0001BCB0 (111 KiB): D/IRAM[0m
[0;32mI (604) heap_init: At 40097AC0 len 00008540 (33 KiB): IRAM[0m

Brownout detector was triggered

[0;32mI (13) boot: ESP-IDF v5.1-dirty 2nd stage bootloader[0m
[0;32mI (13) boot: compile time Aug 21 2023 10:55:46[0m
[0;32mI (13) boot: Multicore bootloader[0m
[0;32mI (16) boot: chip revision: v1.0[0m
[0;32mI (20) boot.esp32: SPI Speed      : 40MHz[0m
[0;32mI (25) boot.esp32: SPI Mode       : DIO[0m
[0;32mI (29) boot.esp32: SPI Flash Size : 4MB[0m
[0;32mI (34) boot: Enabling RNG early entropy source...[0m
[0;32mI (39) boot: Partition Table:[0m
[0;32mI (43) boot: ## Label            Usage          Type ST Offset   Length[0m
[0;32mI (50) boot:  0 nvs              WiFi data        01 02 00009000 00006000[0m
[0;32mI (58) boot:  1 phy_init         RF data          01 01 0000f000 00001000[0m
[0;32mI (65) boot:  2 factory          factory app      00 00 00010000 00100000[0m
[0;32mI (73) boot: End of partition table[0m
[0;32mI (77) esp_image: segment 0: paddr=00010020 vaddr=3f400020 size=308f4h (198900) map[0m
[0;32mI (157) esp_image: segment 1: paddr=0004091c vaddr=3ff80063 size=00008h (     8) load[0m
[0;32mI (157) esp_image: segment 2: paddr=0004092c vaddr=3ffb0000 size=03870h ( 14448) load[0m
[0;32mI (169) esp_image: segment 3: paddr=000441a4 vaddr=40080000 size=0be74h ( 48756) load[0m
[0;32mI (192) esp_image: segment 4: paddr=00050020 vaddr=400d0020 size=b1c08h (728072) map[0m
[0;32mI (455) esp_image: segment 5: paddr=00101c30 vaddr=4008be74 size=0bc4ch ( 48204) load[0m
[0;32mI (475) esp_image: segment 6: paddr=0010d884 vaddr=400c0000 size=00064h (   100) load[0m
[0;32mI (475) esp_image: segment 7: paddr=0010d8f0 vaddr=50000200 size=00018h (    24) load[0m
[0;32mI (493) boot: Loaded app from partition at offset 0x10000[0m
[0;32mI (493) boot: Disabling RNG early entropy source...[0m
[0;32mI (506) cpu_start: Multicore app[0m
[0;32mI (506) cpu_start: Pro cpu up.[0m
[0;32mI (506) cpu_start: Starting app cpu, entry point is 0x400815e0[0m
[0;32mI (503) cpu_start: App cpu up.[0m
[0;32mI (524) cpu_start: Pro cpu start user code[0m
[0;32mI (524) cpu_start: cpu freq: 160000000 Hz[0m
[0;32mI (524) cpu_start: Application information:[0m
[0;32mI (529) cpu_start: Project name:     SHT3x_Powersave[0m
[0;32mI (535) cpu_start: App version:      92ba5c7-dirty[0m
[0;32mI (540) cpu_start: Compile time:     Aug 21 2023 10:55:27[0m
[0;32mI (546) cpu_start: ELF file SHA256:  8964cc99c8795579...[0m
[0;32mI (552) cpu_start: ESP-IDF:          v5.1-dirty[0m
[0;32mI (557) cpu_start: Min chip rev:     v0.0[0m
[0;32mI (562) cpu_start: Max chip rev:     v3.99 [0m
[0;32mI (567) cpu_start: Chip rev:         v1.0[0m
[0;32mI (572) heap_init: Initializing. RAM available for dynamic allocation:[0m
[0;32mI (579) heap_init: At 3FFAE6E0 len 00001920 (6 KiB): DRAM[0m
[0;32mI (585) heap_init: At 3FFB7FE0 len 00028020 (160 KiB): DRAM[0m
[0;32mI (591) heap_init: At 3FFE0440 len 00003AE0 (14 KiB): D/IRAM[0m
[0;32mI (598) heap_init: At 3FFE4350 len 0001BCB0 (111 KiB): D/IRAM[0m
[0;32mI (604) heap_init: At 40097AC0 len 00008540 (33 KiB): IRAM[0m

Brownout detector was triggered

[0;32mI (13) boot: ESP-IDF v5.1-dirty 2nd stage bootloader[0m
[0;32mI (13) boot: compile time Aug 21 2023 10:55:46[0m
[0;32mI (13) boot: Multicore bootloader[0m
[0;32mI (16) boot: chip revision: v1.0[0m
[0;32mI (20) boot.esp32: SPI Speed      : 40MHz[0m
[0;32mI (25) boot.esp32: SPI Mode       : DIO[0m
[0;32mI (29) boot.esp32: SPI Flash Size : 4MB[0m
[0;32mI (34) boot: Enabling RNG early entropy source...[0m
[0;32mI (39) boot: Partition Table:[0m
[0;32mI (43) boot: ## Label            Usage          Type ST Offset   Length[0m
[0;32mI (50) boot:  0 nvs              WiFi data        01 02 00009000 00006000[0m
[0;32mI (58) boot:  1 phy_init         RF data          01 01 0000f000 00001000[0m
[0;32mI (65) boot:  2 factory          factory app      00 00 00010000 00100000[0m
[0;32mI (73) boot: End of partition table[0m
[0;32mI (77) esp_image: segment 0: paddr=00010020 vaddr=3f400020 size=308f4h (198900) map[0m
[0;32mI (157) esp_image: segment 1: paddr=0004091c vaddr=3ff80063 size=00008h (     8) load[0m
[0;32mI (157) esp_image: segment 2: paddr=0004092c vaddr=3ffb0000 size=03870h ( 14448) load[0m
[0;32mI (169) esp_image: segment 3: paddr=000441a4 vaddr=40080000 size=0be74h ( 48756) load[0m
[0;32mI (192) esp_image: segment 4: paddr=00050020 vaddr=400d0020 size=b1c08h (728072) map[0m
[0;32mI (455) esp_image: segment 5: paddr=00101c30 vaddr=4008be74 size=0bc4ch ( 48204) load[0m
[0;32mI (475) esp_image: segment 6: paddr=0010d884 vaddr=400c0000 size=00064h (   100) load[0m
[0;32mI (475) esp_image: segment 7: paddr=0010d8f0 vaddr=50000200 size=00018h (    24) load[0m
[0;32mI (493) boot: Loaded app from partition at offset 0x10000[0m
[0;32mI (493) boot: Disabling RNG early entropy source...[0m
[0;32mI (506) cpu_start: Multicore app[0m
[0;32mI (506) cpu_start: Pro cpu up.[0m
[0;32mI (506) cpu_start: Starting app cpu, entry point is 0x400815e0[0m
[0;32mI (503) cpu_start: App cpu up.[0m
[0;32mI (524) cpu_start: Pro cpu start user code[0m
[0;32mI (524) cpu_start: cpu freq: 160000000 Hz[0m
[0;32mI (524) cpu_start: Application information:[0m
[0;32mI (529) cpu_start: Project name:     SHT3x_Powersave[0m
[0;32mI (535) cpu_start: App version:      92ba5c7-dirty[0m
[0;32mI (540) cpu_start: Compile time:     Aug 21 2023 10:55:27[0m
[0;32mI (546) cpu_start: ELF file SHA256:  8964cc99c8795579...[0m
[0;32mI (552) cpu_start: ESP-IDF:          v5.1-dirty[0m
[0;32mI (557) cpu_start: Min chip rev:     v0.0[0m
[0;32mI (562) cpu_start: Max chip rev:     v3.99 [0m
[0;32mI (567) cpu_start: Chip rev:         v1.0[0m
[0;32mI (572) heap_init: Initializing. RAM available for dynamic allocation:[0m
[0;32mI (579) heap_init: At 3FFAE6E0 len 00001920 (6 KiB): DRAM[0m
[0;32mI (585) heap_init: At 3FFB7FE0 len 00028020 (160 KiB): DRAM[0m
[0;32mI (591) heap_init: At 3FFE0440 len 00003AE0 (14 KiB): D/IRAM[0m
[0;32mI (598) heap_init: At 3FFE4350 len 0001BCB0 (111 KiB): D/IRAM[0m
[0;32mI (604) heap_init: At 40097AC0 len 00008540 (33 KiB): IRAM[0m

Brownout detector was triggered

[0;32mI (13) boot: ESP-IDF v5.1-dirty 2nd stage bootloader[0m
[0;32mI (13) boot: compile time Aug 21 2023 10:55:46[0m
[0;32mI (13) boot: Multicore bootloader[0m
[0;32mI (16) boot: chip revision: v1.0[0m
[0;32mI (20) boot.esp32: SPI Speed      : 40MHz[0m
[0;32mI (25) boot.esp32: SPI Mode       : DIO[0m
[0;32mI (29) boot.esp32: SPI Flash Size : 4MB[0m
[0;32mI (34) boot: Enabling RNG early entropy source...[0m
[0;32mI (39) boot: Partition Table:[0m
[0;32mI (43) boot: ## Label            Usage          Type ST Offset   Length[0m
[0;32mI (50) boot:  0 nvs              WiFi data        01 02 00009000 00006000[0m
[0;32mI (58) boot:  1 phy_init         RF data          01 01 0000f000 00001000[0m
[0;32mI (65) boot:  2 factory          factory app      00 00 00010000 00100000[0m
[0;32mI (73) boot: End of partition table[0m
[0;32mI (77) esp_image: segment 0: paddr=00010020 vaddr=3f400020 size=308f4h (198900) map[0m
[0;32mI (157) esp_image: segment 1: paddr=0004091c vaddr=3ff80063 size=00008h (     8) load[0m
[0;32mI (157) esp_image: segment 2: paddr=0004092c vaddr=3ffb0000 size=03870h ( 14448) load[0m
[0;32mI (169) esp_image: segment 3: paddr=000441a4 vaddr=40080000 size=0be74h ( 48756) load[0m
[0;32mI (192) esp_image: segment 4: paddr=00050020 vaddr=400d0020 size=b1c08h (728072) map[0m
[0;32mI (455) esp_image: segment 5: paddr=00101c30 vaddr=4008be74 size=0bc4ch ( 48204) load[0m
[0;32mI (475) esp_image: segment 6: paddr=0010d884 vaddr=400c0000 size=00064h (   100) load[0m
[0;32mI (475) esp_image: segment 7: paddr=0010d8f0 vaddr=50000200 size=00018h (    24) load[0m
[0;32mI (493) boot: Loaded app from partition at offset 0x10000[0m
[0;32mI (493) boot: Disabling RNG early entropy source...[0m
[0;32mI (506) cpu_start: Multicore app[0m
[0;32mI (506) cpu_start: Pro cpu up.[0m
[0;32mI (506) cpu_start: Starting app cpu, entry point is 0x400815e0[0m
[0;32mI (503) cpu_start: App cpu up.[0m
[0;32mI (524) cpu_start: Pro cpu start user code[0m
[0;32mI (524) cpu_start: cpu freq: 160000000 Hz[0m
[0;32mI (524) cpu_start: Application information:[0m
[0;32mI (529) cpu_start: Project name:     SHT3x_Powersave[0m
[0;32mI (535) cpu_start: App version:      92ba5c7-dirty[0m
[0;32mI (540) cpu_start: Compile time:     Aug 21 2023 10:55:27[0m
[0;32mI (546) cpu_start: ELF file SHA256:  8964cc99c8795579...[0m
[0;32mI (552) cpu_start: ESP-IDF:          v5.1-dirty[0m
[0;32mI (557) cpu_start: Min chip rev:     v0.0[0m
[0;32mI (562) cpu_start: Max chip rev:     v3.99 [0m
[0;32mI (567) cpu_start: Chip rev:         v1.0[0m
[0;32mI (572) heap_init: Initializing. RAM available for dynamic allocation:[0m
[0;32mI (579) heap_init: At 3FFAE6E0 len 00001920 (6 KiB): DRAM[0m
[0;32mI (585) heap_init: At 3FFB7FE0 len 00028020 (160 KiB): DRAM[0m
[0;32mI (591) heap_init: At 3FFE0440 len 00003AE0 (14 KiB): D/IRAM[0m
[0;32mI (598) heap_init: At 3FFE4350 len 0001BCB0 (111 KiB): D/IRAM[0m
[0;32mI (604) heap_init: At 40097AC0 len 00008540 (33 KiB): IRAM[0m

Brownout detector was triggered

[0;32mI (13) boot: ESP-IDF v5.1-dirty 2nd stage bootloader[0m
[0;32mI (13) boot: compile time Aug 21 2023 10:55:46[0m
[0;32mI (13) boot: Multicore bootloader[0m
[0;32mI (16) boot: chip revision: v1.0[0m
[0;32mI (20) boot.esp32: SPI Speed      : 40MHz[0m
[0;32mI (25) boot.esp32: SPI Mode       : DIO[0m
[0;32mI (29) boot.esp32: SPI Flash Size : 4MB[0m
[0;32mI (34) boot: Enabling RNG early entropy source...[0m
[0;32mI (39) boot: Partition Table:[0m
[0;32mI (43) boot: ## Label            Usage          Type ST Offset   Length[0m
[0;32mI (50) boot:  0 nvs              WiFi data        01 02 00009000 00006000[0m
[0;32mI (58) boot:  1 phy_init         RF data          01 01 0000f000 00001000[0m
[0;32mI (65) boot:  2 factory          factory app      00 00 00010000 00100000[0m
[0;32mI (73) boot: End of partition table[0m
[0;32mI (77) esp_image: segment 0: paddr=00010020 vaddr=3f400020 size=308f4h (198900) map[0m
[0;32mI (157) esp_image: segment 1: paddr=0004091c vaddr=3ff80063 size=00008h (     8) load[0m
[0;32mI (157) esp_image: segment 2: paddr=0004092c vaddr=3ffb0000 size=03870h ( 14448) load[0m
[0;32mI (169) esp_image: segment 3: paddr=000441a4 vaddr=40080000 size=0be74h ( 48756) load[0m
[0;32mI (192) esp_image: segment 4: paddr=00050020 vaddr=400d0020 size=b1c08h (728072) map[0m
[0;32mI (455) esp_image: segment 5: paddr=00101c30 vaddr=4008be74 size=0bc4ch ( 48204) load[0m
[0;32mI (475) esp_image: segment 6: paddr=0010d884 vaddr=400c0000 size=00064h (   100) load[0m
[0;32mI (475) esp_image: segment 7: paddr=0010d8f0 vaddr=50000200 size=00018h (    24) load[0m
[0;32mI (493) boot: Loaded app from partition at offset 0x10000[0m
[0;32mI (493) boot: Disabling RNG early entropy source...[0m
[0;32mI (506) cpu_start: Multicore app[0m
[0;32mI (506) cpu_start: Pro cpu up.[0m
[0;32mI (506) cpu_start: Starting app cpu, entry point is 0x400815e0[0m
[0;32mI (503) cpu_start: App cpu up.[0m
[0;32mI (524) cpu_start: Pro cpu start user code[0m
[0;32mI (524) cpu_start: cpu freq: 160000000 Hz[0m
[0;32mI (524) cpu_start: Application information:[0m
[0;32mI (529) cpu_start: Project name:     SHT3x_Powersave[0m
[0;32mI (535) cpu_start: App version:      92ba5c7-dirty[0m
[0;32mI (540) cpu_start: Compile time:     Aug 21 2023 10:55:27[0m
[0;32mI (546) cpu_start: ELF file SHA256:  8964cc99c8795579...[0m
[0;32mI (552) cpu_start: ESP-IDF:          v5.1-dirty[0m
[0;32mI (558) cpu_start: Min chip rev:     v0.0[0m
[0;32mI (562) cpu_start: Max chip rev:     v3.99 [0m
[0;32mI (567) cpu_start: Chip rev:         v1.0[0m
[0;32mI (572) heap_init: Initializing. RAM available for dynamic allocation:[0m
[0;32mI (579) heap_init: At 3FFAE6E0 len 00001920 (6 KiB): DRAM[0m
[0;32mI (585) heap_init: At 3FFB7FE0 len 00028020 (160 KiB): DRAM[0m
[0;32mI (591) heap_init: At 3FFE0440 len 00003AE0 (14 KiB): D/IRAM[0m
[0;32mI (598) heap_init: At 3FFE4350 len 0001BCB0 (111 KiB): D/IRAM[0m
[0;32mI (604) heap_init: At 40097AC0 len 00008540 (33 KiB): IRAM[0m

Brownout detector was triggered

[0;32mI (13) boot: ESP-IDF v5.1-dirty 2nd stage bootloader[0m
[0;32mI (13) boot: compile time Aug 21 2023 10:55:46[0m
[0;32mI (13) boot: Multicore bootloader[0m
[0;32mI (16) boot: chip revision: v1.0[0m
[0;32mI (20) boot.esp32: SPI Speed      : 40MHz[0m
[0;32mI (25) boot.esp32: SPI Mode       : DIO[0m
[0;32mI (29) boot.esp32: SPI Flash Size : 4MB[0m
[0;32mI (34) boot: Enabling RNG early entropy source...[0m
[0;32mI (39) boot: Partition Table:[0m
[0;32mI (43) boot: ## Label            Usage          Type ST Offset   Length[0m
[0;32mI (50) boot:  0 nvs              WiFi data        01 02 00009000 00006000[0m
[0;32mI (58) boot:  1 phy_init         RF data          01 01 0000f000 00001000[0m
[0;32mI (65) boot:  2 factory          factory app      00 00 00010000 00100000[0m
[0;32mI (73) boot: End of partition table[0m
[0;32mI (77) esp_image: segment 0: paddr=00010020 vaddr=3f400020 size=308f4h (198900) map[0m
[0;32mI (157) esp_image: segment 1: paddr=0004091c vaddr=3ff80063 size=00008h (     8) load[0m
[0;32mI (157) esp_image: segment 2: paddr=0004092c vaddr=3ffb0000 size=03870h ( 14448) load[0m
[0;32mI (169) esp_image: segment 3: paddr=000441a4 vaddr=40080000 size=0be74h ( 48756) load[0m
[0;32mI (192) esp_image: segment 4: paddr=00050020 vaddr=400d0020 size=b1c08h (728072) map[0m
[0;32mI (455) esp_image: segment 5: paddr=00101c30 vaddr=4008be74 size=0bc4ch ( 48204) load[0m
[0;32mI (475) esp_image: segment 6: paddr=0010d884 vaddr=400c0000 size=00064h (   100) load[0m
[0;32mI (475) esp_image: segment 7: paddr=0010d8f0 vaddr=50000200 size=00018h (    24) load[0m
[0;32mI (493) boot: Loaded app from partition at offset 0x10000[0m
[0;32mI (493) boot: Disabling RNG early entropy source...[0m
[0;32mI (506) cpu_start: Multicore app[0m
[0;32mI (506) cpu_start: Pro cpu up.[0m
[0;32mI (506) cpu_start: Starting app cpu, entry point is 0x400815e0[0m
[0;32mI (503) cpu_start: App cpu up.[0m
[0;32mI (524) cpu_start: Pro cpu start user code[0m
[0;32mI (524) cpu_start: cpu freq: 160000000 Hz[0m
[0;32mI (524) cpu_start: Application information:[0m
[0;32mI (529) cpu_start: Project name:     SHT3x_Powersave[0m
[0;32mI (535) cpu_start: App version:      92ba5c7-dirty[0m
[0;32mI (540) cpu_start: Compile time:     Aug 21 2023 10:55:27[0m
[0;32mI (546) cpu_start: ELF file SHA256:  8964cc99c8795579...[0m
[0;32mI (552) cpu_start: ESP-IDF:          v5.1-dirty[0m
[0;32mI (557) cpu_start: Min chip rev:     v0.0[0m
[0;32mI (562) cpu_start: Max chip rev:     v3.99 [0m
[0;32mI (567) cpu_start: Chip rev:         v1.0[0m
[0;32mI (572) heap_init: Initializing. RAM available for dynamic allocation:[0m
[0;32mI (579) heap_init: At 3FFAE6E0 len 00001920 (6 KiB): DRAM[0m
[0;32mI (585) heap_init: At 3FFB7FE0 len 00028020 (160 KiB): DRAM[0m
[0;32mI (591) heap_init: At 3FFE0440 len 00003AE0 (14 KiB): D/IRAM[0m
[0;32mI (598) heap_init: At 3FFE4350 len 0001BCB0 (111 KiB): D/IRAM[0m
[0;32mI (604) heap_init: At 40097AC0 len 00008540 (33 KiB): IRAM[0m

Brownout detector was triggered

[0;32mI (13) boot: ESP-IDF v5.1-dirty 2nd stage bootloader[0m
[0;32mI (13) boot: compile time Aug 21 2023 10:55:46[0m
[0;32mI (13) boot: Multicore bootloader[0m
[0;32mI (16) boot: chip revision: v1.0[0m
[0;32mI (20) boot.esp32: SPI Speed      : 40MHz[0m
[0;32mI (25) boot.esp32: SPI Mode       : DIO[0m
[0;32mI (29) boot.esp32: SPI Flash Size : 4MB[0m
[0;32mI (34) boot: Enabling RNG early entropy source...[0m
[0;32mI (39) boot: Partition Table:[0m
[0;32mI (43) boot: ## Label            Usage          Type ST Offset   Length[0m
[0;32mI (50) boot:  0 nvs              WiFi data        01 02 00009000 00006000[0m
[0;32mI (58) boot:  1 phy_init         RF data          01 01 0000f000 00001000[0m
[0;32mI (65) boot:  2 factory          factory app      00 00 00010000 00100000[0m
[0;32mI (73) boot: End of partition table[0m
[0;32mI (77) esp_image: segment 0: paddr=00010020 vaddr=3f400020 size=308f4h (198900) map[0m
[0;32mI (157) esp_image: segment 1: paddr=0004091c vaddr=3ff80063 size=00008h (     8) load[0m
[0;32mI (157) esp_image: segment 2: paddr=0004092c vaddr=3ffb0000 size=03870h ( 14448) load[0m
[0;32mI (169) esp_image: segment 3: paddr=000441a4 vaddr=40080000 size=0be74h ( 48756) load[0m
[0;32mI (192) esp_image: segment 4: paddr=00050020 vaddr=400d0020 size=b1c08h (728072) map[0m
[0;32mI (455) esp_image: segment 5: paddr=00101c30 vaddr=4008be74 size=0bc4ch ( 48204) load[0m
[0;32mI (475) esp_image: segment 6: paddr=0010d884 vaddr=400c0000 size=00064h (   100) load[0m
[0;32mI (475) esp_image: segment 7: paddr=0010d8f0 vaddr=50000200 size=00018h (    24) load[0m
[0;32mI (493) boot: Loaded app from partition at offset 0x10000[0m
[0;32mI (493) boot: Disabling RNG early entropy source...[0m
[0;32mI (506) cpu_start: Multicore app[0m
[0;32mI (506) cpu_start: Pro cpu up.[0m
[0;32mI (506) cpu_start: Starting app cpu, entry point is 0x400815e0[0m
[0;32mI (503) cpu_start: App cpu up.[0m
[0;32mI (524) cpu_start: Pro cpu start user code[0m
[0;32mI (524) cpu_start: cpu freq: 160000000 Hz[0m
[0;32mI (524) cpu_start: Application information:[0m
[0;32mI (529) cpu_start: Project name:     SHT3x_Powersave[0m
[0;32mI (535) cpu_start: App version:      92ba5c7-dirty[0m
[0;32mI (540) cpu_start: Compile time:     Aug 21 2023 10:55:27[0m
[0;32mI (546) cpu_start: ELF file SHA256:  8964cc99c8795579...[0m
[0;32mI (552) cpu_start: ESP-IDF:          v5.1-dirty[0m
[0;32mI (557) cpu_start: Min chip rev:     v0.0[0m
[0;32mI (562) cpu_start: Max chip rev:     v3.99 [0m
[0;32mI (567) cpu_start: Chip rev:         v1.0[0m
[0;32mI (572) heap_init: Initializing. RAM available for dynamic allocation:[0m
[0;32mI (579) heap_init: At 3FFAE6E0 len 00001920 (6 KiB): DRAM[0m
[0;32mI (585) heap_init: At 3FFB7FE0 len 00028020 (160 KiB): DRAM[0m
[0;32mI (591) heap_init: At 3FFE0440 len 00003AE0 (14 KiB): D/IRAM[0m
[0;32mI (598) heap_init: At 3FFE4350 len 0001BCB0 (111 KiB): D/IRAM[0m
[0;32mI (604) heap_init: At 40097AC0 len 00008540 (33 KiB): IRAM[0m

Brownout detector was triggered

[0;32mI (13) boot: ESP-IDF v5.1-dirty 2nd stage bootloader[0m
[0;32mI (13) boot: compile time Aug 21 2023 10:55:46[0m
[0;32mI (13) boot: Multicore bootloader[0m
[0;32mI (16) boot: chip revision: v1.0[0m
[0;32mI (20) boot.esp32: SPI Speed      : 40MHz[0m
[0;32mI (25) boot.esp32: SPI Mode       : DIO[0m
[0;32mI (29) boot.esp32: SPI Flash Size : 4MB[0m
[0;32mI (34) boot: Enabling RNG early entropy source...[0m
[0;32mI (39) boot: Partition Table:[0m
[0;32mI (43) boot: ## Label            Usage          Type ST Offset   Length[0m
[0;32mI (50) boot:  0 nvs              WiFi data        01 02 00009000 00006000[0m
[0;32mI (58) boot:  1 phy_init         RF data          01 01 0000f000 00001000[0m
[0;32mI (65) boot:  2 factory          factory app      00 00 00010000 00100000[0m
[0;32mI (73) boot: End of partition table[0m
[0;32mI (77) esp_image: segment 0: paddr=00010020 vaddr=3f400020 size=308f4h (198900) map[0m
[0;32mI (157) esp_image: segment 1: paddr=0004091c vaddr=3ff80063 size=00008h (     8) load[0m
[0;32mI (157) esp_image: segment 2: paddr=0004092c vaddr=3ffb0000 size=03870h ( 14448) load[0m
[0;32mI (169) esp_image: segment 3: paddr=000441a4 vaddr=40080000 size=0be74h ( 48756) load[0m
[0;32mI (192) esp_image: segment 4: paddr=00050020 vaddr=400d0020 size=b1c08h (728072) map[0m
[0;32mI (455) esp_image: segment 5: paddr=00101c30 vaddr=4008be74 size=0bc4ch ( 48204) load[0m
[0;32mI (475) esp_image: segment 6: paddr=0010d884 vaddr=400c0000 size=00064h (   100) load[0m
[0;32mI (475) esp_image: segment 7: paddr=0010d8f0 vaddr=50000200 size=00018h (    24) load[0m
[0;32mI (493) boot: Loaded app from partition at offset 0x10000[0m
[0;32mI (493) boot: Disabling RNG early entropy source...[0m
[0;32mI (506) cpu_start: Multicore app[0m
[0;32mI (506) cpu_start: Pro cpu up.[0m
[0;32mI (506) cpu_start: Starting app cpu, entry point is 0x400815e0[0m
[0;32mI (503) cpu_start: App cpu up.[0m
[0;32mI (524) cpu_start: Pro cpu start user code[0m
[0;32mI (524) cpu_start: cpu freq: 160000000 Hz[0m
[0;32mI (524) cpu_start: Application information:[0m
[0;32mI (529) cpu_start: Project name:     SHT3x_Powersave[0m
[0;32mI (535) cpu_start: App version:      92ba5c7-dirty[0m
[0;32mI (540) cpu_start: Compile time:     Aug 21 2023 10:55:27[0m
[0;32mI (546) cpu_start: ELF file SHA256:  8964cc99c8795579...[0m
[0;32mI (552) cpu_start: ESP-IDF:          v5.1-dirty[0m
[0;32mI (557) cpu_start: Min chip rev:     v0.0[0m
[0;32mI (562) cpu_start: Max chip rev:     v3.99 [0m
[0;32mI (567) cpu_start: Chip rev:         v1.0[0m
[0;32mI (572) heap_init: Initializing. RAM available for dynamic allocation:[0m
[0;32mI (579) heap_init: At 3FFAE6E0 len 00001920 (6 KiB): DRAM[0m
[0;32mI (585) heap_init: At 3FFB7FE0 len 00028020 (160 KiB): DRAM[0m
[0;32mI (591) heap_init: At 3FFE0440 len 00003AE0 (14 KiB): D/IRAM[0m
[0;32mI (598) heap_init: At 3FFE4350 len 0001BCB0 (111 KiB): D/IRAM[0m
[0;32mI (604) heap_init: At 40097AC0 len 00008540 (33 KiB): IRAM[0m

Brownout detector was triggered

[0;32mI (13) boot: ESP-IDF v5.1-dirty 2nd stage bootloader[0m
[0;32mI (13) boot: compile time Aug 21 2023 10:55:46[0m
[0;32mI (13) boot: Multicore bootloader[0m
[0;32mI (16) boot: chip revision: v1.0[0m
[0;32mI (20) boot.esp32: SPI Speed      : 40MHz[0m
[0;32mI (25) boot.esp32: SPI Mode       : DIO[0m
[0;32mI (29) boot.esp32: SPI Flash Size : 4MB[0m
[0;32mI (34) boot: Enabling RNG early entropy source...[0m
[0;32mI (39) boot: Partition Table:[0m
[0;32mI (43) boot: ## Label            Usage          Type ST Offset   Length[0m
[0;32mI (50) boot:  0 nvs              WiFi data        01 02 00009000 00006000[0m
[0;32mI (58) boot:  1 phy_init         RF data          01 01 0000f000 00001000[0m
[0;32mI (65) boot:  2 factory          factory app      00 00 00010000 00100000[0m
[0;32mI (73) boot: End of partition table[0m
[0;32mI (77) esp_image: segment 0: paddr=00010020 vaddr=3f400020 size=308f4h (198900) map[0m
[0;32mI (157) esp_image: segment 1: paddr=0004091c vaddr=3ff80063 size=00008h (     8) load[0m
[0;32mI (157) esp_image: segment 2: paddr=0004092c vaddr=3ffb0000 size=03870h ( 14448) load[0m
[0;32mI (169) esp_image: segment 3: paddr=000441a4 vaddr=40080000 size=0be74h ( 48756) load[0m
[0;32mI (192) esp_image: segment 4: paddr=00050020 vaddr=400d0020 size=b1c08h (728072) map[0m
[0;32mI (455) esp_image: segment 5: paddr=00101c30 vaddr=4008be74 size=0bc4ch ( 48204) load[0m
[0;32mI (475) esp_image: segment 6: paddr=0010d884 vaddr=400c0000 size=00064h (   100) load[0m
[0;32mI (475) esp_image: segment 7: paddr=0010d8f0 vaddr=50000200 size=00018h (    24) load[0m
[0;32mI (493) boot: Loaded app from partition at offset 0x10000[0m
[0;32mI (493) boot: Disabling RNG early entropy source...[0m
[0;32mI (506) cpu_start: Multicore app[0m
[0;32mI (506) cpu_start: Pro cpu up.[0m
[0;32mI (506) cpu_start: Starting app cpu, entry point is 0x400815e0[0m
[0;32mI (503) cpu_start: App cpu up.[0m
[0;32mI (524) cpu_start: Pro cpu start user code[0m
[0;32mI (524) cpu_start: cpu freq: 160000000 Hz[0m
[0;32mI (524) cpu_start: Application information:[0m
[0;32mI (529) cpu_start: Project name:     SHT3x_Powersave[0m
[0;32mI (535) cpu_start: App version:      92ba5c7-dirty[0m
[0;32mI (540) cpu_start: Compile time:     Aug 21 2023 10:55:27[0m
[0;32mI (546) cpu_start: ELF file SHA256:  8964cc99c8795579...[0m
[0;32mI (552) cpu_start: ESP-IDF:          v5.1-dirty[0m
[0;32mI (557) cpu_start: Min chip rev:     v0.0[0m
[0;32mI (562) cpu_start: Max chip rev:     v3.99 [0m
[0;32mI (567) cpu_start: Chip rev:         v1.0[0m
[0;32mI (572) heap_init: Initializing. RAM available for dynamic allocation:[0m
[0;32mI (579) heap_init: At 3FFAE6E0 len 00001920 (6 KiB): DRAM[0m
[0;32mI (585) heap_init: At 3FFB7FE0 len 00028020 (160 KiB): DRAM[0m
[0;32mI (591) heap_init: At 3FFE0440 len 00003AE0 (14 KiB): D/IRAM[0m
[0;32mI (598) heap_init: At 3FFE4350 len 0001BCB0 (111 KiB): D/IRAM[0m
[0;32mI (604) heap_init: At 40097AC0 len 00008540 (33 KiB): IRAM[0m

Brownout detector was triggered

[0;32mI (13) boot: ESP-IDF v5.1-dirty 2nd stage bootloader[0m
[0;32mI (13) boot: compile time Aug 21 2023 10:55:46[0m
[0;32mI (13) boot: Multicore bootloader[0m
[0;32mI (16) boot: chip revision: v1.0[0m
[0;32mI (20) boot.esp32: SPI Speed      : 40MHz[0m
[0;32mI (25) boot.esp32: SPI Mode       : DIO[0m
[0;32mI (29) boot.esp32: SPI Flash Size : 4MB[0m
[0;32mI (34) boot: Enabling RNG early entropy source...[0m
[0;32mI (39) boot: Partition Table:[0m
[0;32mI (43) boot: ## Label            Usage          Type ST Offset   Length[0m
[0;32mI (50) boot:  0 nvs              WiFi data        01 02 00009000 00006000[0m
[0;32mI (58) boot:  1 phy_init         RF data          01 01 0000f000 00001000[0m
[0;32mI (65) boot:  2 factory          factory app      00 00 00010000 00100000[0m
[0;32mI (73) boot: End of partition table[0m
[0;32mI (77) esp_image: segment 0: paddr=00010020 vaddr=3f400020 size=308f4h (198900) map[0m
[0;32mI (157) esp_image: segment 1: paddr=0004091c vaddr=3ff80063 size=00008h (     8) load[0m
[0;32mI (157) esp_image: segment 2: paddr=0004092c vaddr=3ffb0000 size=03870h ( 14448) load[0m
[0;32mI (169) esp_image: segment 3: paddr=000441a4 vaddr=40080000 size=0be74h ( 48756) load[0m
[0;32mI (192) esp_image: segment 4: paddr=00050020 vaddr=400d0020 size=b1c08h (728072) map[0m
[0;32mI (455) esp_image: segment 5: paddr=00101c30 vaddr=4008be74 size=0bc4ch ( 48204) load[0m
[0;32mI (475) esp_image: segment 6: paddr=0010d884 vaddr=400c0000 size=00064h (   100) load[0m
[0;32mI (475) esp_image: segment 7: paddr=0010d8f0 vaddr=50000200 size=00018h (    24) load[0m
[0;32mI (493) boot: Loaded app from partition at offset 0x10000[0m
[0;32mI (493) boot: Disabling RNG early entropy source...[0m
[0;32mI (506) cpu_start: Multicore app[0m
[0;32mI (506) cpu_start: Pro cpu up.[0m
[0;32mI (506) cpu_start: Starting app cpu, entry point is 0x400815e0[0m
[0;32mI (503) cpu_start: App cpu up.[0m
[0;32mI (524) cpu_start: Pro cpu start user code[0m
[0;32mI (524) cpu_start: cpu freq: 160000000 Hz[0m
[0;32mI (524) cpu_start: Application information:[0m
[0;32mI (529) cpu_start: Project name:     SHT3x_Powersave[0m
[0;32mI (535) cpu_start: App version:      92ba5c7-dirty[0m
[0;32mI (540) cpu_start: Compile time:     Aug 21 2023 10:55:27[0m
[0;32mI (546) cpu_start: ELF file SHA256:  8964cc99c8795579...[0m
[0;32mI (552) cpu_start: ESP-IDF:          v5.1-dirty[0m
[0;32mI (557) cpu_start: Min chip rev:     v0.0[0m
[0;32mI (562) cpu_start: Max chip rev:     v3.99 [0m
[0;32mI (567) cpu_start: Chip rev:         v1.0[0m
[0;32mI (572) heap_init: Initializing. RAM available for dynamic allocation:[0m
[0;32mI (579) heap_init: At 3FFAE6E0 len 00001920 (6 KiB): DRAM[0m
[0;32mI (585) heap_init: At 3FFB7FE0 len 00028020 (160 KiB): DRAM[0m
[0;32mI (591) heap_init: At 3FFE0440 len 00003AE0 (14 KiB): D/IRAM[0m
[0;32mI (598) heap_init: At 3FFE4350 len 0001BCB0 (111 KiB): D/IRAM[0m
[0;32mI (604) heap_init: At 40097AC0 len 00008540 (33 KiB): IRAM[0m

Brownout detector was triggered

[0;32mI (13) boot: ESP-IDF v5.1-dirty 2nd stage bootloader[0m
[0;32mI (13) boot: compile time Aug 21 2023 10:55:46[0m
[0;32mI (13) boot: Multicore bootloader[0m
[0;32mI (16) boot: chip revision: v1.0[0m
[0;32mI (20) boot.esp32: SPI Speed      : 40MHz[0m
[0;32mI (25) boot.esp32: SPI Mode       : DIO[0m
[0;32mI (29) boot.esp32: SPI Flash Size : 4MB[0m
[0;32mI (34) boot: Enabling RNG early entropy source...[0m
[0;32mI (39) boot: Partition Table:[0m
[0;32mI (43) boot: ## Label            Usage          Type ST Offset   Length[0m
[0;32mI (50) boot:  0 nvs              WiFi data        01 02 00009000 00006000[0m
[0;32mI (58) boot:  1 phy_init         RF data          01 01 0000f000 00001000[0m
[0;32mI (65) boot:  2 factory          factory app      00 00 00010000 00100000[0m
[0;32mI (73) boot: End of partition table[0m
[0;32mI (77) esp_image: segment 0: paddr=00010020 vaddr=3f400020 size=308f4h (198900) map[0m
[0;32mI (157) esp_image: segment 1: paddr=0004091c vaddr=3ff80063 size=00008h (     8) load[0m
[0;32mI (157) esp_image: segment 2: paddr=0004092c vaddr=3ffb0000 size=03870h ( 14448) load[0m
[0;32mI (169) esp_image: segment 3: paddr=000441a4 vaddr=40080000 size=0be74h ( 48756) load[0m
[0;32mI (192) esp_image: segment 4: paddr=00050020 vaddr=400d0020 size=b1c08h (728072) map[0m
[0;32mI (455) esp_image: segment 5: paddr=00101c30 vaddr=4008be74 size=0bc4ch ( 48204) load[0m
[0;32mI (475) esp_image: segment 6: paddr=0010d884 vaddr=400c0000 size=00064h (   100) load[0m
[0;32mI (475) esp_image: segment 7: paddr=0010d8f0 vaddr=50000200 size=00018h (    24) load[0m
[0;32mI (493) boot: Loaded app from partition at offset 0x10000[0m
[0;32mI (493) boot: Disabling RNG early entropy source...[0m
[0;32mI (506) cpu_start: Multicore app[0m
[0;32mI (506) cpu_start: Pro cpu up.[0m
[0;32mI (506) cpu_start: Starting app cpu, entry point is 0x400815e0[0m
[0;32mI (503) cpu_start: App cpu up.[0m
[0;32mI (524) cpu_start: Pro cpu start user code[0m
[0;32mI (524) cpu_start: cpu freq: 160000000 Hz[0m
[0;32mI (524) cpu_start: Application information:[0m
[0;32mI (529) cpu_start: Project name:     SHT3x_Powersave[0m
[0;32mI (535) cpu_start: App version:      92ba5c7-dirty[0m
[0;32mI (540) cpu_start: Compile time:     Aug 21 2023 10:55:27[0m
[0;32mI (546) cpu_start: ELF file SHA256:  8964cc99c8795579...[0m
[0;32mI (552) cpu_start: ESP-IDF:          v5.1-dirty[0m
[0;32mI (557) cpu_start: Min chip rev:     v0.0[0m
[0;32mI (562) cpu_start: Max chip rev:     v3.99 [0m
[0;32mI (567) cpu_start: Chip rev:         v1.0[0m
[0;32mI (572) heap_init: Initializing. RAM available for dynamic allocation:[0m
[0;32mI (579) heap_init: At 3FFAE6E0 len 00001920 (6 KiB): DRAM[0m
[0;32mI (585) heap_init: At 3FFB7FE0 len 00028020 (160 KiB): DRAM[0m
[0;32mI (591) heap_init: At 3FFE0440 len 00003AE0 (14 KiB): D/IRAM[0m
[0;32mI (598) heap_init: At 3FFE4350 len 0001BCB0 (111 KiB): D/IRAM[0m
[0;32mI (604) heap_init: At 40097AC0 len 00008540 (33 KiB): IRAM[0m

Brownout detector was triggered

[0;32mI (13) boot: ESP-IDF v5.1-dirty 2nd stage bootloader[0m
[0;32mI (13) boot: compile time Aug 21 2023 10:55:46[0m
[0;32mI (13) boot: Multicore bootloader[0m
[0;32mI (16) boot: chip revision: v1.0[0m
[0;32mI (20) boot.esp32: SPI Speed      : 40MHz[0m
[0;32mI (25) boot.esp32: SPI Mode       : DIO[0m
[0;32mI (29) boot.esp32: SPI Flash Size : 4MB[0m
[0;32mI (34) boot: Enabling RNG early entropy source...[0m
[0;32mI (39) boot: Partition Table:[0m
[0;32mI (43) boot: ## Label            Usage          Type ST Offset   Length[0m
[0;32mI (50) boot:  0 nvs              WiFi data        01 02 00009000 00006000[0m
[0;32mI (58) boot:  1 phy_init         RF data          01 01 0000f000 00001000[0m
[0;32mI (65) boot:  2 factory          factory app      00 00 00010000 00100000[0m
[0;32mI (73) boot: End of partition table[0m
[0;32mI (77) esp_image: segment 0: paddr=00010020 vaddr=3f400020 size=308f4h (198900) map[0m
[0;32mI (157) esp_image: segment 1: paddr=0004091c vaddr=3ff80063 size=00008h (     8) load[0m
[0;32mI (157) esp_image: segment 2: paddr=0004092c vaddr=3ffb0000 size=03870h ( 14448) load[0m
[0;32mI (169) esp_image: segment 3: paddr=000441a4 vaddr=40080000 size=0be74h ( 48756) load[0m
[0;32mI (192) esp_image: segment 4: paddr=00050020 vaddr=400d0020 size=b1c08h (728072) map[0m
[0;32mI (455) esp_image: segment 5: paddr=00101c30 vaddr=4008be74 size=0bc4ch ( 48204) load[0m
[0;32mI (475) esp_image: segment 6: paddr=0010d884 vaddr=400c0000 size=00064h (   100) load[0m
[0;32mI (475) esp_image: segment 7: paddr=0010d8f0 vaddr=50000200 size=00018h (    24) load[0m
[0;32mI (493) boot: Loaded app from partition at offset 0x10000[0m
[0;32mI (493) boot: Disabling RNG early entropy source...[0m
[0;32mI (506) cpu_start: Multicore app[0m
[0;32mI (506) cpu_start: Pro cpu up.[0m
[0;32mI (506) cpu_start: Starting app cpu, entry point is 0x400815e0[0m
[0;32mI (503) cpu_start: App cpu up.[0m
[0;32mI (524) cpu_start: Pro cpu start user code[0m
[0;32mI (524) cpu_start: cpu freq: 160000000 Hz[0m
[0;32mI (524) cpu_start: Application information:[0m
[0;32mI (529) cpu_start: Project name:     SHT3x_Powersave[0m
[0;32mI (535) cpu_start: App version:      92ba5c7-dirty[0m
[0;32mI (540) cpu_start: Compile time:     Aug 21 2023 10:55:27[0m
[0;32mI (546) cpu_start: ELF file SHA256:  8964cc99c8795579...[0m
[0;32mI (552) cpu_start: ESP-IDF:          v5.1-dirty[0m
[0;32mI (557) cpu_start: Min chip rev:     v0.0[0m
[0;32mI (562) cpu_start: Max chip rev:     v3.99 [0m
[0;32mI (567) cpu_start: Chip rev:         v1.0[0m
[0;32mI (572) heap_init: Initializing. RAM available for dynamic allocation:[0m
[0;32mI (579) heap_init: At 3FFAE6E0 len 00001920 (6 KiB): DRAM[0m
[0;32mI (585) heap_init: At 3FFB7FE0 len 00028020 (160 KiB): DRAM[0m
[0;32mI (591) heap_init: At 3FFE0440 len 00003AE0 (14 KiB): D/IRAM[0m
