ets Jun  8 2016 00:22:57

rst:0x1 (POWERON_RESET),boot:0x13 (SPI_FAST_FLASH_BOOT)
configsip: 0, SPIWP:0xee
clk_drv:0x00,q_drv:0x00,d_drv:0x00,cs0_drv:0x00,hd_drv:0x00,wp_drv:0x00
mode:DIO, clock div:2
load:0x3fff0030,len:7284
load:0x40078000,len:15884
load:0x40080400,len:4
load:0x40080404,len:3876
entry 0x4008064c
[0;32mI (29) boot: ESP-IDF v5.1-dirty 2nd stage bootloader[0m
[0;32mI (29) boot: compile time Aug 25 2023 16:46:15[0m
[0;32mI (29) boot: Multicore bootloader[0m
[0;32mI (33) boot: chip revision: v1.0[0m
[0;32mI (37) boot.esp32: SPI Speed      : 40MHz[0m
[0;32mI (42) boot.esp32: SPI Mode       : DIO[0m
[0;32mI (46) boot.esp32: SPI Flash Size : 4MB[0m
[0;32mI (51) boot: Enabling RNG early entropy source...[0m
[0;32mI (56) boot: Partition Table:[0m
[0;32mI (60) boot: ## Label            Usage          Type ST Offset   Length[0m
[0;32mI (67) boot:  0 nvs              WiFi data        01 02 00009000 00004000[0m
[0;32mI (75) boot:  1 otadata          OTA data         01 00 0000d000 00002000[0m
[0;32mI (82) boot:  2 phy_init         RF data          01 01 0000f000 00001000[0m
[0;32mI (90) boot:  3 factory          factory app      00 00 00010000 00150000[0m
[0;32mI (97) boot:  4 ota_0            OTA app          00 10 00160000 00150000[0m
[0;32mI (105) boot: End of partition table[0m
[0;32mI (109) boot: Defaulting to factory image[0m
[0;32mI (114) esp_image: segment 0: paddr=00010020 vaddr=3f400020 size=3184ch (202828) map[0m
[0;32mI (195) esp_image: segment 1: paddr=00041874 vaddr=3ff80063 size=00008h (     8) load[0m
[0;32mI (196) esp_image: segment 2: paddr=00041884 vaddr=3ffb0000 size=038a0h ( 14496) load[0m
[0;32mI (207) esp_image: segment 3: paddr=0004512c vaddr=40080000 size=0aeech ( 44780) load[0m
[0;32mI (228) esp_image: segment 4: paddr=00050020 vaddr=400d0020 size=b461ch (738844) map[0m
[0;32mI (495) esp_image: segment 5: paddr=00104644 vaddr=4008aeec size=0cc0ch ( 52236) load[0m
[0;32mI (517) esp_image: segment 6: paddr=00111258 vaddr=400c0000 size=00064h (   100) load[0m
[0;32mI (518) esp_image: segment 7: paddr=001112c4 vaddr=50000200 size=00020h (    32) load[0m
[0;32mI (535) boot: Loaded app from partition at offset 0x10000[0m
[0;32mI (535) boot: Disabling RNG early entropy source...[0m
[0;32mI (548) cpu_start: Multicore app[0m
[0;32mI (548) cpu_start: Pro cpu up.[0m
[0;32mI (549) cpu_start: Starting app cpu, entry point is 0x400815f4[0m
[0;32mI (0) cpu_start: App cpu up.[0m
[0;32mI (566) cpu_start: Pro cpu start user code[0m
[0;32mI (566) cpu_start: cpu freq: 80000000 Hz[0m
[0;32mI (567) cpu_start: Application information:[0m
[0;32mI (571) cpu_start: Project name:     SHT3x_Powersave[0m
[0;32mI (577) cpu_start: App version:      c01741d-dirty[0m
[0;32mI (582) cpu_start: Compile time:     Aug 25 2023 23:00:05[0m
[0;32mI (588) cpu_start: ELF file SHA256:  f8bbfe09023d2e12...[0m
[0;32mI (594) cpu_start: ESP-IDF:          v5.1-dirty[0m
[0;32mI (599) cpu_start: Min chip rev:     v0.0[0m
[0;32mI (604) cpu_start: Max chip rev:     v3.99 [0m
[0;32mI (609) cpu_start: Chip rev:         v1.0[0m
[0;32mI (614) heap_init: Initializing. RAM available for dynamic allocation:[0m
[0;32mI (621) heap_init: At 3FFAE6E0 len 00001920 (6 KiB): DRAM[0m
[0;32mI (627) heap_init: At 3FFB8020 len 00027FE0 (159 KiB): DRAM[0m
[0;32mI (633) heap_init: At 3FFE0440 len 00003AE0 (14 KiB): D/IRAM[0m
[0;32mI (639) heap_init: At 3FFE4350 len 0001BCB0 (111 KiB): D/IRAM[0m
[0;32mI (646) heap_init: At 40097AF8 len 00008508 (33 KiB): IRAM[0m
[0;32mI (654) spi_flash: detected chip: generic[0m
[0;32mI (657) spi_flash: flash io: dio[0m
[0;32mI (662) app_start: Starting scheduler on CPU0[0m
[0;32mI (666) app_start: Starting scheduler on CPU1[0m
[0;32mI (666) main_task: Started on CPU0[0m
[0;32mI (676) main_task: Calling app_main()[0m
Firmware ver 2.8
[0;32mI (676) gpio: GPIO[0]| InputEn: 1| OutputEn: 0| OpenDrain: 0| Pullup: 1| Pulldown: 0| Intr:3 [0m
[0;32mI (686) POWER MODE: Entering normal mode
[0m
[0;32mI (686) POWER MODE: Not a deep sleep reset
[0m
[0;32mI (696) POWER MODE: Entering deep sleep again
[0m
ets Jun  8 2016 00:22:57

rst:0x5 (DEEPSLEEP_RESET),boot:0x13 (SPI_FAST_FLASH_BOOT)
configsip: 0, SPIWP:0xee
clk_drv:0x00,q_drv:0x00,d_drv:0x00,cs0_drv:0x00,hd_drv:0x00,wp_drv:0x00
mode:DIO, clock div:2
load:0x3fff0030,len:7284
load:0x40078000,len:15884
load:0x40080400,len:4
load:0x40080404,len:3876
entry 0x4008064c
[0;32mI (29) boot: ESP-IDF v5.1-dirty 2nd stage bootloader[0m
[0;32mI (29) boot: compile time Aug 25 2023 16:46:15[0m
[0;32mI (29) boot: Multicore bootloader[0m
[0;32mI (34) boot: chip revision: v1.0[0m
[0;32mI (38) boot.esp32: SPI Speed      : 40MHz[0m
[0;32mI (42) boot.esp32: SPI Mode       : DIO[0m
[0;32mI (47) boot.esp32: SPI Flash Size : 4MB[0m
[0;32mI (52) boot: Enabling RNG early entropy source...[0m
[0;32mI (57) esp_image: segment 0: paddr=00010020 vaddr=3f400020 size=3184ch (202828) map[0m
[0;32mI (65) esp_image: segment 1: paddr=00041874 vaddr=3ff80063 size=00008h (     8) [0m
[0;32mI (73) esp_image: segment 2: paddr=00041884 vaddr=3ffb0000 size=038a0h ( 14496) load[0m
[0;32mI (84) esp_image: segment 3: paddr=0004512c vaddr=40080000 size=0aeech ( 44780) load[0m
[0;32mI (97) esp_image: segment 4: paddr=00050020 vaddr=400d0020 size=b461ch (738844) map[0m
[0;32mI (98) esp_image: segment 5: paddr=00104644 vaddr=4008aeec size=0cc0ch ( 52236) load[0m
[0;32mI (115) esp_image: segment 6: paddr=00111258 vaddr=400c0000 size=00064h (   100) [0m
[0;32mI (115) esp_image: segment 7: paddr=001112c4 vaddr=50000200 size=00020h (    32) [0m
[0;32mI (123) boot: Fast booting app from partition at offset 0x10000[0m
[0;32mI (130) boot: Disabling RNG early entropy source...[0m
[0;32mI (146) cpu_start: Multicore app[0m
[0;32mI (147) cpu_start: Pro cpu up.[0m
[0;32mI (147) cpu_start: Starting app cpu, entry point is 0x400815f4[0m
[0;32mI (0) cpu_start: App cpu up.[0m
[0;32mI (165) cpu_start: Pro cpu start user code[0m
[0;32mI (165) cpu_start: cpu freq: 80000000 Hz[0m
[0;32mI (165) cpu_start: Application information:[0m
[0;32mI (169) cpu_start: Project name:     SHT3x_Powersave[0m
[0;32mI (175) cpu_start: App version:      c01741d-dirty[0m
[0;32mI (181) cpu_start: Compile time:     Aug 25 2023 23:00:05[0m
[0;32mI (187) cpu_start: ELF file SHA256:  f8bbfe09023d2e12...[0m
[0;32mI (193) cpu_start: ESP-IDF:          v5.1-dirty[0m
[0;32mI (198) cpu_start: Min chip rev:     v0.0[0m
[0;32mI (203) cpu_start: Max chip rev:     v3.99 [0m
[0;32mI (207) cpu_start: Chip rev:         v1.0[0m
[0;32mI (212) heap_init: Initializing. RAM available for dynamic allocation:[0m
[0;32mI (220) heap_init: At 3FFAE6E0 len 00001920 (6 KiB): DRAM[0m
[0;32mI (225) heap_init: At 3FFB8020 len 00027FE0 (159 KiB): DRAM[0m
[0;32mI (232) heap_init: At 3FFE0440 len 00003AE0 (14 KiB): D/IRAM[0m
[0;32mI (238) heap_init: At 3FFE4350 len 0001BCB0 (111 KiB): D/IRAM[0m
[0;32mI (244) heap_init: At 40097AF8 len 00008508 (33 KiB): IRAM[0m
[0;32mI (253) spi_flash: detected chip: generic[0m
[0;32mI (255) spi_flash: flash io: dio[0m
[0;32mI (260) app_start: Starting scheduler on CPU0[0m
[0;32mI (264) app_start: Starting scheduler on CPU1[0m
[0;32mI (264) main_task: Started on CPU0[0m
[0;32mI (274) main_task: Calling app_main()[0m
Firmware ver 2.8
[0;32mI (274) gpio: GPIO[0]| InputEn: 1| OutputEn: 0| OpenDrain: 0| Pullup: 1| Pulldown: 0| Intr:3 [0m
[0;32mI (284) POWER MODE: Entering normal mode
[0m
[0;32mI (284) POWER MODE: Wakeup from GPIO 0
[0m
[0;32mI (294) main_task: Returned from app_main()[0m
[0;32mI (1334) BUTTON: Button pressed for 0 ms
[0m
[0;32mI (1834) BUTTON: Button pressed for 500 ms
[0m
[0;32mI (2334) BUTTON: Button pressed for 1000 ms
[0m
[0;32mI (2834) BUTTON: Button pressed for 1500 ms
[0m
[0;32mI (3334) BUTTON: Button pressed for 2000 ms
[0m
[0;32mI (3834) BUTTON: Button pressed for 2500 ms
[0m
[0;32mI (4334) BUTTON: Button pressed for 3000 ms
[0m
[0;32mI (4834) BUTTON: Button pressed for 3500 ms
[0m
[0;32mI (5334) BUTTON: Button pressed for 4000 ms
[0m
[0;32mI (5834) BUTTON: Button pressed for 4500 ms
[0m
[0;32mI (6334) BUTTON: Button pressed for 5000 ms
[0m
[0;32mI (6834) BUTTON: Button pressed for 5500 ms
[0m
[0;32mI (7334) BUTTON: Button pressed for 6000 ms
[0m
[0;32mI (7834) BUTTON: Button pressed for 6500 ms
[0m
[0;32mI (8334) BUTTON: Enter OTA Mode
[0m
I (8384) wifi:wifi driver task: 3ffc1714, prio:23, stack:6656, core=0
I (8404) wifi:wifi firmware version: b2f1f86
I (8404) wifi:wifi certification version: v7.0
I (8414) wifi:config NVS flash: enabled
I (8414) wifi:config nano formating: disabled
I (8414) wifi:Init data frame dynamic rx buffer num: 32
I (8414) wifi:Init management frame dynamic rx buffer num: 32
I (8424) wifi:Init management short buffer num: 32
I (8424) wifi:Init dynamic tx buffer num: 32
I (8434) wifi:Init static rx buffer size: 1600
I (8434) wifi:Init static rx buffer num: 10
I (8444) wifi:Init dynamic rx buffer num: 32
[0;32mI (8444) wifi_init: rx ba win: 6[0m
[0;32mI (8444) wifi_init: tcpip mbox: 32[0m
[0;32mI (8454) wifi_init: udp mbox: 6[0m
[0;32mI (8454) wifi_init: tcp mbox: 6[0m
[0;32mI (8464) wifi_init: tcp tx win: 5744[0m
[0;32mI (8464) wifi_init: tcp rx win: 5744[0m
[0;32mI (8464) wifi_init: tcp mss: 1440[0m
[0;32mI (8474) wifi_init: WiFi IRAM OP enabled[0m
[0;32mI (8474) wifi_init: WiFi RX IRAM OP enabled[0m
[0;32mI (8484) Wifi prov: Already provisioned, starting Wi-Fi STA[0m
[0;32mI (8494) phy_init: phy_version 4670,719f9f6,Feb 18 2021,17:07:07[0m
I (8524) wifi:mode : sta (c8:c9:a3:d0:65:bc)
I (8524) wifi:enable tsf
I (8534) wifi:new:<1,0>, old:<1,0>, ap:<255,255>, sta:<1,0>, prof:1
I (8534) wifi:state: init -> auth (b0)
I (8544) wifi:state: auth -> assoc (0)
I (8544) wifi:state: assoc -> run (10)
I (8554) wifi:connected with TUPEO, aid = 2, channel 1, BW20, bssid = b2:7d:64:d8:92:71
I (8554) wifi:security: WPA2-PSK, phy: bgn, rssi: -45
I (8564) wifi:pm start, type: 1

I (8624) wifi:AP's beacon interval = 102400 us, DTIM period = 3
[0;32mI (9574) Wifi prov: Connected with IP Address:192.168.137.10[0m
[0;32mI (9574) esp_netif_handlers: sta ip: 192.168.137.10, mask: 255.255.255.0, gw: 192.168.137.1[0m
[0;32mI (9574) OTA: Starting OTA example task[0m
[0;32mI (9674) OTA: OTA scan completed[0m
Guru Meditation Error: Core  0 panic'ed (LoadProhibited). Exception was unhandled.

Core  0 register dump:
PC      : 0x400014fd  PS      : 0x00060630  A0      : 0x801716a6  A1      : 0x3ffc8520  
A2      : 0x00000000  A3      : 0xfffffffc  A4      : 0x000000ff  A5      : 0x0000ff00  
A6      : 0x00ff0000  A7      : 0xff000000  A8      : 0x00000000  A9      : 0x00000000  
A10     : 0x00000000  A11     : 0x00000003  A12     : 0x3ffc8764  A13     : 0x00000000  
A14     : 0x3ffc8734  A15     : 0x00000001  SAR     : 0x00000004  EXCCAUSE: 0x0000001c  
EXCVADDR: 0x00000000  LBEG    : 0x400014fd  LEND    : 0x4000150d  LCOUNT  : 0xffffffff  


Backtrace: 0x400014fa:0x3ffc8520 0x401716a3:0x3ffc8530 0x40172d4d:0x3ffc8850 0x40183119:0x3ffc8880 0x40090b1d:0x3ffc88b0 0x400d8217:0x3ffc8900 0x4008da55:0x3ffc89f0




ELF file SHA256: f8bbfe09023d2e12

Rebooting...
ets Jun  8 2016 00:22:57

rst:0xc (SW_CPU_RESET),boot:0x13 (SPI_FAST_FLASH_BOOT)
configsip: 0, SPIWP:0xee
clk_drv:0x00,q_drv:0x00,d_drv:0x00,cs0_drv:0x00,hd_drv:0x00,wp_drv:0x00
mode:DIO, clock div:2
load:0x3fff0030,len:7284
load:0x40078000,len:15884
load:0x40080400,len:4
load:0x40080404,len:3876
entry 0x4008064c
[0;32mI (29) boot: ESP-IDF v5.1-dirty 2nd stage bootloader[0m
[0;32mI (29) boot: compile time Aug 25 2023 16:46:15[0m
[0;32mI (29) boot: Multicore bootloader[0m
[0;32mI (34) boot: chip revision: v1.0[0m
[0;32mI (38) boot.esp32: SPI Speed      : 40MHz[0m
[0;32mI (42) boot.esp32: SPI Mode       : DIO[0m
[0;32mI (47) boot.esp32: SPI Flash Size : 4MB[0m
[0;32mI (51) boot: Enabling RNG early entropy source...[0m
[0;32mI (57) boot: Partition Table:[0m
[0;32mI (60) boot: ## Label            Usage          Type ST Offset   Length[0m
[0;32mI (68) boot:  0 nvs              WiFi data        01 02 00009000 00004000[0m
[0;32mI (75) boot:  1 otadata          OTA data         01 00 0000d000 00002000[0m
[0;32mI (82) boot:  2 phy_init         RF data          01 01 0000f000 00001000[0m
[0;32mI (90) boot:  3 factory          factory app      00 00 00010000 00150000[0m
[0;32mI (97) boot:  4 ota_0            OTA app          00 10 00160000 00150000[0m
[0;32mI (105) boot: End of partition table[0m
[0;32mI (109) boot: Defaulting to factory image[0m
[0;32mI (114) esp_image: segment 0: paddr=00010020 vaddr=3f400020 size=3184ch (202828) map[0m
[0;32mI (196) esp_image: segment 1: paddr=00041874 vaddr=3ff80063 size=00008h (     8) load[0m
[0;32mI (196) esp_image: segment 2: paddr=00041884 vaddr=3ffb0000 size=038a0h ( 14496) load[0m
[0;32mI (207) esp_image: segment 3: paddr=0004512c vaddr=40080000 size=0aeech ( 44780) load[0m
[0;32mI (229) esp_image: segment 4: paddr=00050020 vaddr=400d0020 size=b461ch (738844) map[0m
[0;32mI (496) esp_image: segment 5: paddr=00104644 vaddr=4008aeec size=0cc0ch ( 52236) load[0m
[0;32mI (517) esp_image: segment 6: paddr=00111258 vaddr=400c0000 size=00064h (   100) load[0m
[0;32mI (518) esp_image: segment 7: paddr=001112c4 vaddr=50000200 size=00020h (    32) load[0m
[0;32mI (535) boot: Loaded app from partition at offset 0x10000[0m
[0;32mI (535) boot: Disabling RNG early entropy source...[0m
[0;32mI (548) cpu_start: Multicore app[0m
[0;32mI (549) cpu_start: Pro cpu up.[0m
[0;32mI (549) cpu_start: Starting app cpu, entry point is 0x400815f4[0m
[0;32mI (537) cpu_start: App cpu up.[0m
[0;32mI (567) cpu_start: Pro cpu start user code[0m
[0;32mI (567) cpu_start: cpu freq: 80000000 Hz[0m
[0;32mI (567) cpu_start: Application information:[0m
[0;32mI (571) cpu_start: Project name:     SHT3x_Powersave[0m
[0;32mI (577) cpu_start: App version:      c01741d-dirty[0m
[0;32mI (583) cpu_start: Compile time:     Aug 25 2023 23:00:05[0m
[0;32mI (589) cpu_start: ELF file SHA256:  f8bbfe09023d2e12...[0m
[0;32mI (595) cpu_start: ESP-IDF:          v5.1-dirty[0m
[0;32mI (600) cpu_start: Min chip rev:     v0.0[0m
[0;32mI (604) cpu_start: Max chip rev:     v3.99 [0m
[0;32mI (609) cpu_start: Chip rev:         v1.0[0m
[0;32mI (614) heap_init: Initializing. RAM available for dynamic allocation:[0m
[0;32mI (621) heap_init: At 3FFAE6E0 len 00001920 (6 KiB): DRAM[0m
[0;32mI (627) heap_init: At 3FFB8020 len 00027FE0 (159 KiB): DRAM[0m
[0;32mI (634) heap_init: At 3FFE0440 len 00003AE0 (14 KiB): D/IRAM[0m
[0;32mI (640) heap_init: At 3FFE4350 len 0001BCB0 (111 KiB): D/IRAM[0m
[0;32mI (646) heap_init: At 40097AF8 len 00008508 (33 KiB): IRAM[0m
[0;32mI (654) spi_flash: detected chip: generic[0m
[0;32mI (657) spi_flash: flash io: dio[0m
[0;32mI (662) app_start: Starting scheduler on CPU0[0m
[0;32mI (666) app_start: Starting scheduler on CPU1[0m
[0;32mI (666) main_task: Started on CPU0[0m
[0;32mI (676) main_task: Calling app_main()[0m
Firmware ver 2.8
[0;32mI (676) gpio: GPIO[0]| InputEn: 1| OutputEn: 0| OpenDrain: 0| Pullup: 1| Pulldown: 0| Intr:3 [0m
[0;32mI (686) POWER MODE: Entering normal mode
[0m
[0;32mI (686) POWER MODE: Not a deep sleep reset
[0m
[0;32mI (696) POWER MODE: Entering deep sleep again
[0m
ets Jun  8 2016 00:22:57

rst:0x5 (DEEPSLEEP_RESET),boot:0x13 (SPI_FAST_FLASH_BOOT)
configsip: 0, SPIWP:0xee
clk_drv:0x00,q_drv:0x00,d_drv:0x00,cs0_drv:0x00,hd_drv:0x00,wp_drv:0x00
mode:DIO, clock div:2
load:0x3fff0030,len:7284
load:0x40078000,len:15884
load:0x40080400,len:4
load:0x40080404,len:3876
entry 0x4008064c
[0;32mI (29) boot: ESP-IDF v5.1-dirty 2nd stage bootloader[0m
[0;32mI (29) boot: compile time Aug 25 2023 16:46:15[0m
[0;32mI (29) boot: Multicore bootloader[0m
[0;32mI (34) boot: chip revision: v1.0[0m
[0;32mI (38) boot.esp32: SPI Speed      : 40MHz[0m
[0;32mI (42) boot.esp32: SPI Mode       : DIO[0m
[0;32mI (47) boot.esp32: SPI Flash Size : 4MB[0m
[0;32mI (52) boot: Enabling RNG early entropy source...[0m
[0;32mI (57) esp_image: segment 0: paddr=00010020 vaddr=3f400020 size=3184ch (202828) map[0m
[0;32mI (65) esp_image: segment 1: paddr=00041874 vaddr=3ff80063 size=00008h (     8) [0m
[0;32mI (73) esp_image: segment 2: paddr=00041884 vaddr=3ffb0000 size=038a0h ( 14496) load[0m
[0;32mI (84) esp_image: segment 3: paddr=0004512c vaddr=40080000 size=0aeech ( 44780) load[0m
[0;32mI (97) esp_image: segment 4: paddr=00050020 vaddr=400d0020 size=b461ch (738844) map[0m
[0;32mI (98) esp_image: segment 5: paddr=00104644 vaddr=4008aeec size=0cc0ch ( 52236) load[0m
[0;32mI (115) esp_image: segment 6: paddr=00111258 vaddr=400c0000 size=00064h (   100) [0m
[0;32mI (115) esp_image: segment 7: paddr=001112c4 vaddr=50000200 size=00020h (    32) [0m
[0;32mI (123) boot: Fast booting app from partition at offset 0x10000[0m
[0;32mI (130) boot: Disabling RNG early entropy source...[0m
[0;32mI (146) cpu_start: Multicore app[0m
[0;32mI (147) cpu_start: Pro cpu up.[0m
[0;32mI (147) cpu_start: Starting app cpu, entry point is 0x400815f4[0m
[0;32mI (0) cpu_start: App cpu up.[0m
[0;32mI (165) cpu_start: Pro cpu start user code[0m
[0;32mI (165) cpu_start: cpu freq: 80000000 Hz[0m
[0;32mI (165) cpu_start: Application information:[0m
[0;32mI (169) cpu_start: Project name:     SHT3x_Powersave[0m
[0;32mI (175) cpu_start: App version:      c01741d-dirty[0m
[0;32mI (181) cpu_start: Compile time:     Aug 25 2023 23:00:05[0m
[0;32mI (187) cpu_start: ELF file SHA256:  f8bbfe09023d2e12...[0m
[0;32mI (193) cpu_start: ESP-IDF:          v5.1-dirty[0m
[0;32mI (198) cpu_start: Min chip rev:     v0.0[0m
[0;32mI (203) cpu_start: Max chip rev:     v3.99 [0m
[0;32mI (207) cpu_start: Chip rev:         v1.0[0m
[0;32mI (212) heap_init: Initializing. RAM available for dynamic allocation:[0m
[0;32mI (220) heap_init: At 3FFAE6E0 len 00001920 (6 KiB): DRAM[0m
[0;32mI (225) heap_init: At 3FFB8020 len 00027FE0 (159 KiB): DRAM[0m
[0;32mI (232) heap_init: At 3FFE0440 len 00003AE0 (14 KiB): D/IRAM[0m
[0;32mI (238) heap_init: At 3FFE4350 len 0001BCB0 (111 KiB): D/IRAM[0m
[0;32mI (244) heap_init: At 40097AF8 len 00008508 (33 KiB): IRAM[0m
[0;32mI (253) spi_flash: detected chip: generic[0m
[0;32mI (255) spi_flash: flash io: dio[0m
[0;32mI (260) app_start: Starting scheduler on CPU0[0m
[0;32mI (264) app_start: Starting scheduler on CPU1[0m
[0;32mI (264) main_task: Started on CPU0[0m
[0;32mI (274) main_task: Calling app_main()[0m
Firmware ver 2.8
[0;32mI (274) gpio: GPIO[0]| InputEn: 1| OutputEn: 0| OpenDrain: 0| Pullup: 1| Pulldown: 0| Intr:3 [0m
[0;32mI (284) POWER MODE: Entering normal mode
[0m
[0;32mI (284) POWER MODE: Wake up from timer. Time spent in deep sleep: 10294ms
[0m
[0;32mI (294) main_task: Returned from app_main()[0m
[0;32mI (454) SHT3x: Temperature: 36.24 Â°C, Humidity: 49.30 %[0m
I (504) wifi:wifi driver task: 3ffc06b4, prio:23, stack:6656, core=0
I (524) wifi:wifi firmware version: b2f1f86
I (524) wifi:wifi certification version: v7.0
I (534) wifi:config NVS flash: enabled
I (534) wifi:config nano formating: disabled
I (534) wifi:Init data frame dynamic rx buffer num: 32
I (534) wifi:Init management frame dynamic rx buffer num: 32
I (544) wifi:Init management short buffer num: 32
I (544) wifi:Init dynamic tx buffer num: 32
I (554) wifi:Init static rx buffer size: 1600
I (554) wifi:Init static rx buffer num: 10
I (564) wifi:Init dynamic rx buffer num: 32
[0;32mI (564) wifi_init: rx ba win: 6[0m
[0;32mI (564) wifi_init: tcpip mbox: 32[0m
[0;32mI (574) wifi_init: udp mbox: 6[0m
[0;32mI (574) wifi_init: tcp mbox: 6[0m
[0;32mI (574) wifi_init: tcp tx win: 5744[0m
[0;32mI (584) wifi_init: tcp rx win: 5744[0m
[0;32mI (584) wifi_init: tcp mss: 1440[0m
[0;32mI (594) wifi_init: WiFi IRAM OP enabled[0m
[0;32mI (594) wifi_init: WiFi RX IRAM OP enabled[0m
[0;32mI (604) Wifi prov: Already provisioned, starting Wi-Fi STA[0m
[0;32mI (604) phy_init: phy_version 4670,719f9f6,Feb 18 2021,17:07:07[0m
I (644) wifi:mode : sta (c8:c9:a3:d0:65:bc)
I (644) wifi:enable tsf
I (654) wifi:new:<1,0>, old:<1,0>, ap:<255,255>, sta:<1,0>, prof:1
I (654) wifi:state: init -> auth (b0)
I (654) wifi:state: auth -> assoc (0)
I (664) wifi:state: assoc -> run (10)
I (674) wifi:connected with TUPEO, aid = 3, channel 1, BW20, bssid = b2:7d:64:d8:92:71
I (674) wifi:security: WPA2-PSK, phy: bgn, rssi: -36
I (684) wifi:pm start, type: 1

I (734) wifi:AP's beacon interval = 102400 us, DTIM period = 3
[0;32mI (1694) Wifi prov: Connected with IP Address:192.168.137.10[0m
[0;32mI (1694) esp_netif_handlers: sta ip: 192.168.137.10, mask: 255.255.255.0, gw: 192.168.137.1[0m
[0;32mI (1704) MQTT: Topic publish: VB/DMP/VBEEON/CUSTOM/SMH/C8C9A3D065BC/telemetry
[0m
[0;32mI (1704) MQTT: Other event id:7[0m
[0;32mI (2794) MQTT: MQTT_EVENT_CONNECTED[0m
I (3094) wifi:<ba-add>idx:0 (ifx:0, b2:7d:64:d8:92:71), tid:0, ssn:8, winSize:64
[0;32mI (3104) MQTT: MQTT_EVENT_PUBLISHED, msg_id=57521[0m
[0;32mI (3794) POWER MODE: Entering deep sleep again
[0m
ets Jun  8 2016 00:22:57

rst:0x5 (DEEPSLEEP_RESET),boot:0x13 (SPI_FAST_FLASH_BOOT)
configsip: 0, SPIWP:0xee
clk_drv:0x00,q_drv:0x00,d_drv:0x00,cs0_drv:0x00,hd_drv:0x00,wp_drv:0x00
mode:DIO, clock div:2
load:0x3fff0030,len:7284
load:0x40078000,len:15884
load:0x40080400,len:4
load:0x40080404,len:3876
entry 0x4008064c
[0;32mI (29) boot: ESP-IDF v5.1-dirty 2nd stage bootloader[0m
[0;32mI (29) boot: compile time Aug 25 2023 16:46:15[0m
[0;32mI (29) boot: Multicore bootloader[0m
[0;32mI (34) boot: chip revision: v1.0[0m
[0;32mI (38) boot.esp32: SPI Speed      : 40MHz[0m
[0;32mI (42) boot.esp32: SPI Mode       : DIO[0m
[0;32mI (47) boot.esp32: SPI Flash Size : 4MB[0m
[0;32mI (52) boot: Enabling RNG early entropy source...[0m
[0;32mI (57) esp_image: segment 0: paddr=00010020 vaddr=3f400020 size=3184ch (202828) map[0m
[0;32mI (65) esp_image: segment 1: paddr=00041874 vaddr=3ff80063 size=00008h (     8) [0m
[0;32mI (73) esp_image: segment 2: paddr=00041884 vaddr=3ffb0000 size=038a0h ( 14496) load[0m
[0;32mI (84) esp_image: segment 3: paddr=0004512c vaddr=40080000 size=0aeech ( 44780) load[0m
[0;32mI (97) esp_image: segment 4: paddr=00050020 vaddr=400d0020 size=b461ch (738844) map[0m
[0;32mI (98) esp_image: segment 5: paddr=00104644 vaddr=4008aeec size=0cc0ch ( 52236) load[0m
[0;32mI (115) esp_image: segment 6: paddr=00111258 vaddr=400c0000 size=00064h (   100) [0m
[0;32mI (115) esp_image: segment 7: paddr=001112c4 vaddr=50000200 size=00020h (    32) [0m
[0;32mI (123) boot: Fast booting app from partition at offset 0x10000[0m
[0;32mI (130) boot: Disabling RNG early entropy source...[0m
[0;32mI (146) cpu_start: Multicore app[0m
[0;32mI (147) cpu_start: Pro cpu up.[0m
[0;32mI (147) cpu_start: Starting app cpu, entry point is 0x400815f4[0m
[0;32mI (0) cpu_start: App cpu up.[0m
[0;32mI (165) cpu_start: Pro cpu start user code[0m
[0;32mI (165) cpu_start: cpu freq: 80000000 Hz[0m
[0;32mI (165) cpu_start: Application information:[0m
[0;32mI (169) cpu_start: Project name:     SHT3x_Powersave[0m
[0;32mI (175) cpu_start: App version:      c01741d-dirty[0m
[0;32mI (181) cpu_start: Compile time:     Aug 25 2023 23:00:05[0m
[0;32mI (187) cpu_start: ELF file SHA256:  f8bbfe09023d2e12...[0m
[0;32mI (193) cpu_start: ESP-IDF:          v5.1-dirty[0m
[0;32mI (198) cpu_start: Min chip rev:     v0.0[0m
[0;32mI (203) cpu_start: Max chip rev:     v3.99 [0m
[0;32mI (207) cpu_start: Chip rev:         v1.0[0m
[0;32mI (212) heap_init: Initializing. RAM available for dynamic allocation:[0m
[0;32mI (220) heap_init: At 3FFAE6E0 len 00001920 (6 KiB): DRAM[0m
[0;32mI (225) heap_init: At 3FFB8020 len 00027FE0 (159 KiB): DRAM[0m
[0;32mI (232) heap_init: At 3FFE0440 len 00003AE0 (14 KiB): D/IRAM[0m
[0;32mI (238) heap_init: At 3FFE4350 len 0001BCB0 (111 KiB): D/IRAM[0m
[0;32mI (244) heap_init: At 40097AF8 len 00008508 (33 KiB): IRAM[0m
[0;32mI (253) spi_flash: detected chip: generic[0m
[0;32mI (255) spi_flash: flash io: dio[0m
[0;32mI (260) app_start: Starting scheduler on CPU0[0m
[0;32mI (264) app_start: Starting scheduler on CPU1[0m
[0;32mI (264) main_task: Started on CPU0[0m
[0;32mI (274) main_task: Calling app_main()[0m
Firmware ver 2.8
[0;32mI (274) gpio: GPIO[0]| InputEn: 1| OutputEn: 0| OpenDrain: 0| Pullup: 1| Pulldown: 0| Intr:3 [0m
[0;32mI (284) POWER MODE: Entering normal mode
[0m
[0;32mI (284) POWER MODE: Wake up from timer. Time spent in deep sleep: 10294ms
[0m
[0;32mI (294) main_task: Returned from app_main()[0m
[0;32mI (454) SHT3x: Temperature: 36.41 Â°C, Humidity: 49.09 %[0m
[0;32mI (454) POWER MODE: Entering deep sleep again
[0m
ets Jun  8 2016 00:22:57

rst:0x5 (DEEPSLEEP_RESET),boot:0x13 (SPI_FAST_FLASH_BOOT)
configsip: 0, SPIWP:0xee
clk_drv:0x00,q_drv:0x00,d_drv:0x00,cs0_drv:0x00,hd_drv:0x00,wp_drv:0x00
mode:DIO, clock div:2
load:0x3fff0030,len:7284
load:0x40078000,len:15884
load:0x40080400,len:4
load:0x40080404,len:3876
entry 0x4008064c
[0;32mI (29) boot: ESP-IDF v5.1-dirty 2nd stage bootloader[0m
[0;32mI (29) boot: compile time Aug 25 2023 16:46:15[0m
[0;32mI (29) boot: Multicore bootloader[0m
[0;32mI (34) boot: chip revision: v1.0[0m
[0;32mI (38) boot.esp32: SPI Speed      : 40MHz[0m
[0;32mI (42) boot.esp32: SPI Mode       : DIO[0m
[0;32mI (47) boot.esp32: SPI Flash Size : 4MB[0m
[0;32mI (52) boot: Enabling RNG early entropy source...[0m
[0;32mI (57) esp_image: segment 0: paddr=00010020 vaddr=3f400020 size=3184ch (202828) map[0m
[0;32mI (65) esp_image: segment 1: paddr=00041874 vaddr=3ff80063 size=00008h (     8) [0m
[0;32mI (73) esp_image: segment 2: paddr=00041884 vaddr=3ffb0000 size=038a0h ( 14496) load[0m
[0;32mI (84) esp_image: segment 3: paddr=0004512c vaddr=40080000 size=0aeech ( 44780) load[0m
[0;32mI (97) esp_image: segment 4: paddr=00050020 vaddr=400d0020 size=b461ch (738844) map[0m
[0;32mI (98) esp_image: segment 5: paddr=00104644 vaddr=4008aeec size=0cc0ch ( 52236) load[0m
[0;32mI (115) esp_image: segment 6: paddr=00111258 vaddr=400c0000 size=00064h (   100) [0m
[0;32mI (115) esp_image: segment 7: paddr=001112c4 vaddr=50000200 size=00020h (    32) [0m
[0;32mI (123) boot: Fast booting app from partition at offset 0x10000[0m
[0;32mI (130) boot: Disabling RNG early entropy source...[0m
[0;32mI (146) cpu_start: Multicore app[0m
[0;32mI (147) cpu_start: Pro cpu up.[0m
[0;32mI (147) cpu_start: Starting app cpu, entry point is 0x400815f4[0m
[0;32mI (0) cpu_start: App cpu up.[0m
[0;32mI (165) cpu_start: Pro cpu start user code[0m
[0;32mI (165) cpu_start: cpu freq: 80000000 Hz[0m
[0;32mI (165) cpu_start: Application information:[0m
[0;32mI (169) cpu_start: Project name:     SHT3x_Powersave[0m
[0;32mI (175) cpu_start: App version:      c01741d-dirty[0m
[0;32mI (181) cpu_start: Compile time:     Aug 25 2023 23:00:05[0m
[0;32mI (187) cpu_start: ELF file SHA256:  f8bbfe09023d2e12...[0m
[0;32mI (193) cpu_start: ESP-IDF:          v5.1-dirty[0m
[0;32mI (198) cpu_start: Min chip rev:     v0.0[0m
[0;32mI (203) cpu_start: Max chip rev:     v3.99 [0m
[0;32mI (207) cpu_start: Chip rev:         v1.0[0m
[0;32mI (212) heap_init: Initializing. RAM available for dynamic allocation:[0m
[0;32mI (220) heap_init: At 3FFAE6E0 len 00001920 (6 KiB): DRAM[0m
[0;32mI (225) heap_init: At 3FFB8020 len 00027FE0 (159 KiB): DRAM[0m
[0;32mI (232) heap_init: At 3FFE0440 len 00003AE0 (14 KiB): D/IRAM[0m
[0;32mI (238) heap_init: At 3FFE4350 len 0001BCB0 (111 KiB): D/IRAM[0m
[0;32mI (244) heap_init: At 40097AF8 len 00008508 (33 KiB): IRAM[0m
[0;32mI (253) spi_flash: detected chip: generic[0m
[0;32mI (255) spi_flash: flash io: dio[0m
[0;32mI (260) app_start: Starting scheduler on CPU0[0m
[0;32mI (264) app_start: Starting scheduler on CPU1[0m
[0;32mI (264) main_task: Started on CPU0[0m
[0;32mI (274) main_task: Calling app_main()[0m
Firmware ver 2.8
[0;32mI (274) gpio: GPIO[0]| InputEn: 1| OutputEn: 0| OpenDrain: 0| Pullup: 1| Pulldown: 0| Intr:3 [0m
[0;32mI (284) POWER MODE: Entering normal mode
[0m
[0;32mI (284) POWER MODE: Wake up from timer. Time spent in deep sleep: 10294ms
[0m
[0;32mI (294) main_task: Returned from app_main()[0m
[0;32mI (454) SHT3x: Temperature: 36.48 Â°C, Humidity: 49.06 %[0m
[0;32mI (454) POWER MODE: Entering deep sleep again
[0m
ets Jun  8 2016 00:22:57

rst:0x5 (DEEPSLEEP_RESET),boot:0x13 (SPI_FAST_FLASH_BOOT)
configsip: 0, SPIWP:0xee
clk_drv:0x00,q_drv:0x00,d_drv:0x00,cs0_drv:0x00,hd_drv:0x00,wp_drv:0x00
mode:DIO, clock div:2
load:0x3fff0030,len:7284
load:0x40078000,len:15884
load:0x40080400,len:4
load:0x40080404,len:3876
entry 0x4008064c
[0;32mI (29) boot: ESP-IDF v5.1-dirty 2nd stage bootloader[0m
[0;32mI (29) boot: compile time Aug 25 2023 16:46:15[0m
[0;32mI (29) boot: Multicore bootloader[0m
[0;32mI (34) boot: chip revision: v1.0[0m
[0;32mI (38) boot.esp32: SPI Speed      : 40MHz[0m
[0;32mI (42) boot.esp32: SPI Mode       : DIO[0m
[0;32mI (47) boot.esp32: SPI Flash Size : 4MB[0m
[0;32mI (52) boot: Enabling RNG early entropy source...[0m
[0;32mI (57) esp_image: segment 0: paddr=00010020 vaddr=3f400020 size=3184ch (202828) map[0m
[0;32mI (65) esp_image: segment 1: paddr=00041874 vaddr=3ff80063 size=00008h (     8) [0m
[0;32mI (73) esp_image: segment 2: paddr=00041884 vaddr=3ffb0000 size=038a0h ( 14496) load[0m
[0;32mI (84) esp_image: segment 3: paddr=0004512c vaddr=40080000 size=0aeech ( 44780) load[0m
[0;32mI (97) esp_image: segment 4: paddr=00050020 vaddr=400d0020 size=b461ch (738844) map[0m
[0;32mI (98) esp_image: segment 5: paddr=00104644 vaddr=4008aeec size=0cc0ch ( 52236) load[0m
[0;32mI (115) esp_image: segment 6: paddr=00111258 vaddr=400c0000 size=00064h (   100) [0m
[0;32mI (115) esp_image: segment 7: paddr=001112c4 vaddr=50000200 size=00020h (    32) [0m
[0;32mI (123) boot: Fast booting app from partition at offset 0x10000[0m
[0;32mI (130) boot: Disabling RNG early entropy source...[0m
[0;32mI (146) cpu_start: Multicore app[0m
[0;32mI (147) cpu_start: Pro cpu up.[0m
[0;32mI (147) cpu_start: Starting app cpu, entry point is 0x400815f4[0m
[0;32mI (0) cpu_start: App cpu up.[0m
[0;32mI (165) cpu_start: Pro cpu start user code[0m
[0;32mI (165) cpu_start: cpu freq: 80000000 Hz[0m
[0;32mI (165) cpu_start: Application information:[0m
[0;32mI (169) cpu_start: Project name:     SHT3x_Powersave[0m
[0;32mI (175) cpu_start: App version:      c01741d-dirty[0m
[0;32mI (181) cpu_start: Compile time:     Aug 25 2023 23:00:05[0m
[0;32mI (187) cpu_start: ELF file SHA256:  f8bbfe09023d2e12...[0m
[0;32mI (193) cpu_start: ESP-IDF:          v5.1-dirty[0m
[0;32mI (198) cpu_start: Min chip rev:     v0.0[0m
[0;32mI (203) cpu_start: Max chip rev:     v3.99 [0m
[0;32mI (207) cpu_start: Chip rev:         v1.0[0m
[0;32mI (212) heap_init: Initializing. RAM available for dynamic allocation:[0m
[0;32mI (220) heap_init: At 3FFAE6E0 len 00001920 (6 KiB): DRAM[0m
[0;32mI (225) heap_init: At 3FFB8020 len 00027FE0 (159 KiB): DRAM[0m
[0;32mI (232) heap_init: At 3FFE0440 len 00003AE0 (14 KiB): D/IRAM[0m
[0;32mI (238) heap_init: At 3FFE4350 len 0001BCB0 (111 KiB): D/IRAM[0m
[0;32mI (244) heap_init: At 40097AF8 len 00008508 (33 KiB): IRAM[0m
[0;32mI (253) spi_flash: detected chip: generic[0m
[0;32mI (255) spi_flash: flash io: dio[0m
[0;32mI (260) app_start: Starting scheduler on CPU0[0m
[0;32mI (264) app_start: Starting scheduler on CPU1[0m
[0;32mI (264) main_task: Started on CPU0[0m
[0;32mI (274) main_task: Calling app_main()[0m
Firmware ver 2.8
[0;32mI (274) gpio: GPIO[0]| InputEn: 1| OutputEn: 0| OpenDrain: 0| Pullup: 1| Pulldown: 0| Intr:3 [0m
[0;32mI (284) POWER MODE: Entering normal mode
[0m
[0;32mI (284) POWER MODE: Wake up from timer. Time spent in deep sleep: 10294ms
[0m
[0;32mI (294) main_task: Returned from app_main()[0m
[0;32mI (454) SHT3x: Temperature: 36.64 Â°C, Humidity: 49.15 %[0m
I (504) wifi:wifi driver task: 3ffc06b4, prio:23, stack:6656, core=0
I (524) wifi:wifi firmware version: b2f1f86
I (524) wifi:wifi certification version: v7.0
I (534) wifi:config NVS flash: enabled
I (534) wifi:config nano formating: disabled
I (534) wifi:Init data frame dynamic rx buffer num: 32
I (534) wifi:Init management frame dynamic rx buffer num: 32
I (544) wifi:Init management short buffer num: 32
I (544) wifi:Init dynamic tx buffer num: 32
I (554) wifi:Init static rx buffer size: 1600
I (554) wifi:Init static rx buffer num: 10
I (564) wifi:Init dynamic rx buffer num: 32
[0;32mI (564) wifi_init: rx ba win: 6[0m
[0;32mI (564) wifi_init: tcpip mbox: 32[0m
[0;32mI (574) wifi_init: udp mbox: 6[0m
[0;32mI (574) wifi_init: tcp mbox: 6[0m
[0;32mI (574) wifi_init: tcp tx win: 5744[0m
[0;32mI (584) wifi_init: tcp rx win: 5744[0m
[0;32mI (584) wifi_init: tcp mss: 1440[0m
[0;32mI (594) wifi_init: WiFi IRAM OP enabled[0m
[0;32mI (594) wifi_init: WiFi RX IRAM OP enabled[0m
[0;32mI (604) Wifi prov: Already provisioned, starting Wi-Fi STA[0m
[0;32mI (604) phy_init: phy_version 4670,719f9f6,Feb 18 2021,17:07:07[0m
I (644) wifi:mode : sta (c8:c9:a3:d0:65:bc)
I (644) wifi:enable tsf
I (704) wifi:new:<1,0>, old:<1,0>, ap:<255,255>, sta:<1,0>, prof:1
I (704) wifi:state: init -> auth (b0)
I (704) wifi:state: auth -> assoc (0)
I (714) wifi:state: assoc -> run (10)
I (724) wifi:connected with TUPEO, aid = 10, channel 1, BW20, bssid = b2:7d:64:d8:92:71
I (724) wifi:security: WPA2-PSK, phy: bgn, rssi: -49
I (734) wifi:pm start, type: 1

I (804) wifi:AP's beacon interval = 102400 us, DTIM period = 3
I (1414) wifi:<ba-add>idx:0 (ifx:0, b2:7d:64:d8:92:71), tid:0, ssn:4, winSize:64
[0;32mI (1744) Wifi prov: Connected with IP Address:192.168.137.10[0m
[0;32mI (1744) esp_netif_handlers: sta ip: 192.168.137.10, mask: 255.255.255.0, gw: 192.168.137.1[0m
[0;32mI (1754) MQTT: Topic publish: VB/DMP/VBEEON/CUSTOM/SMH/C8C9A3D065BC/telemetry
[0m
[0;32mI (1754) MQTT: Other event id:7[0m
[0;32mI (2964) MQTT: MQTT_EVENT_CONNECTED[0m
[0;32mI (3264) MQTT: MQTT_EVENT_PUBLISHED, msg_id=48447[0m
[0;32mI (3964) POWER MODE: Entering deep sleep again
[0m
ets Jun  8 2016 00:22:57

rst:0x5 (DEEPSLEEP_RESET),boot:0x13 (SPI_FAST_FLASH_BOOT)
configsip: 0, SPIWP:0xee
clk_drv:0x00,q_drv:0x00,d_drv:0x00,cs0_drv:0x00,hd_drv:0x00,wp_drv:0x00
mode:DIO, clock div:2
load:0x3fff0030,len:7284
load:0x40078000,len:15884
load:0x40080400,len:4
load:0x40080404,len:3876
entry 0x4008064c
[0;32mI (29) boot: ESP-IDF v5.1-dirty 2nd stage bootloader[0m
[0;32mI (29) boot: compile time Aug 25 2023 16:46:15[0m
[0;32mI (29) boot: Multicore bootloader[0m
[0;32mI (34) boot: chip revision: v1.0[0m
[0;32mI (38) boot.esp32: SPI Speed      : 40MHz[0m
[0;32mI (42) boot.esp32: SPI Mode       : DIO[0m
[0;32mI (47) boot.esp32: SPI Flash Size : 4MB[0m
[0;32mI (52) boot: Enabling RNG early entropy source...[0m
[0;32mI (57) esp_image: segment 0: paddr=00010020 vaddr=3f400020 size=3184ch (202828) map[0m
[0;32mI (65) esp_image: segment 1: paddr=00041874 vaddr=3ff80063 size=00008h (     8) [0m
[0;32mI (73) esp_image: segment 2: paddr=00041884 vaddr=3ffb0000 size=038a0h ( 14496) load[0m
[0;32mI (84) esp_image: segment 3: paddr=0004512c vaddr=40080000 size=0aeech ( 44780) load[0m
[0;32mI (97) esp_image: segment 4: paddr=00050020 vaddr=400d0020 size=b461ch (738844) map[0m
[0;32mI (98) esp_image: segment 5: paddr=00104644 vaddr=4008aeec size=0cc0ch ( 52236) load[0m
[0;32mI (115) esp_image: segment 6: paddr=00111258 vaddr=400c0000 size=00064h (   100) [0m
[0;32mI (115) esp_image: segment 7: paddr=001112c4 vaddr=50000200 size=00020h (    32) [0m
[0;32mI (123) boot: Fast booting app from partition at offset 0x10000[0m
[0;32mI (130) boot: Disabling RNG early entropy source...[0m
[0;32mI (147) cpu_start: Multicore app[0m
[0;32mI (147) cpu_start: Pro cpu up.[0m
[0;32mI (147) cpu_start: Starting app cpu, entry point is 0x400815f4[0m
[0;32mI (0) cpu_start: App cpu up.[0m
[0;32mI (165) cpu_start: Pro cpu start user code[0m
[0;32mI (165) cpu_start: cpu freq: 80000000 Hz[0m
[0;32mI (165) cpu_start: Application information:[0m
[0;32mI (169) cpu_start: Project name:     SHT3x_Powersave[0m
[0;32mI (175) cpu_start: App version:      c01741d-dirty[0m
[0;32mI (181) cpu_start: Compile time:     Aug 25 2023 23:00:05[0m
[0;32mI (187) cpu_start: ELF file SHA256:  f8bbfe09023d2e12...[0m
[0;32mI (193) cpu_start: ESP-IDF:          v5.1-dirty[0m
[0;32mI (198) cpu_start: Min chip rev:     v0.0[0m
[0;32mI (203) cpu_start: Max chip rev:     v3.99 [0m
[0;32mI (207) cpu_start: Chip rev:         v1.0[0m
[0;32mI (212) heap_init: Initializing. RAM available for dynamic allocation:[0m
[0;32mI (220) heap_init: At 3FFAE6E0 len 00001920 (6 KiB): DRAM[0m
[0;32mI (225) heap_init: At 3FFB8020 len 00027FE0 (159 KiB): DRAM[0m
[0;32mI (232) heap_init: At 3FFE0440 len 00003AE0 (14 KiB): D/IRAM[0m
[0;32mI (238) heap_init: At 3FFE4350 len 0001BCB0 (111 KiB): D/IRAM[0m
[0;32mI (244) heap_init: At 40097AF8 len 00008508 (33 KiB): IRAM[0m
[0;32mI (253) spi_flash: detected chip: generic[0m
[0;32mI (255) spi_flash: flash io: dio[0m
[0;32mI (260) app_start: Starting scheduler on CPU0[0m
[0;32mI (264) app_start: Starting scheduler on CPU1[0m
[0;32mI (264) main_task: Started on CPU0[0m
[0;32mI (274) main_task: Calling app_main()[0m
Firmware ver 2.8
[0;32mI (274) gpio: GPIO[0]| InputEn: 1| OutputEn: 0| OpenDrain: 0| Pullup: 1| Pulldown: 0| Intr:3 [0m
[0;32mI (284) POWER MODE: Entering normal mode
[0m
[0;32mI (284) POWER MODE: Wake up from timer. Time spent in deep sleep: 10293ms
[0m
[0;32mI (294) main_task: Returned from app_main()[0m
[0;32mI (454) SHT3x: Temperature: 36.81 Â°C, Humidity: 49.20 %[0m
[0;32mI (454) POWER MODE: Entering deep sleep again
[0m
ets Jun  8 2016 00:22:57

rst:0x5 (DEEPSLEEP_RESET),boot:0x13 (SPI_FAST_FLASH_BOOT)
configsip: 0, SPIWP:0xee
clk_drv:0x00,q_drv:0x00,d_drv:0x00,cs0_drv:0x00,hd_drv:0x00,wp_drv:0x00
mode:DIO, clock div:2
load:0x3fff0030,len:7284
load:0x40078000,len:15884
load:0x40080400,len:4
load:0x40080404,len:3876
entry 0x4008064c
[0;32mI (29) boot: ESP-IDF v5.1-dirty 2nd stage bootloader[0m
[0;32mI (29) boot: compile time Aug 25 2023 16:46:15[0m
[0;32mI (29) boot: Multicore bootloader[0m
[0;32mI (34) boot: chip revision: v1.0[0m
[0;32mI (38) boot.esp32: SPI Speed      : 40MHz[0m
[0;32mI (42) boot.esp32: SPI Mode       : DIO[0m
[0;32mI (47) boot.esp32: SPI Flash Size : 4MB[0m
[0;32mI (52) boot: Enabling RNG early entropy source...[0m
[0;32mI (57) esp_image: segment 0: paddr=00010020 vaddr=3f400020 size=3184ch (202828) map[0m
[0;32mI (65) esp_image: segment 1: paddr=00041874 vaddr=3ff80063 size=00008h (     8) [0m
[0;32mI (73) esp_image: segment 2: paddr=00041884 vaddr=3ffb0000 size=038a0h ( 14496) load[0m
[0;32mI (84) esp_image: segment 3: paddr=0004512c vaddr=40080000 size=0aeech ( 44780) load[0m
[0;32mI (97) esp_image: segment 4: paddr=00050020 vaddr=400d0020 size=b461ch (738844) map[0m
[0;32mI (98) esp_image: segment 5: paddr=00104644 vaddr=4008aeec size=0cc0ch ( 52236) load[0m
[0;32mI (115) esp_image: segment 6: paddr=00111258 vaddr=400c0000 size=00064h (   100) [0m
[0;32mI (115) esp_image: segment 7: paddr=001112c4 vaddr=50000200 size=00020h (    32) [0m
[0;32mI (123) boot: Fast booting app from partition at offset 0x10000[0m
[0;32mI (130) boot: Disabling RNG early entropy source...[0m
[0;32mI (146) cpu_start: Multicore app[0m
[0;32mI (147) cpu_start: Pro cpu up.[0m
[0;32mI (147) cpu_start: Starting app cpu, entry point is 0x400815f4[0m
[0;32mI (0) cpu_start: App cpu up.[0m
[0;32mI (165) cpu_start: Pro cpu start user code[0m
[0;32mI (165) cpu_start: cpu freq: 80000000 Hz[0m
[0;32mI (165) cpu_start: Application information:[0m
[0;32mI (169) cpu_start: Project name:     SHT3x_Powersave[0m
[0;32mI (175) cpu_start: App version:      c01741d-dirty[0m
[0;32mI (181) cpu_start: Compile time:     Aug 25 2023 23:00:05[0m
[0;32mI (187) cpu_start: ELF file SHA256:  f8bbfe09023d2e12...[0m
[0;32mI (193) cpu_start: ESP-IDF:          v5.1-dirty[0m
[0;32mI (198) cpu_start: Min chip rev:     v0.0[0m
[0;32mI (203) cpu_start: Max chip rev:     v3.99 [0m
[0;32mI (207) cpu_start: Chip rev:         v1.0[0m
[0;32mI (212) heap_init: Initializing. RAM available for dynamic allocation:[0m
[0;32mI (220) heap_init: At 3FFAE6E0 len 00001920 (6 KiB): DRAM[0m
[0;32mI (225) heap_init: At 3FFB8020 len 00027FE0 (159 KiB): DRAM[0m
[0;32mI (232) heap_init: At 3FFE0440 len 00003AE0 (14 KiB): D/IRAM[0m
[0;32mI (238) heap_init: At 3FFE4350 len 0001BCB0 (111 KiB): D/IRAM[0m
[0;32mI (244) heap_init: At 40097AF8 len 00008508 (33 KiB): IRAM[0m
[0;32mI (253) spi_flash: detected chip: generic[0m
[0;32mI (255) spi_flash: flash io: dio[0m
[0;32mI (260) app_start: Starting scheduler on CPU0[0m
[0;32mI (264) app_start: Starting scheduler on CPU1[0m
[0;32mI (264) main_task: Started on CPU0[0m
[0;32mI (274) main_task: Calling app_main()[0m
Firmware ver 2.8
[0;32mI (274) gpio: GPIO[0]| InputEn: 1| OutputEn: 0| OpenDrain: 0| Pullup: 1| Pulldown: 0| Intr:3 [0m
[0;32mI (284) POWER MODE: Entering normal mode
[0m
[0;32mI (284) POWER MODE: Wake up from timer. Time spent in deep sleep: 10294ms
[0m
[0;32mI (294) main_task: Returned from app_main()[0m
[0;32mI (454) SHT3x: Temperature: 36.78 Â°C, Humidity: 49.34 %[0m
[0;32mI (454) POWER MODE: Entering deep sleep again
[0m
