[0;32mI (472) esp_image: segment 5: paddr=00101c30 vaddr=4008be74 size=0bc4ch ( 48204) load[0m
[0;32mI (492) esp_image: segment 6: paddr=0010d884 vaddr=400c0000 size=00064h (   100) load[0m
[0;32mI (493) esp_image: segment 7: paddr=0010d8f0 vaddr=50000200 size=00018h (    24) load[0m
[0;32mI (510) boot: Loaded app from partition at offset 0x10000[0m
[0;32mI (510) boot: Disabling RNG early entropy source...[0m
[0;32mI (523) cpu_start: Multicore app[0m
[0;32mI (524) cpu_start: Pro cpu up.[0m
[0;32mI (524) cpu_start: Starting app cpu, entry point is 0x400815e0[0m
[0;32mI (512) cpu_start: App cpu up.[0m
[0;32mI (542) cpu_start: Pro cpu start user code[0m
[0;32mI (542) cpu_start: cpu freq: 160000000 Hz[0m
[0;32mI (542) cpu_start: Application information:[0m
[0;32mI (546) cpu_start: Project name:     SHT3x_Powersave[0m
[0;32mI (552) cpu_start: App version:      92ba5c7-dirty[0m
[0;32mI (557) cpu_start: Compile time:     Aug 21 2023 10:55:27[0m
[0;32mI (564) cpu_start: ELF file SHA256:  8964cc99c8795579...[0m
[0;32mI (570) cpu_start: ESP-IDF:          v5.1-dirty[0m
[0;32mI (575) cpu_start: Min chip rev:     v0.0[0m
[0;32mI (579) cpu_start: Max chip rev:     v3.99 [0m
[0;32mI (584) cpu_start: Chip rev:         v1.0[0m
[0;32mI (589) heap_init: Initializing. RAM available for dynamic allocation:[0m
[0;32mI (596) heap_init: At 3FFAE6E0 len 00001920 (6 KiB): DRAM[0m
[0;32mI (602) heap_init: At 3FFB7FE0 len 00028020 (160 KiB): DRAM[0m
[0;32mI (609) heap_init: At 3FFE0440 len 00003AE0 (14 KiB): D/IRAM[0m
[0;32mI (615) heap_init: At 3FFE4350 len 0001BCB0 (111 KiB): D/IRAM[0m
[0;32mI (621) heap_init: At 40097AC0 len 00008540 (33 KiB): IRAM[0m
[0;32mI (629) spi_flash: detected chip: generic[0m
[0;32mI (632) spi_flash: flash io: dio[0m
[0;32mI (637) app_start: Starting scheduler on CPU0[0m
[0;32mI (641) app_start: Starting scheduler on CPU1[0m
[0;32mI (641) main_task: Started on CPU0[0m
[0;32mI (651) main_task: Calling app_main()[0m
I (701) wifi:wifi driver task: 3ffc1808, prio:23, stack:6656, core=0

Brownout detector was triggered

ets Jun  8 2016 00:22:57

rst:0xc (SW_CPU_RESET),boot:0x13 (SPI_FAST_FLASH_BOOT)
configsip: 0, SPIWP:0xee
clk_drv:0x00,q_drv:0x00,d_drv:0x00,cs0_drv:0x00,hd_drv:0x00,wp_drv:0x00
mode:DIO, clock div:2
load:0x3fff0030,len:7284
load:0x40078000,len:15884
load:0x40080400,len:4
load:0x40080404,len:3880
entry 0x4008064c
[0;32mI (29) boot: ESP-IDF v5.1-dirty 2nd stage bootloader[0m
[0;32mI (29) boot: compile time Aug 21 2023 10:55:46[0m
[0;32mI (29) boot: Multicore bootloader[0m
[0;32mI (34) boot: chip revision: v1.0[0m
[0;32mI (38) boot.esp32: SPI Speed      : 40MHz[0m
[0;32mI (42) boot.esp32: SPI Mode       : DIO[0m
[0;32mI (47) boot.esp32: SPI Flash Size : 4MB[0m
[0;32mI (51) boot: Enabling RNG early entropy source...[0m
[0;32mI (57) boot: Partition Table:[0m
[0;32mI (60) boot: ## Label            Usage          Type ST Offset   Length[0m
[0;32mI (68) boot:  0 nvs              WiFi data        01 02 00009000 00006000[0m
[0;32mI (75) boot:  1 phy_init         RF data          01 01 0000f000 00001000[0m
[0;32mI (82) boot:  2 factory          factory app      00 00 00010000 00100000[0m
[0;32mI (90) boot: End of partition table[0m
[0;32mI (94) esp_image: segment 0: paddr=00010020 vaddr=3f400020 size=308f4h (198900) map[0m
[0;32mI (174) esp_image: segment 1: paddr=0004091c vaddr=3ff80063 size=00008h (     8) load[0m
[0;32mI (175) esp_image: segment 2: paddr=0004092c vaddr=3ffb0000 size=03870h ( 14448) load[0m
[0;32mI (186) esp_image: segment 3: paddr=000441a4 vaddr=40080000 size=0be74h ( 48756) load[0m
[0;32mI (209) esp_image: segment 4: paddr=00050020 vaddr=400d0020 size=b1c08h (728072) map[0m
[0;32mI (472) esp_image: segment 5: paddr=00101c30 vaddr=4008be74 size=0bc4ch ( 48204) load[0m
[0;32mI (492) esp_image: segment 6: paddr=0010d884 vaddr=400c0000 size=00064h (   100) load[0m
[0;32mI (493) esp_image: segment 7: paddr=0010d8f0 vaddr=50000200 size=00018h (    24) load[0m
[0;32mI (510) boot: Loaded app from partition at offset 0x10000[0m
[0;32mI (510) boot: Disabling RNG early entropy source...[0m
[0;32mI (523) cpu_start: Multicore app[0m
[0;32mI (524) cpu_start: Pro cpu up.[0m
[0;32mI (524) cpu_start: Starting app cpu, entry point is 0x400815e0[0m
[0;32mI (512) cpu_start: App cpu up.[0m
[0;32mI (542) cpu_start: Pro cpu start user code[0m
[0;32mI (542) cpu_start: cpu freq: 160000000 Hz[0m
[0;32mI (542) cpu_start: Application information:[0m
[0;32mI (546) cpu_start: Project name:     SHT3x_Powersave[0m
[0;32mI (552) cpu_start: App version:      92ba5c7-dirty[0m
[0;32mI (557) cpu_start: Compile time:     Aug 21 2023 10:55:27[0m
[0;32mI (564) cpu_start: ELF file SHA256:  8964cc99c8795579...[0m
[0;32mI (570) cpu_start: ESP-IDF:          v5.1-dirty[0m
[0;32mI (575) cpu_start: Min chip rev:     v0.0[0m
[0;32mI (579) cpu_start: Max chip rev:     v3.99 [0m
[0;32mI (584) cpu_start: Chip rev:         v1.0[0m
[0;32mI (589) heap_init: Initializing. RAM available for dynamic allocation:[0m
[0;32mI (596) heap_init: At 3FFAE6E0 len 00001920 (6 KiB): DRAM[0m
[0;32mI (602) heap_init: At 3FFB7FE0 len 00028020 (160 KiB): DRAM[0m
[0;32mI (609) heap_init: At 3FFE0440 len 00003AE0 (14 KiB): D/IRAM[0m
[0;32mI (615) heap_init: At 3FFE4350 len 0001BCB0 (111 KiB): D/IRAM[0m
[0;32mI (621) heap_init: At 40097AC0 len 00008540 (33 KiB): IRAM[0m
[0;32mI (629) spi_flash: detected chip: generic[0m
[0;32mI (632) spi_flash: flash io: dio[0m
[0;32mI (637) app_start: Starting scheduler on CPU0[0m
[0;32mI (641) app_start: Starting scheduler on CPU1[0m
[0;32mI (641) main_task: Started on CPU0[0m
[0;32mI (651) main_task: Calling app_main()[0m
I (701) wifi:wifi driver task: 3ffc1808, prio:23, stack:6656, core=0
Guru Meditation Error: Core  0 panic'ed (Cache disabled but cached memory region accessed). 

Core  0 register dump:
PC      : 0x40008150  PS      : 0x00060034  A0      : 0x80081cf2  A1      : 0x3ffb1c50  
A2      : 0x3f400978  A3      : 0x00000000  A4      : 0x00000004  A5      : 0x00000000  
A6      : 0x00000000  A7      : 0x3ffb4148  A8      : 0x02100000  A9      : 0x3ff480ac  
A10     : 0x000000ad  A11     : 0x00000014  A12     : 0x03f00000  A13     : 0x00000000  
A14     : 0x00000020  A15     : 0x1300024c  SAR     : 0x0000000c  EXCCAUSE: 0x00000007  
EXCVADDR: 0x00000000  LBEG    : 0x4000c46c  LEND    : 0x4000c477  LCOUNT  : 0x00000000  


Backtrace: 0x4000814d:0x3ffb1c50 0x40081cef:0x3ffb1ce0 0x40082b18:0x3ffb1d00 0x40083199:0x3ffb1d20 0x4008f225:0x3ffc1380 0x40096df5:0x3ffc13a0 0x4008548b:0x3ffc1420 0x4013817e:0x3ffc1460 0x400eb58f:0x3ffc1490 0x4017a126:0x3ffc14b0 0x400ec5ae:0x3ffc14d0 0x400ea969:0x3ffc1560 0x400ea9db:0x3ffc15d0 0x400eb40d:0x3ffc1630 0x400ea0a6:0x3ffc1650 0x400ea1e1:0x3ffc1680 0x40120692:0x3ffc16a0 0x4012084b:0x3ffc16e0 0x4011db0a:0x3ffc1700 0x4011bf62:0x3ffc1730 0x40093afd:0x3ffc1750 0x4008da1d:0x3ffc1780




ELF file SHA256: 8964cc99c8795579

Rebooting...
ets Jun  8 2016 00:22:57

rst:0x3 (SW_RESET),boot:0x13 (SPI_FAST_FLASH_BOOT)
configsip: 0, SPIWP:0xee
clk_drv:0x00,q_drv:0x00,d_drv:0x00,cs0_drv:0x00,hd_drv:0x00,wp_drv:0x00
mode:DIO, clock div:2
load:0x3fff0030,len:7284
load:0x40078000,len:15884
load:0x40080400,len:4
load:0x40080404,len:3880
entry 0x4008064c
[0;32mI (28) boot: ESP-IDF v5.1-dirty 2nd stage bootloader[0m
[0;32mI (28) boot: compile time Aug 21 2023 10:55:46[0m
[0;32mI (29) boot: Multicore bootloader[0m
[0;32mI (33) boot: chip revision: v1.0[0m
[0;32mI (37) boot.esp32: SPI Speed      : 40MHz[0m
[0;32mI (42) boot.esp32: SPI Mode       : DIO[0m
[0;32mI (46) boot.esp32: SPI Flash Size : 4MB[0m
[0;32mI (51) boot: Enabling RNG early entropy source...[0m
[0;32mI (56) boot: Partition Table:[0m
[0;32mI (60) boot: ## Label            Usage          Type ST Offset   Length[0m
[0;32mI (67) boot:  0 nvs              WiFi data        01 02 00009000 00006000[0m
[0;32mI (75) boot:  1 phy_init         RF data          01 01 0000f000 00001000[0m
[0;32mI (82) boot:  2 factory          factory app      00 00 00010000 00100000[0m
[0;32mI (90) boot: End of partition table[0m
[0;32mI (94) esp_image: segment 0: paddr=00010020 vaddr=3f400020 size=308f4h (198900) map[0m
[0;32mI (174) esp_image: segment 1: paddr=0004091c vaddr=3ff80063 size=00008h (     8) load[0m
[0;32mI (174) esp_image: segment 2: paddr=0004092c vaddr=3ffb0000 size=03870h ( 14448) load[0m
[0;32mI (186) esp_image: segment 3: paddr=000441a4 vaddr=40080000 size=0be74h ( 48756) load[0m
[0;32mI (209) esp_image: segment 4: paddr=00050020 vaddr=400d0020 size=b1c08h (728072) map[0m
[0;32mI (472) esp_image: segment 5: paddr=00101c30 vaddr=4008be74 size=0bc4ch ( 48204) load[0m
[0;32mI (492) esp_image: segment 6: paddr=0010d884 vaddr=400c0000 size=00064h (   100) load[0m
[0;32mI (492) esp_image: segment 7: paddr=0010d8f0 vaddr=50000200 size=00018h (    24) load[0m
[0;32mI (510) boot: Loaded app from partition at offset 0x10000[0m
[0;32mI (510) boot: Disabling RNG early entropy source...[0m
[0;32mI (523) cpu_start: Multicore app[0m
[0;32mI (523) cpu_start: Pro cpu up.[0m
[0;32mI (523) cpu_start: Starting app cpu, entry point is 0x400815e0[0m
[0;32mI (0) cpu_start: App cpu up.[0m
[0;32mI (541) cpu_start: Pro cpu start user code[0m
[0;32mI (541) cpu_start: cpu freq: 160000000 Hz[0m
[0;32mI (541) cpu_start: Application information:[0m
[0;32mI (546) cpu_start: Project name:     SHT3x_Powersave[0m
[0;32mI (551) cpu_start: App version:      92ba5c7-dirty[0m
[0;32mI (557) cpu_start: Compile time:     Aug 21 2023 10:55:27[0m
[0;32mI (563) cpu_start: ELF file SHA256:  8964cc99c8795579...[0m
[0;32mI (569) cpu_start: ESP-IDF:          v5.1-dirty[0m
[0;32mI (574) cpu_start: Min chip rev:     v0.0[0m
[0;32mI (579) cpu_start: Max chip rev:     v3.99 [0m
[0;32mI (584) cpu_start: Chip rev:         v1.0[0m
[0;32mI (589) heap_init: Initializing. RAM available for dynamic allocation:[0m
[0;32mI (596) heap_init: At 3FFAE6E0 len 00001920 (6 KiB): DRAM[0m
[0;32mI (602) heap_init: At 3FFB7FE0 len 00028020 (160 KiB): DRAM[0m
[0;32mI (608) heap_init: At 3FFE0440 len 00003AE0 (14 KiB): D/IRAM[0m
[0;32mI (614) heap_init: At 3FFE4350 len 0001BCB0 (111 KiB): D/IRAM[0m
[0;32mI (621) heap_init: At 40097AC0 len 00008540 (33 KiB): IRAM[0m
[0;32mI (628) spi_flash: detected chip: generic[0m
[0;32mI (632) spi_flash: flash io: dio[0m
[0;32mI (636) app_start: Starting scheduler on CPU0[0m
[0;32mI (641) app_start: Starting scheduler on CPU1[0m
[0;32mI (641) main_task: Started on CPU0[0m
[0;32mI (651) main_task: Calling app_main()[0m
I (701) wifi:wifi driver task: 3ffc1808, prio:23, stack:6656, core=0
I (711) wifi:wifi firmware version: b2f1f86
I (721) wifi:wifi certification version: v7.0
I (721) wifi:config NVS flash: enabled
I (721) wifi:config nano formating: disabled
I (721) wifi:Init data frame dynamic rx buffer num: 32
I (721) wifi:Init management frame dynamic rx buffer num: 32
I (731) wifi:Init management short buffer num: 32
I (731) wifi:Init dynamic tx buffer num: 32
I (741) wifi:Init static rx buffer size: 1600
I (741) wifi:Init static rx buffer num: 10
I (751) wifi:Init dynamic rx buffer num: 32
[0;32mI (751) wifi_init: rx ba win: 6[0m
[0;32mI (751) wifi_init: tcpip mbox: 32[0m
[0;32mI (761) wifi_init: udp mbox: 6[0m
[0;32mI (761) wifi_init: tcp mbox: 6[0m
[0;32mI (771) wifi_init: tcp tx win: 5744[0m
[0;32mI (771) wifi_init: tcp rx win: 5744[0m
[0;32mI (771) wifi_init: tcp mss: 1440[0m
[0;32mI (781) wifi_init: WiFi IRAM OP enabled[0m
[0;32mI (781) wifi_init: WiFi RX IRAM OP enabled[0m
[0;32mI (791) Wifi prov: Already provisioned, starting Wi-Fi STA[0m
[0;32mI (791) phy_init: phy_version 4670,719f9f6,Feb 18 2021,17:07:07[0m

Brownout detector was triggered

ets Jun  8 2016 00:22:57

rst:0xc (SW_CPU_RESET),boot:0x13 (SPI_FAST_FLASH_BOOT)
configsip: 0, SPIWP:0xee
clk_drv:0x00,q_drv:0x00,d_drv:0x00,cs0_drv:0x00,hd_drv:0x00,wp_drv:0x00
mode:DIO, clock div:2
load:0x3fff0030,len:7284
load:0x40078000,len:15884
load:0x40080400,len:4
load:0x40080404,len:3880
entry 0x4008064c
[0;32mI (29) boot: ESP-IDF v5.1-dirty 2nd stage bootloader[0m
[0;32mI (29) boot: compile time Aug 21 2023 10:55:46[0m
[0;32mI (29) boot: Multicore bootloader[0m
[0;32mI (34) boot: chip revision: v1.0[0m
[0;32mI (38) boot.esp32: SPI Speed      : 40MHz[0m
[0;32mI (42) boot.esp32: SPI Mode       : DIO[0m
[0;32mI (47) boot.esp32: SPI Flash Size : 4MB[0m
[0;32mI (51) boot: Enabling RNG early entropy source...[0m
[0;32mI (57) boot: Partition Table:[0m
[0;32mI (60) boot: ## Label            Usage          Type ST Offset   Length[0m
[0;32mI (68) boot:  0 nvs              WiFi data        01 02 00009000 00006000[0m
[0;32mI (75) boot:  1 phy_init         RF data          01 01 0000f000 00001000[0m
[0;32mI (82) boot:  2 factory          factory app      00 00 00010000 00100000[0m
[0;32mI (90) boot: End of partition table[0m
[0;32mI (94) esp_image: segment 0: paddr=00010020 vaddr=3f400020 size=308f4h (198900) map[0m
[0;32mI (174) esp_image: segment 1: paddr=0004091c vaddr=3ff80063 size=00008h (     8) load[0m
[0;32mI (175) esp_image: segment 2: paddr=0004092c vaddr=3ffb0000 size=03870h ( 14448) load[0m
[0;32mI (186) esp_image: segment 3: paddr=000441a4 vaddr=40080000 size=0be74h ( 48756) load[0m
[0;32mI (209) esp_image: segment 4: paddr=00050020 vaddr=400d0020 size=b1c08h (728072) map[0m
[0;32mI (472) esp_image: segment 5: paddr=00101c30 vaddr=4008be74 size=0bc4ch ( 48204) load[0m
[0;32mI (492) esp_image: segment 6: paddr=0010d884 vaddr=400c0000 size=00064h (   100) load[0m
[0;32mI (493) esp_image: segment 7: paddr=0010d8f0 vaddr=50000200 size=00018h (    24) load[0m
[0;32mI (510) boot: Loaded app from partition at offset 0x10000[0m
[0;32mI (510) boot: Disabling RNG early entropy source...[0m
[0;32mI (523) cpu_start: Multicore app[0m
[0;32mI (524) cpu_start: Pro cpu up.[0m
[0;32mI (524) cpu_start: Starting app cpu, entry point is 0x400815e0[0m
[0;32mI (512) cpu_start: App cpu up.[0m
[0;32mI (542) cpu_start: Pro cpu start user code[0m
[0;32mI (542) cpu_start: cpu freq: 160000000 Hz[0m
[0;32mI (542) cpu_start: Application information:[0m
[0;32mI (546) cpu_start: Project name:     SHT3x_Powersave[0m
[0;32mI (552) cpu_start: App version:      92ba5c7-dirty[0m
[0;32mI (557) cpu_start: Compile time:     Aug 21 2023 10:55:27[0m
[0;32mI (564) cpu_start: ELF file SHA256:  8964cc99c8795579...[0m
[0;32mI (570) cpu_start: ESP-IDF:          v5.1-dirty[0m
[0;32mI (575) cpu_start: Min chip rev:     v0.0[0m
[0;32mI (579) cpu_start: Max chip rev:     v3.99 [0m
[0;32mI (584) cpu_start: Chip rev:         v1.0[0m
[0;32mI (589) heap_init: Initializing. RAM available for dynamic allocation:[0m
[0;32mI (596) heap_init: At 3FFAE6E0 len 00001920 (6 KiB): DRAM[0m
[0;32mI (602) heap_init: At 3FFB7FE0 len 00028020 (160 KiB): DRAM[0m
[0;32mI (609) heap_init: At 3FFE0440 len 00003AE0 (14 KiB): D/IRAM[0m
[0;32mI (615) heap_init: At 3FFE4350 len 0001BCB0 (111 KiB): D/IRAM[0m
[0;32mI (621) heap_init: At 40097AC0 len 00008540 (33 KiB): IRAM[0m
[0;32mI (629) spi_flash: detected chip: generic[0m
[0;32mI (632) spi_flash: flash io: dio[0m
[0;32mI (637) app_start: Starting scheduler on CPU0[0m

Brownout detector was triggered

ets Jun  8 2016 00:22:57

rst:0xc (SW_CPU_RESET),boot:0x13 (SPI_FAST_FLASH_BOOT)
configsip: 0, SPIWP:0xee
clk_drv:0x00,q_drv:0x00,d_drv:0x00,cs0_drv:0x00,hd_drv:0x00,wp_drv:0x00
mode:DIO, clock div:2
load:0x3fff0030,len:7284
load:0x40078000,len:15884
load:0x40080400,len:4
load:0x40080404,len:3880
entry 0x4008064c
[0;32mI (29) boot: ESP-IDF v5.1-dirty 2nd stage bootloader[0m
[0;32mI (29) boot: compile time Aug 21 2023 10:55:46[0m
[0;32mI (29) boot: Multicore bootloader[0m
[0;32mI (34) boot: chip revision: v1.0[0m
[0;32mI (38) boot.esp32: SPI Speed      : 40MHz[0m
[0;32mI (42) boot.esp32: SPI Mode       : DIO[0m
[0;32mI (47) boot.esp32: SPI Flash Size : 4MB[0m
[0;32mI (51) boot: Enabling RNG early entropy source...[0m
[0;32mI (57) boot: Partition Table:[0m
[0;32mI (60) boot: ## Label            Usage          Type ST Offset   Length[0m
[0;32mI (68) boot:  0 nvs              WiFi data        01 02 00009000 00006000[0m
[0;32mI (75) boot:  1 phy_init         RF data          01 01 0000f000 00001000[0m
[0;32mI (82) boot:  2 factory          factory app      00 00 00010000 00100000[0m
[0;32mI (90) boot: End of partition table[0m
[0;32mI (94) esp_image: segment 0: paddr=00010020 vaddr=3f400020 size=308f4h (198900) map[0m
[0;32mI (174) esp_image: segment 1: paddr=0004091c vaddr=3ff80063 size=00008h (     8) load[0m
[0;32mI (175) esp_image: segment 2: paddr=0004092c vaddr=3ffb0000 size=03870h ( 14448) load[0m
[0;32mI (186) esp_image: segment 3: paddr=000441a4 vaddr=40080000 size=0be74h ( 48756) load[0mets Jun  8 2016 00:22:57

rst:0x1 (POWERON_RESET),boot:0x13 (SPI_FAST_FLASH_BOOT)
configsip: 0, SPIWP:0xee
clk_drv:0x00,q_drv:0x00,d_drv:0x00,cs0_drv:0x00,hd_drv:0x00,wp_drv:0x00
mode:DIO, clock div:2
load:0x3fff0030,len:7284
load:0x40078000,len:15884
load:0x40080400,len:4
load:0x40080404,len:3880
entry 0x4008064c
[0;32mI (29) boot: ESP-IDF v5.1-dirty 2nd stage bootloader[0m
[0;32mI (29) boot: compile time Aug 21 2023 10:55:46[0m
[0;32mI (29) boot: Multicore bootloader[0m
[0;32mI (33) boot: chip revision: v1.0[0m
[0;32mI (37) boot.esp32: SPI Speed      : 40MHz[0m
[0;32mI (42) boot.esp32: SPI Mode       : DIO[0m
[0;32mI (46) boot.esp32: SPI Flash Size : 4MB[0m
[0;32mI (51) boot: Enabling RNG early entropy source...[0m
[0;32mI (56) boot: Partition Table:[0m
[0;32mI (60) boot: ## Label            Usage          Type ST Offset   Length[0m
[0;32mI (67) boot:  0 nvs              WiFi data        01 02 00009000 00006000[0m
[0;32mI (75) boot:  1 phy_init         RF data          01 01 0000f000 00001000[0m
[0;32mI (82) boot:  2 factory          factory app      00 00 00010000 00100000[0m
[0;32mI (90) boot: End of partition table[0m
[0;32mI (94) esp_image: segment 0: paddr=00010020 vaddr=3f400020 size=308f4h (198900) map[0m
[0;32mI (174) esp_image: segment 1: paddr=0004091c vaddr=3ff80063 size=00008h (     8) load[0m
[0;32mI (174) esp_image: segment 2: paddr=0004092c vaddr=3ffb0000 size=03870h ( 14448) load[0m
[0;32mI (186) esp_image: segment 3: paddr=000441a4 vaddr=40080000 size=0be74h ( 48756) load[0m
[0;32mI (209) esp_image: segment 4: paddr=00050020 vaddr=400d0020 size=b1c08h (728072) map[0m
[0;32mI (472) esp_image: segment 5: paddr=00101c30 vaddr=4008be74 size=0bc4ch ( 48204) load[0m
[0;32mI (492) esp_image: segment 6: paddr=0010d884 vaddr=400c0000 size=00064h (   100) load[0m
[0;32mI (492) esp_image: segment 7: paddr=0010d8f0 vaddr=50000200 size=00018h (    24) load[0m
[0;32mI (510) boot: Loaded app from partition at offset 0x10000[0m
[0;32mI (510) boot: Disabling RNG early entropy source...[0m
[0;32mI (523) cpu_start: Multicore app[0m
[0;32mI (523) cpu_start: Pro cpu up.[0m
[0;32mI (523) cpu_start: Starting app cpu, entry point is 0x400815e0[0m
[0;32mI (0) cpu_start: App cpu up.[0m
[0;32mI (541) cpu_start: Pro cpu start user code[0m
[0;32mI (541) cpu_start: cpu freq: 160000000 Hz[0m
[0;32mI (541) cpu_start: Application information:[0m
[0;32mI (546) cpu_start: Project name:     SHT3x_Powersave[0m
[0;32mI (552) cpu_start: App version:      92ba5c7-dirty[0m
[0;32mI (557) cpu_start: Compile time:     Aug 21 2023 10:55:27[0m
[0;32mI (563) cpu_start: ELF file SHA256:  8964cc99c8795579...[0m
[0;32mI (569) cpu_start: ESP-IDF:          v5.1-dirty[0m
[0;32mI (574) cpu_start: Min chip rev:     v0.0[0m
[0;32mI (579) cpu_start: Max chip rev:     v3.99 [0m
[0;32mI (584) cpu_start: Chip rev:         v1.0[0m
[0;32mI (589) heap_init: Initializing. RAM available for dynamic allocation:[0m
[0;32mI (596) heap_init: At 3FFAE6E0 len 00001920 (6 KiB): DRAM[0m
[0;32mI (602) heap_init: At 3FFB7FE0 len 00028020 (160 KiB): DRAM[0m
[0;32mI (608) heap_init: At 3FFE0440 len 00003AE0 (14 KiB): D/IRAM[0m
[0;32mI (614) heap_init: At 3FFE4350 len 0001BCB0 (111 KiB): D/IRAM[0m
[0;32mI (621) heap_init: At 40097AC0 len 00008540 (33 KiB): IRAM[0m
[0;32mI (629) spi_flash: detected chip: generic[0m
[0;32mI (632) spi_flash: flash io: dio[0m
[0;32mI (637) app_start: Starting scheduler on CPU0[0m
[0;32mI (641) app_start: Starting scheduler on CPU1[0m
[0;32mI (641) main_task: Started on CPU0[0m
[0;32mI (651) main_task: Calling app_main()[0m
I (701) wifi:wifi driver task: 3ffc1808, prio:23, stack:6656, core=0

Brownout detector was triggered

ets Jun  8 2016 00:22:57

rst:0xc (SW_CPU_RESET),boot:0x13 (SPI_FAST_FLASH_BOOT)
configsip: 0, SPIWP:0xee
clk_drv:0x00,q_drv:0x00,d_drv:0x00,cs0_drv:0x00,hd_drv:0x00,wp_drv:0x00
mode:DIO, clock div:2
load:0x3fff0030,len:7284
load:0x40078000,len:15884
load:0x40080400,len:4
load:0x40080404,len:3880
entry 0x4008064c
[0;32mI (29) boot: ESP-IDF v5.1-dirty 2nd stage bootloader[0m
[0;32mI (29) boot: compile time Aug 21 2023 10:55:46[0m
[0;32mI (29) boot: Multicore bootloader[0m
[0;32mI (34) boot: chip revision: v1.0[0m
[0;32mI (38) boot.esp32: SPI Speed      : 40MHz[0m
[0;32mI (42) boot.esp32: SPI Mode       : DIO[0m
[0;32mI (47) boot.esp32: SPI Flash Size : 4MB[0m
[0;32mI (51) boot: Enabling RNG early entropy source...[0m
[0;32mI (57) boot: Partition Table:[0m
[0;32mI (60) boot: ## Label            Usage          Type ST Offset   Length[0m
[0;32mI (68) boot:  0 nvs              WiFi data        01 02 00009000 00006000[0m
[0;32mI (75) boot:  1 phy_init         RF data          01 01 0000f000 00001000[0m
[0;32mI (82) boot:  2 factory          factory app      00 00 00010000 00100000[0m
[0;32mI (90) boot: End of partition table[0m
[0;32mI (94) esp_image: segment 0: paddr=00010020 vaddr=3f400020 size=308f4h (198900) map[0m
[0;32mI (174) esp_image: segment 1: paddr=0004091c vaddr=3ff80063 size=00008h (     8) load[0m
[0;32mI (175) esp_image: segment 2: paddr=0004092c vaddr=3ffb0000 size=03870h ( 14448) load[0m
[0;32mI (186) esp_image: segment 3: paddr=000441a4 vaddr=40080000 size=0be74h ( 48756) load[0m
[0;32mI (209) esp_image: segment 4: paddr=00050020 vaddr=400d0020 size=b1c08h (728072) map[0m
[0;32mI (472) esp_image: segment 5: paddr=00101c30 vaddr=4008be74 size=0bc4ch ( 48204) load[0m
[0;32mI (492) esp_image: segment 6: paddr=0010d884 vaddr=400c0000 size=00064h (   100) load[0m
[0;[R493) esp_image: segment 7: paddr=0010d8f0 vaddr=50000200 size=00018h (    24) load[0m
[0;32mI (510) boot: Loaded app from partition at offset 0x10000[0m
[0;32mI (510) boot: Disabling RNG early entropy source...[0m
[0;32mI (523) cpu_start: Multicore app[0m
[0;32mI (524) cpu_start: Pro cpu up.[0m
[0;32mI (524) cpu_start: Starting app cpu, entry point is 0x400815e0[0m
[0;32mI (512) cpu_start: App cpu up.[0m
,\]5—Ö%—Ö—ÅÕï…Åmj5R⁄öj%BJstart: cpu freq: 160000000 Hz[0m
[0;32mI (542) cpu_start: Applicatets Jun  8 2016 00:22:57

rst:0x1 (POWERON_RESET),boot:0x13 (SPI_FAST_FLASH_BOO u¬ï5)}